==============================================================
 MCL PAPER 1 — GOLDILOCKS OUTPUT-BIT FREQUENCY (Eq. 5)
 Doc ID: MCL-P1-GOLDBIT-2026-0907-001
 Engine: mcl_core.hpp v6.0.0 (frozen), (p,q)=(3,5), K=12, D=2, burn-in 10000
 N = 100000000 output samples per seed; output bit k = mant(20+k) XOR mant(36+k)
 Thresholds: nominal 3.841 (alpha=0.05, df=1);
             Bonferroni over 48 emitted-bit tests (6 seeds x 8 bits) = 10.752
             SE of a single-bit frequency at N=1e8 is 5.0e-05
==============================================================

seed 12345678901234:
  k | src bits | emitted ones |   p(1)-0.5   | chi2_out(1) |    cov     | chi2_pair(1)
 ---|----------|--------------|--------------|-------------|------------|-------------
  0 | (20,36)  |     49995769 |   -4.231e-05 |       0.716 | +2.116e-05 |       0.716
  1 | (21,37)  |     49997299 |   -2.701e-05 |       0.292 | +1.351e-05 |       0.292
  2 | (22,38)  |     50004726 |   +4.726e-05 |       0.893 | -2.363e-05 |       0.893
  3 | (23,39)  |     49998464 |   -1.536e-05 |       0.094 | +7.682e-06 |       0.094
  4 | (24,40)  |     49999951 |   -4.900e-07 |       0.000 | +2.448e-07 |       0.000
  5 | (25,41)  |     50017390 |   +1.739e-04 |      12.096 | -8.695e-05 |      12.096  <-- pair CORR
  6 | (26,42)  |     49999556 |   -4.440e-06 |       0.008 | +2.219e-06 |       0.008
  7 | (27,43)  |     50003851 |   +3.851e-05 |       0.593 | -1.925e-05 |       0.593

seed 31415926535897:
  k | src bits | emitted ones |   p(1)-0.5   | chi2_out(1) |    cov     | chi2_pair(1)
 ---|----------|--------------|--------------|-------------|------------|-------------
  0 | (20,36)  |     50001263 |   +1.263e-05 |       0.064 | -6.314e-06 |       0.064
  1 | (21,37)  |     50000344 |   +3.440e-06 |       0.005 | -1.721e-06 |       0.005
  2 | (22,38)  |     49993570 |   -6.430e-05 |       1.654 | +3.215e-05 |       1.654
  3 | (23,39)  |     49998697 |   -1.303e-05 |       0.068 | +6.513e-06 |       0.068
  4 | (24,40)  |     49996254 |   -3.746e-05 |       0.561 | +1.873e-05 |       0.561
  5 | (25,41)  |     49994431 |   -5.569e-05 |       1.241 | +2.784e-05 |       1.240
  6 | (26,42)  |     49997082 |   -2.918e-05 |       0.341 | +1.459e-05 |       0.341
  7 | (27,43)  |     49994853 |   -5.147e-05 |       1.060 | +2.574e-05 |       1.060

seed 27182818284590:
  k | src bits | emitted ones |   p(1)-0.5   | chi2_out(1) |    cov     | chi2_pair(1)
 ---|----------|--------------|--------------|-------------|------------|-------------
  0 | (20,36)  |     49994850 |   -5.150e-05 |       1.061 | +2.575e-05 |       1.061
  1 | (21,37)  |     49997850 |   -2.150e-05 |       0.185 | +1.075e-05 |       0.185
  2 | (22,38)  |     50002437 |   +2.437e-05 |       0.238 | -1.219e-05 |       0.238
  3 | (23,39)  |     49994845 |   -5.155e-05 |       1.063 | +2.577e-05 |       1.063
  4 | (24,40)  |     50004864 |   +4.864e-05 |       0.946 | -2.432e-05 |       0.946
  5 | (25,41)  |     50000256 |   +2.560e-06 |       0.003 | -1.281e-06 |       0.003
  6 | (26,42)  |     49999836 |   -1.640e-06 |       0.001 | +8.167e-07 |       0.001
  7 | (27,43)  |     50007004 |   +7.004e-05 |       1.962 | -3.502e-05 |       1.962

seed 98765432109876:
  k | src bits | emitted ones |   p(1)-0.5   | chi2_out(1) |    cov     | chi2_pair(1)
 ---|----------|--------------|--------------|-------------|------------|-------------
  0 | (20,36)  |     50004809 |   +4.809e-05 |       0.925 | -2.405e-05 |       0.925
  1 | (21,37)  |     50002142 |   +2.142e-05 |       0.184 | -1.071e-05 |       0.184
  2 | (22,38)  |     50004117 |   +4.117e-05 |       0.678 | -2.058e-05 |       0.678
  3 | (23,39)  |     50001574 |   +1.574e-05 |       0.099 | -7.870e-06 |       0.099
  4 | (24,40)  |     49996545 |   -3.455e-05 |       0.477 | +1.727e-05 |       0.477
  5 | (25,41)  |     50001232 |   +1.232e-05 |       0.061 | -6.158e-06 |       0.061
  6 | (26,42)  |     50010475 |   +1.047e-04 |       4.389 | -5.238e-05 |       4.389  <-- pair CORR
  7 | (27,43)  |     49989728 |   -1.027e-04 |       4.221 | +5.136e-05 |       4.221  <-- pair CORR

seed 17320508075688:
  k | src bits | emitted ones |   p(1)-0.5   | chi2_out(1) |    cov     | chi2_pair(1)
 ---|----------|--------------|--------------|-------------|------------|-------------
  0 | (20,36)  |     50006153 |   +6.153e-05 |       1.514 | -3.077e-05 |       1.515
  1 | (21,37)  |     50001860 |   +1.860e-05 |       0.138 | -9.303e-06 |       0.138
  2 | (22,38)  |     50006382 |   +6.382e-05 |       1.629 | -3.191e-05 |       1.629
  3 | (23,39)  |     49999131 |   -8.690e-06 |       0.030 | +4.341e-06 |       0.030
  4 | (24,40)  |     49991263 |   -8.737e-05 |       3.053 | +4.368e-05 |       3.053
  5 | (25,41)  |     49998235 |   -1.765e-05 |       0.125 | +8.825e-06 |       0.125
  6 | (26,42)  |     49995297 |   -4.703e-05 |       0.885 | +2.352e-05 |       0.885
  7 | (27,43)  |     49998415 |   -1.585e-05 |       0.100 | +7.926e-06 |       0.101

seed 70466644885213:
  k | src bits | emitted ones |   p(1)-0.5   | chi2_out(1) |    cov     | chi2_pair(1)
 ---|----------|--------------|--------------|-------------|------------|-------------
  0 | (20,36)  |     49999290 |   -7.100e-06 |       0.020 | +3.550e-06 |       0.020
  1 | (21,37)  |     50005303 |   +5.303e-05 |       1.125 | -2.651e-05 |       1.125
  2 | (22,38)  |     49996807 |   -3.193e-05 |       0.408 | +1.596e-05 |       0.408
  3 | (23,39)  |     50001396 |   +1.396e-05 |       0.078 | -6.981e-06 |       0.078
  4 | (24,40)  |     49997944 |   -2.056e-05 |       0.169 | +1.028e-05 |       0.169
  5 | (25,41)  |     50006215 |   +6.215e-05 |       1.545 | -3.108e-05 |       1.545
  6 | (26,42)  |     49995121 |   -4.879e-05 |       0.952 | +2.439e-05 |       0.952
  7 | (27,43)  |     50004443 |   +4.443e-05 |       0.790 | -2.222e-05 |       0.790

Worst emitted-bit chi2 over all 48 tests: 12.096 (seed index 0, output bit 5)
Seeds in which the (25,41) source pair is nominally correlated: 1 of 6
