==============================================================
 MCL PAPER 1 — TABLE 3 lambda_1 RE-MEASUREMENT (all 14 rows)
 Doc ID: MCL-P1-TABLE3-LAMBDA-2026-0907-001
 Engine: mcl_core.hpp v6.0.0 (frozen M1_M2_apple_verification copy)
 Method: analytical-Jacobian sequential QR, 10000000 iterations/seed,
         burn-in 10000, seeds 12345678901234 / 98765432109876 / 31415926535897
==============================================================

  (p,q,K)    |    seed1    seed2    seed3 |     mean |    sd   | published |  diff
-------------|-----------------------------|----------|---------|-----------|--------
 ( 3, 5, 6.0) |   4.4165   4.4163   4.4167 |   4.4165 | 0.00018 |    4.4165 | -0.0000
 ( 3, 5, 8.0) |   4.9863   4.9860   4.9858 |   4.9860 | 0.00027 |    4.9860 | +0.0000
 ( 3, 5,12.0) |   5.7787   5.7792   5.7786 |   5.7788 | 0.00029 |    5.7788 | +0.0000
 ( 3, 5,16.0) |   6.3562   6.3565   6.3564 |   6.3564 | 0.00019 |    6.3552 | +0.0012
 ( 7,11, 6.0) |   6.0879   6.0883   6.0880 |   6.0881 | 0.00020 |    6.0879 | +0.0002
 ( 7,11,12.0) |   7.4752   7.4747   7.4760 |   7.4753 | 0.00063 |    7.4747 | +0.0006
 ( 7,11,18.0) |   8.2875   8.2863   8.2872 |   8.2870 | 0.00060 |    8.2855 | +0.0015
 (13,19,12.0) |   8.7148   8.7157   8.7152 |   8.7152 | 0.00044 |    8.7129 | +0.0023
 (13,19,18.0) |   9.5236   9.5246   9.5240 |   9.5241 | 0.00047 |    9.5236 | +0.0005
 ( 2, 3,12.0) |   4.9705   4.9705   4.9708 |   4.9706 | 0.00019 |    4.9702 | +0.0004
 ( 5, 7,12.0) |   6.8055   6.8054   6.8064 |   6.8058 | 0.00051 |    6.8064 | -0.0006
 (89,97,12.0) |  12.5607  12.5605  12.5600 |  12.5604 | 0.00033 |   12.5616 | -0.0012
 ( 5, 3,12.0) |   6.7992   6.7983   6.7988 |   6.7988 | 0.00045 |    6.7992 | -0.0004
 ( 3, 2,12.0) |   5.7808   5.7806   5.7803 |   5.7806 | 0.00025 |    5.7808 | -0.0002

  Predictions and errors against the RE-MEASURED three-seed means:
  (p,q,K)    |  measured |     (3a) |  err % |     (3b) |  err %
-------------|-----------|----------|--------|----------|--------
 ( 3, 5, 6.0) |    4.4165 |   4.6076 |  +4.33 |   4.3944 |  -0.50
 ( 3, 5, 8.0) |    4.9860 |   5.1714 |  +3.72 |   4.9698 |  -0.33
 ( 3, 5,12.0) |    5.7788 |   5.9661 |  +3.24 |   5.7807 |  +0.03
 ( 3, 5,16.0) |    6.3564 |   6.5300 |  +2.73 |   6.3561 |  -0.00
 ( 7,11, 6.0) |    6.0881 |   6.1970 |  +1.79 |   6.0890 |  +0.02
 ( 7,11,12.0) |    7.4753 |   7.5555 |  +1.07 |   7.4753 |  +0.00
 ( 7,11,18.0) |    8.2870 |   8.3503 |  +0.76 |   8.2863 |  -0.01
 (13,19,12.0) |    8.7152 |   8.6833 |  -0.37 |   8.7134 |  -0.02
 (13,19,18.0) |    9.5241 |   9.4780 |  -0.48 |   9.5243 |  +0.00
 ( 2, 3,12.0) |    4.9706 |   5.0449 |  +1.49 |   4.9698 |  -0.02
 ( 5, 7,12.0) |    6.8058 |   6.7608 |  -0.66 |   6.8024 |  -0.05
 (89,97,12.0) |   12.5604 |  12.1329 |  -3.40 |  12.5608 |  +0.00
 ( 5, 3,12.0) |    6.7988 |   5.9661 | -12.25 |   6.8024 |  +0.05
 ( 3, 2,12.0) |    5.7806 |   5.0449 | -12.73 |   5.7807 |  +0.00

  Maximum absolute error over the 14 re-measured rows:
    empirical      (3a): 12.73%
    semi-analytical(3b): 0.50%

  Errors recomputed against the PUBLISHED column (for comparison):
    (3a): 12.73%   (3b): 0.50%
