
==============================================================================
  MCL HIERARCHICAL KEY DERIVATION VERIFICATION v2.0.0-hdv2
  MCL-HD-VERIFY-V2-2026-0905-001
  Mode: FULL  (Paper 5 canonical)
  Started: 2026-09-05 07:55:31 UTC
==============================================================================

  Engine: MCL_T2, Seed: 12345678901234, K=12.0

==============================================================================
  TEST 10: NEGATIVE CONTROL
==============================================================================

  Same params: r=1.000000 OK
  Diff params: |r|=0.000300 (thr=0.0030) OK
  Child!=parent: (892276,501167) OK

  [PASS] Test 10 -- Methodology validated

==============================================================================
  TEST 1: DERIVATION CORRECTNESS
==============================================================================

  Parent: (3, 5), seed=12345678901234

  Index   p_child      q_child       p!=q   Uniq   Coprime
  --------------------------------------------------------
  0       892276       501167        OK     OK     Yes    
  1       321234       591761        OK     OK     Yes    
  2       580959       198842        OK     OK     Yes    
  3       859276       888927        OK     OK     Yes    
  4       638183       645627        OK     OK     Yes    
  5       662655       470431        OK     OK     Yes    
  6       783613       986555        OK     OK     Yes    
  7       507835       352281        OK     OK     Yes    
  8       814986       482047        OK     OK     Yes    
  9       602569       552275        OK     OK     Yes    
  10      798605       230294        OK     OK     Yes    
  11      629029       414793        OK     OK     Yes    
  12      564049       221088        OK     OK     Yes    
  13      963991       951463        OK     OK     Yes    
  14      8731         767042        OK     OK     Yes    
  15      182735       238904        OK     OK     Yes    
  16      390933       266257        OK     OK     Yes    
  17      827184       522853        OK     OK     Yes    
  18      259545       543046        OK     OK     Yes    
  19      495461       908673        OK     OK     Yes    

  Distinct q values: 20/20 -> OK - q varies

  [PASS] Test 1 -- All children valid, distinct, q varies, different from parent

==============================================================================
  TEST 2: PARENT-CHILD INDEPENDENCE
==============================================================================

  Parent (3,5): ent=7.999829 chi2=237.23

  i=0  (892276,501167)  |r|=0.001382  p=1.6712e-01  ham=50.001%
  i=1  (321234,591761)  |r|=0.000904  p=3.6591e-01  ham=49.988%
  i=2  (580959,198842)  |r|=0.000318  p=7.5027e-01  ham=50.012%
  i=3  (859276,888927)  |r|=0.000222  p=8.2445e-01  ham=50.016%
  i=4  (638183,645627)  |r|=0.000334  p=7.3876e-01  ham=49.991%
  i=5  (662655,470431)  |r|=0.000801  p=4.2292e-01  ham=50.005%
  i=6  (783613,986555)  |r|=0.000935  p=3.4983e-01  ham=50.013%
  i=7  (507835,352281)  |r|=0.001107  p=2.6845e-01  ham=50.005%
  i=8  (814986,482047)  |r|=0.000119  p=9.0558e-01  ham=50.009%
  i=9  (602569,552275)  |r|=0.001478  p=1.3948e-01  ham=49.991%

  Bonferroni: 10 pairs, threshold=1.00e-04

  [PASS] Test 2 -- All parent-child pairs independent

==============================================================================
  TEST 3: SIBLING INDEPENDENCE
==============================================================================

  (0,1) |r|=0.001409 p=1.5890e-01
  (0,2) |r|=0.000749 p=4.5415e-01
  (0,3) |r|=0.000874 p=3.8196e-01
  (0,4) |r|=0.000234 p=8.1484e-01
  (0,5) |r|=0.000150 p=8.8044e-01
  (0,6) |r|=0.002186 p=2.8844e-02
  (0,7) |r|=0.000369 p=7.1201e-01
  (0,8) |r|=0.000695 p=4.8696e-01
  (0,9) |r|=0.000105 p=9.1619e-01
  (1,2) |r|=0.000886 p=3.7550e-01
  (1,3) |r|=0.000025 p=9.8030e-01
  (1,4) |r|=0.000978 p=3.2787e-01
  (1,5) |r|=0.000371 p=7.1032e-01
  (1,6) |r|=0.001491 p=1.3609e-01
  (1,7) |r|=0.000875 p=3.8182e-01
  (1,8) |r|=0.001016 p=3.0982e-01
  (1,9) |r|=0.000931 p=3.5187e-01
  (2,3) |r|=0.000239 p=8.1107e-01
  (2,4) |r|=0.000819 p=4.1293e-01
  (2,5) |r|=0.000024 p=9.8065e-01
  (2,6) |r|=0.000625 p=5.3218e-01
  (2,7) |r|=0.000845 p=3.9803e-01
  (2,8) |r|=0.000107 p=9.1464e-01
  (2,9) |r|=0.001187 p=2.3520e-01
  (3,4) |r|=0.001024 p=3.0602e-01
  (3,5) |r|=0.000176 p=8.6048e-01
  (3,6) |r|=0.000310 p=7.5683e-01
  (3,7) |r|=0.000214 p=8.3076e-01
  (3,8) |r|=0.001450 p=1.4707e-01
  (3,9) |r|=0.000329 p=7.4246e-01
  (4,5) |r|=0.000641 p=5.2151e-01
  (4,6) |r|=0.000047 p=9.6289e-01
  (4,7) |r|=0.000727 p=4.6698e-01
  (4,8) |r|=0.001163 p=2.4479e-01
  (4,9) |r|=0.000673 p=5.0079e-01
  (5,6) |r|=0.001567 p=1.1708e-01
  (5,7) |r|=0.001021 p=3.0722e-01
  (5,8) |r|=0.000580 p=5.6209e-01
  (5,9) |r|=0.001280 p=2.0044e-01
  (6,7) |r|=0.000708 p=4.7888e-01
  (6,8) |r|=0.000751 p=4.5238e-01
  (6,9) |r|=0.000650 p=5.1559e-01
  (7,8) |r|=0.000414 p=6.7895e-01
  (7,9) |r|=0.000185 p=8.5348e-01
  (8,9) |r|=0.001568 p=1.1688e-01

  Pairs: 45, Bonferroni threshold=2.22e-05

  [PASS] Test 3 -- All 45 sibling pairs independent

==============================================================================
  TEST 4: ONE-WAY - BRUTE FORCE PARENT RECOVERY
==============================================================================

  Parent: (13,19) -> Child: (827778,933019)
  Mode: FULL, search range [2, 100]

  Brute-force: 9702 candidate parents...

  Chaos barrier: 10^(25102)
  Exact collisions: 0, correlated (|r|>2*nf): 0

  [PASS] Test 4 -- One-way: 0 collisions, 0 correlations

==============================================================================
  TEST 5: TREE DEPTH 3: Master -> Batch -> Device
==============================================================================

  L0 Master: (3,5)
  L1 Batch 0: (892276,501167) [m/0]
  L2 Dev 0.0: (494795,552856) [m/0/0]
  L2 Dev 0.1: (975966,486353) [m/0/1]
  L2 Dev 0.2: (237889,10579) [m/0/2]
  L1 Batch 1: (321234,591761) [m/1]
  L2 Dev 1.0: (823392,409001) [m/1/0]
  L2 Dev 1.1: (878656,606875) [m/1/1]
  L2 Dev 1.2: (943597,557094) [m/1/2]
  L1 Batch 2: (580959,198842) [m/2]
  L2 Dev 2.0: (237549,762383) [m/2/0]
  L2 Dev 2.1: (283298,354033) [m/2/1]
  L2 Dev 2.2: (915220,745047) [m/2/2]

  Nodes: 13, Pairs: 78, max|r|=0.002327, Bonferroni thr=1.28e-05, rej=0

  [PASS] Test 5 -- All tree pairs independent

==============================================================================
  TEST 6: RESONANCE AVOIDANCE (K=1.0 recommended floor)
==============================================================================

  K=1.0, max_val=100 (low-K region, resonance retries possible)

  i=0 -> (85,93) retries=0 chi2=245.51 CHAOTIC
  i=1 -> (37,83) retries=0 chi2=202.92 CHAOTIC
  i=2 -> (32,93) retries=0 chi2=235.06 CHAOTIC
  i=3 -> (77,97) retries=0 chi2=252.90 CHAOTIC
  i=4 -> (61,25) retries=0 chi2=245.33 CHAOTIC
  i=5 -> (61,46) retries=0 chi2=312.29 CHAOTIC
  i=6 -> (65,53) retries=0 chi2=203.89 CHAOTIC
  i=7 -> (39,28) retries=0 chi2=272.46 CHAOTIC
  i=8 -> (19,78) retries=0 chi2=244.63 CHAOTIC
  i=9 -> (46,97) retries=0 chi2=263.26 CHAOTIC
  i=10 -> (84,65) retries=0 chi2=265.54 CHAOTIC
  i=11 -> (11,38) retries=0 chi2=280.41 CHAOTIC
  i=12 -> (65,59) retries=0 chi2=219.05 CHAOTIC
  i=13 -> (20,7) retries=0 chi2=253.75 CHAOTIC
  i=14 -> (79,87) retries=0 chi2=246.78 CHAOTIC
  i=15 -> (27,4) retries=0 chi2=238.66 CHAOTIC
  i=16 -> (76,13) retries=0 chi2=257.65 CHAOTIC
  i=17 -> (3,97) retries=0 chi2=244.02 CHAOTIC
  i=18 -> (93,43) retries=0 chi2=305.20 CHAOTIC
  i=19 -> (94,51) retries=0 chi2=211.67 CHAOTIC

  Chaotic: 20/20, retries: 0

  [PASS] Test 6 -- Resonance avoidance works

==============================================================================
  TEST 7: REPRODUCIBILITY - BIT-EXACT
==============================================================================

  Child: (564318,652919)
  Param mismatches: 0/100, stream diffs: 0/10000

  [PASS] Test 7 -- 100%% bit-exact

==============================================================================
  TEST 8: MULTI-FUNCTION DERIVED KEYS
==============================================================================

  Child: (892276,501167)

  [PRNG] ent=7.999819 chi2=250.34 PASS
  [AUTH] diffs=0 PASS
  [ENCRYPT] PASS
  [WRONG KEY] PASS - different output

  [PASS] Test 8 -- PRNG + auth + encrypt all work

==============================================================================
  TEST 9: CROSS-SYSTEM GENERALITY - 3 families
==============================================================================

  Logistic: parent(3,5)->child(970,423) |r|=0.001830 p=6.7274e-02
  Tent:     parent(3,5)->child(442,13) |r|=0.000508 p=6.1112e-01
  Henon:    SKIPPED - narrow attractor incompatible with arbitrary derived params

  Systems tested: 2/3, Bonferroni threshold=5.00e-04

  [PASS] Test 9 -- HD generalizes: T2 (tests 1-8) + Logistic + Tent = 3 families

==============================================================================
 GLOBAL BONFERRONI
==============================================================================

  Total pairs: 135, threshold: 7.41e-06, rejections: 0
  Smallest 3 p-values:
    #1: 1.9945e-02 >= OK
    #2: 2.4980e-02 >= OK
    #3: 2.6765e-02 >= OK

==============================================================================
 SUMMARY
==============================================================================

  10  Negative control                           PASS
   1  Derivation correctness                     PASS
   2  Parent-child independence                  PASS
   3  Sibling independence (45 pairs)            PASS
   4  One-way property                           PASS
   5  Tree depth 3                               PASS
   6  Resonance avoidance (K=1.0)                PASS
   7  Reproducibility                            PASS
   8  Multi-function                             PASS
   9  Cross-system (3 families)                  PASS
   G  Global Bonferroni (135 pairs)                  PASS

  Passed: 10/10  Time: 5060.8 sec (84.3 min)

 +================================================================+
 | VERDICT: PASS - All 10 HD properties verified                  |
 +================================================================+

  Doc ID:  MCL-HD-VERIFY-V2-2026-0905-001 v2.0.0-hdv2
  Author:  Madeeh Ibrahim, Cairo, Egypt
  Patent Pending: PCT/IB2026/052737, PCT/IB2026/053253, PCT/IB2026/053673
==============================================================================

EXIT=0
