==============================================================
 MCL PAPER 1 — SINGLE-EXTRACTOR SCAN UNDER FOUR INITIAL-STATE CONVENTIONS
 Doc ID: MCL-P1-INITCONV-2026-0909-001
 Engine: mcl_core.hpp v6.0.0 (frozen), (p,q)=(3,5), K=12, burn-in 10000, seed 12345678901234, N = 100000000
 Protocol: one iterate per sample; byte = (mantissa >> P) & 0xFF, P in [0,44]; chi2 df=255, crit 310.46

 B initial state: theta1(0) = 4.2163423810263438  theta2(0) = 2.1494994548731015
 C initial state: theta1(0) = 0.10000000000000001  theta2(0) = 0.20000000000000001

A. PRODUCTION (MCL_T2 of the engine of record) — positive control vs Table 6 / MCL-SAFEZONE-HOLDOUT-2026-0719-001
  P  |     theta1      |     theta2      |       XOR       | XOR verdict
-----|-----------------|-----------------|-----------------|------------
   0 |    209268665.46 |    185430742.26 |     65324099.92 | FAIL
   1 |     70049810.31 |     65218604.10 |     13581099.22 | FAIL
   2 |     17651162.18 |     16030756.74 |      1051545.98 | FAIL
   3 |      3651605.50 |      3284857.72 |        41831.69 | FAIL
   4 |       850123.35 |       808738.41 |         3089.90 | FAIL
   5 |       216144.17 |       221097.23 |          493.48 | FAIL
   6 |        55313.27 |        58176.79 |          302.98 | PASS
   7 |        14379.77 |        15123.17 |          255.02 | PASS
   8 |         3882.63 |         3931.79 |          220.51 | PASS
   9 |         1223.12 |         1258.14 |          254.02 | PASS
  10 |          573.09 |          509.27 |          266.33 | PASS
  11 |          283.27 |          336.41 |          254.36 | PASS
  12 |          211.78 |          274.49 |          254.58 | PASS
  13 |          218.23 |          253.62 |          225.36 | PASS
  14 |          219.81 |          224.60 |          241.04 | PASS
  15 |          237.56 |          234.34 |          259.73 | PASS
  16 |          233.51 |          224.11 |          245.01 | PASS
  17 |          235.78 |          230.59 |          230.00 | PASS
  18 |          207.49 |          235.44 |          238.03 | PASS
  19 |          222.41 |          209.17 |          245.38 | PASS
  20 |          259.01 |          190.68 |          295.12 | PASS
  21 |          293.10 |          213.26 |          288.36 | PASS
  22 |          270.44 |          241.60 |          265.89 | PASS
  23 |          257.73 |          269.04 |          250.40 | PASS
  24 |          229.89 |          283.20 |          259.74 | PASS
  25 |          266.17 |          250.49 |          243.07 | PASS
  26 |          225.91 |          237.60 |          250.97 | PASS
  27 |          234.41 |          233.72 |          261.12 | PASS
  28 |          232.90 |          250.00 |          207.57 | PASS
  29 |          232.02 |          278.07 |          201.30 | PASS
  30 |          203.21 |          250.71 |          236.15 | PASS
  31 |          212.15 |          229.15 |          262.33 | PASS
  32 |          245.92 |          243.11 |          263.77 | PASS
  33 |          248.38 |          245.80 |          246.37 | PASS
  34 |          270.14 |          259.12 |          254.63 | PASS
  35 |          277.79 |          326.26 |          243.67 | PASS
  36 |          285.50 |          336.20 |          239.75 | PASS
  37 |          416.95 |          421.68 |          250.09 | PASS
  38 |         2710.86 |         2706.84 |          259.33 | PASS
  39 |         8345.69 |         7838.96 |          249.03 | PASS
  40 |        18730.70 |        18252.35 |          502.44 | FAIL
  41 |       156669.59 |       154778.82 |          784.85 | FAIL
  42 |       512392.67 |       511851.07 |         2334.87 | FAIL
  43 |      1227721.43 |      1228122.34 |         4760.33 | FAIL
  44 |      9920853.30 |      9923292.64 |       594243.54 | FAIL
  XOR Safe Zone (byte-window start positions): [6, 39] = 34 positions
  theta1 zone: [11, 36] = 26   theta2 zone: [12, 34] = 23
  XOR failing starts: 0 1 2 3 4 5 40 41 42 43 44

A'. PRODUCTION-LOCAL stepper self-check: 0 of 135 chi2 values differ from A (IDENTICAL)

B. DECIMAL MULTIPLIERS theta_i(0) = (seed * {0.1, 0.2}) mod 2pi
  P  |     theta1      |     theta2      |       XOR       | XOR verdict
-----|-----------------|-----------------|-----------------|------------
   0 |    209391948.01 |    185555199.47 |     65365494.07 | FAIL
   1 |     70108066.43 |     65256614.85 |     13599648.49 | FAIL
   2 |     17684643.91 |     16035811.83 |      1051443.75 | FAIL
   3 |      3656079.32 |      3279930.48 |        40981.68 | FAIL
   4 |       848292.48 |       807268.77 |         2963.68 | FAIL
   5 |       214704.72 |       222277.75 |          451.11 | FAIL
   6 |        55051.25 |        58755.77 |          287.69 | PASS
   7 |        14112.07 |        15188.81 |          238.90 | PASS
   8 |         3654.38 |         3836.67 |          231.94 | PASS
   9 |         1190.61 |         1148.53 |          248.02 | PASS
  10 |          430.13 |          493.43 |          244.23 | PASS
  11 |          292.56 |          320.62 |          218.43 | PASS
  12 |          266.71 |          257.78 |          235.14 | PASS
  13 |          241.39 |          254.91 |          261.44 | PASS
  14 |          242.06 |          235.66 |          230.62 | PASS
  15 |          240.85 |          248.41 |          239.24 | PASS
  16 |          217.48 |          242.85 |          267.74 | PASS
  17 |          259.57 |          258.22 |          280.66 | PASS
  18 |          260.29 |          252.13 |          297.76 | PASS
  19 |          246.28 |          245.49 |          289.75 | PASS
  20 |          251.84 |          253.02 |          246.84 | PASS
  21 |          283.77 |          234.75 |          251.39 | PASS
  22 |          263.74 |          236.42 |          227.13 | PASS
  23 |          290.49 |          247.78 |          279.18 | PASS
  24 |          250.44 |          255.78 |          271.58 | PASS
  25 |          250.54 |          246.00 |          279.64 | PASS
  26 |          256.43 |          238.76 |          272.28 | PASS
  27 |          244.80 |          249.45 |          239.65 | PASS
  28 |          245.10 |          243.52 |          236.34 | PASS
  29 |          251.56 |          257.59 |          288.03 | PASS
  30 |          225.10 |          246.23 |          254.02 | PASS
  31 |          246.93 |          207.04 |          259.60 | PASS
  32 |          256.27 |          207.49 |          260.25 | PASS
  33 |          269.23 |          226.90 |          285.56 | PASS
  34 |          304.19 |          205.92 |          269.35 | PASS
  35 |          356.79 |          273.72 |          258.63 | PASS
  36 |          384.66 |          334.23 |          273.30 | PASS
  37 |          451.17 |          390.09 |          242.72 | PASS
  38 |         2734.23 |         2801.63 |          272.95 | PASS
  39 |         7959.71 |         7843.15 |          288.72 | PASS
  40 |        18663.41 |        18802.57 |          615.81 | FAIL
  41 |       157321.19 |       156587.25 |          805.95 | FAIL
  42 |       515530.13 |       515167.41 |         2408.77 | FAIL
  43 |      1229864.16 |      1229837.88 |         4591.20 | FAIL
  44 |      9916670.41 |      9911262.18 |       593493.47 | FAIL
  XOR Safe Zone (byte-window start positions): [6, 39] = 34 positions
  theta1 zone: [11, 34] = 24   theta2 zone: [12, 35] = 24
  XOR failing starts: 0 1 2 3 4 5 40 41 42 43 44

C. FIXED DECIMAL ANGLES theta(0) = (0.1, 0.2)
  P  |     theta1      |     theta2      |       XOR       | XOR verdict
-----|-----------------|-----------------|-----------------|------------
   0 |    209385912.54 |    185609196.88 |     65366911.18 | FAIL
   1 |     70104160.99 |     65303411.30 |     13606557.15 | FAIL
   2 |     17669519.01 |     16057507.45 |      1052773.07 | FAIL
   3 |      3655452.13 |      3298994.55 |        40862.59 | FAIL
   4 |       848416.95 |       811197.89 |         2965.43 | FAIL
   5 |       216971.66 |       222375.15 |          488.68 | FAIL
   6 |        54523.99 |        57877.38 |          247.21 | PASS
   7 |        14490.27 |        14934.19 |          236.80 | PASS
   8 |         3807.08 |         3798.79 |          251.43 | PASS
   9 |         1191.28 |         1039.35 |          270.75 | PASS
  10 |          458.99 |          495.95 |          256.41 | PASS
  11 |          320.97 |          323.85 |          202.65 | PASS
  12 |          301.59 |          287.83 |          224.03 | PASS
  13 |          268.72 |          276.84 |          241.58 | PASS
  14 |          276.96 |          261.51 |          252.49 | PASS
  15 |          274.85 |          244.83 |          249.74 | PASS
  16 |          282.50 |          224.36 |          259.00 | PASS
  17 |          270.03 |          241.80 |          238.68 | PASS
  18 |          259.88 |          242.14 |          234.91 | PASS
  19 |          254.92 |          241.64 |          231.45 | PASS
  20 |          251.10 |          266.79 |          252.23 | PASS
  21 |          241.32 |          295.27 |          231.41 | PASS
  22 |          248.11 |          310.88 |          247.49 | PASS
  23 |          223.18 |          292.27 |          228.37 | PASS
  24 |          225.91 |          268.84 |          226.51 | PASS
  25 |          232.29 |          280.89 |          246.01 | PASS
  26 |          272.97 |          292.37 |          233.34 | PASS
  27 |          218.31 |          250.67 |          220.25 | PASS
  28 |          240.34 |          266.37 |          236.83 | PASS
  29 |          247.60 |          259.55 |          261.65 | PASS
  30 |          250.35 |          268.63 |          303.23 | PASS
  31 |          237.66 |          247.86 |          280.21 | PASS
  32 |          253.03 |          271.19 |          271.12 | PASS
  33 |          253.84 |          262.88 |          253.78 | PASS
  34 |          250.08 |          281.68 |          268.87 | PASS
  35 |          298.92 |          342.91 |          306.30 | PASS
  36 |          353.69 |          341.60 |          274.13 | PASS
  37 |          384.67 |          447.32 |          256.11 | PASS
  38 |         2704.52 |         2785.95 |          270.20 | PASS
  39 |         7989.05 |         8042.34 |          296.72 | PASS
  40 |        18558.57 |        18764.65 |          554.74 | FAIL
  41 |       156284.94 |       156141.63 |          759.04 | FAIL
  42 |       512193.21 |       512637.11 |         2450.12 | FAIL
  43 |      1226842.72 |      1230330.19 |         4732.06 | FAIL
  44 |      9921308.77 |      9927356.88 |       591949.67 | FAIL
  XOR Safe Zone (byte-window start positions): [6, 39] = 34 positions
  theta1 zone: [12, 35] = 24   theta2 zone: [23, 34] = 12
  XOR failing starts: 0 1 2 3 4 5 40 41 42 43 44

SUMMARY (window start 0, byte-level chi2):
  convention |     theta1      |     theta2      |       XOR
  A          |    209268665.46 |    185430742.26 |     65324099.92
  B          |    209391948.01 |    185555199.47 |     65365494.07
  C          |    209385912.54 |    185609196.88 |     65366911.18
  XOR pass/fail classification identical across A, B, C at 45 of 45 start positions
