==============================================================
 MCL PAPER 1 — LSB PARADOX, MEASURED (Float64 vs Q30)
 Doc ID: MCL-P1-LSBPARADOX-2026-0909-001
 Engine: mcl_core.hpp v6.0.0 (frozen), (p,q)=(3,5), K=12, burn-in 10000, seed 12345678901234
 A/B: M = 1000000 orbit states, single-ULP perturbation of theta1 (Float64: nextafter; Q30: +1 phase unit), one iteration
 C : Q30 byte-level chi2 (df=255, crit 310.46) of window [P, P+7] of t1 XOR t2, P = 0..24, N = 100000000, D = 2

A. Float64 single-ULP avalanche per mantissa position (% of trials in which the bit differs after one iteration)
 bit | theta1 mantissa | XOR-mixed mantissa
-----|-----------------|-------------------
   0 |         12.247% |           16.727%
   1 |         19.201% |           26.915%
   2 |         30.908% |           37.506%
   3 |         39.602% |           41.232%
   4 |         42.456% |           41.653%
   5 |         40.057% |           41.406%
   6 |         36.866% |           41.393%
   7 |         29.682% |           41.119%
   8 |         20.319% |           40.877%
   9 |         12.839% |           39.647%
  10 |          7.748% |           37.204%
  11 |          4.527% |           31.674%
  12 |          2.588% |           23.736%
  13 |          1.445% |           16.095%
  14 |          0.805% |           10.151%
  15 |          0.445% |            6.113%
  16 |          0.242% |            3.580%
  17 |          0.127% |            2.048%
  18 |          0.070% |            1.157%
  19 |          0.037% |            0.642%
  20 |          0.018% |            0.352%
  21 |          0.011% |            0.187%
  22 |          0.005% |            0.101%
  23 |          0.003% |            0.051%
  24 |          0.002% |            0.029%
  25 |          0.001% |            0.016%
  26 |          0.000% |            0.009%
  27 |          0.000% |            0.005%
  28 |          0.000% |            0.003%
  29 |          0.000% |            0.001%
  30 |          0.000% |            0.001%
  31 |          0.000% |            0.000%
  32 |          0.000% |            0.000%
  33 |          0.000% |            0.000%
  34 |          0.000% |            0.000%
  35 |          0.000% |            0.000%
  36 |          0.000% |            0.000%
  37 |          0.000% |            0.000%
  38 |          0.000% |            0.000%
  39 |          0.000% |            0.000%
  40 |          0.000% |            0.000%
  41 |          0.000% |            0.000%
  42 |          0.000% |            0.000%
  43 |          0.000% |            0.000%
  44 |          0.000% |            0.000%
  45 |          0.000% |            0.000%
  46 |          0.000% |            0.000%
  47 |          0.000% |            0.000%
  48 |          0.000% |            0.000%
  49 |          0.000% |            0.000%
  50 |          0.000% |            0.000%
  51 |          0.000% |            0.000%

B. Q30 single-unit avalanche per phase-word bit (% of trials in which the bit differs after one iteration)
 bit | t1 word        | t1 XOR t2
-----|----------------|----------------
   0 |        99.997% |        99.994%
   1 |        50.103% |        50.104%
   2 |        25.001% |        25.002%
   3 |        12.530% |        12.532%
   4 |         6.273% |         6.275%
   5 |         3.088% |         3.090%
   6 |         1.544% |         1.545%
   7 |         0.771% |         0.772%
   8 |         0.389% |         0.391%
   9 |         0.203% |         0.207%
  10 |         0.099% |         0.101%
  11 |         0.054% |         0.057%
  12 |         0.029% |         0.032%
  13 |         0.016% |         0.018%
  14 |         0.008% |         0.011%
  15 |         0.006% |         0.009%
  16 |         0.003% |         0.007%
  17 |         0.004% |         0.006%
  18 |         0.004% |         0.006%
  19 |         0.004% |         0.007%
  20 |         0.003% |         0.006%
  21 |         0.002% |         0.004%
  22 |         0.001% |         0.004%
  23 |         0.000% |         0.004%
  24 |         0.000% |         0.003%
  25 |         0.000% |         0.003%
  26 |         0.000% |         0.002%
  27 |         0.000% |         0.001%
  28 |         0.000% |         0.001%
  29 |         0.000% |         0.000%
  30 |         0.000% |         0.000%
  31 |         0.000% |         0.000%

C. Q30 byte-level chi2 (df=255, crit 310.46) of window [P, P+7] of t1 XOR t2, N = 100000000, D = 2
  P  |     chi2     | verdict
-----|--------------|--------
   0 |        192.0 | PASS
   1 |        201.6 | PASS
   2 |        229.3 | PASS
   3 |        250.2 | PASS
   4 |        251.7 | PASS
   5 |        243.3 | PASS
   6 |        239.8 | PASS
   7 |        224.4 | PASS
   8 |        266.5 | PASS
   9 |        389.8 | FAIL
  10 |        470.8 | FAIL
  11 |        491.0 | FAIL
  12 |        535.8 | FAIL
  13 |       1360.9 | FAIL
  14 |       1387.5 | FAIL
  15 |       1429.6 | FAIL
  16 |       1496.3 | FAIL
  17 |       2737.3 | FAIL
  18 |       6254.2 | FAIL
  19 |       5956.0 | FAIL
  20 |       9614.6 | FAIL
  21 |      13189.3 | FAIL
  22 |      23846.2 | FAIL
  23 |     154410.5 | FAIL
  24 |     237229.8 | FAIL
