qseq_bound (MCL-P4-QSEQ-BOUND-2026-0930-001) -- Proposition Q1 of QSEQ_PROOF.md, evaluated
all figures log2; [DERIVED] = arithmetic on the proposition; B = 10,000, L = B + N, worst depth d = L - 1

  [CONSISTENCY] L=  1000 d=  999: exact sum      21065.833  integral bound      21081.184  ok
  [CONSISTENCY]   eps_Q exact-sum  -94.467 <= integral-bound form  -94.465  ok
  [CONSISTENCY] L=  1000 d=  500: exact sum      13623.660  integral bound      13628.291  ok
  [CONSISTENCY]   eps_Q exact-sum  -95.725 <= integral-bound form  -95.724  ok
  [CONSISTENCY] L=  4097 d= 4096: exact sum     174794.459  integral bound     174826.004  ok
  [CONSISTENCY]   eps_Q exact-sum  -88.362 <= integral-bound form  -88.362  ok
  [CONSISTENCY] L= 10000 d=    1: exact sum         99.995  integral bound         99.997  ok
  [CONSISTENCY]   eps_Q exact-sum -102.417 <= integral-bound form -102.417  ok

== Table 1: success bound for depth d = L - 1 (one iteration saved), Q queries per layer ==
  s    N          Q     eps_Q(Q1)  [squared form | additive form]   eps_C(same proof, classical)   L^2 term
  128    1e6  2^0      -67.3   [  -67.3 |   -33.7]                    -88.1                -89.1
  128    1e6  2^20     -47.3   [  -47.3 |   -23.7]                    -69.1                -89.1
  128    1e6  2^40     -27.3   [  -27.3 |   -13.7]                    -49.1                -89.1
  128    1e8  2^0      -47.4   [  -47.4 |   -23.7]                    -74.8                -75.8
  128    1e8  2^20     -27.4   [  -27.4 |   -13.7]                    -55.8                -75.8
  128    1e8  2^40      -7.4   [   -7.4 |    -3.7]                    -35.8                -75.8
  128   1e10  2^0      -27.5   [  -27.5 |   -13.8]                    -61.6                -62.6
  128   1e10  2^20      -7.5   [   -7.5 |    -3.8]                    -42.6                -62.6
  128   1e10  2^40       0.0   [   12.5 |     6.2]                    -22.6                -62.6
  128   2^40  2^0       -7.2   [   -7.2 |    -3.6]                    -48.0                -49.0
  128   2^40  2^20       0.0   [   12.8 |     6.4]                    -29.0                -49.0
  128   2^40  2^40       0.0   [   32.8 |    16.4]                     -9.0                -49.0
  256    1e6  2^0     -195.3   [ -195.3 |   -97.7]                   -216.1               -217.1
  256    1e6  2^20    -175.3   [ -175.3 |   -87.7]                   -197.1               -217.1
  256    1e6  2^40    -155.3   [ -155.3 |   -77.7]                   -177.1               -217.1
  256    1e8  2^0     -175.4   [ -175.4 |   -87.7]                   -202.8               -203.8
  256    1e8  2^20    -155.4   [ -155.4 |   -77.7]                   -183.8               -203.8
  256    1e8  2^40    -135.4   [ -135.4 |   -67.7]                   -163.8               -203.8
  256   1e10  2^0     -155.5   [ -155.5 |   -77.8]                   -189.6               -190.6
  256   1e10  2^20    -135.5   [ -135.5 |   -67.8]                   -170.6               -190.6
  256   1e10  2^40    -115.5   [ -115.5 |   -57.8]                   -150.6               -190.6
  256   2^40  2^0     -135.2   [ -135.2 |   -67.6]                   -176.0               -177.0
  256   2^40  2^20    -115.2   [ -115.2 |   -57.6]                   -157.0               -177.0
  256   2^40  2^40     -95.2   [  -95.2 |   -47.6]                   -137.0               -177.0
  (a value 0.0 means the bound is vacuous: >= 1)

== Table 2: largest queries per layer Q (and total q = d*Q) with eps_Q <= 2^-kappa, d = L - 1 ==
  T gates per coherent round evaluation: 2^17.91 .. 2^24.18 (6 configurations of the Grover resource model rev 3 -- model outputs, neither bound)
  s    N      kappa   log2 Q_max   log2 q_total   log2 T gates for q_total
  128    1e6     20         47.3           67.3     85.2 ..   91.5
  128    1e6     40         27.3           47.3     65.2 ..   71.5
  128    1e6     64          3.3           23.3     41.2 ..   47.5
  128    1e8     20         27.4           54.0     71.9 ..   78.2
  128    1e8     40          7.4           34.0     51.9 ..   58.2
  128    1e8     64   below one query per layer: the bound cannot certify an honest-rate adversary
  128   1e10     20          7.5           40.7     58.6 ..   64.9
  128   1e10     40   below one query per layer: the bound cannot certify an honest-rate adversary
  128   1e10     64   below one query per layer: the bound cannot certify an honest-rate adversary
  128   2^40     20   below one query per layer: the bound cannot certify an honest-rate adversary
  128   2^40     40   below one query per layer: the bound cannot certify an honest-rate adversary
  128   2^40     64   below one query per layer: the bound cannot certify an honest-rate adversary
  256    1e6     20        175.3          195.3    213.2 ..  219.5
  256    1e6     40        155.3          175.3    193.2 ..  199.5
  256    1e6     64        131.3          151.3    169.2 ..  175.5
  256    1e8     20        155.4          182.0    199.9 ..  206.2
  256    1e8     40        135.4          162.0    179.9 ..  186.2
  256    1e8     64        111.4          138.0    155.9 ..  162.2
  256   1e10     20        135.5          168.7    186.6 ..  192.9
  256   1e10     40        115.5          148.7    166.6 ..  172.9
  256   1e10     64         91.5          124.7    142.6 ..  148.9
  256   2^40     20        115.2          155.2    173.1 ..  179.3
  256   2^40     40         95.2          135.2    153.1 ..  159.3
  256   2^40     64         71.2          111.2    129.1 ..  135.3

== Table 3: ratio eps_Q / eps_C (dominant terms) -- what the quantum proof costs over the classical one ==
  s=128 N=1e6 Q=2^20: squared form   -47.3, classical hit term   -69.1, ratio 2^21.8 (closed form at d = L-1: (32/9) L = 2^21.8)
  s=128 N=1e8 Q=2^20: squared form   -27.4, classical hit term   -55.8, ratio 2^28.4 (closed form at d = L-1: (32/9) L = 2^28.4)
  s=256 N=1e6 Q=2^20: squared form  -175.3, classical hit term  -197.1, ratio 2^21.8 (closed form at d = L-1: (32/9) L = 2^21.8)
  s=256 N=1e8 Q=2^20: squared form  -155.4, classical hit term  -183.8, ratio 2^28.4 (closed form at d = L-1: (32/9) L = 2^28.4)

[DERIVED] rows only. The proposition is a statement in the ideal model; the concrete map is covered by
the structural hypothesis H-FF, which this program does not touch (see qseq_struct and QSEQ_PROOF.md section 6).
