================================================================
  VDF128_T4 v2 — Eval/Verify CPU benchmark
  MCL-VDF128-BENCH-2026-0905-003   engine: mcl_core v8.1.3 + sidecar
  HW: Apple M1 Pro, 8 logical cores
================================================================

--- PART 1: Eval throughput (sequential, single core) ---
  burn-in B=10000: 1.260 ms (fixed Eval overhead)
  N              best (s)     iters/s        ns/iter     
  1000000        0.0291       3.435e+07      29.115      
  10000000       0.2888       3.463e+07      28.876      
  100000000      2.8893       3.461e+07      28.893      

--- PART 2: Verify via checkpoints (k parallel segments) ---
  Eval(N=1e8, incl. burn-in): 2.8899 s  -> y = 2359ac6b...
  k     verify (s)   Eval/Verify    bit-exact 
  1     2.8884       1.00           yes       
  2     1.4998       1.93           yes       
  4     0.7613       3.80           yes       
  8     0.4387       6.59           yes       
  16    0.4371       6.61           yes       

--- PART 3: end-to-end Eval (incl. burn-in + hashing) ---
  N              wall (s)     note            
  10000          0.0006       burn-in dominates
  1000000        0.0295                       
  10000000       0.2899                       
  100000000      2.8926                       

Notes: single-core Eval by construction (Gauss-Seidel dependency);
Verify parallelism is over checkpoint segments, so the Eval/Verify
wall-clock ratio grows with k up to the core count. FPGA Eval/Verify
measurement on Tang 138K Pro is a separate, pending record.
