================================================================
  VDF128_T4 — property + falsification battery
  MCL-VDF128-BATTERY-2026-0817-001   engine: additive over mcl_core v8.1.0 + sidecar v1.0.4
================================================================

--- PART 1: VDF properties (adapted from MCL-VDF-VERIFY-2026-0526-001) ---
  [PASS] P1 timing linearity in N                       worst step deviation 0.004 (thr 0.25); 4.72s @ N=1.6e8
  [PASS] P2 GS map != Jacobi map (sequential dep.)      63/128 state bits differ after 5e4 iters (thr >=40)
  [PASS] P3 determinism (50 trials, N=1e5)              50/50 identical
  [PASS] P4 distinct N -> distinct output               6 values pairwise distinct
  [PASS] P5 checkpoint segment recomputation            10/10 segments bit-exact
  [PASS] P6 raw state-stream uniformity                 entropy 7.999798 b/B, chi2 280.55 (crit 330.52)
  [PASS] P7 configurable N (10 .. 1e7)                  6 delay settings evaluated
  [PASS] P8 no approximation shortcut                   1-bit flip -> 65/128 bits in 1 iters (thr >=50)
  [PASS] P9 cross-input independence                    max|r| 0.004449 over 45 pairs (EVT floor 0.006170)
  [PASS] P10 negative control (methodology)             identical input -> r = 1.000000 (expect 1.000000)

--- PART 2: falsification attacks (adapted from MCL-VDF-FALSIFY) ---
  [PASS] A1 precomputation/NN table FAILS (OP3)         0/2000 exact predictions (random ~2^-32)
  [PASS] A2 Jacobi-correction FAILS (OP1)               saturates to 61/128 bits at iter 2 (~64 = independent)
  [PASS] A3 depth cannot be reduced (OP5)               full==regrouped: yes; half-depth differs in 62/128 bits
  [PASS] A4 output binding to (x,N) holds (OP4)         N+1: 142/256 bits, 32/32 bytes | x': 139/256, 32/32

================================================================
  SUMMARY: 14 passed, 0 failed
  Evidence, not proof. Budgets bounded as printed.
================================================================
