================================================================
  VDF128_T4 v2 (per-input weights) — property + falsification battery + structural probes
  MCL-VDF128-BATTERY-2026-0905-002   engine: additive over mcl_core v8.1.0 + sidecar v1.0.4
================================================================

--- PART 1: VDF properties (adapted from MCL-VDF-VERIFY-2026-0526-001) ---
  [PASS] P1 timing linearity in N                       worst step deviation 0.001 (thr 0.25); 4.67s @ N=1.6e8
  [PASS] P2 GS map != Jacobi map (sequential dep.)      61/128 state bits differ after 5e4 iters (thr >=40)
  [PASS] P3 determinism (50 trials, N=1e5)              50/50 identical
  [PASS] P4 distinct N -> distinct output               6 values pairwise distinct
  [PASS] P5 checkpoint segment recomputation            10/10 segments bit-exact
  [PASS] P6 raw state-stream uniformity                 entropy 7.999835 b/B, chi2 229.18 (255 df; crit 293.25 @0.05, 330.52 @0.001)
  [PASS] P7 configurable N (10 .. 1e7)                  6 delay settings evaluated
  [PASS] P8 no approximation shortcut                   1-bit flip -> 68/128 bits in 1 iters (thr >=50)
  [PASS] P9 cross-input independence                    max|r| 0.003798 over 45 pairs (EVT floor 0.006170)
  [PASS] P10 negative control (methodology)             identical input -> r = 1.000000 (expect 1.000000)

--- PART 2: falsification attacks (adapted from MCL-VDF-FALSIFY) ---
  [PASS] A1 precomputation/NN table FAILS (OP3)         0/2000 exact predictions (random ~2^-32)
  [PASS] A2 Jacobi-correction FAILS (OP1)               saturates to 67/128 bits at iter 2 (~64 = independent)
  [PASS] A3 depth cannot be reduced (OP5)               full==regrouped: yes; half-depth differs in 65/128 bits
  [PASS] A4 output binding to (x,N) holds (OP4)         N+1: 128/256 bits, 32/32 bytes | x': 137/256, 32/32

--- PART 3: structural probes on the map instance F_x (evidence, not bounds) ---
  [PASS] S1 single-bit linear correlation, r=1          : max|corr| 0.00818 over 16,384 pairs, 0 above 4.5 sigma (noise 1/sqrt(n) = 0.00195, expect ~0.1 above)
  [PASS] S1 single-bit linear correlation, r=2          : max|corr| 0.00790 over 16,384 pairs, 0 above 4.5 sigma (noise 1/sqrt(n) = 0.00195, expect ~0.1 above)
  [PASS] S1 single-bit linear correlation, r=4          : max|corr| 0.00812 over 16,384 pairs, 0 above 4.5 sigma (noise 1/sqrt(n) = 0.00195, expect ~0.1 above)
  [----] S1 control (independent random output)         CONTROL: max|corr| 0.00772 over 16,384 pairs, 0 above 4.5 sigma (noise 1/sqrt(n) = 0.00195, expect ~0.1 above)
  [PASS] S2 cube/degree probe, r=1, d=16                32/32 cubes non-zero, mean popcount 57.6/128 (64 = balanced; degree >= 16 in every tested variable set)
  [PASS] S2 cube/degree probe, r=1, d=20                32/32 cubes non-zero, mean popcount 52.8/128 (64 = balanced; degree >= 20 in every tested variable set)
  [PASS] S2 cube/degree probe, r=2, d=16                32/32 cubes non-zero, mean popcount 64.7/128 (64 = balanced; degree >= 16 in every tested variable set)
  [PASS] S2 cube/degree probe, r=2, d=20                32/32 cubes non-zero, mean popcount 64.6/128 (64 = balanced; degree >= 20 in every tested variable set)
  [PASS] S3 avalanche profile (one-bit state flip)      mean Hamming r=1..8: 63.2/64.6/65.4/63.6/63.8/63.9/63.9/64.5 of 128

================================================================
  SUMMARY: 22 passed, 0 failed
  Evidence, not proof. Budgets bounded as printed.
================================================================
