==============================================================
 MCL PAPER 1 — GOLDILOCKS OUTPUT-BIT FREQUENCY ON CONSECUTIVE SEGMENTS
 Doc ID: MCL-P1-GOLDBIT-SEG-2026-0909-001
 Engine: mcl_core.hpp v6.0.0 (frozen), (p,q)=(3,5), K=12, D=2, burn-in 10000
 Part A: seed 12345678901234, S=10 consecutive non-overlapping segments x N=100000000
         output bit k = mant(20+k) XOR mant(36+k); byte = sum_k bit_k << k
 Thresholds: per-bit nominal 3.841; Bonferroni over 80 segment-bit tests = 11.703;
             byte-level df=255 critical 310.46 (alpha=0.01)
==============================================================

Part A — seed 12345678901234
 seg |   samples [from, to)    | bit5 ones   | bit5 p-0.5   | bit5 chi2 | worst bit (chi2) | byte chi2 | CUM bit5 p-0.5 | CUM bit5 chi2
-----|-------------------------|-------------|--------------|-----------|------------------|-----------|----------------|--------------
   1 | [         0,  100000000) |    50017390 |   +1.739e-04 |    12.096 | bit 5 ( 12.096)   |     294.1 |     +1.739e-04 |       12.096
   2 | [ 100000000,  200000000) |    50001961 |   +1.961e-05 |     0.154 | bit 6 (  2.149)   |     259.8 |     +9.675e-05 |        7.489
   3 | [ 200000000,  300000000) |    49991942 |   -8.058e-05 |     2.597 | bit 5 (  2.597)   |     286.7 |     +3.764e-05 |        1.700
   4 | [ 300000000,  400000000) |    49995771 |   -4.229e-05 |     0.715 | bit 4 (  5.892)   |     286.3 |     +1.766e-05 |        0.499
   5 | [ 400000000,  500000000) |    49996410 |   -3.590e-05 |     0.516 | bit 6 (  1.917)   |     254.4 |     +6.948e-06 |        0.097
   6 | [ 500000000,  600000000) |    50006805 |   +6.805e-05 |     1.852 | bit 0 (  2.282)   |     251.9 |     +1.713e-05 |        0.704
   7 | [ 600000000,  700000000) |    50004112 |   +4.112e-05 |     0.676 | bit 7 (  0.870)   |     247.3 |     +2.056e-05 |        1.183
   8 | [ 700000000,  800000000) |    50000829 |   +8.290e-06 |     0.027 | bit 6 (  7.354)   |     270.7 |     +1.902e-05 |        1.158
   9 | [ 800000000,  900000000) |    50004565 |   +4.565e-05 |     0.834 | bit 3 (  2.621)   |     266.8 |     +2.198e-05 |        1.740
  10 | [ 900000000, 1000000000) |    49990533 |   -9.467e-05 |     3.585 | bit 7 (  4.144)   |     258.3 |     +1.032e-05 |        0.426

 Per-bit chi2 of the FULL 1e9-sample stream (cumulative):
   bit 0: ones 500003862  p-0.5 +3.862e-06  chi2 0.060
   bit 1: ones 500005757  p-0.5 +5.757e-06  chi2 0.133
   bit 2: ones 500025935  p-0.5 +2.594e-05  chi2 2.690
   bit 3: ones 499975679  p-0.5 -2.432e-05  chi2 2.366
   bit 4: ones 499979899  p-0.5 -2.010e-05  chi2 1.616
   bit 5: ones 500010318  p-0.5 +1.032e-05  chi2 0.426
   bit 6: ones 499970703  p-0.5 -2.930e-05  chi2 3.433
   bit 7: ones 499982917  p-0.5 -1.708e-05  chi2 1.167

Part B — byte-level chi2 (df=255) of the emitted Goldilocks byte, N=100000000 per seed
 seed             | byte chi2 | verdict (crit 310.46) | bit5 chi2
------------------|-----------|-----------------------|----------
 12345678901234   |     294.1 | PASS                  |   12.096
 31415926535897   |     232.9 | PASS                  |    1.241
 27182818284590   |     283.5 | PASS                  |    0.003
 98765432109876   |     265.2 | PASS                  |    0.061
 17320508075688   |     287.6 | PASS                  |    0.125
 70466644885213   |     277.3 | PASS                  |    1.545
