MCL-GROVER-RES-2026-0927-001 rev 3   Grover resource model, keyed T4-Q30
engine mcl_core 8.1.3 (UNMODIFIED): BURNIN=10000 DECIMATION=2
parameters: word-bits=32 table=2^16 x 32 bit key-bits=256 out-bytes=40 burnin=10000
            sha-T=228992 sha-Tdepth=70400 clifford-gate-factor=1 clifford-depth-factor=1
iterations per oracle (one direction): 10000 + 40 x 2 = 10080
KDF: preimage 57 bytes -> 2 block(s) per hash, 3 hashes -> 6 compressions
ALL FIGURES ARE MODEL OUTPUTS -- neither an upper nor a lower bound. log2 unless stated.

-- operation counts per iteration --
  engine-literal (mcl_q30t4_iterate_raw): 36 multiplies, 28 add/sub, 12 table reads
  priced, WIDE   (keep temporaries)     : 24 multiplies, 12 adds, 12 lookups
  priced, NARROW (uncompute temporaries): 48 multiplies, 12 adds, 12 lookups, 8 lookup-uncomputes

-- primitive costs (units = Toffoli in A, temporary AND in B) --
  config        adder multiplier       lookup   lookup-unc   ancillae        k
  A-unary          61       2017       131070       131070         16        1
  B-unary          31       1024        65535          512         16        1
  B-QROAM          31       1024         3040          512       2026       64

== A-unary / WIDE ==  textbook Toffoli (7 T, T-depth 3), Cuccaro adders, unary lookup
  per-iteration T gates      : 2^23.44   (dominant term: table lookups)
     share of units: lookups 97.0%  multipliers 3.0%  adders 0.0%
  per-iteration T-depth      : 2^20.61
  per-oracle gates           : 2^37.74   (forward + uncompute; KDF share 1.20e-05)
  per-oracle depth           : 2^34.91
  garbage qubits (no pebbling): 7.74e+06   (+ lookup ancillae 16)
  Grover calls (256-bit key)  : 2^127.65
  serial search: gates 2^165.39, depth 2^162.56
     MAXDEPTH 2^40 : 2^287.9 gates  (depth-limited, parallelized)
     MAXDEPTH 2^64 : 2^263.9 gates  (depth-limited, parallelized)
     MAXDEPTH 2^96 : 2^231.9 gates  (depth-limited, parallelized)

== A-unary / NARROW ==  textbook Toffoli (7 T, T-depth 3), Cuccaro adders, unary lookup
  per-iteration T gates      : 2^24.18   (dominant term: table lookups)
     share of units: lookups 96.4%  multipliers 3.6%  adders 0.0%
  per-iteration T-depth      : 2^21.61
  per-oracle gates           : 2^38.48   (forward + uncompute; KDF share 7.16e-06)
  per-oracle depth           : 2^35.91
  garbage qubits (no pebbling): 1.29e+06   (+ lookup ancillae 16)
  Grover calls (256-bit key)  : 2^127.65
  serial search: gates 2^166.13, depth 2^163.56
     MAXDEPTH 2^40 : 2^289.7 gates  (depth-limited, parallelized)
     MAXDEPTH 2^64 : 2^265.7 gates  (depth-limited, parallelized)
     MAXDEPTH 2^96 : 2^233.7 gates  (depth-limited, parallelized)

== B-unary / WIDE ==  temporary AND (4 T, T-depth 1), Gidney adders, unary QROM
  per-iteration T gates      : 2^21.63   (dominant term: table lookups)
     share of units: lookups 96.9%  multipliers 3.0%  adders 0.0%
  per-iteration T-depth      : 2^18.03
  per-oracle gates           : 2^35.93   (forward + uncompute; KDF share 4.20e-05)
  per-oracle depth           : 2^32.32
  garbage qubits (no pebbling): 7.74e+06   (+ lookup ancillae 16)
  Grover calls (256-bit key)  : 2^127.65
  serial search: gates 2^163.58, depth 2^159.98
     MAXDEPTH 2^40 : 2^283.6 gates  (depth-limited, parallelized)
     MAXDEPTH 2^64 : 2^259.6 gates  (depth-limited, parallelized)
     MAXDEPTH 2^96 : 2^227.6 gates  (depth-limited, parallelized)

== B-unary / NARROW ==  temporary AND (4 T, T-depth 1), Gidney adders, unary QROM
  per-iteration T gates      : 2^21.68   (dominant term: table lookups)
     share of units: lookups 94.1%  multipliers 5.9%  adders 0.0%
  per-iteration T-depth      : 2^18.06
  per-oracle gates           : 2^35.98   (forward + uncompute; KDF share 4.06e-05)
  per-oracle depth           : 2^32.36
  garbage qubits (no pebbling): 1.29e+06   (+ lookup ancillae 16)
  Grover calls (256-bit key)  : 2^127.65
  serial search: gates 2^163.63, depth 2^160.01
     MAXDEPTH 2^40 : 2^283.6 gates  (depth-limited, parallelized)
     MAXDEPTH 2^64 : 2^259.6 gates  (depth-limited, parallelized)
     MAXDEPTH 2^96 : 2^227.6 gates  (depth-limited, parallelized)

== B-QROAM / WIDE ==  temporary AND (4 T, T-depth 1), Gidney adders, QROAM
  per-iteration T gates      : 2^17.91   (dominant term: table lookups)
     share of units: lookups 59.4%  multipliers 40.0%  adders 0.6%
  per-iteration T-depth      : 2^13.13
  per-oracle gates           : 2^32.21   (forward + uncompute; KDF share 5.54e-04)
  per-oracle depth           : 2^27.43
  garbage qubits (no pebbling): 7.74e+06   (+ lookup ancillae 2026)
  Grover calls (256-bit key)  : 2^127.65
  serial search: gates 2^159.86, depth 2^155.08
     MAXDEPTH 2^40 : 2^274.9 gates  (depth-limited, parallelized)
     MAXDEPTH 2^64 : 2^250.9 gates  (depth-limited, parallelized)
     MAXDEPTH 2^96 : 2^218.9 gates  (depth-limited, parallelized)

== B-QROAM / NARROW ==  temporary AND (4 T, T-depth 1), Gidney adders, QROAM
  per-iteration T gates      : 2^18.46   (dominant term: multipliers)
     share of units: lookups 45.0%  multipliers 54.6%  adders 0.4%
  per-iteration T-depth      : 2^13.89
  per-oracle gates           : 2^32.76   (forward + uncompute; KDF share 3.78e-04)
  per-oracle depth           : 2^28.19
  garbage qubits (no pebbling): 1.29e+06   (+ lookup ancillae 2026)
  Grover calls (256-bit key)  : 2^127.65
  serial search: gates 2^160.41, depth 2^155.85
     MAXDEPTH 2^40 : 2^276.3 gates  (depth-limited, parallelized)
     MAXDEPTH 2^64 : 2^252.3 gates  (depth-limited, parallelized)
     MAXDEPTH 2^96 : 2^220.3 gates  (depth-limited, parallelized)

== band over the six configurations ==
  per-oracle gates : 2^32.21 ... 2^38.48
  MAXDEPTH 2^40    : 2^274.9 ... 2^289.7 gates
  MAXDEPTH 2^64    : 2^250.9 ... 2^265.7 gates
  MAXDEPTH 2^96    : 2^218.9 ... 2^233.7 gates

== AES-256 reference (ALL gates, FULL depth) ==
  Grover calls (256-bit key): 2^127.65 -- the same count as above
  MAXDEPTH 2^40 : NIST 2^258   JNRV 2^245.5   | keyed path 2^274.9 ... 2^289.7  (ratio to JNRV 2^29.5 ... 2^44.2)
  MAXDEPTH 2^64 : NIST 2^234   JNRV 2^221.5   | keyed path 2^250.9 ... 2^265.7  (ratio to JNRV 2^29.5 ... 2^44.2)
  MAXDEPTH 2^96 : NIST 2^202   JNRV 2^190.5   | keyed path 2^218.9 ... 2^233.7  (ratio to JNRV 2^28.5 ... 2^43.2)
  AES-256 oracle (JNRV Table 8, r=2, in-place MixColumn): 2^17.21 T, 2^20.23 operations of all kinds, T-depth 126, width 4609
  keyed-path oracle / AES-256 oracle, T gates: 2^15.0 ... 2^21.3

-- reading --
  * Grover's call count depends on the key length only: (pi/4) 2^(256/2) = 2^127.65.
    The keyed path and AES-256 share that exponent; what differs is the oracle.
  * The oracle is larger because it runs 10080 serial iterations; under a depth limit
    the gate total scales with gates x depth, i.e. with the SQUARE of the iteration count.
  * Which term dominates one iteration depends on the lookup circuit (see each block).
  * Consistent with Paper 5 sec.VIII (generic key-search bound, conditional on the absence
    of structural attacks). Nothing here addresses a structural shortcut (Paper 4 OP2).
  * T gates and T-depth only, unless a Clifford factor was given: the AES columns count
    all gates and full depth, so the ratios above UNDERSTATE the keyed path's cost
    (writing one 2^16-entry table is about 2^20 CNOTs, invisible to a T count).
  * Not a bound in either direction: better arithmetic or pebbling would lower it,
    error correction and routing would raise it.
