[seed offset] +1000003 applied to all 20 seeds
[ok] gs mode byte stream bit-identical to MCL_T2::gen_bytes (1e5 bytes)
  seed  1/20 done: running max|r|=0.000795 min p=1.198e-02 max|r_raw|=0.002823
  seed  2/20 done: running max|r|=0.001070 min p=7.127e-04 max|r_raw|=0.003297
  seed  3/20 done: running max|r|=0.001128 min p=3.624e-04 max|r_raw|=0.003356
  seed  4/20 done: running max|r|=0.001128 min p=3.624e-04 max|r_raw|=0.003356
  seed  5/20 done: running max|r|=0.001128 min p=3.624e-04 max|r_raw|=0.003430
  seed  6/20 done: running max|r|=0.001255 min p=7.238e-05 max|r_raw|=0.003430
  seed  7/20 done: running max|r|=0.001255 min p=7.238e-05 max|r_raw|=0.003430
  seed  8/20 done: running max|r|=0.001255 min p=7.238e-05 max|r_raw|=0.003430
  seed  9/20 done: running max|r|=0.001255 min p=7.238e-05 max|r_raw|=0.003430
  seed 10/20 done: running max|r|=0.001255 min p=7.238e-05 max|r_raw|=0.003430
  seed 11/20 done: running max|r|=0.001255 min p=7.238e-05 max|r_raw|=0.003430
  seed 12/20 done: running max|r|=0.001255 min p=7.238e-05 max|r_raw|=0.003430
  seed 13/20 done: running max|r|=0.001255 min p=7.238e-05 max|r_raw|=0.003430
  seed 14/20 done: running max|r|=0.001255 min p=7.238e-05 max|r_raw|=0.003430
  seed 15/20 done: running max|r|=0.001255 min p=7.238e-05 max|r_raw|=0.003430
  seed 16/20 done: running max|r|=0.001255 min p=7.238e-05 max|r_raw|=0.003430
  seed 17/20 done: running max|r|=0.001255 min p=7.238e-05 max|r_raw|=0.003430
  seed 18/20 done: running max|r|=0.001255 min p=7.238e-05 max|r_raw|=0.003430
  seed 19/20 done: running max|r|=0.001255 min p=7.238e-05 max|r_raw|=0.003430
  seed 20/20 done: running max|r|=0.001255 min p=7.238e-05 max|r_raw|=0.003430
Paper 3 item 10 — GAUSS-SEIDEL update — NS=20 seeds x 20 topologies, N=10000000 bytes/channel, NRAW=1000000 raw steps, K=12, seed offset 1000003
pairs=3800  Bonferroni alpha/pairs=2.632e-07  Hamming 5-sigma eps=2.795e-04
BYTES  : max|r|=0.001255  mean|r|=0.000256  EVT scale=0.001284  min p=7.238e-05  rejections=0/3800
HAMMING: mean=50.0001%  max dev=2.043e-04  fails=0/3800
RAW cos(theta1): max|r|=0.003430  EVT scale=0.004060  min p=6.027e-04  rejections=0/3800
