================================================================
  VDF128_T4 v4 (clocked map) — Eval/Verify CPU benchmark
  MCL-VDF128-BENCH-2026-0925-004   engine: mcl_core v8.1.3 + sidecar
  HW: Apple M1 Pro, 8 logical cores
================================================================

--- PART 1: Eval throughput (sequential, single core) ---
  burn-in B=10000: 0.467 ms (fixed Eval overhead)
  N              best (s)     iters/s        ns/iter     
  1000000        0.0342       2.925e+07      34.193      
  10000000       0.3432       2.914e+07      34.315      
  100000000      3.4306       2.915e+07      34.306      

--- PART 2: Verify via checkpoints (k parallel segments) ---
  Eval(N=1e8, incl. burn-in): 3.4352 s  -> y = b60ffaa8...
  k     verify (s)   Eval/Verify    bit-exact 
  1     3.4358       1.00           yes       
  2     1.7414       1.97           yes       
  4     0.8979       3.83           yes       
  8     0.5743       5.98           yes       
  16    0.5378       6.39           yes       

--- PART 3: end-to-end Eval (incl. burn-in + hashing) ---
  N              wall (s)     note            
  10000          0.0007       burn-in dominates
  1000000        0.0346                       
  10000000       0.3425                       
  100000000      3.4982                       

Notes: single-core Eval by construction (Gauss-Seidel dependency);
Verify parallelism is over checkpoint segments, so the Eval/Verify
wall-clock ratio grows with k up to the core count. FPGA Eval/Verify
measurement on Tang 138K Pro is a separate, pending record.
