================================================================
  VDF128_T4 v4 (clocked map, per-input weights) — property + falsification battery + structural probes
  MCL-VDF128-BATTERY-2026-0925-004   engine: additive over mcl_core v8.1.0 + sidecar v1.0.4
================================================================

--- PART 1: VDF properties (adapted from MCL-VDF-VERIFY-2026-0526-001) ---
  [PASS] P1 timing linearity in N                       worst step deviation 0.002 (thr 0.25); 5.49s @ N=1.6e8
  [PASS] P2 GS map != Jacobi map (sequential dep.)      62/128 state bits differ after 5e4 iters (thr >=40)
  [PASS] P3 determinism (50 trials, N=1e5)              50/50 identical
  [PASS] P4 distinct N -> distinct output               6 values pairwise distinct
  [PASS] P5 checkpoint segment recomputation            10/10 segments bit-exact
  [PASS] P6 raw state-stream uniformity                 entropy 7.999830 b/B, chi2 235.77 (255 df; crit 293.25 @0.05, 330.52 @0.001)
  [PASS] P7 configurable N (10 .. 1e7)                  6 delay settings evaluated
  [PASS] P8 no approximation shortcut                   1-bit flip -> 54/128 bits in 1 iters (thr >=50)
  [PASS] P9 cross-input independence                    max|r| 0.005344 over 45 pairs (EVT floor 0.006170)
  [PASS] P10 negative control (methodology)             identical input -> r = 1.000000 (expect 1.000000)

--- PART 2: falsification attacks (adapted from MCL-VDF-FALSIFY) ---
  [PASS] A1 precomputation/NN table FAILS (OP3)         0/2000 exact predictions (random ~2^-32)
  [PASS] A2 Jacobi-correction FAILS (OP1)               saturates to 62/128 bits at iter 2 (~64 = independent)
  [PASS] A3 depth cannot be reduced (OP5)               full==regrouped: yes; half-depth differs in 52/128 bits
  [PASS] A4 output binding to (x,N) holds (OP4)         N+1: 127/256 bits, 32/32 bytes | x': 143/256, 32/32

--- PART 3: structural probes on the map instance F_x (evidence, not bounds) ---
  [PASS] S1 single-bit linear correlation, r=1          : max|corr| 0.00832 over 16,384 pairs, 0 above 4.5 sigma (noise 1/sqrt(n) = 0.00195, expect ~0.1 above)
  [PASS] S1 single-bit linear correlation, r=2          : max|corr| 0.00890 over 16,384 pairs, 1 above 4.5 sigma (noise 1/sqrt(n) = 0.00195, expect ~0.1 above)
  [PASS] S1 single-bit linear correlation, r=4          : max|corr| 0.00862 over 16,384 pairs, 0 above 4.5 sigma (noise 1/sqrt(n) = 0.00195, expect ~0.1 above)
  [----] S1 control (independent random output)         CONTROL: max|corr| 0.00772 over 16,384 pairs, 0 above 4.5 sigma (noise 1/sqrt(n) = 0.00195, expect ~0.1 above)
  [PASS] S2 cube/degree probe, r=1, d=16                32/32 cubes non-zero, mean popcount 48.6/128 (64 = balanced; degree >= 16 in every tested variable set)
  [FAIL] S2 cube/degree probe, r=1, d=20                32/32 cubes non-zero, mean popcount 41.1/128 (64 = balanced; degree >= 20 in every tested variable set)
  [PASS] S2 cube/degree probe, r=2, d=16                32/32 cubes non-zero, mean popcount 64.8/128 (64 = balanced; degree >= 16 in every tested variable set)
  [PASS] S2 cube/degree probe, r=2, d=20                32/32 cubes non-zero, mean popcount 63.8/128 (64 = balanced; degree >= 20 in every tested variable set)
  [PASS] S3 avalanche profile (one-bit state flip)      mean Hamming r=1..8: 62.6/63.7/63.9/64.0/64.4/64.1/64.5/65.0 of 128

================================================================
  SUMMARY: 21 passed, 1 failed
  Evidence, not proof. Budgets bounded as printed.
================================================================
