same (2,3) K=0.30: max|r_ens|=0.3799 rms=0.2338 mean_ln_d=0.552
same (3,5) K=0.30: max|r_ens|=0.1506 rms=0.0694 mean_ln_d=0.674
cross (2,3) K=0.30: max|r_ens|=0.8014 rms=0.5215 mean_ln_d=0.851
same (2,3) K=0.32: max|r_ens|=0.4493 rms=0.2190 mean_ln_d=1.230
same (3,5) K=0.32: max|r_ens|=0.0466 rms=0.0188 mean_ln_d=0.770
cross (2,3) K=0.32: max|r_ens|=0.0369 rms=0.0182 mean_ln_d=0.779
same (2,3) K=0.34: max|r_ens|=0.8747 rms=0.4733 mean_ln_d=1.105
same (3,5) K=0.34: max|r_ens|=0.0388 rms=0.0162 mean_ln_d=0.787
cross (2,3) K=0.34: max|r_ens|=0.0318 rms=0.0155 mean_ln_d=0.794
same (2,3) K=0.36: max|r_ens|=0.9848 rms=0.9801 mean_ln_d=-3.112
same (3,5) K=0.36: max|r_ens|=0.3599 rms=0.3406 mean_ln_d=0.109
cross (2,3) K=0.36: max|r_ens|=0.2951 rms=0.2079 mean_ln_d=0.576
same (2,3) K=0.38: max|r_ens|=0.9908 rms=0.9897 mean_ln_d=-3.988
same (3,5) K=0.38: max|r_ens|=0.3592 rms=0.3481 mean_ln_d=0.166
cross (2,3) K=0.38: max|r_ens|=0.6753 rms=0.4926 mean_ln_d=0.369
same (2,3) K=0.40: max|r_ens|=0.9952 rms=0.9892 mean_ln_d=-4.383
same (3,5) K=0.40: max|r_ens|=0.0624 rms=0.0191 mean_ln_d=0.756
cross (2,3) K=0.40: max|r_ens|=0.0729 rms=0.0249 mean_ln_d=0.784
same (2,3) K=0.42: max|r_ens|=0.9923 rms=0.9906 mean_ln_d=-4.513
same (3,5) K=0.42: max|r_ens|=0.0547 rms=0.0207 mean_ln_d=0.736
cross (2,3) K=0.42: max|r_ens|=0.0567 rms=0.0241 mean_ln_d=0.787
same (2,3) K=0.44: max|r_ens|=0.9944 rms=0.9929 mean_ln_d=-4.400
same (3,5) K=0.44: max|r_ens|=0.0568 rms=0.0223 mean_ln_d=0.764
cross (2,3) K=0.44: max|r_ens|=0.0728 rms=0.0178 mean_ln_d=0.763
same (2,3) K=0.46: max|r_ens|=0.9951 rms=0.9938 mean_ln_d=-4.184
same (3,5) K=0.46: max|r_ens|=0.0748 rms=0.0239 mean_ln_d=0.738
cross (2,3) K=0.46: max|r_ens|=0.0514 rms=0.0198 mean_ln_d=0.772
same (2,3) K=0.48: max|r_ens|=0.9967 rms=0.9943 mean_ln_d=-3.983
same (3,5) K=0.48: max|r_ens|=0.0671 rms=0.0221 mean_ln_d=0.776
cross (2,3) K=0.48: max|r_ens|=0.0665 rms=0.0233 mean_ln_d=0.778
same (2,3) K=0.50: max|r_ens|=0.9968 rms=0.9944 mean_ln_d=-3.812
same (3,5) K=0.50: max|r_ens|=0.0613 rms=0.0226 mean_ln_d=0.782
cross (2,3) K=0.50: max|r_ens|=0.0528 rms=0.0187 mean_ln_d=0.761
same (2,3) K=0.52: max|r_ens|=0.9967 rms=0.9932 mean_ln_d=-3.703
same (3,5) K=0.52: max|r_ens|=0.2659 rms=0.2523 mean_ln_d=0.053
cross (2,3) K=0.52: max|r_ens|=0.2979 rms=0.1895 mean_ln_d=0.797
same (2,3) K=0.54: max|r_ens|=0.9965 rms=0.9942 mean_ln_d=-3.676
same (3,5) K=0.54: max|r_ens|=0.0802 rms=0.0246 mean_ln_d=0.767
cross (2,3) K=0.54: max|r_ens|=0.0885 rms=0.0477 mean_ln_d=0.777
same (2,3) K=0.56: max|r_ens|=0.9947 rms=0.9934 mean_ln_d=-3.684
same (3,5) K=0.56: max|r_ens|=0.1066 rms=0.0911 mean_ln_d=0.342
cross (2,3) K=0.56: max|r_ens|=0.0799 rms=0.0443 mean_ln_d=0.726
same (2,3) K=0.58: max|r_ens|=0.9918 rms=0.9891 mean_ln_d=-3.693
same (3,5) K=0.58: max|r_ens|=0.0652 rms=0.0214 mean_ln_d=0.765
cross (2,3) K=0.58: max|r_ens|=0.0564 rms=0.0212 mean_ln_d=0.789
same (2,3) K=0.60: max|r_ens|=0.9939 rms=0.9926 mean_ln_d=-2.809
same (3,5) K=0.60: max|r_ens|=0.0738 rms=0.0245 mean_ln_d=0.799
cross (2,3) K=0.60: max|r_ens|=0.0597 rms=0.0212 mean_ln_d=0.762
same (2,3) K=0.62: max|r_ens|=0.9916 rms=0.9894 mean_ln_d=-3.179
same (3,5) K=0.62: max|r_ens|=0.0675 rms=0.0208 mean_ln_d=0.778
cross (2,3) K=0.62: max|r_ens|=0.0923 rms=0.0223 mean_ln_d=0.775
same (2,3) K=0.64: max|r_ens|=0.9911 rms=0.9885 mean_ln_d=-2.866
same (3,5) K=0.64: max|r_ens|=0.0776 rms=0.0714 mean_ln_d=0.439
cross (2,3) K=0.64: max|r_ens|=0.0555 rms=0.0298 mean_ln_d=0.779
same (2,3) K=0.66: max|r_ens|=0.9842 rms=0.9792 mean_ln_d=-2.331
same (3,5) K=0.66: max|r_ens|=0.1127 rms=0.0867 mean_ln_d=0.221
cross (2,3) K=0.66: max|r_ens|=0.0690 rms=0.0338 mean_ln_d=0.764
same (2,3) K=0.68: max|r_ens|=0.9363 rms=0.9246 mean_ln_d=-2.180
same (3,5) K=0.68: max|r_ens|=0.1256 rms=0.1107 mean_ln_d=0.049
cross (2,3) K=0.68: max|r_ens|=0.0680 rms=0.0427 mean_ln_d=0.810
same (2,3) K=0.70: max|r_ens|=0.7938 rms=0.7771 mean_ln_d=-2.112
same (3,5) K=0.70: max|r_ens|=0.1455 rms=0.1282 mean_ln_d=-0.068
cross (2,3) K=0.70: max|r_ens|=0.0796 rms=0.0471 mean_ln_d=0.821
same (2,3) K=0.72: max|r_ens|=0.7632 rms=0.7553 mean_ln_d=-2.110
same (3,5) K=0.72: max|r_ens|=0.1504 rms=0.1223 mean_ln_d=-0.083
cross (2,3) K=0.72: max|r_ens|=0.0760 rms=0.0357 mean_ln_d=0.794
same (2,3) K=0.74: max|r_ens|=0.0554 rms=0.0257 mean_ln_d=0.697
same (3,5) K=0.74: max|r_ens|=0.1610 rms=0.1513 mean_ln_d=0.183
cross (2,3) K=0.74: max|r_ens|=0.0682 rms=0.0357 mean_ln_d=0.824
same (2,3) K=0.76: max|r_ens|=0.0529 rms=0.0194 mean_ln_d=0.761
same (3,5) K=0.76: max|r_ens|=0.1823 rms=0.1694 mean_ln_d=0.141
cross (2,3) K=0.76: max|r_ens|=0.0528 rms=0.0231 mean_ln_d=0.792
same (2,3) K=0.78: max|r_ens|=0.0711 rms=0.0217 mean_ln_d=0.780
same (3,5) K=0.78: max|r_ens|=0.1531 rms=0.1211 mean_ln_d=0.351
cross (2,3) K=0.78: max|r_ens|=0.0755 rms=0.0237 mean_ln_d=0.769
same (2,3) K=0.80: max|r_ens|=0.0566 rms=0.0220 mean_ln_d=0.745
same (3,5) K=0.80: max|r_ens|=0.0596 rms=0.0213 mean_ln_d=0.786
cross (2,3) K=0.80: max|r_ens|=0.0743 rms=0.0219 mean_ln_d=0.794
same (2,3) K=0.82: max|r_ens|=0.0728 rms=0.0216 mean_ln_d=0.746
same (3,5) K=0.82: max|r_ens|=0.0528 rms=0.0264 mean_ln_d=0.628
cross (2,3) K=0.82: max|r_ens|=0.0712 rms=0.0241 mean_ln_d=0.777
same (2,3) K=0.84: max|r_ens|=0.0626 rms=0.0231 mean_ln_d=0.775
same (3,5) K=0.84: max|r_ens|=0.0532 rms=0.0200 mean_ln_d=0.777
cross (2,3) K=0.84: max|r_ens|=0.0687 rms=0.0220 mean_ln_d=0.780
same (2,3) K=0.86: max|r_ens|=0.0967 rms=0.0254 mean_ln_d=0.786
same (3,5) K=0.86: max|r_ens|=0.0774 rms=0.0227 mean_ln_d=0.762
cross (2,3) K=0.86: max|r_ens|=0.0668 rms=0.0238 mean_ln_d=0.775
same (2,3) K=0.88: max|r_ens|=0.0629 rms=0.0216 mean_ln_d=0.763
same (3,5) K=0.88: max|r_ens|=0.0657 rms=0.0236 mean_ln_d=0.754
cross (2,3) K=0.88: max|r_ens|=0.0820 rms=0.0208 mean_ln_d=0.744
same (2,3) K=0.90: max|r_ens|=0.0460 rms=0.0162 mean_ln_d=0.661
same (3,5) K=0.90: max|r_ens|=0.0650 rms=0.0217 mean_ln_d=0.774
cross (2,3) K=0.90: max|r_ens|=0.0601 rms=0.0201 mean_ln_d=0.772
same (2,3) K=0.92: max|r_ens|=0.0501 rms=0.0188 mean_ln_d=0.764
same (3,5) K=0.92: max|r_ens|=0.0697 rms=0.0212 mean_ln_d=0.779
cross (2,3) K=0.92: max|r_ens|=0.0815 rms=0.0234 mean_ln_d=0.787
same (2,3) K=0.94: max|r_ens|=0.0603 rms=0.0233 mean_ln_d=0.766
same (3,5) K=0.94: max|r_ens|=0.0622 rms=0.0228 mean_ln_d=0.756
cross (2,3) K=0.94: max|r_ens|=0.0811 rms=0.0238 mean_ln_d=0.791
same (2,3) K=0.96: max|r_ens|=0.0733 rms=0.0231 mean_ln_d=0.776
same (3,5) K=0.96: max|r_ens|=0.0649 rms=0.0220 mean_ln_d=0.781
cross (2,3) K=0.96: max|r_ens|=0.0604 rms=0.0232 mean_ln_d=0.756
same (2,3) K=0.98: max|r_ens|=0.0627 rms=0.0204 mean_ln_d=0.774
same (3,5) K=0.98: max|r_ens|=0.0689 rms=0.0224 mean_ln_d=0.769
cross (2,3) K=0.98: max|r_ens|=0.0647 rms=0.0231 mean_ln_d=0.763
same (2,3) K=1.00: max|r_ens|=0.0653 rms=0.0237 mean_ln_d=0.788
same (3,5) K=1.00: max|r_ens|=0.0682 rms=0.0217 mean_ln_d=0.766
cross (2,3) K=1.00: max|r_ens|=0.0599 rms=0.0222 mean_ln_d=0.778
trace (2,3) K=0.300: max|r_ens|=0.9918 last=0.6094 mean_ln_d=0.500
trace (2,3) K=0.340: max|r_ens|=0.9922 last=-0.9598 mean_ln_d=1.145
trace (2,3) K=0.400: max|r_ens|=0.9936 last=0.9914 mean_ln_d=-4.501
trace (2,3) K=0.600: max|r_ens|=0.9937 last=0.9915 mean_ln_d=-2.907
trace (2,3) K=0.950: max|r_ens|=0.0620 last=-0.0177 mean_ln_d=0.766
trace (3,5) K=0.400: max|r_ens|=0.0612 last=0.0043 mean_ln_d=0.775
trace (3,5) K=6.000: max|r_ens|=0.0528 last=-0.0174 mean_ln_d=0.764
trace (3,5) K=12.000: max|r_ens|=0.0583 last=0.0069 mean_ln_d=0.777
TRACE_DONE
