=== VDF128-T4 KAT + avalanche on Linux/glibc (Docker linux/amd64) — Fri Sep  4 20:56:49 EEST 2026 ===
gcc: gcc (GCC) 13.4.0  glibc: ldd (Debian GLIBC 2.36-9+deb12u14) 2.36
VDF128-T4 KNOWN-ANSWER VECTOR (engine 8.1.3; B=10000, N=1000, K=12.0)
  x (ASCII)             "MCL-VDF128-KAT-1"  (16 bytes)
  SHA-256(x)            556a0c3287e4eb1c 31af7a1e1ee12383 36cd458661b42a31 0d0aeb75d662fcb6
  K_pub = SHA-256(tag)  a4dfcca2c5617794 0bc7d07bcb01407e 9741ff2b28f5d492 2e766c75872dab4e
  weights (p12 q12 p13 q13 p14 q14 p23 q23 p24 q24 p34 q34)
    26451409 940283644 685780128 577552178 1020926259 1047388647 799820204 824261602 13008297 64841877 1016863698 314179409
  omega (Q.32)          192e540d 35f94f3b 10e06777 1d43f384   K_phase 0x1e8ec8a4a
  LUT CRC-32            0xde1340cf  (65,536 x int32, lut[i] = (int32)(sin(2*pi*i/65536) * 2^30))
  init state t1..t4     b449a763 2dc150e6 6b91a53c 35df83c8
  after burn-in (C_0)   ebc831f5 1eb89ea5 56ce7969 c2a721f8
  C_1 (t=250)           8c20db4c fbad851e 6f9070ef 0962912d
  C_2 (t=500)           33cabbc7 a88ab4fa dab1f0b8 2e0791a9
  C_3 (t=750)           3f469ab3 96a16b54 c1d65d40 81cd74c2
  C_4 (t=1000)          e3a48641 d8bb57dd f601bef2 bab28863
  SHA-256 preimage (80 B)4186a4e3dd57bbd8 f2be01f66388b2ba 556a0c3287e4eb1c 31af7a1e1ee12383 36cd458661b42a31 0d0aeb75d662fcb6 e803000000000000 4d434c2d56444631 32382d54342d7631 2d6f757400000000
  y = SHA-256(preimage) 3059e862cd75e896 2b7a7fb20c5d4d88 bbdaf4768b29d67d deff1b05f3dbe53b
  API mcl_vdf128_eval:  IDENTICAL

AVALANCHE (T4 map, 1-bit state flip at C_0, mean Hamming over 128 positions; 64 = full diffusion)
  k=1 iterations: mean Hamming = 63.27 / 128
  k=2 iterations: mean Hamming = 63.88 / 128
  k=3 iterations: mean Hamming = 64.19 / 128
  k=4 iterations: mean Hamming = 64.02 / 128
  input x vs x' (last char 1->0): init-state Hamming 60/128; output Hamming 127/256
exit=0
