VDF128-T4 v4 -- clock separation at structured clock offsets (engine 8.1.3)
states per cell 2^18; 4.5-sigma floor of a flip frequency 0.00439; standard error of a mean Hamming distance 0.0110
clock i = hi*2^32 + lo, hi uniform below 2^8; 'no wrap': lo + k stays below 2^32; 'wrap': lo + k passes 2^32

[CONTROL P] k = 2^31, no wrap, r = 1, battery input: largest deviation 0.4999 at w1.b0 -> PASS
[CONTROL N] two independent states at one clock, r = 1: mean 64.021 (z +1.94), bits above the floor 0 -> PASS

input 0 "VDF128-T4-battery-input"   parity of p - q for the pairs 12 13 14 23 24 34: odd even even even odd odd
   k uniform in [1,1000]         r=1 mean  63.988 z   -1.1 above   0 det  0 maxdev 0.0032 (none          )  r=2 mean  63.999 z   -0.0 above   0 det  0 maxdev 0.0026  r=3 mean  63.976 z   -2.2 above   0 det  0 maxdev 0.0026
   k = 1                         r=1 mean  63.992 z   -0.8 above   0 det  0 maxdev 0.0026 (none          )  r=2 mean  63.998 z   -0.2 above   0 det  0 maxdev 0.0027  r=3 mean  64.001 z   +0.1 above   0 det  0 maxdev 0.0029
   k = 2^16                      r=1 mean  63.993 z   -0.6 above   0 det  0 maxdev 0.0030 (none          )  r=2 mean  63.994 z   -0.5 above   0 det  0 maxdev 0.0024  r=3 mean  63.996 z   -0.4 above   0 det  0 maxdev 0.0027
   k = 2^24                      r=1 mean  63.987 z   -1.2 above   0 det  0 maxdev 0.0027 (none          )  r=2 mean  64.002 z   +0.1 above   0 det  0 maxdev 0.0025  r=3 mean  63.998 z   -0.2 above   0 det  0 maxdev 0.0031
   k = 2^28                      r=1 mean  64.008 z   +0.7 above   0 det  0 maxdev 0.0042 (none          )  r=2 mean  63.987 z   -1.1 above   0 det  0 maxdev 0.0027  r=3 mean  64.002 z   +0.2 above   0 det  0 maxdev 0.0026
   k = 2^29, no wrap             r=1 mean  63.992 z   -0.7 above   0 det  0 maxdev 0.0029 (none          )  r=2 mean  63.983 z   -1.6 above   0 det  0 maxdev 0.0028  r=3 mean  63.998 z   -0.2 above   0 det  0 maxdev 0.0030
   k = 2^30, no wrap             r=1 mean  64.043 z   +3.9 above   7 det  0 maxdev 0.0285 (w1.b28 f 0.5285)  r=2 mean  63.990 z   -0.9 above   0 det  0 maxdev 0.0033  r=3 mean  63.986 z   -1.3 above   0 det  0 maxdev 0.0027
   k = 3*2^30, no wrap           r=1 mean  64.039 z   +3.5 above   6 det  0 maxdev 0.0288 (w1.b28 f 0.5288)  r=2 mean  64.000 z   +0.0 above   0 det  0 maxdev 0.0024  r=3 mean  64.004 z   +0.4 above   0 det  0 maxdev 0.0019
   k = 2^31, no wrap             r=1 mean  64.473 z  +42.8 above   9 det  0 maxdev 0.4999 (w1.b0  f 0.9999)  r=2 mean  63.995 z   -0.5 above   0 det  0 maxdev 0.0025  r=3 mean  63.999 z   -0.1 above   0 det  0 maxdev 0.0034
   k = 2^31, wrap                r=1 mean  63.993 z   -0.7 above   0 det  0 maxdev 0.0025 (none          )  r=2 mean  64.008 z   +0.7 above   0 det  0 maxdev 0.0026  r=3 mean  63.994 z   -0.6 above   0 det  0 maxdev 0.0031
   k = 2^31, all clocks          r=1 mean  64.225 z  +20.4 above   7 det  0 maxdev 0.2505 (w1.b0  f 0.7505)  r=2 mean  63.995 z   -0.5 above   0 det  0 maxdev 0.0024  r=3 mean  64.006 z   +0.6 above   0 det  0 maxdev 0.0033
   k = 2^32 (one wrap of lo)     r=1 mean  63.995 z   -0.4 above   2 det  0 maxdev 0.0131 (w1.b31 f 0.4869)  r=2 mean  63.988 z   -1.0 above   0 det  0 maxdev 0.0025  r=3 mean  63.991 z   -0.8 above   0 det  0 maxdev 0.0022
   k = 2^33                      r=1 mean  64.012 z   +1.1 above   1 det  0 maxdev 0.0098 (w1.b31 f 0.5098)  r=2 mean  64.001 z   +0.1 above   0 det  0 maxdev 0.0025  r=3 mean  63.989 z   -1.0 above   0 det  0 maxdev 0.0043
input 1 "VDF128-T4-KAT-01"   parity of p - q for the pairs 12 13 14 23 24 34: odd odd odd even odd even
   k uniform in [1,1000]         r=1 mean  64.018 z   +1.7 above   0 det  0 maxdev 0.0025 (none          )  r=2 mean  64.022 z   +1.9 above   0 det  0 maxdev 0.0031  r=3 mean  64.012 z   +1.1 above   0 det  0 maxdev 0.0029
   k = 1                         r=1 mean  63.978 z   -2.0 above   0 det  0 maxdev 0.0023 (none          )  r=2 mean  64.000 z   +0.0 above   0 det  0 maxdev 0.0027  r=3 mean  63.989 z   -1.0 above   0 det  0 maxdev 0.0030
   k = 2^16                      r=1 mean  64.011 z   +1.0 above   0 det  0 maxdev 0.0034 (none          )  r=2 mean  64.008 z   +0.7 above   0 det  0 maxdev 0.0030  r=3 mean  64.012 z   +1.1 above   0 det  0 maxdev 0.0030
   k = 2^24                      r=1 mean  64.003 z   +0.3 above   0 det  0 maxdev 0.0033 (none          )  r=2 mean  63.995 z   -0.4 above   0 det  0 maxdev 0.0025  r=3 mean  64.001 z   +0.1 above   0 det  0 maxdev 0.0029
   k = 2^28                      r=1 mean  64.016 z   +1.5 above   0 det  0 maxdev 0.0024 (none          )  r=2 mean  63.996 z   -0.4 above   0 det  0 maxdev 0.0038  r=3 mean  64.006 z   +0.6 above   0 det  0 maxdev 0.0025
   k = 2^29, no wrap             r=1 mean  64.007 z   +0.6 above   0 det  0 maxdev 0.0028 (none          )  r=2 mean  64.003 z   +0.2 above   0 det  0 maxdev 0.0027  r=3 mean  63.999 z   -0.1 above   0 det  0 maxdev 0.0029
   k = 2^30, no wrap             r=1 mean  63.995 z   -0.5 above   0 det  0 maxdev 0.0030 (none          )  r=2 mean  63.991 z   -0.8 above   0 det  0 maxdev 0.0029  r=3 mean  63.990 z   -0.9 above   0 det  0 maxdev 0.0024
   k = 3*2^30, no wrap           r=1 mean  63.996 z   -0.4 above   0 det  0 maxdev 0.0028 (none          )  r=2 mean  64.005 z   +0.5 above   0 det  0 maxdev 0.0023  r=3 mean  63.987 z   -1.2 above   0 det  0 maxdev 0.0032
   k = 2^31, no wrap             r=1 mean  64.504 z  +45.6 above   1 det  0 maxdev 0.4998 (w1.b0  f 0.9998)  r=2 mean  63.977 z   -2.1 above   0 det  0 maxdev 0.0023  r=3 mean  64.021 z   +1.9 above   0 det  0 maxdev 0.0031
   k = 2^31, wrap                r=1 mean  63.994 z   -0.5 above   0 det  0 maxdev 0.0025 (none          )  r=2 mean  64.007 z   +0.7 above   0 det  0 maxdev 0.0027  r=3 mean  63.996 z   -0.3 above   0 det  0 maxdev 0.0024
   k = 2^31, all clocks          r=1 mean  64.244 z  +22.1 above   1 det  0 maxdev 0.2503 (w1.b0  f 0.7503)  r=2 mean  64.023 z   +2.1 above   0 det  0 maxdev 0.0028  r=3 mean  63.987 z   -1.2 above   0 det  0 maxdev 0.0028
   k = 2^32 (one wrap of lo)     r=1 mean  63.975 z   -2.2 above   0 det  0 maxdev 0.0040 (none          )  r=2 mean  63.989 z   -1.0 above   0 det  0 maxdev 0.0025  r=3 mean  64.002 z   +0.2 above   0 det  0 maxdev 0.0020
   k = 2^33                      r=1 mean  63.983 z   -1.6 above   0 det  0 maxdev 0.0027 (none          )  r=2 mean  64.009 z   +0.8 above   0 det  0 maxdev 0.0025  r=3 mean  63.981 z   -1.8 above   0 det  0 maxdev 0.0033
input 2 "VDF128-T4-clock-probe-0"   parity of p - q for the pairs 12 13 14 23 24 34: even even even even odd even
   k uniform in [1,1000]         r=1 mean  63.990 z   -0.9 above   0 det  0 maxdev 0.0026 (none          )  r=2 mean  64.004 z   +0.4 above   0 det  0 maxdev 0.0027  r=3 mean  64.003 z   +0.3 above   0 det  0 maxdev 0.0024
   k = 1                         r=1 mean  64.015 z   +1.4 above   0 det  0 maxdev 0.0027 (none          )  r=2 mean  64.002 z   +0.2 above   0 det  0 maxdev 0.0027  r=3 mean  63.999 z   -0.1 above   0 det  0 maxdev 0.0029
   k = 2^16                      r=1 mean  63.991 z   -0.8 above   0 det  0 maxdev 0.0028 (none          )  r=2 mean  64.032 z   +2.9 above   0 det  0 maxdev 0.0027  r=3 mean  63.984 z   -1.4 above   0 det  0 maxdev 0.0023
   k = 2^24                      r=1 mean  64.002 z   +0.2 above   1 det  0 maxdev 0.0082 (w1.b31 f 0.4918)  r=2 mean  64.001 z   +0.1 above   0 det  0 maxdev 0.0024  r=3 mean  64.016 z   +1.5 above   0 det  0 maxdev 0.0028
   k = 2^28                      r=1 mean  64.009 z   +0.8 above   0 det  0 maxdev 0.0028 (none          )  r=2 mean  64.007 z   +0.6 above   0 det  0 maxdev 0.0030  r=3 mean  63.999 z   -0.1 above   0 det  0 maxdev 0.0027
   k = 2^29, no wrap             r=1 mean  63.507 z  -44.6 above   1 det  0 maxdev 0.4999 (w1.b0  f 0.0001)  r=2 mean  64.033 z   +3.0 above   0 det  0 maxdev 0.0028  r=3 mean  64.000 z   +0.0 above   0 det  0 maxdev 0.0029
   k = 2^30, no wrap             r=1 mean  49.516 z -1311.0 above  38 det 31 maxdev 0.5000 (w1.b0  f 0.0000)  r=2 mean  63.985 z   -1.4 above   0 det  0 maxdev 0.0028  r=3 mean  64.005 z   +0.5 above   0 det  0 maxdev 0.0026
   k = 3*2^30, no wrap           r=1 mean  49.525 z -1310.1 above  40 det 31 maxdev 0.5000 (w1.b0  f 0.0000)  r=2 mean  63.991 z   -0.8 above   0 det  0 maxdev 0.0022  r=3 mean  64.011 z   +1.0 above   0 det  0 maxdev 0.0031
   k = 2^31, no wrap             r=1 mean  49.477 z -1314.5 above  44 det 32 maxdev 0.5000 (w1.b0  f 0.0000)  r=2 mean  63.980 z   -1.8 above   0 det  0 maxdev 0.0024  r=3 mean  63.991 z   -0.9 above   0 det  0 maxdev 0.0030
   k = 2^31, wrap                r=1 mean  63.984 z   -1.4 above   0 det  0 maxdev 0.0027 (none          )  r=2 mean  63.984 z   -1.4 above   0 det  0 maxdev 0.0026  r=3 mean  63.994 z   -0.5 above   0 det  0 maxdev 0.0024
   k = 2^31, all clocks          r=1 mean  56.728 z -658.2 above  39 det  0 maxdev 0.2515 (w1.b10 f 0.2485)  r=2 mean  63.999 z   -0.1 above   0 det  0 maxdev 0.0025  r=3 mean  63.998 z   -0.2 above   0 det  0 maxdev 0.0030
   k = 2^32 (one wrap of lo)     r=1 mean  64.005 z   +0.4 above   0 det  0 maxdev 0.0025 (none          )  r=2 mean  63.999 z   -0.1 above   0 det  0 maxdev 0.0025  r=3 mean  64.009 z   +0.8 above   0 det  0 maxdev 0.0025
   k = 2^33                      r=1 mean  64.001 z   +0.1 above   0 det  0 maxdev 0.0031 (none          )  r=2 mean  64.005 z   +0.4 above   0 det  0 maxdev 0.0025  r=3 mean  64.003 z   +0.3 above   0 det  0 maxdev 0.0030
input 3 "VDF128-T4-clock-probe-1"   parity of p - q for the pairs 12 13 14 23 24 34: odd even even even even odd
   k uniform in [1,1000]         r=1 mean  63.995 z   -0.5 above   0 det  0 maxdev 0.0028 (none          )  r=2 mean  64.007 z   +0.7 above   0 det  0 maxdev 0.0022  r=3 mean  63.991 z   -0.8 above   0 det  0 maxdev 0.0031
   k = 1                         r=1 mean  63.993 z   -0.6 above   0 det  0 maxdev 0.0027 (none          )  r=2 mean  64.000 z   -0.0 above   0 det  0 maxdev 0.0024  r=3 mean  63.995 z   -0.5 above   0 det  0 maxdev 0.0024
   k = 2^16                      r=1 mean  64.019 z   +1.7 above   0 det  0 maxdev 0.0025 (none          )  r=2 mean  63.989 z   -1.0 above   0 det  0 maxdev 0.0028  r=3 mean  64.009 z   +0.8 above   0 det  0 maxdev 0.0024
   k = 2^24                      r=1 mean  64.007 z   +0.6 above   0 det  0 maxdev 0.0030 (none          )  r=2 mean  64.004 z   +0.3 above   0 det  0 maxdev 0.0029  r=3 mean  63.998 z   -0.2 above   0 det  0 maxdev 0.0024
   k = 2^28                      r=1 mean  64.022 z   +2.0 above   0 det  0 maxdev 0.0028 (none          )  r=2 mean  63.997 z   -0.3 above   0 det  0 maxdev 0.0024  r=3 mean  64.023 z   +2.1 above   0 det  0 maxdev 0.0023
   k = 2^29, no wrap             r=1 mean  64.022 z   +2.0 above   0 det  0 maxdev 0.0025 (none          )  r=2 mean  63.995 z   -0.4 above   0 det  0 maxdev 0.0022  r=3 mean  63.990 z   -0.9 above   0 det  0 maxdev 0.0024
   k = 2^30, no wrap             r=1 mean  64.018 z   +1.6 above   0 det  0 maxdev 0.0023 (none          )  r=2 mean  64.001 z   +0.1 above   0 det  0 maxdev 0.0029  r=3 mean  64.007 z   +0.6 above   0 det  0 maxdev 0.0031
   k = 3*2^30, no wrap           r=1 mean  63.995 z   -0.4 above   0 det  0 maxdev 0.0026 (none          )  r=2 mean  63.995 z   -0.5 above   0 det  0 maxdev 0.0029  r=3 mean  64.006 z   +0.5 above   0 det  0 maxdev 0.0024
   k = 2^31, no wrap             r=1 mean  64.461 z  +41.8 above  11 det  0 maxdev 0.4999 (w1.b0  f 0.9999)  r=2 mean  63.997 z   -0.3 above   0 det  0 maxdev 0.0026  r=3 mean  64.013 z   +1.2 above   0 det  0 maxdev 0.0036
   k = 2^31, wrap                r=1 mean  63.992 z   -0.7 above   0 det  0 maxdev 0.0021 (none          )  r=2 mean  64.013 z   +1.2 above   0 det  0 maxdev 0.0026  r=3 mean  63.999 z   -0.1 above   0 det  0 maxdev 0.0027
   k = 2^31, all clocks          r=1 mean  64.230 z  +20.8 above   7 det  0 maxdev 0.2488 (w1.b0  f 0.7488)  r=2 mean  64.001 z   +0.1 above   0 det  0 maxdev 0.0037  r=3 mean  64.010 z   +0.9 above   0 det  0 maxdev 0.0033
   k = 2^32 (one wrap of lo)     r=1 mean  63.989 z   -1.0 above   0 det  0 maxdev 0.0027 (none          )  r=2 mean  63.977 z   -2.1 above   0 det  0 maxdev 0.0036  r=3 mean  64.000 z   -0.0 above   0 det  0 maxdev 0.0032
   k = 2^33                      r=1 mean  64.018 z   +1.7 above   0 det  0 maxdev 0.0027 (none          )  r=2 mean  64.015 z   +1.3 above   0 det  0 maxdev 0.0028  r=3 mean  64.011 z   +1.0 above   0 det  0 maxdev 0.0024
input 4 "VDF128-T4-clock-probe-2"   parity of p - q for the pairs 12 13 14 23 24 34: even odd even odd odd even
   k uniform in [1,1000]         r=1 mean  64.001 z   +0.1 above   0 det  0 maxdev 0.0026 (none          )  r=2 mean  63.987 z   -1.2 above   0 det  0 maxdev 0.0025  r=3 mean  64.005 z   +0.5 above   0 det  0 maxdev 0.0024
   k = 1                         r=1 mean  64.005 z   +0.5 above   0 det  0 maxdev 0.0022 (none          )  r=2 mean  63.998 z   -0.1 above   0 det  0 maxdev 0.0025  r=3 mean  64.000 z   -0.0 above   0 det  0 maxdev 0.0026
   k = 2^16                      r=1 mean  64.018 z   +1.6 above   0 det  0 maxdev 0.0038 (none          )  r=2 mean  64.013 z   +1.2 above   0 det  0 maxdev 0.0030  r=3 mean  63.997 z   -0.2 above   0 det  0 maxdev 0.0027
   k = 2^24                      r=1 mean  63.993 z   -0.6 above   1 det  0 maxdev 0.0078 (w1.b31 f 0.4922)  r=2 mean  63.992 z   -0.7 above   0 det  0 maxdev 0.0029  r=3 mean  64.012 z   +1.0 above   0 det  0 maxdev 0.0031
   k = 2^28                      r=1 mean  63.982 z   -1.6 above   0 det  0 maxdev 0.0025 (none          )  r=2 mean  63.995 z   -0.5 above   0 det  0 maxdev 0.0025  r=3 mean  63.989 z   -1.0 above   0 det  0 maxdev 0.0023
   k = 2^29, no wrap             r=1 mean  64.002 z   +0.2 above   0 det  0 maxdev 0.0021 (none          )  r=2 mean  64.016 z   +1.4 above   0 det  0 maxdev 0.0025  r=3 mean  63.990 z   -0.9 above   0 det  0 maxdev 0.0025
   k = 2^30, no wrap             r=1 mean  63.998 z   -0.2 above   0 det  0 maxdev 0.0023 (none          )  r=2 mean  63.993 z   -0.7 above   0 det  0 maxdev 0.0022  r=3 mean  64.019 z   +1.7 above   0 det  0 maxdev 0.0023
   k = 3*2^30, no wrap           r=1 mean  63.988 z   -1.1 above   0 det  0 maxdev 0.0025 (none          )  r=2 mean  64.006 z   +0.6 above   0 det  0 maxdev 0.0025  r=3 mean  64.001 z   +0.1 above   0 det  0 maxdev 0.0029
   k = 2^31, no wrap             r=1 mean  64.478 z  +43.3 above  11 det  0 maxdev 0.4999 (w1.b0  f 0.9999)  r=2 mean  63.987 z   -1.2 above   0 det  0 maxdev 0.0028  r=3 mean  64.009 z   +0.8 above   0 det  0 maxdev 0.0029
   k = 2^31, wrap                r=1 mean  64.008 z   +0.8 above   0 det  0 maxdev 0.0026 (none          )  r=2 mean  64.002 z   +0.2 above   0 det  0 maxdev 0.0028  r=3 mean  63.982 z   -1.6 above   0 det  0 maxdev 0.0027
   k = 2^31, all clocks          r=1 mean  64.245 z  +22.2 above   7 det  0 maxdev 0.2493 (w1.b0  f 0.7493)  r=2 mean  64.003 z   +0.3 above   0 det  0 maxdev 0.0022  r=3 mean  64.005 z   +0.4 above   0 det  0 maxdev 0.0022
   k = 2^32 (one wrap of lo)     r=1 mean  63.986 z   -1.3 above   0 det  0 maxdev 0.0028 (none          )  r=2 mean  63.999 z   -0.1 above   0 det  0 maxdev 0.0025  r=3 mean  63.995 z   -0.5 above   0 det  0 maxdev 0.0025
   k = 2^33                      r=1 mean  63.994 z   -0.6 above   0 det  0 maxdev 0.0027 (none          )  r=2 mean  64.008 z   +0.7 above   0 det  0 maxdev 0.0024  r=3 mean  63.987 z   -1.1 above   0 det  0 maxdev 0.0025
input 5 "VDF128-T4-clock-probe-3"   parity of p - q for the pairs 12 13 14 23 24 34: odd odd odd even even even
   k uniform in [1,1000]         r=1 mean  64.009 z   +0.8 above   0 det  0 maxdev 0.0028 (none          )  r=2 mean  63.982 z   -1.6 above   0 det  0 maxdev 0.0031  r=3 mean  63.989 z   -1.0 above   0 det  0 maxdev 0.0027
   k = 1                         r=1 mean  64.000 z   -0.0 above   0 det  0 maxdev 0.0023 (none          )  r=2 mean  64.003 z   +0.3 above   0 det  0 maxdev 0.0025  r=3 mean  64.011 z   +1.0 above   0 det  0 maxdev 0.0027
   k = 2^16                      r=1 mean  63.992 z   -0.7 above   0 det  0 maxdev 0.0025 (none          )  r=2 mean  64.001 z   +0.1 above   0 det  0 maxdev 0.0025  r=3 mean  63.995 z   -0.5 above   0 det  0 maxdev 0.0032
   k = 2^24                      r=1 mean  63.984 z   -1.5 above   0 det  0 maxdev 0.0028 (none          )  r=2 mean  63.982 z   -1.6 above   0 det  0 maxdev 0.0026  r=3 mean  63.991 z   -0.8 above   0 det  0 maxdev 0.0031
   k = 2^28                      r=1 mean  63.990 z   -0.9 above   0 det  0 maxdev 0.0042 (none          )  r=2 mean  64.009 z   +0.8 above   0 det  0 maxdev 0.0033  r=3 mean  64.002 z   +0.2 above   0 det  0 maxdev 0.0022
   k = 2^29, no wrap             r=1 mean  64.005 z   +0.4 above   0 det  0 maxdev 0.0032 (none          )  r=2 mean  63.993 z   -0.6 above   0 det  0 maxdev 0.0022  r=3 mean  63.989 z   -1.0 above   0 det  0 maxdev 0.0033
   k = 2^30, no wrap             r=1 mean  63.974 z   -2.4 above   0 det  0 maxdev 0.0028 (none          )  r=2 mean  64.009 z   +0.8 above   0 det  0 maxdev 0.0025  r=3 mean  64.018 z   +1.6 above   0 det  0 maxdev 0.0030
   k = 3*2^30, no wrap           r=1 mean  63.994 z   -0.5 above   0 det  0 maxdev 0.0029 (none          )  r=2 mean  63.993 z   -0.6 above   0 det  0 maxdev 0.0020  r=3 mean  63.985 z   -1.3 above   0 det  0 maxdev 0.0030
   k = 2^31, no wrap             r=1 mean  64.505 z  +45.7 above   2 det  0 maxdev 0.4998 (w1.b0  f 0.9998)  r=2 mean  63.997 z   -0.3 above   0 det  0 maxdev 0.0025  r=3 mean  64.002 z   +0.2 above   0 det  0 maxdev 0.0027
   k = 2^31, wrap                r=1 mean  63.998 z   -0.2 above   0 det  0 maxdev 0.0023 (none          )  r=2 mean  64.005 z   +0.4 above   0 det  0 maxdev 0.0029  r=3 mean  64.003 z   +0.3 above   0 det  0 maxdev 0.0033
   k = 2^31, all clocks          r=1 mean  64.262 z  +23.7 above   1 det  0 maxdev 0.2495 (w1.b0  f 0.7495)  r=2 mean  63.992 z   -0.8 above   0 det  0 maxdev 0.0023  r=3 mean  64.013 z   +1.2 above   0 det  0 maxdev 0.0026
   k = 2^32 (one wrap of lo)     r=1 mean  64.004 z   +0.4 above   1 det  0 maxdev 0.0073 (w1.b31 f 0.5073)  r=2 mean  63.992 z   -0.8 above   0 det  0 maxdev 0.0028  r=3 mean  64.021 z   +1.9 above   0 det  0 maxdev 0.0028
   k = 2^33                      r=1 mean  64.012 z   +1.0 above   0 det  0 maxdev 0.0023 (none          )  r=2 mean  64.011 z   +1.0 above   0 det  0 maxdev 0.0026  r=3 mean  64.015 z   +1.4 above   0 det  0 maxdev 0.0026
input 6 "VDF128-T4-clock-probe-4"   parity of p - q for the pairs 12 13 14 23 24 34: even even even odd even odd
   k uniform in [1,1000]         r=1 mean  64.014 z   +1.3 above   0 det  0 maxdev 0.0024 (none          )  r=2 mean  64.020 z   +1.8 above   0 det  0 maxdev 0.0029  r=3 mean  64.005 z   +0.5 above   0 det  0 maxdev 0.0032
   k = 1                         r=1 mean  63.984 z   -1.5 above   0 det  0 maxdev 0.0028 (none          )  r=2 mean  64.001 z   +0.1 above   0 det  0 maxdev 0.0027  r=3 mean  64.008 z   +0.7 above   0 det  0 maxdev 0.0028
   k = 2^16                      r=1 mean  63.995 z   -0.5 above   0 det  0 maxdev 0.0024 (none          )  r=2 mean  63.990 z   -0.9 above   0 det  0 maxdev 0.0037  r=3 mean  63.989 z   -1.0 above   0 det  0 maxdev 0.0027
   k = 2^24                      r=1 mean  63.995 z   -0.5 above   0 det  0 maxdev 0.0026 (none          )  r=2 mean  63.999 z   -0.1 above   0 det  0 maxdev 0.0023  r=3 mean  64.007 z   +0.7 above   0 det  0 maxdev 0.0028
   k = 2^28                      r=1 mean  63.998 z   -0.2 above   1 det  0 maxdev 0.0075 (w1.b31 f 0.4925)  r=2 mean  63.992 z   -0.7 above   0 det  0 maxdev 0.0023  r=3 mean  63.998 z   -0.2 above   0 det  0 maxdev 0.0023
   k = 2^29, no wrap             r=1 mean  63.985 z   -1.3 above   1 det  0 maxdev 0.0076 (w1.b31 f 0.4924)  r=2 mean  64.014 z   +1.3 above   0 det  0 maxdev 0.0023  r=3 mean  63.999 z   -0.1 above   0 det  0 maxdev 0.0030
   k = 2^30, no wrap             r=1 mean  63.489 z  -46.3 above   2 det  0 maxdev 0.4999 (w1.b0  f 0.0001)  r=2 mean  64.011 z   +1.0 above   0 det  0 maxdev 0.0034  r=3 mean  63.999 z   -0.1 above   0 det  0 maxdev 0.0036
   k = 3*2^30, no wrap           r=1 mean  63.492 z  -46.0 above   2 det  0 maxdev 0.4999 (w1.b0  f 0.0001)  r=2 mean  63.998 z   -0.2 above   0 det  0 maxdev 0.0023  r=3 mean  63.989 z   -1.0 above   0 det  0 maxdev 0.0031
   k = 2^31, no wrap             r=1 mean  49.479 z -1314.3 above  43 det 32 maxdev 0.5000 (w1.b0  f 0.0000)  r=2 mean  63.997 z   -0.3 above   0 det  0 maxdev 0.0037  r=3 mean  64.006 z   +0.5 above   0 det  0 maxdev 0.0028
   k = 2^31, wrap                r=1 mean  63.995 z   -0.5 above   0 det  0 maxdev 0.0026 (none          )  r=2 mean  64.005 z   +0.4 above   0 det  0 maxdev 0.0032  r=3 mean  63.998 z   -0.2 above   0 det  0 maxdev 0.0023
   k = 2^31, all clocks          r=1 mean  56.758 z -655.5 above  39 det  0 maxdev 0.2512 (w1.b31 f 0.7512)  r=2 mean  64.003 z   +0.3 above   0 det  0 maxdev 0.0025  r=3 mean  63.998 z   -0.2 above   0 det  0 maxdev 0.0020
   k = 2^32 (one wrap of lo)     r=1 mean  64.007 z   +0.6 above   0 det  0 maxdev 0.0028 (none          )  r=2 mean  64.001 z   +0.1 above   0 det  0 maxdev 0.0028  r=3 mean  64.004 z   +0.4 above   0 det  0 maxdev 0.0024
   k = 2^33                      r=1 mean  64.012 z   +1.1 above   1 det  0 maxdev 0.0092 (w1.b31 f 0.5092)  r=2 mean  64.020 z   +1.8 above   0 det  0 maxdev 0.0028  r=3 mean  64.005 z   +0.5 above   0 det  0 maxdev 0.0029
input 7 "VDF128-T4-clock-probe-5"   parity of p - q for the pairs 12 13 14 23 24 34: even odd odd odd even odd
   k uniform in [1,1000]         r=1 mean  64.014 z   +1.2 above   0 det  0 maxdev 0.0038 (none          )  r=2 mean  64.001 z   +0.1 above   0 det  0 maxdev 0.0027  r=3 mean  63.997 z   -0.2 above   0 det  0 maxdev 0.0025
   k = 1                         r=1 mean  64.003 z   +0.3 above   0 det  0 maxdev 0.0024 (none          )  r=2 mean  64.003 z   +0.3 above   0 det  0 maxdev 0.0028  r=3 mean  64.016 z   +1.4 above   0 det  0 maxdev 0.0028
   k = 2^16                      r=1 mean  63.993 z   -0.7 above   0 det  0 maxdev 0.0028 (none          )  r=2 mean  64.028 z   +2.5 above   0 det  0 maxdev 0.0035  r=3 mean  64.010 z   +0.9 above   0 det  0 maxdev 0.0021
   k = 2^24                      r=1 mean  64.014 z   +1.2 above   0 det  0 maxdev 0.0039 (none          )  r=2 mean  64.008 z   +0.7 above   0 det  0 maxdev 0.0030  r=3 mean  64.002 z   +0.2 above   0 det  0 maxdev 0.0025
   k = 2^28                      r=1 mean  63.986 z   -1.3 above   0 det  0 maxdev 0.0029 (none          )  r=2 mean  63.995 z   -0.5 above   0 det  0 maxdev 0.0024  r=3 mean  63.997 z   -0.3 above   0 det  0 maxdev 0.0032
   k = 2^29, no wrap             r=1 mean  63.985 z   -1.3 above   0 det  0 maxdev 0.0027 (none          )  r=2 mean  64.001 z   +0.1 above   0 det  0 maxdev 0.0026  r=3 mean  64.007 z   +0.7 above   0 det  0 maxdev 0.0025
   k = 2^30, no wrap             r=1 mean  64.006 z   +0.6 above   0 det  0 maxdev 0.0031 (none          )  r=2 mean  63.992 z   -0.8 above   0 det  0 maxdev 0.0026  r=3 mean  64.005 z   +0.5 above   0 det  0 maxdev 0.0031
   k = 3*2^30, no wrap           r=1 mean  64.011 z   +1.0 above   0 det  0 maxdev 0.0033 (none          )  r=2 mean  63.986 z   -1.3 above   0 det  0 maxdev 0.0026  r=3 mean  64.010 z   +0.9 above   0 det  0 maxdev 0.0027
   k = 2^31, no wrap             r=1 mean  63.499 z  -45.4 above   2 det  0 maxdev 0.4999 (w1.b0  f 0.0001)  r=2 mean  64.002 z   +0.2 above   0 det  0 maxdev 0.0025  r=3 mean  63.990 z   -0.9 above   0 det  0 maxdev 0.0025
   k = 2^31, wrap                r=1 mean  63.983 z   -1.5 above   0 det  0 maxdev 0.0035 (none          )  r=2 mean  64.013 z   +1.2 above   0 det  0 maxdev 0.0028  r=3 mean  64.007 z   +0.6 above   0 det  0 maxdev 0.0024
   k = 2^31, all clocks          r=1 mean  63.748 z  -22.8 above   1 det  0 maxdev 0.2486 (w1.b0  f 0.2514)  r=2 mean  63.994 z   -0.6 above   0 det  0 maxdev 0.0032  r=3 mean  63.998 z   -0.2 above   0 det  0 maxdev 0.0030
   k = 2^32 (one wrap of lo)     r=1 mean  64.015 z   +1.4 above   0 det  0 maxdev 0.0024 (none          )  r=2 mean  63.997 z   -0.3 above   0 det  0 maxdev 0.0029  r=3 mean  64.002 z   +0.2 above   0 det  0 maxdev 0.0027
   k = 2^33                      r=1 mean  64.002 z   +0.2 above   0 det  0 maxdev 0.0027 (none          )  r=2 mean  64.004 z   +0.4 above   0 det  0 maxdev 0.0024  r=3 mean  63.994 z   -0.5 above   0 det  0 maxdev 0.0031
input 8 "VDF128-T4-clock-probe-7"   parity of p - q for the pairs 12 13 14 23 24 34: even even even odd even odd
   k uniform in [1,1000]         r=1 mean  63.987 z   -1.2 above   0 det  0 maxdev 0.0021 (none          )  r=2 mean  64.009 z   +0.8 above   0 det  0 maxdev 0.0026  r=3 mean  63.985 z   -1.4 above   0 det  0 maxdev 0.0035
   k = 1                         r=1 mean  63.988 z   -1.1 above   0 det  0 maxdev 0.0030 (none          )  r=2 mean  64.009 z   +0.9 above   0 det  0 maxdev 0.0039  r=3 mean  63.987 z   -1.2 above   0 det  0 maxdev 0.0029
   k = 2^16                      r=1 mean  64.000 z   +0.0 above   1 det  0 maxdev 0.0105 (w1.b31 f 0.5105)  r=2 mean  64.002 z   +0.2 above   0 det  0 maxdev 0.0025  r=3 mean  63.994 z   -0.5 above   0 det  0 maxdev 0.0026
   k = 2^24                      r=1 mean  64.002 z   +0.2 above   0 det  0 maxdev 0.0026 (none          )  r=2 mean  63.995 z   -0.4 above   0 det  0 maxdev 0.0024  r=3 mean  63.990 z   -0.9 above   0 det  0 maxdev 0.0030
   k = 2^28                      r=1 mean  64.015 z   +1.4 above   1 det  0 maxdev 0.0096 (w1.b31 f 0.4904)  r=2 mean  63.982 z   -1.7 above   0 det  0 maxdev 0.0028  r=3 mean  64.013 z   +1.2 above   0 det  0 maxdev 0.0028
   k = 2^29, no wrap             r=1 mean  63.472 z  -47.8 above   1 det  0 maxdev 0.4999 (w1.b0  f 0.0001)  r=2 mean  64.016 z   +1.4 above   0 det  0 maxdev 0.0034  r=3 mean  64.013 z   +1.2 above   0 det  0 maxdev 0.0027
   k = 2^30, no wrap             r=1 mean  49.531 z -1309.6 above  40 det 31 maxdev 0.5000 (w1.b0  f 0.0000)  r=2 mean  63.979 z   -1.9 above   0 det  0 maxdev 0.0025  r=3 mean  63.997 z   -0.3 above   0 det  0 maxdev 0.0022
   k = 3*2^30, no wrap           r=1 mean  49.532 z -1309.5 above  41 det 31 maxdev 0.5000 (w1.b0  f 0.0000)  r=2 mean  63.994 z   -0.6 above   0 det  0 maxdev 0.0024  r=3 mean  63.994 z   -0.5 above   0 det  0 maxdev 0.0024
   k = 2^31, no wrap             r=1 mean  49.504 z -1312.1 above  42 det 32 maxdev 0.5000 (w1.b0  f 0.0000)  r=2 mean  64.026 z   +2.4 above   0 det  0 maxdev 0.0027  r=3 mean  63.985 z   -1.3 above   0 det  0 maxdev 0.0028
   k = 2^31, wrap                r=1 mean  64.021 z   +1.9 above   0 det  0 maxdev 0.0027 (none          )  r=2 mean  64.012 z   +1.1 above   0 det  0 maxdev 0.0032  r=3 mean  63.994 z   -0.6 above   0 det  0 maxdev 0.0031
   k = 2^31, all clocks          r=1 mean  56.732 z -657.8 above  38 det  0 maxdev 0.2520 (w2.b0  f 0.7520)  r=2 mean  63.992 z   -0.7 above   0 det  0 maxdev 0.0030  r=3 mean  64.028 z   +2.6 above   0 det  0 maxdev 0.0033
   k = 2^32 (one wrap of lo)     r=1 mean  63.997 z   -0.2 above   0 det  0 maxdev 0.0023 (none          )  r=2 mean  63.988 z   -1.1 above   0 det  0 maxdev 0.0026  r=3 mean  63.981 z   -1.7 above   0 det  0 maxdev 0.0031
   k = 2^33                      r=1 mean  64.000 z   +0.0 above   0 det  0 maxdev 0.0030 (none          )  r=2 mean  63.990 z   -0.9 above   0 det  0 maxdev 0.0028  r=3 mean  64.013 z   +1.1 above   0 det  0 maxdev 0.0023

SUMMARY
  inputs 9, offset cells 13, iteration counts 3: 351 cells of 2^18 states
  r = 1: cells with a bit above the floor: 38; bits above the floor in all: 494
  r = 1, offsets up to 2^28: largest |z| of a mean Hamming distance: 2.03
  r = 2 and 3: bit tests 29952, bits above the floor: 0 (expected by chance 0.20); largest |z| of a mean: 2.98
  controls: P PASS, N PASS

PER OFFSET (over the 9 inputs): inputs with a bit above the floor / bits above the floor / largest deviation / most determined bits / range of the mean
  r = 1
   k uniform in [1,1000]        inputs 0  bits    0  maxdev 0.0038  det  0  mean 63.987 .. 64.018  max|z| 1.7
   k = 1                        inputs 0  bits    0  maxdev 0.0030  det  0  mean 63.978 .. 64.015  max|z| 2.0
   k = 2^16                     inputs 1  bits    1  maxdev 0.0105  det  0  mean 63.991 .. 64.019  max|z| 1.7
   k = 2^24                     inputs 2  bits    2  maxdev 0.0082  det  0  mean 63.984 .. 64.014  max|z| 1.5
   k = 2^28                     inputs 2  bits    2  maxdev 0.0096  det  0  mean 63.982 .. 64.022  max|z| 2.0
   k = 2^29, no wrap            inputs 3  bits    3  maxdev 0.4999  det  0  mean 63.472 .. 64.022  max|z| 47.8
   k = 2^30, no wrap            inputs 4  bits   87  maxdev 0.5000  det 31  mean 49.516 .. 64.043  max|z| 1311.0
   k = 3*2^30, no wrap          inputs 4  bits   89  maxdev 0.5000  det 31  mean 49.525 .. 64.039  max|z| 1310.1
   k = 2^31, no wrap            inputs 9  bits  165  maxdev 0.5000  det 32  mean 49.477 .. 64.505  max|z| 1314.5
   k = 2^31, wrap               inputs 0  bits    0  maxdev 0.0035  det  0  mean 63.983 .. 64.021  max|z| 1.9
   k = 2^31, all clocks         inputs 9  bits  140  maxdev 0.2520  det  0  mean 56.728 .. 64.262  max|z| 658.2
   k = 2^32 (one wrap of lo)    inputs 2  bits    3  maxdev 0.0131  det  0  mean 63.975 .. 64.015  max|z| 2.2
   k = 2^33                     inputs 2  bits    2  maxdev 0.0098  det  0  mean 63.983 .. 64.018  max|z| 1.7
  r = 2
   k uniform in [1,1000]        inputs 0  bits    0  maxdev 0.0031  det  0  mean 63.982 .. 64.022  max|z| 1.9
   k = 1                        inputs 0  bits    0  maxdev 0.0039  det  0  mean 63.998 .. 64.009  max|z| 0.9
   k = 2^16                     inputs 0  bits    0  maxdev 0.0037  det  0  mean 63.989 .. 64.032  max|z| 2.9
   k = 2^24                     inputs 0  bits    0  maxdev 0.0030  det  0  mean 63.982 .. 64.008  max|z| 1.6
   k = 2^28                     inputs 0  bits    0  maxdev 0.0038  det  0  mean 63.982 .. 64.009  max|z| 1.7
   k = 2^29, no wrap            inputs 0  bits    0  maxdev 0.0034  det  0  mean 63.983 .. 64.033  max|z| 3.0
   k = 2^30, no wrap            inputs 0  bits    0  maxdev 0.0034  det  0  mean 63.979 .. 64.011  max|z| 1.9
   k = 3*2^30, no wrap          inputs 0  bits    0  maxdev 0.0029  det  0  mean 63.986 .. 64.006  max|z| 1.3
   k = 2^31, no wrap            inputs 0  bits    0  maxdev 0.0037  det  0  mean 63.977 .. 64.026  max|z| 2.4
   k = 2^31, wrap               inputs 0  bits    0  maxdev 0.0032  det  0  mean 63.984 .. 64.013  max|z| 1.4
   k = 2^31, all clocks         inputs 0  bits    0  maxdev 0.0037  det  0  mean 63.992 .. 64.023  max|z| 2.1
   k = 2^32 (one wrap of lo)    inputs 0  bits    0  maxdev 0.0036  det  0  mean 63.977 .. 64.001  max|z| 2.1
   k = 2^33                     inputs 0  bits    0  maxdev 0.0028  det  0  mean 63.990 .. 64.020  max|z| 1.8
  r = 3
   k uniform in [1,1000]        inputs 0  bits    0  maxdev 0.0035  det  0  mean 63.976 .. 64.012  max|z| 2.2
   k = 1                        inputs 0  bits    0  maxdev 0.0030  det  0  mean 63.987 .. 64.016  max|z| 1.4
   k = 2^16                     inputs 0  bits    0  maxdev 0.0032  det  0  mean 63.984 .. 64.012  max|z| 1.4
   k = 2^24                     inputs 0  bits    0  maxdev 0.0031  det  0  mean 63.990 .. 64.016  max|z| 1.5
   k = 2^28                     inputs 0  bits    0  maxdev 0.0032  det  0  mean 63.989 .. 64.023  max|z| 2.1
   k = 2^29, no wrap            inputs 0  bits    0  maxdev 0.0033  det  0  mean 63.989 .. 64.013  max|z| 1.2
   k = 2^30, no wrap            inputs 0  bits    0  maxdev 0.0036  det  0  mean 63.986 .. 64.019  max|z| 1.7
   k = 3*2^30, no wrap          inputs 0  bits    0  maxdev 0.0032  det  0  mean 63.985 .. 64.011  max|z| 1.3
   k = 2^31, no wrap            inputs 0  bits    0  maxdev 0.0036  det  0  mean 63.985 .. 64.021  max|z| 1.9
   k = 2^31, wrap               inputs 0  bits    0  maxdev 0.0033  det  0  mean 63.982 .. 64.007  max|z| 1.6
   k = 2^31, all clocks         inputs 0  bits    0  maxdev 0.0033  det  0  mean 63.987 .. 64.028  max|z| 2.6
   k = 2^32 (one wrap of lo)    inputs 0  bits    0  maxdev 0.0032  det  0  mean 63.981 .. 64.021  max|z| 1.9
   k = 2^33                     inputs 0  bits    0  maxdev 0.0043  det  0  mean 63.981 .. 64.015  max|z| 1.8
