table (file): SHA-256 f78c9584e5686cb1f54f382b1bfcf87c3399ae19f987e7761f339bdb3bd7dd1d  CRC-32 0xde1340cf  == normative
SHA-256(x)   1bc4bccd5fd7f4fb356fd6d7daec8046f553bbff9b903d95678345428d37d89b
weights(x)   279585085 16285846 928956068 788364723 516116555 613731518 946679299 34137917 351651783 638991204 231823904 419155050
omega Q.32   192e540d 35f94f3b 10e06777 1d43f384   K_phase 0x1e8ec8a4a
init         320797ee 6ec947c4 9593ec52 dd58db57
C_0          1a16b5d4 746d35ec b3037f48 f33baf88
C_1          8e8d19af c01eee81 3b44aaa1 f7458adc
C_2          24b96dd3 e5404575 90db5093 30ab21b9
C_3          094f31a8 fe6ef377 db47e51d d09bb0df
C_4          f335a4ec 9ec6ba3e 960e885a ba6f363d
preimage     eca435f33ebac69e5a880e963d366fba1bc4bccd5fd7f4fb356fd6d7daec8046f553bbff9b903d95678345428d37d89be8030000000000005644463132382d54342d76342d6f75740000000000000000
y            b6ca50df938969a716b8bf05f207e5fbf25866f43fb892a5b79e439a4ed0b5ae
Vector 5 (v4): REPRODUCED (final state and y match the paper)
table (sin()): SHA-256 f78c9584e5686cb1f54f382b1bfcf87c3399ae19f987e7761f339bdb3bd7dd1d  CRC-32 0xde1340cf  == normative
SHA-256(x)   1bc4bccd5fd7f4fb356fd6d7daec8046f553bbff9b903d95678345428d37d89b
weights(x)   279585085 16285846 928956068 788364723 516116555 613731518 946679299 34137917 351651783 638991204 231823904 419155050
omega Q.32   192e540d 35f94f3b 10e06777 1d43f384   K_phase 0x1e8ec8a4a
init         320797ee 6ec947c4 9593ec52 dd58db57
C_0          1a16b5d4 746d35ec b3037f48 f33baf88
C_1          8e8d19af c01eee81 3b44aaa1 f7458adc
C_2          24b96dd3 e5404575 90db5093 30ab21b9
C_3          094f31a8 fe6ef377 db47e51d d09bb0df
C_4          f335a4ec 9ec6ba3e 960e885a ba6f363d
preimage     eca435f33ebac69e5a880e963d366fba1bc4bccd5fd7f4fb356fd6d7daec8046f553bbff9b903d95678345428d37d89be8030000000000005644463132382d54342d76342d6f75740000000000000000
y            b6ca50df938969a716b8bf05f207e5fbf25866f43fb892a5b79e439a4ed0b5ae
Vector 5 (v4): REPRODUCED (final state and y match the paper)
