MCL-T4-CYCLE-2026-0822-002  translation-symmetry check, engine mcl_core 8.1.1 UNMODIFIED

[2-osc (3,5)] brute force over b1,b2 in {k*2^24}: commuting translations (b1,b2):
  b1=10000000 b2=70000000  algebraic ✓  engine-verified ✓
  b1=20000000 b2=e0000000  algebraic ✓  engine-verified ✓
  b1=30000000 b2=50000000  algebraic ✓  engine-verified ✓
  b1=40000000 b2=c0000000  algebraic ✓  engine-verified ✓
  b1=50000000 b2=30000000  algebraic ✓  engine-verified ✓
  b1=60000000 b2=a0000000  algebraic ✓  engine-verified ✓
  b1=70000000 b2=10000000  algebraic ✓  engine-verified ✓
  b1=80000000 b2=80000000  algebraic ✓  engine-verified ✓
  b1=90000000 b2=f0000000  algebraic ✓  engine-verified ✓
  b1=a0000000 b2=60000000  algebraic ✓  engine-verified ✓
  b1=b0000000 b2=d0000000  algebraic ✓  engine-verified ✓
  b1=c0000000 b2=40000000  algebraic ✓  engine-verified ✓
  b1=d0000000 b2=b0000000  algebraic ✓  engine-verified ✓
  b1=e0000000 b2=20000000  algebraic ✓  engine-verified ✓
  b1=f0000000 b2=90000000  algebraic ✓  engine-verified ✓
  => non-trivial commuting translations found: 15  (group order incl. identity = 16)
  theory: (p^2-q^2) a == 0 mod 2^32 with p^2-q^2 = -16  =>  a in {k*2^28}: 16 elements

[T4 key0] brute force over b_i in {k*2^28}^4 (65,536 candidates):
  => non-trivial commuting translations: 0 (group order 1); pairs with p-q even: 4/6 (b_i=2^31 for all i is a symmetry iff 6/6)

[T4 key1] brute force over b_i in {k*2^28}^4 (65,536 candidates):
  b=00000000 00000000 00000000 80000000  algebraic ✓  engine-verified ✓
  => non-trivial commuting translations: 1 (group order 2); pairs with p-q even: 4/6 (b_i=2^31 for all i is a symmetry iff 6/6)

[T4 key2] brute force over b_i in {k*2^28}^4 (65,536 candidates):
  => non-trivial commuting translations: 0 (group order 1); pairs with p-q even: 0/6 (b_i=2^31 for all i is a symmetry iff 6/6)

[T4 key3] brute force over b_i in {k*2^28}^4 (65,536 candidates):
  b=c0000000 40000000 40000000 40000000  algebraic ✓  engine-verified ✓
  b=80000000 80000000 80000000 80000000  algebraic ✓  engine-verified ✓
  b=40000000 c0000000 c0000000 c0000000  algebraic ✓  engine-verified ✓
  => non-trivial commuting translations: 3 (group order 4); pairs with p-q even: 6/6 (b_i=2^31 for all i is a symmetry iff 6/6)
