MCL-T4-CYCLE-2026-0822-003  symmetry impact on the SEED interface, engine mcl_core 8.1.1 UNMODIFIED

(c) keys with ALL six (p-q) even (all-angles half-turn symmetry): 96 / 4096 = 2.344%  (expected 1/64 = 1.563%)
(a) weak key #8: MCL_T4_Q30::gen_bytes for seed 12345678901234 vs seed+2^31: 65225 / 65536 bytes differ  => different
(b) commit32 for the two seeds: Hamming distance 125 / 256 bits (expected 8: only the MSB of t1 and of t2^t3^t4 flip in each of 4 blocks)
    control (non-weak key0): 4077 / 4096 bytes differ (expected ~4080)
(d) 2-osc: seed offset D=1342177280 (0x50000000) realises group element (a=10000000,b=70000000)
(d) 2-osc: seed offset D=2684354560 (0xa0000000) realises group element (a=20000000,b=e0000000)
(d) 2-osc: seed offset D=4026531840 (0xf0000000) realises group element (a=30000000,b=50000000)
(d) 2-osc: seed offset D=1073741824 (0x40000000) realises group element (a=40000000,b=c0000000)
(d) 2-osc: seed offset D=2415919104 (0x90000000) realises group element (a=50000000,b=30000000)
(d) 2-osc: seed offset D=3758096384 (0xe0000000) realises group element (a=60000000,b=a0000000)
(d) 2-osc: seed offset D=805306368 (0x30000000) realises group element (a=70000000,b=10000000)
(d) 2-osc: seed offset D=2147483648 (0x80000000) realises group element (a=80000000,b=80000000)
(d) 2-osc: seed offset D=3489660928 (0xd0000000) realises group element (a=90000000,b=f0000000)
(d) 2-osc: seed offset D=536870912 (0x20000000) realises group element (a=a0000000,b=60000000)
(d) 2-osc: seed offset D=1879048192 (0x70000000) realises group element (a=b0000000,b=d0000000)
(d) 2-osc: seed offset D=3221225472 (0xc0000000) realises group element (a=c0000000,b=40000000)
(d) 2-osc: seed offset D=268435456 (0x10000000) realises group element (a=d0000000,b=b0000000)
(d) 2-osc: seed offset D=1610612736 (0x60000000) realises group element (a=e0000000,b=20000000)
(d) 2-osc: seed offset D=2952790016 (0xb0000000) realises group element (a=f0000000,b=90000000)
(d) 2-osc (3,5): seed-reachable non-trivial symmetries: 15 of 15
    vdf_compute_q30(seed) vs vdf_compute_q30(seed+D), N=1e5: output Hamming distance 20 / 256 (a related-input relation if small/structured; raw words differ by the constant translation)
