================================================================
  MCL T4-Q30 reduced-width cycle-structure study
  MCL-T4-CYCLE-2026-0822-001   engine mcl_core 8.1.1 (2026-08-21) UNMODIFIED + keyed sidecar
  mode=brent keys=16 reduction=both  exhaustive w<=6  brent w=8..12  budget=16*sqrt(N)
================================================================
weight sets (p12 q12 p13 q13 p14 q14 p23 q23 p24 q24 p34 q34):
  key0: 665688781 1035324723 558874912 674804781 415740537 407156447 415528119 102116605 21704988 874185725 7894912 258566532
  key1: 666746739 757472922 229106382 541427040 536335204 657465878 736226356 892259141 858117464 579329416 199406492 238768286
  key2: 861147891 141355866 597642243 903581448 83575687 864760644 565078835 609037620 312653313 69849912 309496392 531535553
  key3: 43248730 997786762 893669297 810948347 108029328 299812548 734925615 220252911 360471145 125023497 941530109 288279517
  key4: 624238264 678410672 951956820 146625174 247112929 186241040 573754475 872966634 901919631 205315771 238015424 487928036
  key5: 662752662 939890779 689013177 730214316 606302516 1025619867 978291506 691942905 544788362 363561184 302915093 692814907
  key6: 1004360097 218215691 911582407 885268072 799276130 285221546 1020394462 148901405 1010910315 656955776 908837203 396477321
  key7: 136332343 414352880 25251896 585483726 1048928794 55655210 614266503 1010890728 969028417 85403305 167923977 954122079
  key8: 46933459 1014973286 695682057 503071552 103633634 638552499 998777443 49402360 898827909 531909499 910340506 520471216
  key9: 1000394246 446989237 194477712 1057710980 717055130 698096518 211545608 1057450578 516517092 567517488 203771510 433214163
  key10: 491416112 668586861 902763524 478753332 907803989 136538006 506534179 1031796860 911012457 898563842 783146047 70092814
  key11: 494899277 564497355 293323425 624370404 359226972 277269950 321841683 38059615 311901553 458735153 475761408 74829345
  key12: 989813324 1053058013 852667620 839280796 839113160 1058662078 537683168 946642024 718787154 302011992 139321479 354742767
  key13: 242772157 547677646 178558744 707441541 376207109 967089508 843357097 636320200 586560792 137931591 619997403 1035900366
  key14: 947327515 912599406 205812951 565712256 796180332 270117872 870642396 279643188 1040823241 1051416256 225829670 2028768
  key15: 590507290 222805038 842237306 696168458 812784033 186436622 202294094 490533009 657543142 220074540 920176053 508428702
[SELFTEST] w=32: R1==engine PASS, R2==engine PASS (100,000 iterations)  state=d9f10e90 fcebba29 5e7d67f9 47344492
[SELFTEST] 2-osc w=32: R1==engine PASS, R2==engine PASS

[PART B] Brent sampling, T4 keyed, mode=R1-truncated
  w   state seeds(tot) closed  mean rho       mean lambda    mean mu        min/max rho  termcyc/key E[rho]=sqrt(piN/2) ratio   
  (termcyc/key = min..max number of DISTINCT terminal cycles reached by the seeds of ONE weight set; giant component => small numbers are EXPECTED)
  8   32    1024   1024    75914.8        44835.9        31078.9        3143/207334   2..8     82137.2        0.924   
      (8.6 s)
  9   36    1024   1024    342173.9       236067.9       106106.0       11007/982077   1..8     328548.8       1.041   
      (39.4 s)
  10  40    1024   1024    1262457.1      624436.7       638020.4       37356/3504784   1..7     1314195.1      0.961   
      (130.3 s)
  11  44    512    512     5226074.4      2862481.1      2363593.3      518908/13311182   1..5     5256780.5      0.994   
      (285.2 s)
  12  48    512    512     22499397.8     11490777.6     11008620.2     397865/72362880   1..7     21027122.0     1.070   
      (1183.6 s)

[PART C] R1 least-squares fits over 5 widths (random-mapping slope = 0.5 for both):
  log2(mean lambda) = -0.1120 + 0.49008 * state_bits    [model intercept log2 sqrt(pi/8) = -0.6743]
  log2(mean rho)    = -0.0345 + 0.50889 * state_bits    [model intercept log2 sqrt(pi/2) = 0.3257]
  128-bit state (T4 w=32): predicted lambda 2^62.62 (record extrapolation 2^63.33 = sqrt(pi 2^128/8)), predicted rho 2^65.10 (model 2^64.33)
   cross-map sanity check (NOT a control — different map): T4 fit at 64 state bits gives lambda 2^31.25; 2-osc w=32 MEASURED 1,671,196,332 = 2^30.64 (model E[lambda] 2^31.33)

[PART B] Brent sampling, T4 keyed, mode=R2-native
  w   state seeds(tot) closed  mean rho       mean lambda    mean mu        min/max rho  termcyc/key E[rho]=sqrt(piN/2) ratio   
  (termcyc/key = min..max number of DISTINCT terminal cycles reached by the seeds of ONE weight set; giant component => small numbers are EXPECTED)
  8   32    1024   1024    48766.3        27495.5        21270.7        1785/158883   1..5     82137.2        0.594   
      (5.7 s)
  9   36    1024   1024    142480.0       70399.2        72080.8        4799/368559   2..6     328548.8       0.434   
      (15.6 s)
  10  40    1024   1024    608273.6       337785.3       270488.3       6783/1520766   1..13    1314195.1      0.463   
      (67.9 s)
  11  44    512    512     2341260.2      947244.4       1394015.8      72653/6568651   1..5     5256780.5      0.445   
      (120.7 s)
  12  48    512    512     10384908.8     5512626.8      4872282.1      439854/24536052   1..5     21027122.0     0.494   
      (563.1 s)

[PART C] R2 least-squares fits over 5 widths (random-mapping slope = 0.5 for both):
  log2(mean lambda) = -0.7522 + 0.47612 * state_bits    [model intercept log2 sqrt(pi/8) = -0.6743]
  log2(mean rho)    = -0.2322 + 0.48768 * state_bits    [model intercept log2 sqrt(pi/2) = 0.3257]
  128-bit state (T4 w=32): predicted lambda 2^60.19 (record extrapolation 2^63.33 = sqrt(pi 2^128/8)), predicted rho 2^62.19 (model 2^64.33)
   cross-map sanity check (NOT a control — different map): T4 fit at 64 state bits gives lambda 2^29.72; 2-osc w=32 MEASURED 1,671,196,332 = 2^30.64 (model E[lambda] 2^31.33)

DONE (2420 s)
