================================================================
  MCL T4-Q30 reduced-width cycle-structure study
  MCL-T4-CYCLE-2026-0822-001   engine mcl_core 8.1.1 (2026-08-21) UNMODIFIED + keyed sidecar
  mode=exhaustive keys=4 reduction=both  exhaustive w<=6  brent w=8..14  budget=16*sqrt(N)
================================================================
weight sets (p12 q12 p13 q13 p14 q14 p23 q23 p24 q24 p34 q34):
  key0: 665688781 1035324723 558874912 674804781 415740537 407156447 415528119 102116605 21704988 874185725 7894912 258566532
  key1: 666746739 757472922 229106382 541427040 536335204 657465878 736226356 892259141 858117464 579329416 199406492 238768286
  key2: 861147891 141355866 597642243 903581448 83575687 864760644 565078835 609037620 312653313 69849912 309496392 531535553
  key3: 43248730 997786762 893669297 810948347 108029328 299812548 734925615 220252911 360471145 125023497 941530109 288279517
[SELFTEST] w=32: R1==engine PASS, R2==engine PASS (100,000 iterations)  state=d9f10e90 fcebba29 5e7d67f9 47344492
[SELFTEST] 2-osc w=32: R1==engine PASS, R2==engine PASS

[PART A] T4 key0  w=4 bits/angle  state=16 bits  N=2^16  mode=R1-truncated
  statistic                          measured random-map E[]
  components (=cycles)                      6           6.18
  cycles                                    6           6.18
  cyclic nodes                            266          320.5
  fixed points                              0             ~1
  max cycle length                         93          200.3
  min cycle length                          3              -
  mean cycle len (per cycle)            44.33              -
  E[lambda] node-weighted               61.12         160.42
  max tail                                499          444.8
  mean tail (=rho-lambda)              143.58         160.42
  in-degree-0 fraction                0.37506        0.36788
  max in-degree                             8 O(ln N/lnln N)
  largest component frac              0.43443        0.75782
  largest cycle/cyclic (E-ratio)        0.34962        0.62498
  largest cycle lengths: 93 70 67 25 8 3
  (0.0 s)

[PART A] T4 key0  w=5 bits/angle  state=20 bits  N=2^20  mode=R1-truncated
  statistic                          measured random-map E[]
  components (=cycles)                      7           7.57
  cycles                                    7           7.57
  cyclic nodes                            869         1283.1
  fixed points                              1             ~1
  max cycle length                        598          801.3
  min cycle length                          1              -
  mean cycle len (per cycle)           124.14              -
  E[lambda] node-weighted              283.48         641.70
  max tail                               1744         1779.2
  mean tail (=rho-lambda)              662.80         641.70
  in-degree-0 fraction                0.36951        0.36788
  max in-degree                             9 O(ln N/lnln N)
  largest component frac              0.64549        0.75782
  largest cycle/cyclic (E-ratio)        0.68815        0.62449
  largest cycle lengths: 598 128 79 30 22 11 1
  (0.0 s)

[PART A] T4 key0  w=6 bits/angle  state=24 bits  N=2^24  mode=R1-truncated
  statistic                          measured random-map E[]
  components (=cycles)                      8           8.95
  cycles                                    8           8.95
  cyclic nodes                           1841         5133.2
  fixed points                              0             ~1
  max cycle length                        897         3205.0
  min cycle length                          5              -
  mean cycle len (per cycle)           230.12              -
  E[lambda] node-weighted              401.69        2566.79
  max tail                              11123         7116.6
  mean tail (=rho-lambda)             3947.11        2566.79
  in-degree-0 fraction                0.36847        0.36788
  max in-degree                            11 O(ln N/lnln N)
  largest component frac              0.73030        0.75782
  largest cycle/cyclic (E-ratio)        0.48724        0.62437
  largest cycle lengths: 897 275 253 230 131 27 23 5
  (1.7 s)

[PART A] T4 key0  w=4 bits/angle  state=16 bits  N=2^16  mode=R2-native
  statistic                          measured random-map E[]
  components (=cycles)                      7           6.18
  cycles                                    7           6.18
  cyclic nodes                            164          320.5
  fixed points                              0             ~1
  max cycle length                        102          200.3
  min cycle length                          2              -
  mean cycle len (per cycle)            23.43              -
  E[lambda] node-weighted               74.63         160.42
  max tail                                172          444.8
  mean tail (=rho-lambda)               54.74         160.42
  in-degree-0 fraction                0.68571        0.36788
  max in-degree                            26 O(ln N/lnln N)
  largest component frac              0.64453        0.75782
  largest cycle/cyclic (E-ratio)        0.62195        0.62498
  largest cycle lengths: 102 30 10 7 7 6 2
  (0.0 s)

[PART A] T4 key0  w=5 bits/angle  state=20 bits  N=2^20  mode=R2-native
  statistic                          measured random-map E[]
  components (=cycles)                     11           7.57
  cycles                                   11           7.57
  cyclic nodes                            829         1283.1
  fixed points                              5             ~1
  max cycle length                        652          801.3
  min cycle length                          1              -
  mean cycle len (per cycle)            75.36              -
  E[lambda] node-weighted              616.35         641.70
  max tail                                785         1779.2
  mean tail (=rho-lambda)              257.42         641.70
  in-degree-0 fraction                0.70864        0.36788
  max in-degree                            38 O(ln N/lnln N)
  largest component frac              0.94234        0.75782
  largest cycle/cyclic (E-ratio)        0.78649        0.62449
  largest cycle lengths: 652 51 46 31 26 18 1 1
  (0.0 s)

[PART A] T4 key0  w=6 bits/angle  state=24 bits  N=2^24  mode=R2-native
  statistic                          measured random-map E[]
  components (=cycles)                      9           8.95
  cycles                                    9           8.95
  cyclic nodes                           3269         5133.2
  fixed points                              0             ~1
  max cycle length                       1075         3205.0
  min cycle length                          2              -
  mean cycle len (per cycle)           363.22              -
  E[lambda] node-weighted             1008.41        2566.79
  max tail                               2301         7116.6
  mean tail (=rho-lambda)              781.93        2566.79
  in-degree-0 fraction                0.71874        0.36788
  max in-degree                            56 O(ln N/lnln N)
  largest component frac              0.75429        0.75782
  largest cycle/cyclic (E-ratio)        0.32885        0.62437
  largest cycle lengths: 1075 928 813 180 178 52 26 15
  (1.1 s)

[PART A] T4 key1  w=4 bits/angle  state=16 bits  N=2^16  mode=R1-truncated
  statistic                          measured random-map E[]
  components (=cycles)                      5           6.18
  cycles                                    5           6.18
  cyclic nodes                            274          320.5
  fixed points                              2             ~1
  max cycle length                        210          200.3
  min cycle length                          1              -
  mean cycle len (per cycle)            54.80              -
  E[lambda] node-weighted               78.41         160.42
  max tail                                294          444.8
  mean tail (=rho-lambda)              109.03         160.42
  in-degree-0 fraction                0.40616        0.36788
  max in-degree                             9 O(ln N/lnln N)
  largest component frac              0.36601        0.75782
  largest cycle/cyclic (E-ratio)        0.76642        0.62498
  largest cycle lengths: 210 31 31 1 1
  (0.0 s)

[PART A] T4 key1  w=5 bits/angle  state=20 bits  N=2^20  mode=R1-truncated
  statistic                          measured random-map E[]
  components (=cycles)                     11           7.57
  cycles                                   11           7.57
  cyclic nodes                           2244         1283.1
  fixed points                              2             ~1
  max cycle length                        546          801.3
  min cycle length                          1              -
  mean cycle len (per cycle)           204.00              -
  E[lambda] node-weighted              514.25         641.70
  max tail                                860         1779.2
  mean tail (=rho-lambda)              304.81         641.70
  in-degree-0 fraction                0.38140        0.36788
  max in-degree                             9 O(ln N/lnln N)
  largest component frac              0.30152        0.75782
  largest cycle/cyclic (E-ratio)        0.24332        0.62449
  largest cycle lengths: 546 546 511 511 92 13 13 5
  (0.0 s)

[PART A] T4 key1  w=6 bits/angle  state=24 bits  N=2^24  mode=R1-truncated
  statistic                          measured random-map E[]
  components (=cycles)                      3           8.95
  cycles                                    3           8.95
  cyclic nodes                           4298         5133.2
  fixed points                              0             ~1
  max cycle length                       3874         3205.0
  min cycle length                          4              -
  mean cycle len (per cycle)          1432.67              -
  E[lambda] node-weighted             3817.33        2566.79
  max tail                               6396         7116.6
  mean tail (=rho-lambda)             2185.27        2566.79
  in-degree-0 fraction                0.37429        0.36788
  max in-degree                            10 O(ln N/lnln N)
  largest component frac              0.98359        0.75782
  largest cycle/cyclic (E-ratio)        0.90135        0.62437
  largest cycle lengths: 3874 420 4
  (1.1 s)

[PART A] T4 key1  w=4 bits/angle  state=16 bits  N=2^16  mode=R2-native
  statistic                          measured random-map E[]
  components (=cycles)                      6           6.18
  cycles                                    6           6.18
  cyclic nodes                            186          320.5
  fixed points                              0             ~1
  max cycle length                        124          200.3
  min cycle length                          2              -
  mean cycle len (per cycle)            31.00              -
  E[lambda] node-weighted              118.49         160.42
  max tail                                167          444.8
  mean tail (=rho-lambda)               69.30         160.42
  in-degree-0 fraction                0.71863        0.36788
  max in-degree                            35 O(ln N/lnln N)
  largest component frac              0.92206        0.75782
  largest cycle/cyclic (E-ratio)        0.66667        0.62498
  largest cycle lengths: 124 54 2 2 2 2
  (0.0 s)

[PART A] T4 key1  w=5 bits/angle  state=20 bits  N=2^20  mode=R2-native
  statistic                          measured random-map E[]
  components (=cycles)                      8           7.57
  cycles                                    8           7.57
  cyclic nodes                           1376         1283.1
  fixed points                              0             ~1
  max cycle length                        664          801.3
  min cycle length                          3              -
  mean cycle len (per cycle)           172.00              -
  E[lambda] node-weighted              569.07         641.70
  max tail                                390         1779.2
  mean tail (=rho-lambda)              110.09         641.70
  in-degree-0 fraction                0.68040        0.36788
  max in-degree                            29 O(ln N/lnln N)
  largest component frac              0.66386        0.75782
  largest cycle/cyclic (E-ratio)        0.48256        0.62449
  largest cycle lengths: 664 522 100 40 40 4 3 3
  (0.0 s)

[PART A] T4 key1  w=6 bits/angle  state=24 bits  N=2^24  mode=R2-native
  statistic                          measured random-map E[]
  components (=cycles)                      7           8.95
  cycles                                    7           8.95
  cyclic nodes                           1404         5133.2
  fixed points                              0             ~1
  max cycle length                        658         3205.0
  min cycle length                          5              -
  mean cycle len (per cycle)           200.57              -
  E[lambda] node-weighted              507.23        2566.79
  max tail                               2426         7116.6
  mean tail (=rho-lambda)              846.01        2566.79
  in-degree-0 fraction                0.68822        0.36788
  max in-degree                            45 O(ln N/lnln N)
  largest component frac              0.65936        0.75782
  largest cycle/cyclic (E-ratio)        0.46866        0.62437
  largest cycle lengths: 658 258 232 232 14 5 5
  (0.9 s)

[PART A] T4 key2  w=4 bits/angle  state=16 bits  N=2^16  mode=R1-truncated
  statistic                          measured random-map E[]
  components (=cycles)                     11           6.18
  cycles                                   11           6.18
  cyclic nodes                            214          320.5
  fixed points                              3             ~1
  max cycle length                        112          200.3
  min cycle length                          1              -
  mean cycle len (per cycle)            19.45              -
  E[lambda] node-weighted               78.86         160.42
  max tail                                617          444.8
  mean tail (=rho-lambda)              163.87         160.42
  in-degree-0 fraction                0.37617        0.36788
  max in-degree                             9 O(ln N/lnln N)
  largest component frac              0.65079        0.75782
  largest cycle/cyclic (E-ratio)        0.52336        0.62498
  largest cycle lengths: 112 65 14 6 6 3 3 2
  (0.0 s)

[PART A] T4 key2  w=5 bits/angle  state=20 bits  N=2^20  mode=R1-truncated
  statistic                          measured random-map E[]
  components (=cycles)                      8           7.57
  cycles                                    8           7.57
  cyclic nodes                            972         1283.1
  fixed points                              1             ~1
  max cycle length                        481          801.3
  min cycle length                          1              -
  mean cycle len (per cycle)           121.50              -
  E[lambda] node-weighted              185.34         641.70
  max tail                               1687         1779.2
  mean tail (=rho-lambda)              697.48         641.70
  in-degree-0 fraction                0.36817        0.36788
  max in-degree                             9 O(ln N/lnln N)
  largest component frac              0.66979        0.75782
  largest cycle/cyclic (E-ratio)        0.49486        0.62449
  largest cycle lengths: 481 259 118 62 37 9 5 1
  (0.0 s)

[PART A] T4 key2  w=6 bits/angle  state=24 bits  N=2^24  mode=R1-truncated
  statistic                          measured random-map E[]
  components (=cycles)                      6           8.95
  cycles                                    6           8.95
  cyclic nodes                           4113         5133.2
  fixed points                              1             ~1
  max cycle length                       2339         3205.0
  min cycle length                          1              -
  mean cycle len (per cycle)           685.50              -
  E[lambda] node-weighted             2232.87        2566.79
  max tail                              12557         7116.6
  mean tail (=rho-lambda)             3990.89        2566.79
  in-degree-0 fraction                0.36796        0.36788
  max in-degree                            10 O(ln N/lnln N)
  largest component frac              0.84968        0.75782
  largest cycle/cyclic (E-ratio)        0.56868        0.62437
  largest cycle lengths: 2339 1656 107 7 3 1
  (1.6 s)

[PART A] T4 key2  w=4 bits/angle  state=16 bits  N=2^16  mode=R2-native
  statistic                          measured random-map E[]
  components (=cycles)                      7           6.18
  cycles                                    7           6.18
  cyclic nodes                            382          320.5
  fixed points                              0             ~1
  max cycle length                        226          200.3
  min cycle length                          6              -
  mean cycle len (per cycle)            54.57              -
  E[lambda] node-weighted              137.28         160.42
  max tail                                162          444.8
  mean tail (=rho-lambda)               47.23         160.42
  in-degree-0 fraction                0.62932        0.36788
  max in-degree                            16 O(ln N/lnln N)
  largest component frac              0.56032        0.75782
  largest cycle/cyclic (E-ratio)        0.59162        0.62498
  largest cycle lengths: 226 55 52 26 11 6 6
  (0.0 s)

[PART A] T4 key2  w=5 bits/angle  state=20 bits  N=2^20  mode=R2-native
  statistic                          measured random-map E[]
  components (=cycles)                      6           7.57
  cycles                                    6           7.57
  cyclic nodes                           1508         1283.1
  fixed points                              0             ~1
  max cycle length                       1057          801.3
  min cycle length                          2              -
  mean cycle len (per cycle)           251.33              -
  E[lambda] node-weighted              869.11         641.70
  max tail                                612         1779.2
  mean tail (=rho-lambda)              146.92         641.70
  in-degree-0 fraction                0.67170        0.36788
  max in-degree                            31 O(ln N/lnln N)
  largest component frac              0.74863        0.75782
  largest cycle/cyclic (E-ratio)        0.70093        0.62449
  largest cycle lengths: 1057 341 60 35 13 2
  (0.0 s)

[PART A] T4 key2  w=6 bits/angle  state=24 bits  N=2^24  mode=R2-native
  statistic                          measured random-map E[]
  components (=cycles)                      7           8.95
  cycles                                    7           8.95
  cyclic nodes                           3922         5133.2
  fixed points                              0             ~1
  max cycle length                       1395         3205.0
  min cycle length                          3              -
  mean cycle len (per cycle)           560.29              -
  E[lambda] node-weighted             1040.45        2566.79
  max tail                               3920         7116.6
  mean tail (=rho-lambda)             1270.72        2566.79
  in-degree-0 fraction                0.67934        0.36788
  max in-degree                            31 O(ln N/lnln N)
  largest component frac              0.53463        0.75782
  largest cycle/cyclic (E-ratio)        0.35569        0.62437
  largest cycle lengths: 1395 1059 997 306 148 14 3
  (1.2 s)

[PART A] T4 key3  w=4 bits/angle  state=16 bits  N=2^16  mode=R1-truncated
  statistic                          measured random-map E[]
  components (=cycles)                      6           6.18
  cycles                                    6           6.18
  cyclic nodes                            976          320.5
  fixed points                              0             ~1
  max cycle length                        772          200.3
  min cycle length                          4              -
  mean cycle len (per cycle)           162.67              -
  E[lambda] node-weighted              485.84         160.42
  max tail                                239          444.8
  mean tail (=rho-lambda)               62.23         160.42
  in-degree-0 fraction                0.37878        0.36788
  max in-degree                             9 O(ln N/lnln N)
  largest component frac              0.59827        0.75782
  largest cycle/cyclic (E-ratio)        0.79098        0.62498
  largest cycle lengths: 772 132 56 6 6 4
  (0.0 s)

[PART A] T4 key3  w=5 bits/angle  state=20 bits  N=2^20  mode=R1-truncated
  statistic                          measured random-map E[]
  components (=cycles)                     20           7.57
  cycles                                   20           7.57
  cyclic nodes                           4936         1283.1
  fixed points                              0             ~1
  max cycle length                        974          801.3
  min cycle length                          2              -
  mean cycle len (per cycle)           246.80              -
  E[lambda] node-weighted              463.94         641.70
  max tail                                585         1779.2
  mean tail (=rho-lambda)              163.68         641.70
  in-degree-0 fraction                0.36936        0.36788
  max in-degree                             9 O(ln N/lnln N)
  largest component frac              0.16120        0.75782
  largest cycle/cyclic (E-ratio)        0.19733        0.62449
  largest cycle lengths: 974 974 644 644 426 426 214 214
  (0.1 s)

[PART A] T4 key3  w=6 bits/angle  state=24 bits  N=2^24  mode=R1-truncated
  statistic                          measured random-map E[]
  components (=cycles)                     20           8.95
  cycles                                   20           8.95
  cyclic nodes                          15796         5133.2
  fixed points                              0             ~1
  max cycle length                       2743         3205.0
  min cycle length                          2              -
  mean cycle len (per cycle)           789.80              -
  E[lambda] node-weighted             2161.61        2566.79
  max tail                               2182         7116.6
  mean tail (=rho-lambda)              682.53        2566.79
  in-degree-0 fraction                0.36909        0.36788
  max in-degree                             8 O(ln N/lnln N)
  largest component frac              0.17371        0.75782
  largest cycle/cyclic (E-ratio)        0.17365        0.62437
  largest cycle lengths: 2743 2743 2743 2743 2016 652 652 454
  (1.6 s)

[PART A] T4 key3  w=4 bits/angle  state=16 bits  N=2^16  mode=R2-native
  statistic                          measured random-map E[]
  components (=cycles)                      9           6.18
  cycles                                    9           6.18
  cyclic nodes                            640          320.5
  fixed points                              0             ~1
  max cycle length                        304          200.3
  min cycle length                          2              -
  mean cycle len (per cycle)            71.11              -
  E[lambda] node-weighted              216.47         160.42
  max tail                                 56          444.8
  mean tail (=rho-lambda)               18.05         160.42
  in-degree-0 fraction                0.67139        0.36788
  max in-degree                            18 O(ln N/lnln N)
  largest component frac              0.60590        0.75782
  largest cycle/cyclic (E-ratio)        0.47500        0.62498
  largest cycle lengths: 304 82 82 82 82 2 2 2
  (0.0 s)

[PART A] T4 key3  w=5 bits/angle  state=20 bits  N=2^20  mode=R2-native
  statistic                          measured random-map E[]
  components (=cycles)                      8           7.57
  cycles                                    8           7.57
  cyclic nodes                           2256         1283.1
  fixed points                              0             ~1
  max cycle length                        486          801.3
  min cycle length                          4              -
  mean cycle len (per cycle)           282.00              -
  E[lambda] node-weighted              431.54         641.70
  max tail                                304         1779.2
  mean tail (=rho-lambda)               80.66         641.70
  in-degree-0 fraction                0.67322        0.36788
  max in-degree                            29 O(ln N/lnln N)
  largest component frac              0.34254        0.75782
  largest cycle/cyclic (E-ratio)        0.21543        0.62449
  largest cycle lengths: 486 486 315 315 315 315 20 4
  (0.0 s)

[PART A] T4 key3  w=6 bits/angle  state=24 bits  N=2^24  mode=R2-native
  statistic                          measured random-map E[]
  components (=cycles)                     13           8.95
  cycles                                   13           8.95
  cyclic nodes                           1668         5133.2
  fixed points                              0             ~1
  max cycle length                        222         3205.0
  min cycle length                         12              -
  mean cycle len (per cycle)           128.31              -
  E[lambda] node-weighted               64.46        2566.79
  max tail                               2732         7116.6
  mean tail (=rho-lambda)             1318.67        2566.79
  in-degree-0 fraction                0.68355        0.36788
  max in-degree                            31 O(ln N/lnln N)
  largest component frac              0.93970        0.75782
  largest cycle/cyclic (E-ratio)        0.13309        0.62437
  largest cycle lengths: 222 222 222 222 137 137 137 137
  (1.2 s)

[PART A] 2-osc (3,5) control  w=8 bits/angle  state=16 bits  N=2^16  mode=R1-truncated
  statistic                          measured random-map E[]
  components (=cycles)                     23           6.18
  cycles                                   23           6.18
  cyclic nodes                           1376          320.5
  fixed points                              0             ~1
  max cycle length                        312          200.3
  min cycle length                         16              -
  mean cycle len (per cycle)            59.83              -
  E[lambda] node-weighted              117.74         160.42
  max tail                                127          444.8
  mean tail (=rho-lambda)               32.54         160.42
  in-degree-0 fraction                0.36963        0.36788
  max in-degree                             6 O(ln N/lnln N)
  largest component frac              0.20825        0.75782
  largest cycle/cyclic (E-ratio)        0.22674        0.62498
  largest cycle lengths: 312 312 100 100 100 100 21 21
  (0.0 s)

[PART A] 2-osc (3,5) control  w=10 bits/angle  state=20 bits  N=2^20  mode=R1-truncated
  statistic                          measured random-map E[]
  components (=cycles)                      7           7.57
  cycles                                    7           7.57
  cyclic nodes                           8016         1283.1
  fixed points                              0             ~1
  max cycle length                       3136          801.3
  min cycle length                         16              -
  mean cycle len (per cycle)          1145.14              -
  E[lambda] node-weighted             2183.34         641.70
  max tail                                241         1779.2
  mean tail (=rho-lambda)               69.68         641.70
  in-degree-0 fraction                0.37794        0.36788
  max in-degree                             8 O(ln N/lnln N)
  largest component frac              0.57027        0.75782
  largest cycle/cyclic (E-ratio)        0.39122        0.62449
  largest cycle lengths: 3136 1312 888 888 888 888 16
  (0.0 s)

[PART A] 2-osc (3,5) control  w=12 bits/angle  state=24 bits  N=2^24  mode=R1-truncated
  statistic                          measured random-map E[]
  components (=cycles)                     14           8.95
  cycles                                   14           8.95
  cyclic nodes                           4272         5133.2
  fixed points                              0             ~1
  max cycle length                        880         3205.0
  min cycle length                          4              -
  mean cycle len (per cycle)           305.14              -
  E[lambda] node-weighted              398.71        2566.79
  max tail                               2932         7116.6
  mean tail (=rho-lambda)             1476.07        2566.79
  in-degree-0 fraction                0.37993        0.36788
  max in-degree                            17 O(ln N/lnln N)
  largest component frac              0.12221        0.75782
  largest cycle/cyclic (E-ratio)        0.20599        0.62437
  largest cycle lengths: 880 388 388 388 388 388 388 388
  (1.3 s)

[PART A] 2-osc (3,5) control  w=8 bits/angle  state=16 bits  N=2^16  mode=R2-native
  statistic                          measured random-map E[]
  components (=cycles)                     37           6.18
  cycles                                   37           6.18
  cyclic nodes                            768          320.5
  fixed points                             32             ~1
  max cycle length                        312          200.3
  min cycle length                          1              -
  mean cycle len (per cycle)            20.76              -
  E[lambda] node-weighted              306.40         160.42
  max tail                                106          444.8
  mean tail (=rho-lambda)               34.70         160.42
  in-degree-0 fraction                0.53516        0.36788
  max in-degree                             8 O(ln N/lnln N)
  largest component frac              0.49048        0.75782
  largest cycle/cyclic (E-ratio)        0.40625        0.62498
  largest cycle lengths: 312 312 80 16 16 1 1 1
  (0.0 s)

[PART A] 2-osc (3,5) control  w=10 bits/angle  state=20 bits  N=2^20  mode=R2-native
  statistic                          measured random-map E[]
  components (=cycles)                     11           7.57
  cycles                                   11           7.57
  cyclic nodes                           2576         1283.1
  fixed points                              0             ~1
  max cycle length                        456          801.3
  min cycle length                         32              -
  mean cycle len (per cycle)           234.18              -
  E[lambda] node-weighted              433.04         641.70
  max tail                                281         1779.2
  mean tail (=rho-lambda)              101.36         641.70
  in-degree-0 fraction                0.51793        0.36788
  max in-degree                            10 O(ln N/lnln N)
  largest component frac              0.29211        0.75782
  largest cycle/cyclic (E-ratio)        0.17702        0.62449
  largest cycle lengths: 456 456 456 456 400 80 80 64
  (0.0 s)

[PART A] 2-osc (3,5) control  w=12 bits/angle  state=24 bits  N=2^24  mode=R2-native
  statistic                          measured random-map E[]
  components (=cycles)                     10           8.95
  cycles                                   10           8.95
  cyclic nodes                          12176         5133.2
  fixed points                              0             ~1
  max cycle length                       8688         3205.0
  min cycle length                          8              -
  mean cycle len (per cycle)          1217.60              -
  E[lambda] node-weighted             8383.58        2566.79
  max tail                               2111         7116.6
  mean tail (=rho-lambda)              799.05        2566.79
  in-degree-0 fraction                0.52046        0.36788
  max in-degree                            16 O(ln N/lnln N)
  largest component frac              0.94747        0.75782
  largest cycle/cyclic (E-ratio)        0.71353        0.62437
  largest cycle lengths: 8688 2960 200 200 64 32 8 8
  (1.1 s)

DONE (13 s)
