VDF128-T4 v2 weak-PAIR instance probe (MCL-VDF128-WEAKPAIR-2026-0905-001; engine 8.1.3)

== CONSTRUCTED: pair (1,3) = (42714, 31590), both < 2^16 (reachable at ~2^25 candidates) ==
  re-draw rules on this set: p!=q ok; seed-reachable symmetry absent (set admissible)

[CONSTRUCTED: pair (1,3) = (42714, 31590), both < 2^16 (reachable at ~2^25 candidates)] x = "weak-lane-1229 [pair overwritten]"
  weights: 512868422 294325285 42714 31590 505874519 1038435855 42714067 267635949 761503019 202927231 92121281 111596894
  smallest lane = 31590 (2^14.9)
  S3 avalanche profile r=1..8 (mean Hamming over 128 flip positions): 63.5 64.1 64.1 64.9 64.1 64.5 63.5 64.1
  S3b r=1 mean flipped bits per state word t1..t4 (16 = half): 15.5 15.9 16.2 15.9
  S1 linear correlation r=1: max|corr| 0.00826 (in bit 120 -> out bit 58), 0 of 16,384 pairs above 4.5 sigma (0.00879)
  S1 linear correlation r=2: max|corr| 0.00752 (in bit 42 -> out bit 69), 0 of 16,384 pairs above 4.5 sigma (0.00879)
  S2 cube/degree r=1 d=16: 32/32 cubes non-zero, mean popcount 58.9/128
  S2 cube/degree r=1 d=20: 32/32 cubes non-zero, mean popcount 60.6/128

== CONSTRUCTED: pair (1,3) = (6, 31590) (beyond grinding reach, ~2^-37; stress case) ==
  re-draw rules on this set: p!=q ok; seed-reachable symmetry absent (set admissible)

[CONSTRUCTED: pair (1,3) = (6, 31590) (beyond grinding reach, ~2^-37; stress case)] x = "weak-lane-1229 [pair overwritten]"
  weights: 512868422 294325285 6 31590 505874519 1038435855 42714067 267635949 761503019 202927231 92121281 111596894
  smallest lane = 6 (2^2.6)
  S3 avalanche profile r=1..8 (mean Hamming over 128 flip positions): 61.9 63.1 63.8 64.4 64.2 62.9 64.4 63.9
  S3b r=1 mean flipped bits per state word t1..t4 (16 = half): 13.4 15.9 16.2 16.5
  S1 linear correlation r=1: max|corr| 0.00748 (in bit 83 -> out bit 53), 0 of 16,384 pairs above 4.5 sigma (0.00879)
  S1 linear correlation r=2: max|corr| 0.00828 (in bit 56 -> out bit 110), 0 of 16,384 pairs above 4.5 sigma (0.00879)
  S2 cube/degree r=1 d=16: 32/32 cubes non-zero, mean popcount 49.8/128
  S2 cube/degree r=1 d=20: 32/32 cubes non-zero, mean popcount 50.0/128

== CONSTRUCTED: pair (1,3) = (6, 7) (unreachable, ~2^-50; extreme stress case) ==
  re-draw rules on this set: p!=q ok; seed-reachable symmetry absent (set admissible)

[CONSTRUCTED: pair (1,3) = (6, 7) (unreachable, ~2^-50; extreme stress case)] x = "weak-lane-1229 [pair overwritten]"
  weights: 512868422 294325285 6 7 505874519 1038435855 42714067 267635949 761503019 202927231 92121281 111596894
  smallest lane = 6 (2^2.6)
  S3 avalanche profile r=1..8 (mean Hamming over 128 flip positions): 60.3 63.4 64.4 63.0 64.4 64.1 64.1 64.1
  S3b r=1 mean flipped bits per state word t1..t4 (16 = half): 13.5 15.5 15.8 15.5
  S1 linear correlation r=1: max|corr| 0.00790 (in bit 41 -> out bit 24), 0 of 16,384 pairs above 4.5 sigma (0.00879)
  S1 linear correlation r=2: max|corr| 0.00885 (in bit 111 -> out bit 73), 1 of 16,384 pairs above 4.5 sigma (0.00879)
  S2 cube/degree r=1 d=16: 32/32 cubes non-zero, mean popcount 49.4/128
  S2 cube/degree r=1 d=20: 32/32 cubes non-zero, mean popcount 49.7/128
