table (file): SHA-256 f78c9584e5686cb1f54f382b1bfcf87c3399ae19f987e7761f339bdb3bd7dd1d  CRC-32 0xde1340cf  == normative
SHA-256(x)   1bc4bccd5fd7f4fb356fd6d7daec8046f553bbff9b903d95678345428d37d89b
weights(x)   279585085 16285846 928956068 788364723 516116555 613731518 946679299 34137917 351651783 638991204 231823904 419155050
omega Q.32   192e540d 35f94f3b 10e06777 1d43f384   K_phase 0x1e8ec8a4a
init         320797ee 6ec947c4 9593ec52 dd58db57
C_0          5122e13a f7159758 2989d88c 139635e8
C_1          cdf666b6 1ab24c57 58ffd6c8 70384d54
C_2          cb3db762 92078a2e d435ad51 d7451f45
C_3          3538c15b eb13a45f d86219a7 0a6a708b
C_4          57e5f261 0fc5236a 99dd6105 9236016e
preimage     61f2e5576a23c50f0561dd996e0136921bc4bccd5fd7f4fb356fd6d7daec8046f553bbff9b903d95678345428d37d89be8030000000000005644463132382d54342d76332d6f75740000000000000000
y            75d76880369509b44a709e1f33c350f257e76eae29de7cc537f0a05113321273
Vector 5 (v3): REPRODUCED (final state and y match the paper)
table (sin()): SHA-256 f78c9584e5686cb1f54f382b1bfcf87c3399ae19f987e7761f339bdb3bd7dd1d  CRC-32 0xde1340cf  == normative
SHA-256(x)   1bc4bccd5fd7f4fb356fd6d7daec8046f553bbff9b903d95678345428d37d89b
weights(x)   279585085 16285846 928956068 788364723 516116555 613731518 946679299 34137917 351651783 638991204 231823904 419155050
omega Q.32   192e540d 35f94f3b 10e06777 1d43f384   K_phase 0x1e8ec8a4a
init         320797ee 6ec947c4 9593ec52 dd58db57
C_0          5122e13a f7159758 2989d88c 139635e8
C_1          cdf666b6 1ab24c57 58ffd6c8 70384d54
C_2          cb3db762 92078a2e d435ad51 d7451f45
C_3          3538c15b eb13a45f d86219a7 0a6a708b
C_4          57e5f261 0fc5236a 99dd6105 9236016e
preimage     61f2e5576a23c50f0561dd996e0136921bc4bccd5fd7f4fb356fd6d7daec8046f553bbff9b903d95678345428d37d89be8030000000000005644463132382d54342d76332d6f75740000000000000000
y            75d76880369509b44a709e1f33c350f257e76eae29de7cc537f0a05113321273
Vector 5 (v3): REPRODUCED (final state and y match the paper)
