==============================================================
 THIRD-MAP SAFE-ZONE SCAN (Paper 1 §3.3 byte-level protocol, unchanged)
 Doc ID: MCL-THIRDMAP-SAFEZONE-2026-0905-001
 Map: logistic r=4 (control) | seed 0 | N = 100000000 | burn-in 10000 | binary64, Apple libm | x0 0.9
 Byte = (mantissa >> P) & 0xFF, P in [0,44]; chi2 df=255, crit(0.01)=310.46
==============================================================

Stream x:
   P |          chi2 | verdict
-----|---------------|--------
   0 |        306.10 | PASS
   1 |        306.89 | PASS
   2 |        256.51 | PASS
   3 |        309.30 | PASS
   4 |        312.61 | FAIL
   5 |        278.79 | PASS
   6 |        226.02 | PASS
   7 |        256.45 | PASS
   8 |        286.90 | PASS
   9 |        339.02 | FAIL
  10 |        315.04 | FAIL
  11 |        292.61 | PASS
  12 |        300.96 | PASS
  13 |        320.40 | FAIL
  14 |        320.01 | FAIL
  15 |        306.99 | PASS
  16 |        303.36 | PASS
  17 |        307.49 | PASS
  18 |        309.98 | PASS
  19 |        303.63 | PASS
  20 |        310.19 | PASS
  21 |        355.14 | FAIL
  22 |        406.35 | FAIL
  23 |        407.21 | FAIL
  24 |        434.04 | FAIL
  25 |        460.37 | FAIL
  26 |        532.56 | FAIL
  27 |        734.72 | FAIL
  28 |        959.66 | FAIL
  29 |       1477.26 | FAIL
  30 |       2385.93 | FAIL
  31 |       4285.43 | FAIL
  32 |       8050.58 | FAIL
  33 |      15734.57 | FAIL
  34 |      31372.72 | FAIL
  35 |      62407.74 | FAIL
  36 |     122407.78 | FAIL
  37 |     244976.84 | FAIL
  38 |     484475.12 | FAIL
  39 |     953674.37 | FAIL
  40 |    1872468.48 | FAIL
  41 |    3651560.78 | FAIL
  42 |    7060039.87 | FAIL
  43 |   13484615.61 | FAIL
  44 |   25476910.32 | FAIL
  => Safe Zone (byte-window start positions) for x: [15, 20] = 6 positions

