==============================================================
 THIRD-MAP SAFE-ZONE SCAN (Paper 1 §3.3 byte-level protocol, unchanged)
 Doc ID: MCL-THIRDMAP-SAFEZONE-2026-0905-001
 Map: logistic r=4 (control) | seed 0 | N = 100000000 | burn-in 10000 | binary64, Apple libm | x0 0.123456789
 Byte = (mantissa >> P) & 0xFF, P in [0,44]; chi2 df=255, crit(0.01)=310.46
==============================================================

Stream x:
   P |          chi2 | verdict
-----|---------------|--------
   0 |        622.73 | FAIL
   1 |        578.43 | FAIL
   2 |        586.08 | FAIL
   3 |        582.74 | FAIL
   4 |        629.75 | FAIL
   5 |        612.32 | FAIL
   6 |        594.03 | FAIL
   7 |        562.84 | FAIL
   8 |        598.34 | FAIL
   9 |        635.04 | FAIL
  10 |        539.19 | FAIL
  11 |        598.51 | FAIL
  12 |        619.35 | FAIL
  13 |        612.53 | FAIL
  14 |        612.05 | FAIL
  15 |        531.80 | FAIL
  16 |        496.97 | FAIL
  17 |        528.71 | FAIL
  18 |        550.56 | FAIL
  19 |        569.78 | FAIL
  20 |        628.45 | FAIL
  21 |        682.45 | FAIL
  22 |        763.29 | FAIL
  23 |        804.88 | FAIL
  24 |        811.35 | FAIL
  25 |        801.35 | FAIL
  26 |        830.45 | FAIL
  27 |       1063.84 | FAIL
  28 |       1175.59 | FAIL
  29 |       1656.54 | FAIL
  30 |       2614.32 | FAIL
  31 |       4592.61 | FAIL
  32 |       8508.71 | FAIL
  33 |      16010.21 | FAIL
  34 |      31443.46 | FAIL
  35 |      62654.28 | FAIL
  36 |     123212.74 | FAIL
  37 |     245402.54 | FAIL
  38 |     484200.14 | FAIL
  39 |     950891.73 | FAIL
  40 |    1869300.98 | FAIL
  41 |    3644200.56 | FAIL
  42 |    7054446.48 | FAIL
  43 |   13474939.47 | FAIL
  44 |   25464074.30 | FAIL
  => Safe Zone (byte-window start positions) for x: [-1, -2] = 0 positions

