==============================================================
 THIRD-MAP SAFE-ZONE SCAN (Paper 1 §3.3 byte-level protocol, unchanged)
 Doc ID: MCL-THIRDMAP-SAFEZONE-2026-0905-001
 Map: logistic r=4 (control) | seed 0 | N = 100000000 | burn-in 10000 | binary64, Apple libm | x0 0.3
 Byte = (mantissa >> P) & 0xFF, P in [0,44]; chi2 df=255, crit(0.01)=310.46
==============================================================

Stream x:
   P |          chi2 | verdict
-----|---------------|--------
   0 |       3301.09 | FAIL
   1 |       3216.40 | FAIL
   2 |       3321.12 | FAIL
   3 |       2678.28 | FAIL
   4 |       3134.44 | FAIL
   5 |       3310.97 | FAIL
   6 |       3367.10 | FAIL
   7 |       3249.52 | FAIL
   8 |       3650.87 | FAIL
   9 |       3288.67 | FAIL
  10 |       2968.01 | FAIL
  11 |       3068.84 | FAIL
  12 |       3177.20 | FAIL
  13 |       3175.49 | FAIL
  14 |       2930.66 | FAIL
  15 |       2762.88 | FAIL
  16 |       2611.29 | FAIL
  17 |       2785.76 | FAIL
  18 |       2968.85 | FAIL
  19 |       3000.13 | FAIL
  20 |       3504.14 | FAIL
  21 |       3637.90 | FAIL
  22 |       3589.93 | FAIL
  23 |       3399.97 | FAIL
  24 |       3723.37 | FAIL
  25 |       3482.69 | FAIL
  26 |       3230.26 | FAIL
  27 |       3965.83 | FAIL
  28 |       3443.62 | FAIL
  29 |       3736.02 | FAIL
  30 |       4977.75 | FAIL
  31 |       7076.55 | FAIL
  32 |      11416.40 | FAIL
  33 |      18453.90 | FAIL
  34 |      34193.05 | FAIL
  35 |      65221.58 | FAIL
  36 |     128695.02 | FAIL
  37 |     251357.86 | FAIL
  38 |     490175.66 | FAIL
  39 |     953568.19 | FAIL
  40 |    1865300.15 | FAIL
  41 |    3632805.38 | FAIL
  42 |    7055977.42 | FAIL
  43 |   13465514.19 | FAIL
  44 |   25426848.01 | FAIL
  => Safe Zone (byte-window start positions) for x: [-1, -2] = 0 positions

