==============================================================
 THIRD-MAP SAFE-ZONE SCAN (Paper 1 §3.3 byte-level protocol, unchanged)
 Doc ID: MCL-THIRDMAP-SAFEZONE-2026-0905-001
 Map: logistic r=4 (control) | seed 0 | N = 100000000 | burn-in 10000 | binary64, Apple libm | x0 0.8
 Byte = (mantissa >> P) & 0xFF, P in [0,44]; chi2 df=255, crit(0.01)=310.46
==============================================================

Stream x:
   P |          chi2 | verdict
-----|---------------|--------
   0 | 20809798669.99 | FAIL
   1 | 20809860183.09 | FAIL
   2 | 20809964255.37 | FAIL
   3 | 20809968880.96 | FAIL
   4 | 20809808845.80 | FAIL
   5 | 20809870824.42 | FAIL
   6 | 20809819484.95 | FAIL
   7 | 20809782950.02 | FAIL
   8 | 20809874992.42 | FAIL
   9 | 20809900889.88 | FAIL
  10 | 20809806072.83 | FAIL
  11 | 20809814397.06 | FAIL
  12 | 20809907365.10 | FAIL
  13 | 20809991085.26 | FAIL
  14 | 20809845387.82 | FAIL
  15 | 20809930030.14 | FAIL
  16 | 20809939279.27 | FAIL
  17 | 20809998019.94 | FAIL
  18 | 20809962868.15 | FAIL
  19 | 20809908293.46 | FAIL
  20 | 20809900891.78 | FAIL
  21 | 20809825501.63 | FAIL
  22 | 20809814863.38 | FAIL
  23 | 20809899503.63 | FAIL
  24 | 20809942976.82 | FAIL
  25 | 20809977669.74 | FAIL
  26 | 20809778322.91 | FAIL
  27 | 20809926794.91 | FAIL
  28 | 20810062318.68 | FAIL
  29 | 20809910619.37 | FAIL
  30 | 20809850965.91 | FAIL
  31 | 20809865323.12 | FAIL
  32 | 20809938894.25 | FAIL
  33 | 20809938965.78 | FAIL
  34 | 20809837822.03 | FAIL
  35 | 20809623044.51 | FAIL
  36 | 20809437233.57 | FAIL
  37 | 20809422634.12 | FAIL
  38 | 20809134410.22 | FAIL
  39 | 20808954781.24 | FAIL
  40 | 20808714963.06 | FAIL
  41 | 20808379307.86 | FAIL
  42 | 20807979365.76 | FAIL
  43 | 20807733505.61 | FAIL
  44 | 20808285111.78 | FAIL
  => Safe Zone (byte-window start positions) for x: [-1, -2] = 0 positions

