==============================================================
 THIRD-MAP SAFE-ZONE SCAN (Paper 1 §3.3 byte-level protocol, unchanged)
 Doc ID: MCL-THIRDMAP-SAFEZONE-2026-0905-001
 Map: logistic r=4 (control) | seed 0 | N = 100000000 | burn-in 10000 | binary64, Apple libm | x0 0.314159265
 Byte = (mantissa >> P) & 0xFF, P in [0,44]; chi2 df=255, crit(0.01)=310.46
==============================================================

Stream x:
   P |          chi2 | verdict
-----|---------------|--------
   0 | 16039585967.42 | FAIL
   1 | 16039721594.63 | FAIL
   2 | 16039770326.14 | FAIL
   3 | 16039685049.89 | FAIL
   4 | 16039777640.31 | FAIL
   5 | 16039757332.76 | FAIL
   6 | 16039693580.27 | FAIL
   7 | 16039677329.79 | FAIL
   8 | 16039814985.37 | FAIL
   9 | 16039631857.11 | FAIL
  10 | 16039617235.80 | FAIL
  11 | 16039644843.68 | FAIL
  12 | 16039808492.69 | FAIL
  13 | 16039587593.69 | FAIL
  14 | 16039615199.04 | FAIL
  15 | 16039543327.14 | FAIL
  16 | 16039547398.00 | FAIL
  17 | 16039582721.09 | FAIL
  18 | 16039708598.78 | FAIL
  19 | 16039749204.83 | FAIL
  20 | 16039703723.89 | FAIL
  21 | 16039602617.59 | FAIL
  22 | 16039527088.84 | FAIL
  23 | 16039594494.26 | FAIL
  24 | 16039565265.48 | FAIL
  25 | 16039501509.98 | FAIL
  26 | 16039410152.80 | FAIL
  27 | 16039557570.93 | FAIL
  28 | 16039569758.04 | FAIL
  29 | 16039421158.07 | FAIL
  30 | 16039525555.75 | FAIL
  31 | 16039420879.79 | FAIL
  32 | 16039566405.37 | FAIL
  33 | 16039333213.42 | FAIL
  34 | 16039305440.54 | FAIL
  35 | 16039093119.66 | FAIL
  36 | 16038974735.44 | FAIL
  37 | 16038593821.39 | FAIL
  38 | 16038366054.96 | FAIL
  39 | 16037845793.13 | FAIL
  40 | 16037380586.73 | FAIL
  41 | 16036919021.51 | FAIL
  42 | 16036381472.40 | FAIL
  43 | 16036279041.90 | FAIL
  44 | 16037428665.55 | FAIL
  => Safe Zone (byte-window start positions) for x: [-1, -2] = 0 positions

