==============================================================
 THIRD-MAP SAFE-ZONE SCAN (Paper 1 §3.3 byte-level protocol, unchanged)
 Doc ID: MCL-THIRDMAP-SAFEZONE-2026-0905-001
 Map: logistic r=4 (control) | seed 0 | N = 100000000 | burn-in 10000 | binary64, Apple libm | x0 0.6
 Byte = (mantissa >> P) & 0xFF, P in [0,44]; chi2 df=255, crit(0.01)=310.46
==============================================================

Stream x:
   P |          chi2 | verdict
-----|---------------|--------
   0 | 18216420385.66 | FAIL
   1 | 18216271088.49 | FAIL
   2 | 18216475776.56 | FAIL
   3 | 18216474043.87 | FAIL
   4 | 18216477506.16 | FAIL
   5 | 18216387491.10 | FAIL
   6 | 18216372340.99 | FAIL
   7 | 18216527266.08 | FAIL
   8 | 18216567077.73 | FAIL
   9 | 18216416049.91 | FAIL
  10 | 18216459755.01 | FAIL
  11 | 18216308730.22 | FAIL
  12 | 18216411723.90 | FAIL
  13 | 18216538086.40 | FAIL
  14 | 18216408697.09 | FAIL
  15 | 18216478369.08 | FAIL
  16 | 18216485299.21 | FAIL
  17 | 18216487023.04 | FAIL
  18 | 18216606027.48 | FAIL
  19 | 18216451965.74 | FAIL
  20 | 18216293582.37 | FAIL
  21 | 18216294883.34 | FAIL
  22 | 18216286229.72 | FAIL
  23 | 18216495674.45 | FAIL
  24 | 18216539387.86 | FAIL
  25 | 18216422983.99 | FAIL
  26 | 18216525110.74 | FAIL
  27 | 18216411741.38 | FAIL
  28 | 18216331682.07 | FAIL
  29 | 18216479694.52 | FAIL
  30 | 18216384063.21 | FAIL
  31 | 18216346023.89 | FAIL
  32 | 18216276455.69 | FAIL
  33 | 18216219551.93 | FAIL
  34 | 18216256263.92 | FAIL
  35 | 18216036288.78 | FAIL
  36 | 18216013068.16 | FAIL
  37 | 18215924201.59 | FAIL
  38 | 18215592855.55 | FAIL
  39 | 18215371396.48 | FAIL
  40 | 18214836112.71 | FAIL
  41 | 18214253856.80 | FAIL
  42 | 18213810652.06 | FAIL
  43 | 18213525860.71 | FAIL
  44 | 18214171628.47 | FAIL
  => Safe Zone (byte-window start positions) for x: [-1, -2] = 0 positions

