==============================================================
 THIRD-MAP SAFE-ZONE SCAN (Paper 1 §3.3 byte-level protocol, unchanged)
 Doc ID: MCL-THIRDMAP-SAFEZONE-2026-0905-001
 Map: logistic r=4 (control) | seed 27182818284590 | N = 100000000 | burn-in 10000 | binary64, Apple libm | x0 from seed
 Byte = (mantissa >> P) & 0xFF, P in [0,44]; chi2 df=255, crit(0.01)=310.46
==============================================================

Stream x:
   P |          chi2 | verdict
-----|---------------|--------
   0 |        353.73 | FAIL
   1 |        341.59 | FAIL
   2 |        359.13 | FAIL
   3 |        356.06 | FAIL
   4 |        334.43 | FAIL
   5 |        336.48 | FAIL
   6 |        330.44 | FAIL
   7 |        319.92 | FAIL
   8 |        339.29 | FAIL
   9 |        398.46 | FAIL
  10 |        361.73 | FAIL
  11 |        346.98 | FAIL
  12 |        373.43 | FAIL
  13 |        347.30 | FAIL
  14 |        324.08 | FAIL
  15 |        321.97 | FAIL
  16 |        315.83 | FAIL
  17 |        339.62 | FAIL
  18 |        321.90 | FAIL
  19 |        340.50 | FAIL
  20 |        387.00 | FAIL
  21 |        370.97 | FAIL
  22 |        396.09 | FAIL
  23 |        451.71 | FAIL
  24 |        504.46 | FAIL
  25 |        544.10 | FAIL
  26 |        590.86 | FAIL
  27 |        771.49 | FAIL
  28 |        966.49 | FAIL
  29 |       1504.37 | FAIL
  30 |       2426.36 | FAIL
  31 |       4418.74 | FAIL
  32 |       8302.55 | FAIL
  33 |      15708.95 | FAIL
  34 |      31034.16 | FAIL
  35 |      61537.96 | FAIL
  36 |     122677.63 | FAIL
  37 |     244786.54 | FAIL
  38 |     485238.32 | FAIL
  39 |     954381.81 | FAIL
  40 |    1873875.60 | FAIL
  41 |    3655816.60 | FAIL
  42 |    7068209.01 | FAIL
  43 |   13494265.52 | FAIL
  44 |   25478650.08 | FAIL
  => Safe Zone (byte-window start positions) for x: [-1, -2] = 0 positions

