XOR CONTROL | Doc ID MCL-XOR-CONTROL-2026-0905-001 | case 2: Henon x XOR y (same orbit) | seed 70466644885213 (second seed 70450713122992) | N=100000000
   P |          chi2 | verdict
   0 |     115684.53 | FAIL
   1 |        463.27 | FAIL
   2 |        304.58 | PASS
   3 |        303.14 | PASS
   4 |        274.37 | PASS
   5 |        270.97 | PASS
   6 |        273.24 | PASS
   7 |        295.52 | PASS
   8 |        285.61 | PASS
   9 |        276.33 | PASS
  10 |        270.69 | PASS
  11 |        248.02 | PASS
  12 |        236.37 | PASS
  13 |        241.31 | PASS
  14 |        235.79 | PASS
  15 |        227.32 | PASS
  16 |        246.01 | PASS
  17 |        234.03 | PASS
  18 |        269.52 | PASS
  19 |        262.06 | PASS
  20 |        288.84 | PASS
  21 |        279.36 | PASS
  22 |        270.81 | PASS
  23 |        271.55 | PASS
  24 |        255.12 | PASS
  25 |        259.27 | PASS
  26 |        264.82 | PASS
  27 |        268.75 | PASS
  28 |        260.59 | PASS
  29 |        252.65 | PASS
  30 |        277.43 | PASS
  31 |        378.32 | FAIL
  32 |        385.50 | FAIL
  33 |        624.55 | FAIL
  34 |        836.16 | FAIL
  35 |       1829.57 | FAIL
  36 |       4547.76 | FAIL
  37 |      10651.05 | FAIL
  38 |      32358.45 | FAIL
  39 |      48591.32 | FAIL
  40 |     102569.50 | FAIL
  41 |     257904.66 | FAIL
  42 |     631893.22 | FAIL
  43 |    1348699.31 | FAIL
  44 |    3248485.30 | FAIL
  => XOR Safe Zone: [2, 30] = 29 positions
