==============================================================
 THIRD-MAP SAFE-ZONE SCAN (Paper 1 §3.3 byte-level protocol, unchanged)
 Doc ID: MCL-THIRDMAP-SAFEZONE-2026-0905-001
 Map: logistic r=3.99 | seed 12345678901234 | N = 100000000 | burn-in 10000 | binary64, Apple libm | x0 from seed
 Byte = (mantissa >> P) & 0xFF, P in [0,44]; chi2 df=255, crit(0.01)=310.46
==============================================================

Stream x:
   P |          chi2 | verdict
-----|---------------|--------
   0 |       1420.32 | FAIL
   1 |       1571.81 | FAIL
   2 |       1776.94 | FAIL
   3 |       1962.50 | FAIL
   4 |       1847.80 | FAIL
   5 |       2144.75 | FAIL
   6 |       2183.69 | FAIL
   7 |       1906.54 | FAIL
   8 |       2414.30 | FAIL
   9 |       2202.15 | FAIL
  10 |       1841.14 | FAIL
  11 |       1822.65 | FAIL
  12 |       1742.04 | FAIL
  13 |       1928.08 | FAIL
  14 |       1753.10 | FAIL
  15 |       1707.16 | FAIL
  16 |       1633.72 | FAIL
  17 |       1787.55 | FAIL
  18 |       1636.32 | FAIL
  19 |       1751.48 | FAIL
  20 |       1717.04 | FAIL
  21 |       1735.66 | FAIL
  22 |       1616.71 | FAIL
  23 |       1661.14 | FAIL
  24 |       1751.25 | FAIL
  25 |       1895.41 | FAIL
  26 |       1872.61 | FAIL
  27 |       1841.00 | FAIL
  28 |       2277.37 | FAIL
  29 |       2789.25 | FAIL
  30 |       3270.89 | FAIL
  31 |       4205.53 | FAIL
  32 |       6321.08 | FAIL
  33 |      13821.91 | FAIL
  34 |      25379.79 | FAIL
  35 |      51205.16 | FAIL
  36 |      94282.35 | FAIL
  37 |     211800.56 | FAIL
  38 |     450521.82 | FAIL
  39 |     945898.07 | FAIL
  40 |    1710829.87 | FAIL
  41 |    3653991.82 | FAIL
  42 |    7779936.75 | FAIL
  43 |   12801493.70 | FAIL
  44 |   26910256.15 | FAIL
  => Safe Zone (byte-window start positions) for x: [-1, -2] = 0 positions

