==============================================================
 THIRD-MAP SAFE-ZONE SCAN (Paper 1 §3.3 byte-level protocol, unchanged)
 Doc ID: MCL-THIRDMAP-SAFEZONE-2026-0905-001
 Map: logistic r=3.99 | seed 70466644885213 | N = 100000000 | burn-in 10000 | binary64, Apple libm | x0 from seed
 Byte = (mantissa >> P) & 0xFF, P in [0,44]; chi2 df=255, crit(0.01)=310.46
==============================================================

Stream x:
   P |          chi2 | verdict
-----|---------------|--------
   0 |       2499.35 | FAIL
   1 |       2819.93 | FAIL
   2 |       3202.76 | FAIL
   3 |       3533.06 | FAIL
   4 |       3371.20 | FAIL
   5 |       3844.79 | FAIL
   6 |       4182.02 | FAIL
   7 |       3554.45 | FAIL
   8 |       4376.77 | FAIL
   9 |       4080.20 | FAIL
  10 |       3359.19 | FAIL
  11 |       3309.07 | FAIL
  12 |       3151.84 | FAIL
  13 |       3482.86 | FAIL
  14 |       3244.28 | FAIL
  15 |       3211.88 | FAIL
  16 |       3175.59 | FAIL
  17 |       3354.21 | FAIL
  18 |       3236.61 | FAIL
  19 |       3282.99 | FAIL
  20 |       3115.27 | FAIL
  21 |       3116.67 | FAIL
  22 |       2900.17 | FAIL
  23 |       3123.49 | FAIL
  24 |       3347.29 | FAIL
  25 |       3555.87 | FAIL
  26 |       3417.44 | FAIL
  27 |       3247.83 | FAIL
  28 |       3883.71 | FAIL
  29 |       4380.31 | FAIL
  30 |       4757.30 | FAIL
  31 |       5576.05 | FAIL
  32 |       7555.89 | FAIL
  33 |      15061.51 | FAIL
  34 |      26673.74 | FAIL
  35 |      52078.15 | FAIL
  36 |      95530.83 | FAIL
  37 |     212729.71 | FAIL
  38 |     449244.78 | FAIL
  39 |     942615.26 | FAIL
  40 |    1707960.41 | FAIL
  41 |    3643436.62 | FAIL
  42 |    7755025.49 | FAIL
  43 |   12775923.74 | FAIL
  44 |   26872069.15 | FAIL
  => Safe Zone (byte-window start positions) for x: [-1, -2] = 0 positions

