==============================================================
 THIRD-MAP SAFE-ZONE SCAN (Paper 1 §3.3 byte-level protocol, unchanged)
 Doc ID: MCL-THIRDMAP-SAFEZONE-2026-0905-001
 Map: logistic r=4 (control) | seed 31415926535897 | N = 100000000 | burn-in 10000 | binary64, Apple libm | x0 from seed
 Byte = (mantissa >> P) & 0xFF, P in [0,44]; chi2 df=255, crit(0.01)=310.46
==============================================================

Stream x:
   P |          chi2 | verdict
-----|---------------|--------
   0 | 20394409579.33 | FAIL
   1 | 20394399961.51 | FAIL
   2 | 20394433386.30 | FAIL
   3 | 20394436132.04 | FAIL
   4 | 20394395838.64 | FAIL
   5 | 20394398587.09 | FAIL
   6 | 20394351881.46 | FAIL
   7 | 20394337235.47 | FAIL
   8 | 20394318001.13 | FAIL
   9 | 20394437963.82 | FAIL
  10 | 20394475054.73 | FAIL
  11 | 20394431098.06 | FAIL
  12 | 20394383475.08 | FAIL
  13 | 20394359666.55 | FAIL
  14 | 20394395837.89 | FAIL
  15 | 20394403624.96 | FAIL
  16 | 20394413699.51 | FAIL
  17 | 20394345015.93 | FAIL
  18 | 20394383477.20 | FAIL
  19 | 20394390802.58 | FAIL
  20 | 20394567544.82 | FAIL
  21 | 20394564341.49 | FAIL
  22 | 20394350053.46 | FAIL
  23 | 20394382558.89 | FAIL
  24 | 20394421482.38 | FAIL
  25 | 20394543736.46 | FAIL
  26 | 20394290072.75 | FAIL
  27 | 20394381651.70 | FAIL
  28 | 20394592282.02 | FAIL
  29 | 20394464540.14 | FAIL
  30 | 20394313452.78 | FAIL
  31 | 20394281885.94 | FAIL
  32 | 20394325425.89 | FAIL
  33 | 20394485307.68 | FAIL
  34 | 20394403054.58 | FAIL
  35 | 20394249554.74 | FAIL
  36 | 20394162351.43 | FAIL
  37 | 20394148142.26 | FAIL
  38 | 20393701164.63 | FAIL
  39 | 20393517334.53 | FAIL
  40 | 20393178169.48 | FAIL
  41 | 20392868757.34 | FAIL
  42 | 20392457013.00 | FAIL
  43 | 20392253719.79 | FAIL
  44 | 20392740166.67 | FAIL
  => Safe Zone (byte-window start positions) for x: [-1, -2] = 0 positions

