XOR CONTROL | Doc ID MCL-XOR-CONTROL-2026-0905-001 | case 4: MCL theta1 XOR theta2 (positive control, engine v6.0.0) | seed 12345678901234 (second seed 12368115583391) | N=100000000
   P |          chi2 | verdict
   0 |   65324099.92 | FAIL
   1 |   13581099.22 | FAIL
   2 |    1051545.98 | FAIL
   3 |      41831.69 | FAIL
   4 |       3089.90 | FAIL
   5 |        493.48 | FAIL
   6 |        302.98 | PASS
   7 |        255.02 | PASS
   8 |        220.51 | PASS
   9 |        254.02 | PASS
  10 |        266.33 | PASS
  11 |        254.36 | PASS
  12 |        254.58 | PASS
  13 |        225.36 | PASS
  14 |        241.04 | PASS
  15 |        259.73 | PASS
  16 |        245.01 | PASS
  17 |        230.00 | PASS
  18 |        238.03 | PASS
  19 |        245.38 | PASS
  20 |        295.12 | PASS
  21 |        288.36 | PASS
  22 |        265.89 | PASS
  23 |        250.40 | PASS
  24 |        259.74 | PASS
  25 |        243.07 | PASS
  26 |        250.97 | PASS
  27 |        261.12 | PASS
  28 |        207.57 | PASS
  29 |        201.30 | PASS
  30 |        236.15 | PASS
  31 |        262.33 | PASS
  32 |        263.77 | PASS
  33 |        246.37 | PASS
  34 |        254.63 | PASS
  35 |        243.67 | PASS
  36 |        239.75 | PASS
  37 |        250.09 | PASS
  38 |        259.33 | PASS
  39 |        249.03 | PASS
  40 |        502.44 | FAIL
  41 |        784.85 | FAIL
  42 |       2334.87 | FAIL
  43 |       4760.33 | FAIL
  44 |     594243.54 | FAIL
  => XOR Safe Zone: [6, 39] = 34 positions
