==============================================================
 THIRD-MAP SAFE-ZONE SCAN (Paper 1 §3.3 byte-level protocol, unchanged)
 Doc ID: MCL-THIRDMAP-SAFEZONE-2026-0905-001
 Map: Henon a=1.4 b=0.3 | seed 89623471905588 | N = 100000000 | burn-in 10000 | binary64, Apple libm | x0 from seed
 Byte = (mantissa >> P) & 0xFF, P in [0,44]; chi2 df=255, crit(0.01)=310.46
==============================================================

Stream x:
   P |          chi2 | verdict
-----|---------------|--------
   0 |    8636780.51 | FAIL
   1 |     223676.78 | FAIL
   2 |      58092.69 | FAIL
   3 |      15041.89 | FAIL
   4 |       4125.82 | FAIL
   5 |       1330.96 | FAIL
   6 |        524.51 | FAIL
   7 |        321.88 | FAIL
   8 |        251.50 | PASS
   9 |        237.72 | PASS
  10 |        234.19 | PASS
  11 |        222.63 | PASS
  12 |        249.13 | PASS
  13 |        241.65 | PASS
  14 |        252.66 | PASS
  15 |        254.81 | PASS
  16 |        255.54 | PASS
  17 |        234.18 | PASS
  18 |        211.56 | PASS
  19 |        236.59 | PASS
  20 |        259.48 | PASS
  21 |        266.61 | PASS
  22 |        303.46 | PASS
  23 |        257.04 | PASS
  24 |        253.22 | PASS
  25 |        252.19 | PASS
  26 |        260.70 | PASS
  27 |        293.00 | PASS
  28 |        291.19 | PASS
  29 |        285.42 | PASS
  30 |        344.11 | FAIL
  31 |        341.61 | FAIL
  32 |        424.77 | FAIL
  33 |        730.12 | FAIL
  34 |       1787.25 | FAIL
  35 |       2857.63 | FAIL
  36 |       8520.50 | FAIL
  37 |      19618.32 | FAIL
  38 |      64952.04 | FAIL
  39 |     100067.71 | FAIL
  40 |     494960.61 | FAIL
  41 |     791654.09 | FAIL
  42 |    1679684.07 | FAIL
  43 |    5476200.27 | FAIL
  44 |   20618964.80 | FAIL
  => Safe Zone (byte-window start positions) for x: [8, 29] = 22 positions

Stream y:
   P |          chi2 | verdict
-----|---------------|--------
   0 |    1871551.09 | FAIL
   1 |     219399.77 | FAIL
   2 |      11615.48 | FAIL
   3 |       3108.12 | FAIL
   4 |       1008.27 | FAIL
   5 |        514.58 | FAIL
   6 |        357.73 | FAIL
   7 |        301.87 | PASS
   8 |        262.60 | PASS
   9 |        259.57 | PASS
  10 |        210.46 | PASS
  11 |        236.95 | PASS
  12 |        234.22 | PASS
  13 |        267.38 | PASS
  14 |        270.77 | PASS
  15 |        232.44 | PASS
  16 |        287.00 | PASS
  17 |        270.71 | PASS
  18 |        254.16 | PASS
  19 |        242.77 | PASS
  20 |        228.61 | PASS
  21 |        256.28 | PASS
  22 |        279.27 | PASS
  23 |        224.96 | PASS
  24 |        243.35 | PASS
  25 |        243.34 | PASS
  26 |        297.30 | PASS
  27 |        306.41 | PASS
  28 |        317.74 | FAIL
  29 |        318.82 | FAIL
  30 |        344.01 | FAIL
  31 |        336.13 | FAIL
  32 |        391.73 | FAIL
  33 |        573.44 | FAIL
  34 |       1046.92 | FAIL
  35 |       2362.59 | FAIL
  36 |       5493.20 | FAIL
  37 |      22807.76 | FAIL
  38 |      36501.30 | FAIL
  39 |      66195.43 | FAIL
  40 |     278073.47 | FAIL
  41 |     543014.82 | FAIL
  42 |    1472834.98 | FAIL
  43 |    2988078.03 | FAIL
  44 |   15231810.12 | FAIL
  => Safe Zone (byte-window start positions) for y: [7, 27] = 21 positions

