XOR CONTROL | Doc ID MCL-XOR-CONTROL-2026-0905-001 | case 1: two independent standard maps theta_a XOR theta_b | seed 12345678901234 (second seed 12368115583391) | N=100000000
   P |          chi2 | verdict
   0 |   74299186.38 | FAIL
   1 |   13384933.55 | FAIL
   2 |     831613.76 | FAIL
   3 |      26941.61 | FAIL
   4 |       1664.96 | FAIL
   5 |        337.25 | FAIL
   6 |        226.56 | PASS
   7 |        240.00 | PASS
   8 |        229.44 | PASS
   9 |        261.46 | PASS
  10 |        237.20 | PASS
  11 |        236.60 | PASS
  12 |        258.69 | PASS
  13 |        247.39 | PASS
  14 |        214.29 | PASS
  15 |        240.84 | PASS
  16 |        295.53 | PASS
  17 |        285.38 | PASS
  18 |        248.41 | PASS
  19 |        241.37 | PASS
  20 |        294.84 | PASS
  21 |        283.21 | PASS
  22 |        286.93 | PASS
  23 |        289.81 | PASS
  24 |        245.98 | PASS
  25 |        232.01 | PASS
  26 |        264.90 | PASS
  27 |        281.87 | PASS
  28 |        277.06 | PASS
  29 |        261.09 | PASS
  30 |        274.34 | PASS
  31 |        274.45 | PASS
  32 |        291.07 | PASS
  33 |        275.86 | PASS
  34 |        257.51 | PASS
  35 |        233.94 | PASS
  36 |        222.97 | PASS
  37 |        241.50 | PASS
  38 |        262.92 | PASS
  39 |        237.40 | PASS
  40 |        241.09 | PASS
  41 |        426.43 | FAIL
  42 |       1015.04 | FAIL
  43 |       2064.98 | FAIL
  44 |     563502.43 | FAIL
  => XOR Safe Zone: [6, 40] = 35 positions
