XOR CONTROL | Doc ID MCL-XOR-CONTROL-2026-0905-001 | case 0: standard map theta XOR p (same orbit) | seed 70466644885213 (second seed 70450713122992) | N=100000000
   P |          chi2 | verdict
   0 |   70416330.34 | FAIL
   1 |   10655689.45 | FAIL
   2 |     669661.04 | FAIL
   3 |      19075.61 | FAIL
   4 |        720.46 | FAIL
   5 |        255.49 | PASS
   6 |        255.51 | PASS
   7 |        221.53 | PASS
   8 |        252.05 | PASS
   9 |        284.86 | PASS
  10 |        269.83 | PASS
  11 |        281.92 | PASS
  12 |        271.30 | PASS
  13 |        298.06 | PASS
  14 |        251.19 | PASS
  15 |        259.41 | PASS
  16 |        260.43 | PASS
  17 |        246.85 | PASS
  18 |        228.52 | PASS
  19 |        234.79 | PASS
  20 |        220.79 | PASS
  21 |        214.17 | PASS
  22 |        227.06 | PASS
  23 |        266.33 | PASS
  24 |        261.60 | PASS
  25 |        258.38 | PASS
  26 |        266.11 | PASS
  27 |        276.65 | PASS
  28 |        244.20 | PASS
  29 |        227.82 | PASS
  30 |        229.43 | PASS
  31 |        251.45 | PASS
  32 |        247.45 | PASS
  33 |        226.59 | PASS
  34 |        242.11 | PASS
  35 |        206.40 | PASS
  36 |        239.06 | PASS
  37 |        280.23 | PASS
  38 |        270.83 | PASS
  39 |        316.13 | FAIL
  40 |        260.41 | PASS
  41 |        325.60 | FAIL
  42 |        518.94 | FAIL
  43 |       1707.39 | FAIL
  44 |     539003.36 | FAIL
  => XOR Safe Zone: [5, 38] = 34 positions
