==============================================================
 THIRD-MAP SAFE-ZONE SCAN (Paper 1 §3.3 byte-level protocol, unchanged)
 Doc ID: MCL-THIRDMAP-SAFEZONE-2026-0905-001
 Map: logistic r=3.99 | seed 89623471905588 | N = 100000000 | burn-in 10000 | binary64, Apple libm | x0 from seed
 Byte = (mantissa >> P) & 0xFF, P in [0,44]; chi2 df=255, crit(0.01)=310.46
==============================================================

Stream x:
   P |          chi2 | verdict
-----|---------------|--------
   0 |       1245.18 | FAIL
   1 |       1406.03 | FAIL
   2 |       1586.73 | FAIL
   3 |       1783.48 | FAIL
   4 |       1708.78 | FAIL
   5 |       1961.37 | FAIL
   6 |       1994.45 | FAIL
   7 |       1786.73 | FAIL
   8 |       2235.46 | FAIL
   9 |       2001.12 | FAIL
  10 |       1674.72 | FAIL
  11 |       1643.52 | FAIL
  12 |       1564.99 | FAIL
  13 |       1696.02 | FAIL
  14 |       1621.43 | FAIL
  15 |       1565.58 | FAIL
  16 |       1529.95 | FAIL
  17 |       1621.64 | FAIL
  18 |       1512.46 | FAIL
  19 |       1619.95 | FAIL
  20 |       1589.80 | FAIL
  21 |       1596.09 | FAIL
  22 |       1482.35 | FAIL
  23 |       1521.03 | FAIL
  24 |       1601.81 | FAIL
  25 |       1702.82 | FAIL
  26 |       1759.55 | FAIL
  27 |       1723.67 | FAIL
  28 |       2170.33 | FAIL
  29 |       2700.21 | FAIL
  30 |       3116.37 | FAIL
  31 |       4087.18 | FAIL
  32 |       6310.95 | FAIL
  33 |      13724.12 | FAIL
  34 |      25396.81 | FAIL
  35 |      51386.03 | FAIL
  36 |      94144.07 | FAIL
  37 |     211937.33 | FAIL
  38 |     450723.33 | FAIL
  39 |     946442.55 | FAIL
  40 |    1713554.18 | FAIL
  41 |    3658053.80 | FAIL
  42 |    7786078.21 | FAIL
  43 |   12806675.88 | FAIL
  44 |   26917491.08 | FAIL
  => Safe Zone (byte-window start positions) for x: [-1, -2] = 0 positions

