XOR CONTROL | Doc ID MCL-XOR-CONTROL-2026-0905-001 | case 3: two independent Henon x_a XOR x_b | seed 12345678901234 (second seed 12368115583391) | N=100000000
   P |          chi2 | verdict
   0 |     672138.60 | FAIL
   1 |        344.74 | FAIL
   2 |        240.30 | PASS
   3 |        224.87 | PASS
   4 |        254.45 | PASS
   5 |        267.04 | PASS
   6 |        271.75 | PASS
   7 |        257.68 | PASS
   8 |        268.65 | PASS
   9 |        240.98 | PASS
  10 |        251.87 | PASS
  11 |        259.98 | PASS
  12 |        297.86 | PASS
  13 |        231.58 | PASS
  14 |        233.96 | PASS
  15 |        207.23 | PASS
  16 |        216.73 | PASS
  17 |        227.57 | PASS
  18 |        258.04 | PASS
  19 |        341.44 | FAIL
  20 |        331.83 | FAIL
  21 |        297.52 | PASS
  22 |        245.79 | PASS
  23 |        264.97 | PASS
  24 |        228.20 | PASS
  25 |        240.54 | PASS
  26 |        256.24 | PASS
  27 |        242.27 | PASS
  28 |        256.89 | PASS
  29 |        263.72 | PASS
  30 |        250.74 | PASS
  31 |        241.64 | PASS
  32 |        240.15 | PASS
  33 |        234.67 | PASS
  34 |        252.39 | PASS
  35 |        277.24 | PASS
  36 |        274.11 | PASS
  37 |        273.74 | PASS
  38 |        293.00 | PASS
  39 |        280.39 | PASS
  40 |        693.75 | FAIL
  41 |        867.89 | FAIL
  42 |       2510.91 | FAIL
  43 |      35637.54 | FAIL
  44 |     880426.77 | FAIL
  => XOR Safe Zone: [21, 39] = 19 positions
