==============================================================
 THIRD-MAP SAFE-ZONE SCAN (Paper 1 §3.3 byte-level protocol, unchanged)
 Doc ID: MCL-THIRDMAP-SAFEZONE-2026-0905-001
 Map: Henon a=1.4 b=0.3 | seed 70466644885213 | N = 100000000 | burn-in 10000 | binary64, Apple libm | x0 from seed
 Byte = (mantissa >> P) & 0xFF, P in [0,44]; chi2 df=255, crit(0.01)=310.46
==============================================================

Stream x:
   P |          chi2 | verdict
-----|---------------|--------
   0 |    8638021.09 | FAIL
   1 |     223582.72 | FAIL
   2 |      57074.82 | FAIL
   3 |      14239.48 | FAIL
   4 |       3850.61 | FAIL
   5 |       1186.49 | FAIL
   6 |        449.47 | FAIL
   7 |        295.45 | PASS
   8 |        242.80 | PASS
   9 |        252.00 | PASS
  10 |        242.54 | PASS
  11 |        228.11 | PASS
  12 |        255.34 | PASS
  13 |        302.40 | PASS
  14 |        293.94 | PASS
  15 |        297.57 | PASS
  16 |        312.58 | FAIL
  17 |        303.56 | PASS
  18 |        270.67 | PASS
  19 |        248.82 | PASS
  20 |        247.70 | PASS
  21 |        237.96 | PASS
  22 |        257.44 | PASS
  23 |        256.19 | PASS
  24 |        272.55 | PASS
  25 |        287.20 | PASS
  26 |        246.27 | PASS
  27 |        285.22 | PASS
  28 |        271.12 | PASS
  29 |        304.15 | PASS
  30 |        332.19 | FAIL
  31 |        359.73 | FAIL
  32 |        436.81 | FAIL
  33 |        779.07 | FAIL
  34 |       1922.33 | FAIL
  35 |       2935.63 | FAIL
  36 |       8523.05 | FAIL
  37 |      19025.74 | FAIL
  38 |      64666.24 | FAIL
  39 |      99978.28 | FAIL
  40 |     494166.75 | FAIL
  41 |     793536.06 | FAIL
  42 |    1680891.35 | FAIL
  43 |    5475467.57 | FAIL
  44 |   20635957.47 | FAIL
  => Safe Zone (byte-window start positions) for x: [17, 29] = 13 positions

Stream y:
   P |          chi2 | verdict
-----|---------------|--------
   0 |    1879350.04 | FAIL
   1 |     222352.05 | FAIL
   2 |      11545.27 | FAIL
   3 |       3160.52 | FAIL
   4 |       1023.74 | FAIL
   5 |        418.36 | FAIL
   6 |        268.18 | PASS
   7 |        221.11 | PASS
   8 |        242.20 | PASS
   9 |        281.03 | PASS
  10 |        244.71 | PASS
  11 |        244.04 | PASS
  12 |        240.11 | PASS
  13 |        306.89 | PASS
  14 |        293.20 | PASS
  15 |        268.14 | PASS
  16 |        247.73 | PASS
  17 |        261.69 | PASS
  18 |        237.92 | PASS
  19 |        257.56 | PASS
  20 |        272.29 | PASS
  21 |        293.26 | PASS
  22 |        300.57 | PASS
  23 |        269.50 | PASS
  24 |        248.53 | PASS
  25 |        252.51 | PASS
  26 |        248.69 | PASS
  27 |        283.06 | PASS
  28 |        284.17 | PASS
  29 |        243.06 | PASS
  30 |        273.03 | PASS
  31 |        293.72 | PASS
  32 |        402.06 | FAIL
  33 |        603.17 | FAIL
  34 |       1092.58 | FAIL
  35 |       2332.28 | FAIL
  36 |       5369.32 | FAIL
  37 |      22427.72 | FAIL
  38 |      36072.50 | FAIL
  39 |      65199.36 | FAIL
  40 |     277139.80 | FAIL
  41 |     540483.97 | FAIL
  42 |    1472431.43 | FAIL
  43 |    2979000.67 | FAIL
  44 |   15231064.08 | FAIL
  => Safe Zone (byte-window start positions) for y: [6, 31] = 26 positions

