XOR CONTROL | Doc ID MCL-XOR-CONTROL-2026-0905-001 | case 0: standard map theta XOR p (same orbit) | seed 12345678901234 (second seed 12368115583391) | N=100000000
   P |          chi2 | verdict
   0 |   70440903.69 | FAIL
   1 |   10655619.22 | FAIL
   2 |     664890.75 | FAIL
   3 |      19030.81 | FAIL
   4 |        720.52 | FAIL
   5 |        283.67 | PASS
   6 |        252.37 | PASS
   7 |        245.16 | PASS
   8 |        230.70 | PASS
   9 |        248.66 | PASS
  10 |        236.37 | PASS
  11 |        262.31 | PASS
  12 |        251.21 | PASS
  13 |        246.25 | PASS
  14 |        257.88 | PASS
  15 |        243.50 | PASS
  16 |        263.05 | PASS
  17 |        251.27 | PASS
  18 |        231.87 | PASS
  19 |        246.25 | PASS
  20 |        255.04 | PASS
  21 |        236.73 | PASS
  22 |        216.39 | PASS
  23 |        259.54 | PASS
  24 |        224.88 | PASS
  25 |        246.98 | PASS
  26 |        224.82 | PASS
  27 |        230.41 | PASS
  28 |        203.02 | PASS
  29 |        224.18 | PASS
  30 |        218.76 | PASS
  31 |        241.61 | PASS
  32 |        258.44 | PASS
  33 |        267.87 | PASS
  34 |        259.93 | PASS
  35 |        241.87 | PASS
  36 |        252.90 | PASS
  37 |        259.54 | PASS
  38 |        268.55 | PASS
  39 |        251.85 | PASS
  40 |        260.16 | PASS
  41 |        359.30 | FAIL
  42 |        495.67 | FAIL
  43 |       1709.06 | FAIL
  44 |     542518.35 | FAIL
  => XOR Safe Zone: [5, 40] = 36 positions
