==============================================================
 THIRD-MAP SAFE-ZONE SCAN (Paper 1 §3.3 byte-level protocol, unchanged)
 Doc ID: MCL-THIRDMAP-SAFEZONE-2026-0905-001
 Map: logistic r=4 (control) | seed 70466644885213 | N = 100000000 | burn-in 10000 | binary64, Apple libm
 Byte = (mantissa >> P) & 0xFF, P in [0,44]; chi2 df=255, crit(0.01)=310.46
==============================================================

Stream x:
   P |          chi2 | verdict
-----|---------------|--------
   0 |        317.94 | FAIL
   1 |        315.74 | FAIL
   2 |        259.95 | PASS
   3 |        301.97 | PASS
   4 |        287.67 | PASS
   5 |        279.42 | PASS
   6 |        246.59 | PASS
   7 |        270.46 | PASS
   8 |        284.72 | PASS
   9 |        341.65 | FAIL
  10 |        317.21 | FAIL
  11 |        288.99 | PASS
  12 |        286.92 | PASS
  13 |        309.70 | PASS
  14 |        302.99 | PASS
  15 |        285.94 | PASS
  16 |        286.86 | PASS
  17 |        291.76 | PASS
  18 |        314.44 | FAIL
  19 |        316.49 | FAIL
  20 |        310.92 | FAIL
  21 |        356.88 | FAIL
  22 |        401.58 | FAIL
  23 |        435.98 | FAIL
  24 |        461.05 | FAIL
  25 |        453.02 | FAIL
  26 |        535.70 | FAIL
  27 |        713.02 | FAIL
  28 |        929.35 | FAIL
  29 |       1458.94 | FAIL
  30 |       2363.84 | FAIL
  31 |       4307.86 | FAIL
  32 |       8093.38 | FAIL
  33 |      15687.19 | FAIL
  34 |      31180.84 | FAIL
  35 |      62317.92 | FAIL
  36 |     122179.95 | FAIL
  37 |     244353.36 | FAIL
  38 |     483328.85 | FAIL
  39 |     951740.84 | FAIL
  40 |    1870832.75 | FAIL
  41 |    3649898.97 | FAIL
  42 |    7058787.59 | FAIL
  43 |   13479246.84 | FAIL
  44 |   25474201.08 | FAIL
  => Safe Zone (byte-window start positions) for x: [2, 8] = 7 positions

