==============================================================
 THIRD-MAP SAFE-ZONE SCAN (Paper 1 §3.3 byte-level protocol, unchanged)
 Doc ID: MCL-THIRDMAP-SAFEZONE-2026-0905-001
 Map: Henon a=1.4 b=0.3 | seed 55129803364771 | N = 100000000 | burn-in 10000 | binary64, Apple libm
 Byte = (mantissa >> P) & 0xFF, P in [0,44]; chi2 df=255, crit(0.01)=310.46
==============================================================

Stream x:
   P |          chi2 | verdict
-----|---------------|--------
   0 |    8025882.46 | FAIL
   1 |     251535.31 | FAIL
   2 |      74069.52 | FAIL
   3 |      19540.59 | FAIL
   4 |       5209.83 | FAIL
   5 |       1485.84 | FAIL
   6 |        536.30 | FAIL
   7 |        326.27 | FAIL
   8 |        297.82 | PASS
   9 |        235.10 | PASS
  10 |        269.07 | PASS
  11 |        251.85 | PASS
  12 |        249.66 | PASS
  13 |        262.06 | PASS
  14 |        280.17 | PASS
  15 |        300.59 | PASS
  16 |        261.21 | PASS
  17 |        256.98 | PASS
  18 |        247.78 | PASS
  19 |        232.22 | PASS
  20 |        246.14 | PASS
  21 |        243.14 | PASS
  22 |        248.04 | PASS
  23 |        214.48 | PASS
  24 |        205.41 | PASS
  25 |        209.59 | PASS
  26 |        242.07 | PASS
  27 |        276.63 | PASS
  28 |        234.16 | PASS
  29 |        278.96 | PASS
  30 |        319.03 | FAIL
  31 |        324.92 | FAIL
  32 |        394.85 | FAIL
  33 |        737.85 | FAIL
  34 |       1877.31 | FAIL
  35 |       2940.27 | FAIL
  36 |       8391.65 | FAIL
  37 |      19434.25 | FAIL
  38 |      64508.37 | FAIL
  39 |     100080.62 | FAIL
  40 |     497366.93 | FAIL
  41 |     793659.98 | FAIL
  42 |    1680176.96 | FAIL
  43 |    5471802.53 | FAIL
  44 |   20611886.25 | FAIL
  => Safe Zone (byte-window start positions) for x: [8, 29] = 22 positions

Stream y:
   P |          chi2 | verdict
-----|---------------|--------
   0 |    1870726.22 | FAIL
   1 |     201532.91 | FAIL
   2 |      13993.65 | FAIL
   3 |       3891.38 | FAIL
   4 |       1206.15 | FAIL
   5 |        488.77 | FAIL
   6 |        315.82 | FAIL
   7 |        251.98 | PASS
   8 |        234.51 | PASS
   9 |        229.44 | PASS
  10 |        240.18 | PASS
  11 |        284.28 | PASS
  12 |        313.41 | FAIL
  13 |        296.91 | PASS
  14 |        241.47 | PASS
  15 |        266.36 | PASS
  16 |        271.83 | PASS
  17 |        304.21 | PASS
  18 |        224.32 | PASS
  19 |        198.83 | PASS
  20 |        236.27 | PASS
  21 |        227.00 | PASS
  22 |        242.50 | PASS
  23 |        243.05 | PASS
  24 |        253.66 | PASS
  25 |        288.88 | PASS
  26 |        221.62 | PASS
  27 |        208.58 | PASS
  28 |        237.34 | PASS
  29 |        283.30 | PASS
  30 |        328.46 | FAIL
  31 |        358.33 | FAIL
  32 |        436.20 | FAIL
  33 |        654.84 | FAIL
  34 |       1242.39 | FAIL
  35 |       2485.89 | FAIL
  36 |       5544.62 | FAIL
  37 |      22653.47 | FAIL
  38 |      36792.85 | FAIL
  39 |      65616.75 | FAIL
  40 |     278075.11 | FAIL
  41 |     543604.97 | FAIL
  42 |    1474388.21 | FAIL
  43 |    2986800.70 | FAIL
  44 |   15225625.27 | FAIL
  => Safe Zone (byte-window start positions) for y: [13, 29] = 17 positions

