==============================================================
 THIRD-MAP SAFE-ZONE SCAN (Paper 1 §3.3 byte-level protocol, unchanged)
 Doc ID: MCL-THIRDMAP-SAFEZONE-2026-0905-001
 Map: Henon a=1.4 b=0.3 | seed 89623471905588 | N = 100000000 | burn-in 10000 | binary64, Apple libm
 Byte = (mantissa >> P) & 0xFF, P in [0,44]; chi2 df=255, crit(0.01)=310.46
==============================================================

Stream x:
   P |          chi2 | verdict
-----|---------------|--------
   0 |    8030016.56 | FAIL
   1 |     251613.56 | FAIL
   2 |      73030.44 | FAIL
   3 |      19537.65 | FAIL
   4 |       5037.60 | FAIL
   5 |       1472.99 | FAIL
   6 |        588.63 | FAIL
   7 |        289.03 | PASS
   8 |        241.62 | PASS
   9 |        262.16 | PASS
  10 |        293.63 | PASS
  11 |        265.53 | PASS
  12 |        235.28 | PASS
  13 |        226.24 | PASS
  14 |        227.64 | PASS
  15 |        266.58 | PASS
  16 |        295.22 | PASS
  17 |        297.49 | PASS
  18 |        311.11 | FAIL
  19 |        299.35 | PASS
  20 |        251.57 | PASS
  21 |        252.81 | PASS
  22 |        218.61 | PASS
  23 |        262.96 | PASS
  24 |        287.40 | PASS
  25 |        288.81 | PASS
  26 |        276.21 | PASS
  27 |        274.21 | PASS
  28 |        277.54 | PASS
  29 |        333.03 | FAIL
  30 |        365.56 | FAIL
  31 |        385.80 | FAIL
  32 |        479.46 | FAIL
  33 |        788.83 | FAIL
  34 |       1749.75 | FAIL
  35 |       2925.32 | FAIL
  36 |       8322.80 | FAIL
  37 |      19472.19 | FAIL
  38 |      64366.78 | FAIL
  39 |      99697.76 | FAIL
  40 |     493552.04 | FAIL
  41 |     791318.56 | FAIL
  42 |    1678113.77 | FAIL
  43 |    5470716.04 | FAIL
  44 |   20620769.64 | FAIL
  => Safe Zone (byte-window start positions) for x: [7, 17] = 11 positions

Stream y:
   P |          chi2 | verdict
-----|---------------|--------
   0 |    1873180.86 | FAIL
   1 |     204587.00 | FAIL
   2 |      14241.90 | FAIL
   3 |       3809.63 | FAIL
   4 |       1199.86 | FAIL
   5 |        489.90 | FAIL
   6 |        316.27 | FAIL
   7 |        299.92 | PASS
   8 |        250.91 | PASS
   9 |        247.50 | PASS
  10 |        247.89 | PASS
  11 |        251.09 | PASS
  12 |        261.51 | PASS
  13 |        253.58 | PASS
  14 |        256.06 | PASS
  15 |        236.77 | PASS
  16 |        228.37 | PASS
  17 |        237.23 | PASS
  18 |        243.16 | PASS
  19 |        243.56 | PASS
  20 |        263.09 | PASS
  21 |        282.44 | PASS
  22 |        267.59 | PASS
  23 |        266.99 | PASS
  24 |        274.03 | PASS
  25 |        244.34 | PASS
  26 |        218.66 | PASS
  27 |        260.44 | PASS
  28 |        237.72 | PASS
  29 |        265.62 | PASS
  30 |        285.95 | PASS
  31 |        316.74 | FAIL
  32 |        407.72 | FAIL
  33 |        579.22 | FAIL
  34 |       1102.58 | FAIL
  35 |       2329.61 | FAIL
  36 |       5255.22 | FAIL
  37 |      22565.89 | FAIL
  38 |      36449.53 | FAIL
  39 |      65655.75 | FAIL
  40 |     277302.74 | FAIL
  41 |     543479.90 | FAIL
  42 |    1473354.07 | FAIL
  43 |    2980713.82 | FAIL
  44 |   15226948.36 | FAIL
  => Safe Zone (byte-window start positions) for y: [7, 30] = 24 positions

