==============================================================
 THIRD-MAP SAFE-ZONE SCAN (Paper 1 §3.3 byte-level protocol, unchanged)
 Doc ID: MCL-THIRDMAP-SAFEZONE-2026-0905-001
 Map: logistic r=3.99 | seed 89623471905588 | N = 100000000 | burn-in 10000 | binary64, Apple libm
 Byte = (mantissa >> P) & 0xFF, P in [0,44]; chi2 df=255, crit(0.01)=310.46
==============================================================

Stream x:
   P |          chi2 | verdict
-----|---------------|--------
   0 |       1278.76 | FAIL
   1 |       1428.53 | FAIL
   2 |       1559.04 | FAIL
   3 |       1738.74 | FAIL
   4 |       1665.67 | FAIL
   5 |       1923.70 | FAIL
   6 |       1926.66 | FAIL
   7 |       1728.11 | FAIL
   8 |       2185.34 | FAIL
   9 |       1943.49 | FAIL
  10 |       1567.09 | FAIL
  11 |       1552.92 | FAIL
  12 |       1490.83 | FAIL
  13 |       1633.07 | FAIL
  14 |       1550.25 | FAIL
  15 |       1520.66 | FAIL
  16 |       1503.27 | FAIL
  17 |       1590.25 | FAIL
  18 |       1431.02 | FAIL
  19 |       1526.18 | FAIL
  20 |       1493.79 | FAIL
  21 |       1509.09 | FAIL
  22 |       1413.64 | FAIL
  23 |       1437.22 | FAIL
  24 |       1565.05 | FAIL
  25 |       1672.38 | FAIL
  26 |       1669.86 | FAIL
  27 |       1640.34 | FAIL
  28 |       2079.99 | FAIL
  29 |       2613.67 | FAIL
  30 |       3070.16 | FAIL
  31 |       4039.27 | FAIL
  32 |       6257.95 | FAIL
  33 |      13703.44 | FAIL
  34 |      25316.05 | FAIL
  35 |      51235.44 | FAIL
  36 |      93920.99 | FAIL
  37 |     211851.33 | FAIL
  38 |     451026.02 | FAIL
  39 |     946871.35 | FAIL
  40 |    1714289.08 | FAIL
  41 |    3660070.84 | FAIL
  42 |    7789877.75 | FAIL
  43 |   12809067.02 | FAIL
  44 |   26922295.89 | FAIL
  => Safe Zone (byte-window start positions) for x: [-1, -2] = 0 positions

