==============================================================
 THIRD-MAP SAFE-ZONE SCAN (Paper 1 §3.3 byte-level protocol, unchanged)
 Doc ID: MCL-THIRDMAP-SAFEZONE-2026-0905-001
 Map: logistic r=4 (control) | seed 17320508075688 | N = 100000000 | burn-in 10000 | binary64, Apple libm
 Byte = (mantissa >> P) & 0xFF, P in [0,44]; chi2 df=255, crit(0.01)=310.46
==============================================================

Stream x:
   P |          chi2 | verdict
-----|---------------|--------
   0 |       1707.25 | FAIL
   1 |       1729.88 | FAIL
   2 |       1563.31 | FAIL
   3 |       1744.40 | FAIL
   4 |       1896.26 | FAIL
   5 |       1622.83 | FAIL
   6 |       1682.96 | FAIL
   7 |       1788.71 | FAIL
   8 |       1815.31 | FAIL
   9 |       1590.72 | FAIL
  10 |       1659.14 | FAIL
  11 |       1526.18 | FAIL
  12 |       1729.65 | FAIL
  13 |       1937.79 | FAIL
  14 |       1750.87 | FAIL
  15 |       1835.11 | FAIL
  16 |       1868.94 | FAIL
  17 |       1747.95 | FAIL
  18 |       1828.87 | FAIL
  19 |       1606.38 | FAIL
  20 |       1615.58 | FAIL
  21 |       1539.92 | FAIL
  22 |       1884.09 | FAIL
  23 |       1943.10 | FAIL
  24 |       2017.07 | FAIL
  25 |       1923.19 | FAIL
  26 |       1825.95 | FAIL
  27 |       1927.55 | FAIL
  28 |       2080.28 | FAIL
  29 |       2746.35 | FAIL
  30 |       3822.69 | FAIL
  31 |       5983.56 | FAIL
  32 |      10281.28 | FAIL
  33 |      18320.77 | FAIL
  34 |      33316.91 | FAIL
  35 |      63404.20 | FAIL
  36 |     122189.97 | FAIL
  37 |     239630.54 | FAIL
  38 |     478402.66 | FAIL
  39 |     952166.82 | FAIL
  40 |    1881170.65 | FAIL
  41 |    3646585.96 | FAIL
  42 |    7066962.46 | FAIL
  43 |   13463327.16 | FAIL
  44 |   25446134.00 | FAIL
  => Safe Zone (byte-window start positions) for x: [-1, -2] = 0 positions

