==============================================================
 THIRD-MAP SAFE-ZONE SCAN (Paper 1 §3.3 byte-level protocol, unchanged)
 Doc ID: MCL-THIRDMAP-SAFEZONE-2026-0905-001
 Map: logistic r=4 (control) | seed 27182818284590 | N = 100000000 | burn-in 10000 | binary64, Apple libm
 Byte = (mantissa >> P) & 0xFF, P in [0,44]; chi2 df=255, crit(0.01)=310.46
==============================================================

Stream x:
   P |          chi2 | verdict
-----|---------------|--------
   0 | 22501797629.68 | FAIL
   1 | 22501703361.33 | FAIL
   2 | 22501651897.60 | FAIL
   3 | 22501700474.03 | FAIL
   4 | 22501607649.35 | FAIL
   5 | 22501698551.49 | FAIL
   6 | 22501728371.00 | FAIL
   7 | 22501695664.14 | FAIL
   8 | 22501717788.90 | FAIL
   9 | 22501569654.05 | FAIL
  10 | 22501640354.77 | FAIL
  11 | 22501633622.86 | FAIL
  12 | 22501563403.92 | FAIL
  13 | 22501689415.47 | FAIL
  14 | 22501890937.72 | FAIL
  15 | 22501817347.90 | FAIL
  16 | 22501776468.03 | FAIL
  17 | 22501759633.89 | FAIL
  18 | 22501798110.50 | FAIL
  19 | 22501830336.63 | FAIL
  20 | 22501832260.87 | FAIL
  21 | 22501751461.80 | FAIL
  22 | 22501765888.58 | FAIL
  23 | 22501778873.88 | FAIL
  24 | 22501858713.31 | FAIL
  25 | 22501753864.19 | FAIL
  26 | 22501775989.97 | FAIL
  27 | 22501773104.79 | FAIL
  28 | 22501690380.14 | FAIL
  29 | 22501701443.39 | FAIL
  30 | 22501591788.48 | FAIL
  31 | 22501587468.16 | FAIL
  32 | 22501744755.18 | FAIL
  33 | 22501698615.70 | FAIL
  34 | 22501627011.85 | FAIL
  35 | 22501599221.42 | FAIL
  36 | 22501489325.54 | FAIL
  37 | 22501427723.33 | FAIL
  38 | 22501343942.10 | FAIL
  39 | 22501250905.98 | FAIL
  40 | 22501084511.78 | FAIL
  41 | 22500874602.31 | FAIL
  42 | 22500638037.32 | FAIL
  43 | 22500547615.71 | FAIL
  44 | 22500746706.78 | FAIL
  => Safe Zone (byte-window start positions) for x: [-1, -2] = 0 positions

