==============================================================
 THIRD-MAP SAFE-ZONE SCAN (Paper 1 §3.3 byte-level protocol, unchanged)
 Doc ID: MCL-THIRDMAP-SAFEZONE-2026-0905-001
 Map: logistic r=4 (control) | seed 89623471905588 | N = 100000000 | burn-in 10000 | binary64, Apple libm
 Byte = (mantissa >> P) & 0xFF, P in [0,44]; chi2 df=255, crit(0.01)=310.46
==============================================================

Stream x:
   P |          chi2 | verdict
-----|---------------|--------
   0 |       1245.92 | FAIL
   1 |       1167.11 | FAIL
   2 |       1289.99 | FAIL
   3 |       1130.10 | FAIL
   4 |       1256.20 | FAIL
   5 |       1230.56 | FAIL
   6 |       1259.39 | FAIL
   7 |       1134.77 | FAIL
   8 |       1252.70 | FAIL
   9 |       1202.53 | FAIL
  10 |       1100.53 | FAIL
  11 |       1147.90 | FAIL
  12 |       1216.08 | FAIL
  13 |       1216.71 | FAIL
  14 |       1161.81 | FAIL
  15 |       1052.89 | FAIL
  16 |       1001.28 | FAIL
  17 |       1054.11 | FAIL
  18 |       1081.48 | FAIL
  19 |       1110.88 | FAIL
  20 |       1328.05 | FAIL
  21 |       1398.76 | FAIL
  22 |       1410.43 | FAIL
  23 |       1424.33 | FAIL
  24 |       1508.37 | FAIL
  25 |       1434.73 | FAIL
  26 |       1444.94 | FAIL
  27 |       1768.33 | FAIL
  28 |       1776.08 | FAIL
  29 |       2183.07 | FAIL
  30 |       3228.26 | FAIL
  31 |       5229.91 | FAIL
  32 |       9254.77 | FAIL
  33 |      16533.31 | FAIL
  34 |      32124.36 | FAIL
  35 |      63398.57 | FAIL
  36 |     124691.78 | FAIL
  37 |     247404.96 | FAIL
  38 |     487264.47 | FAIL
  39 |     953598.06 | FAIL
  40 |    1870868.34 | FAIL
  41 |    3644383.86 | FAIL
  42 |    7064664.46 | FAIL
  43 |   13482265.98 | FAIL
  44 |   25462773.16 | FAIL
  => Safe Zone (byte-window start positions) for x: [-1, -2] = 0 positions

