==============================================================
 THIRD-MAP SAFE-ZONE SCAN (Paper 1 §3.3 byte-level protocol, unchanged)
 Doc ID: MCL-THIRDMAP-SAFEZONE-2026-0905-001
 Map: Chirikov standard map K=12 | seed 89623471905588 | N = 100000000 | burn-in 10000 | binary64, Apple libm
 Byte = (mantissa >> P) & 0xFF, P in [0,44]; chi2 df=255, crit(0.01)=310.46
==============================================================

Stream theta:
   P |          chi2 | verdict
-----|---------------|--------
   0 |  187735451.34 | FAIL
   1 |   60980599.72 | FAIL
   2 |   13927943.60 | FAIL
   3 |    2689966.52 | FAIL
   4 |     644367.33 | FAIL
   5 |     163218.37 | FAIL
   6 |      41244.75 | FAIL
   7 |      10328.83 | FAIL
   8 |       2915.97 | FAIL
   9 |        903.54 | FAIL
  10 |        451.09 | FAIL
  11 |        271.27 | PASS
  12 |        267.01 | PASS
  13 |        273.30 | PASS
  14 |        249.01 | PASS
  15 |        240.99 | PASS
  16 |        206.19 | PASS
  17 |        257.88 | PASS
  18 |        301.43 | PASS
  19 |        281.48 | PASS
  20 |        223.34 | PASS
  21 |        237.73 | PASS
  22 |        260.79 | PASS
  23 |        221.52 | PASS
  24 |        249.18 | PASS
  25 |        286.03 | PASS
  26 |        255.97 | PASS
  27 |        262.75 | PASS
  28 |        243.23 | PASS
  29 |        238.06 | PASS
  30 |        209.42 | PASS
  31 |        271.46 | PASS
  32 |        231.87 | PASS
  33 |        257.59 | PASS
  34 |        276.70 | PASS
  35 |        298.15 | PASS
  36 |        310.01 | PASS
  37 |        360.80 | FAIL
  38 |       2719.74 | FAIL
  39 |       7985.02 | FAIL
  40 |      17882.84 | FAIL
  41 |     158190.63 | FAIL
  42 |     518534.51 | FAIL
  43 |    1246112.41 | FAIL
  44 |    9960821.82 | FAIL
  => Safe Zone (byte-window start positions) for theta: [11, 36] = 26 positions

Stream p:
   P |          chi2 | verdict
-----|---------------|--------
   0 |  171004146.59 | FAIL
   1 |   58337827.90 | FAIL
   2 |   14890840.54 | FAIL
   3 |    3166102.30 | FAIL
   4 |     745656.93 | FAIL
   5 |     185409.93 | FAIL
   6 |      47070.64 | FAIL
   7 |      11872.68 | FAIL
   8 |       3282.32 | FAIL
   9 |       1024.02 | FAIL
  10 |        452.52 | FAIL
  11 |        309.36 | PASS
  12 |        275.42 | PASS
  13 |        263.20 | PASS
  14 |        260.40 | PASS
  15 |        228.11 | PASS
  16 |        230.27 | PASS
  17 |        265.15 | PASS
  18 |        226.97 | PASS
  19 |        226.70 | PASS
  20 |        234.73 | PASS
  21 |        207.81 | PASS
  22 |        240.55 | PASS
  23 |        241.20 | PASS
  24 |        244.06 | PASS
  25 |        214.11 | PASS
  26 |        258.22 | PASS
  27 |        255.39 | PASS
  28 |        211.45 | PASS
  29 |        239.98 | PASS
  30 |        229.78 | PASS
  31 |        242.00 | PASS
  32 |        222.56 | PASS
  33 |        252.84 | PASS
  34 |        219.66 | PASS
  35 |        270.44 | PASS
  36 |        287.86 | PASS
  37 |        395.58 | FAIL
  38 |       2602.39 | FAIL
  39 |       7767.21 | FAIL
  40 |      18870.80 | FAIL
  41 |     156142.70 | FAIL
  42 |     507888.80 | FAIL
  43 |    1239299.57 | FAIL
  44 |    9961564.98 | FAIL
  => Safe Zone (byte-window start positions) for p: [11, 36] = 26 positions

