XOR CONTROL | Doc ID MCL-XOR-CONTROL-2026-0905-001 | case 3: two independent Henon x_a XOR x_b | seed 70466644885213 (second seed 70450713122992) | N=100000000
   P |          chi2 | verdict
   0 |     668800.36 | FAIL
   1 |        404.50 | FAIL
   2 |        292.48 | PASS
   3 |        246.12 | PASS
   4 |        284.14 | PASS
   5 |        254.27 | PASS
   6 |        294.45 | PASS
   7 |        259.96 | PASS
   8 |        258.92 | PASS
   9 |        252.76 | PASS
  10 |        242.90 | PASS
  11 |        267.64 | PASS
  12 |        269.36 | PASS
  13 |        255.24 | PASS
  14 |        232.72 | PASS
  15 |        225.32 | PASS
  16 |        240.84 | PASS
  17 |        257.07 | PASS
  18 |        272.89 | PASS
  19 |        267.04 | PASS
  20 |        221.54 | PASS
  21 |        241.66 | PASS
  22 |        239.72 | PASS
  23 |        267.07 | PASS
  24 |        241.12 | PASS
  25 |        224.96 | PASS
  26 |        247.83 | PASS
  27 |        252.09 | PASS
  28 |        298.86 | PASS
  29 |        236.80 | PASS
  30 |        254.68 | PASS
  31 |        240.69 | PASS
  32 |        243.20 | PASS
  33 |        273.14 | PASS
  34 |        276.78 | PASS
  35 |        276.37 | PASS
  36 |        272.12 | PASS
  37 |        293.00 | PASS
  38 |        292.32 | PASS
  39 |        306.26 | PASS
  40 |        694.94 | FAIL
  41 |        839.45 | FAIL
  42 |       2552.86 | FAIL
  43 |      35262.92 | FAIL
  44 |     874968.23 | FAIL
  => XOR Safe Zone: [2, 39] = 38 positions
