XOR CONTROL | Doc ID MCL-XOR-CONTROL-2026-0905-001 | case 1: two independent standard maps theta_a XOR theta_b | seed 70466644885213 (second seed 70450713122992) | N=100000000
   P |          chi2 | verdict
   0 |   74286620.77 | FAIL
   1 |   13389914.85 | FAIL
   2 |     831567.42 | FAIL
   3 |      26511.47 | FAIL
   4 |       1555.94 | FAIL
   5 |        338.75 | FAIL
   6 |        300.04 | PASS
   7 |        271.98 | PASS
   8 |        284.43 | PASS
   9 |        263.46 | PASS
  10 |        259.80 | PASS
  11 |        252.61 | PASS
  12 |        298.19 | PASS
  13 |        273.67 | PASS
  14 |        242.53 | PASS
  15 |        246.85 | PASS
  16 |        246.88 | PASS
  17 |        288.57 | PASS
  18 |        295.47 | PASS
  19 |        298.88 | PASS
  20 |        240.08 | PASS
  21 |        227.87 | PASS
  22 |        195.89 | PASS
  23 |        221.92 | PASS
  24 |        247.90 | PASS
  25 |        261.73 | PASS
  26 |        277.79 | PASS
  27 |        300.16 | PASS
  28 |        278.04 | PASS
  29 |        252.07 | PASS
  30 |        280.03 | PASS
  31 |        239.31 | PASS
  32 |        259.55 | PASS
  33 |        281.26 | PASS
  34 |        282.79 | PASS
  35 |        286.35 | PASS
  36 |        303.93 | PASS
  37 |        301.79 | PASS
  38 |        288.30 | PASS
  39 |        297.63 | PASS
  40 |        307.07 | PASS
  41 |        389.94 | FAIL
  42 |        968.21 | FAIL
  43 |       2159.44 | FAIL
  44 |     564057.88 | FAIL
  => XOR Safe Zone: [6, 40] = 35 positions
