XOR CONTROL | Doc ID MCL-XOR-CONTROL-2026-0905-001 | case 2: Henon x XOR y (same orbit) | seed 12345678901234 (second seed 12368115583391) | N=100000000
   P |          chi2 | verdict
   0 |     115343.86 | FAIL
   1 |        381.34 | FAIL
   2 |        248.39 | PASS
   3 |        242.94 | PASS
   4 |        225.20 | PASS
   5 |        246.71 | PASS
   6 |        244.86 | PASS
   7 |        232.18 | PASS
   8 |        249.32 | PASS
   9 |        228.06 | PASS
  10 |        214.98 | PASS
  11 |        235.02 | PASS
  12 |        248.19 | PASS
  13 |        235.67 | PASS
  14 |        246.97 | PASS
  15 |        241.03 | PASS
  16 |        222.74 | PASS
  17 |        266.46 | PASS
  18 |        250.71 | PASS
  19 |        274.61 | PASS
  20 |        288.83 | PASS
  21 |        278.22 | PASS
  22 |        251.75 | PASS
  23 |        234.14 | PASS
  24 |        257.92 | PASS
  25 |        247.45 | PASS
  26 |        230.96 | PASS
  27 |        225.59 | PASS
  28 |        246.24 | PASS
  29 |        218.49 | PASS
  30 |        286.10 | PASS
  31 |        352.65 | FAIL
  32 |        471.71 | FAIL
  33 |        554.22 | FAIL
  34 |        717.17 | FAIL
  35 |       1698.34 | FAIL
  36 |       4221.08 | FAIL
  37 |      10462.38 | FAIL
  38 |      32433.94 | FAIL
  39 |      49146.53 | FAIL
  40 |     104002.05 | FAIL
  41 |     259474.37 | FAIL
  42 |     630044.79 | FAIL
  43 |    1346212.99 | FAIL
  44 |    3244762.42 | FAIL
  => XOR Safe Zone: [2, 30] = 29 positions
