XOR CONTROL | Doc ID MCL-XOR-CONTROL-2026-0905-001 | case 4: MCL theta1 XOR theta2 (positive control, engine v6.0.0) | seed 70466644885213 (second seed 70450713122992) | N=100000000
   P |          chi2 | verdict
   0 |   65350669.07 | FAIL
   1 |   13594789.55 | FAIL
   2 |    1051020.11 | FAIL
   3 |      40985.17 | FAIL
   4 |       2777.97 | FAIL
   5 |        464.36 | FAIL
   6 |        291.20 | PASS
   7 |        293.94 | PASS
   8 |        272.00 | PASS
   9 |        268.79 | PASS
  10 |        243.55 | PASS
  11 |        248.00 | PASS
  12 |        247.12 | PASS
  13 |        279.01 | PASS
  14 |        259.02 | PASS
  15 |        266.61 | PASS
  16 |        278.89 | PASS
  17 |        300.44 | PASS
  18 |        281.81 | PASS
  19 |        237.00 | PASS
  20 |        239.02 | PASS
  21 |        241.62 | PASS
  22 |        251.23 | PASS
  23 |        240.63 | PASS
  24 |        257.32 | PASS
  25 |        254.48 | PASS
  26 |        274.53 | PASS
  27 |        226.34 | PASS
  28 |        225.38 | PASS
  29 |        258.74 | PASS
  30 |        266.77 | PASS
  31 |        275.57 | PASS
  32 |        240.12 | PASS
  33 |        232.39 | PASS
  34 |        259.52 | PASS
  35 |        252.73 | PASS
  36 |        262.41 | PASS
  37 |        279.76 | PASS
  38 |        305.88 | PASS
  39 |        300.90 | PASS
  40 |        590.28 | FAIL
  41 |        801.54 | FAIL
  42 |       2413.58 | FAIL
  43 |       4557.66 | FAIL
  44 |     593133.10 | FAIL
  => XOR Safe Zone: [6, 39] = 34 positions
