[ok] fstep(henon,(3,5)) byte stream bit-identical to the engine class over 100000 bytes (200000 iterations)
henon a=1.0060: l1A=-0.0604 perA=4 | l1B=-0.0574 perB=4 | max|r_ens|=0.9949 rlag=1.0000 MI=2.0000 esc=0
henon a=1.0140: l1A=-0.0168 perA=4 | l1B=-0.0143 perB=4 | max|r_ens|=0.9878 rlag=1.0000 MI=2.0000 esc=0
henon a=1.0220: l1A=-0.0575 perA=8 | l1B=-0.0655 perB=8 | max|r_ens|=0.9846 rlag=1.0000 MI=2.7500 esc=0
henon a=1.0300: l1A=-0.0387 perA=8 | l1B=-0.0364 perB=8 | max|r_ens|=0.9856 rlag=1.0000 MI=2.7500 esc=0
henon a=1.0380: l1A=-0.0232 perA=8 | l1B=-0.0256 perB=8 | max|r_ens|=0.9875 rlag=1.0000 MI=2.7500 esc=0
henon a=1.0460: l1A=-0.0364 perA=8 | l1B=-0.0336 perB=8 | max|r_ens|=0.9805 rlag=1.0000 MI=2.0000 esc=0
henon a=1.0540: l1A=-0.0689 perA=8 | l1B=-0.0761 perB=8 | max|r_ens|=0.9749 rlag=1.0000 MI=2.5000 esc=0
henon a=1.0620: l1A=+0.0495 perA=0 | l1B=+0.0561 perB=0 | max|r_ens|=0.9225 rlag=0.9987 MI=2.5456 esc=0
henon a=1.0700: l1A=+0.0281 perA=0 | l1B=+0.0427 perB=0 | max|r_ens|=0.7698 rlag=1.0000 MI=2.7500 esc=0
henon a=1.0780: l1A=+0.0980 perA=0 | l1B=+0.0999 perB=0 | max|r_ens|=0.8631 rlag=0.9996 MI=2.7286 esc=0
henon a=1.0860: l1A=+0.1295 perA=0 | l1B=+0.1320 perB=0 | max|r_ens|=0.7749 rlag=0.9907 MI=2.0000 esc=0
henon a=1.0940: l1A=+0.1633 perA=0 | l1B=+0.1655 perB=0 | max|r_ens|=0.0574 rlag=0.8845 MI=1.0004 esc=0
henon a=1.1020: l1A=+0.1829 perA=0 | l1B=+0.1843 perB=0 | max|r_ens|=0.0892 rlag=0.8860 MI=1.0000 esc=0
henon a=1.1100: l1A=+0.1985 perA=0 | l1B=+0.1996 perB=0 | max|r_ens|=0.0600 rlag=0.8626 MI=0.9820 esc=0
henon a=1.1180: l1A=+0.2122 perA=0 | l1B=+0.2124 perB=0 | max|r_ens|=0.0668 rlag=0.8295 MI=0.9443 esc=0
henon a=1.1260: l1A=+0.2275 perA=0 | l1B=+0.2296 perB=0 | max|r_ens|=0.0810 rlag=0.7978 MI=0.8751 esc=0
henon a=1.1340: l1A=+0.2459 perA=0 | l1B=+0.2478 perB=0 | max|r_ens|=0.0759 rlag=0.7456 MI=0.7696 esc=0
henon a=1.1420: l1A=+0.2638 perA=0 | l1B=+0.2658 perB=0 | max|r_ens|=0.0786 rlag=0.0178 MI=0.0004 esc=0
henon a=1.1500: l1A=+0.2805 perA=0 | l1B=+0.2811 perB=0 | max|r_ens|=0.0507 rlag=0.0155 MI=-0.0000 esc=0
henon a=1.1580: l1A=+0.2940 perA=0 | l1B=+0.2939 perB=0 | max|r_ens|=0.0585 rlag=0.0178 MI=-0.0000 esc=0
henon a=1.1660: l1A=+0.3039 perA=0 | l1B=+0.3045 perB=0 | max|r_ens|=0.0508 rlag=0.0085 MI=-0.0003 esc=0
henon a=1.1740: l1A=+0.3127 perA=0 | l1B=+0.3123 perB=0 | max|r_ens|=0.0602 rlag=0.0206 MI=0.0005 esc=0
henon a=1.1820: l1A=+0.3174 perA=0 | l1B=+0.3165 perB=0 | max|r_ens|=0.0625 rlag=0.0224 MI=0.0000 esc=0
henon a=1.1900: l1A=+0.3213 perA=0 | l1B=+0.3212 perB=0 | max|r_ens|=0.0833 rlag=0.0216 MI=-0.0000 esc=0
henon a=1.1980: l1A=+0.3265 perA=0 | l1B=+0.3269 perB=0 | max|r_ens|=0.0667 rlag=0.0136 MI=0.0001 esc=0
henon a=1.2060: l1A=+0.3311 perA=0 | l1B=+0.3318 perB=0 | max|r_ens|=0.0642 rlag=0.0167 MI=-0.0001 esc=0
henon a=1.2140: l1A=+0.3286 perA=0 | l1B=+0.3274 perB=0 | max|r_ens|=0.0578 rlag=0.0105 MI=0.0001 esc=0
henon a=1.2220: l1A=+0.3025 perA=0 | l1B=+0.3004 perB=0 | max|r_ens|=0.0621 rlag=0.0113 MI=0.0003 esc=0
henon a=1.2300: l1A=-0.1930 perA=7 | l1B=-0.1828 perB=7 | max|r_ens|=0.3485 rlag=0.9994 MI=2.5217 esc=0
henon a=1.2380: l1A=-0.0570 perA=14 | l1B=-0.1294 perB=7 | max|r_ens|=0.5578 rlag=0.9964 MI=2.6645 esc=0
henon a=1.2460: l1A=-0.1213 perA=14 | l1B=-0.1650 perB=14 | max|r_ens|=0.4765 rlag=1.0000 MI=2.8074 esc=0
henon a=1.2540: l1A=-0.0109 perA=28 | l1B=-0.0727 perB=14 | max|r_ens|=0.4862 rlag=0.9993 MI=2.6551 esc=0
henon a=1.2620: l1A=-0.0071 perA=42 | l1B=+0.0393 perB=0 | max|r_ens|=0.5397 rlag=0.9976 MI=2.3416 esc=0
henon a=1.2700: l1A=+0.1994 perA=0 | l1B=+0.2029 perB=0 | max|r_ens|=0.0579 rlag=0.0194 MI=0.0025 esc=0
henon a=1.2780: l1A=+0.2692 perA=0 | l1B=+0.2696 perB=0 | max|r_ens|=0.0642 rlag=0.0135 MI=0.0006 esc=0
henon a=1.2860: l1A=+0.3004 perA=0 | l1B=+0.3028 perB=0 | max|r_ens|=0.0579 rlag=0.0129 MI=0.0004 esc=0
henon a=1.2940: l1A=+0.3226 perA=0 | l1B=+0.3228 perB=0 | max|r_ens|=0.0600 rlag=0.0108 MI=0.0005 esc=0
henon a=1.3020: l1A=+0.3428 perA=0 | l1B=+0.3442 perB=0 | max|r_ens|=0.0627 rlag=0.0138 MI=0.0002 esc=0
henon a=1.3100: l1A=+0.3511 perA=0 | l1B=-0.0992 perB=7 | max|r_ens|=0.0598 rlag=0.0078 MI=0.0005 esc=0
henon a=1.3180: l1A=+0.3590 perA=0 | l1B=+0.3612 perB=0 | max|r_ens|=0.0620 rlag=0.0133 MI=0.0005 esc=0
henon a=1.3260: l1A=+0.3681 perA=0 | l1B=+0.3691 perB=0 | max|r_ens|=0.0646 rlag=0.0106 MI=0.0004 esc=0
henon a=1.3340: l1A=+0.3755 perA=0 | l1B=+0.3755 perB=0 | max|r_ens|=0.0673 rlag=0.0149 MI=0.0005 esc=0
henon a=1.3420: l1A=+0.3822 perA=0 | l1B=+0.3812 perB=0 | max|r_ens|=0.0766 rlag=0.0114 MI=0.0001 esc=0
henon a=1.3500: l1A=+0.3840 perA=0 | l1B=+0.3851 perB=0 | max|r_ens|=0.0675 rlag=0.0113 MI=-0.0000 esc=0
henon a=1.3580: l1A=+0.3878 perA=0 | l1B=+0.3864 perB=0 | max|r_ens|=0.0573 rlag=0.0109 MI=0.0000 esc=0
henon a=1.3660: l1A=+0.3927 perA=0 | l1B=+0.3909 perB=0 | max|r_ens|=0.0644 rlag=0.0128 MI=0.0001 esc=0
henon a=1.3740: l1A=+0.3992 perA=0 | l1B=+0.3984 perB=0 | max|r_ens|=0.0615 rlag=0.0084 MI=-0.0002 esc=0
henon a=1.3820: l1A=+0.4111 perA=0 | l1B=+0.4091 perB=0 | max|r_ens|=0.0736 rlag=0.0093 MI=0.0004 esc=0
henon a=1.3900: l1A=+0.4190 perA=0 | l1B=+0.4206 perB=0 | max|r_ens|=0.0691 rlag=0.0107 MI=0.0003 esc=0
henon a=1.3980: l1A=+0.4257 perA=0 | l1B=+0.4261 perB=0 | max|r_ens|=0.0528 rlag=0.0118 MI=0.0001 esc=0
