[ok] fstep(henon,(3,5)) byte stream bit-identical to the engine class over 100000 bytes (200000 iterations)
henon a=1.0040: l1A=-0.0726 perA=4 | l1B=-0.0695 perB=4 | max|r_ens|=0.9841 rlag=1.0000 MI=2.0000 esc=0
henon a=1.0120: l1A=-0.0270 perA=4 | l1B=-0.0244 perB=4 | max|r_ens|=0.9886 rlag=1.0000 MI=2.0000 esc=0
henon a=1.0200: l1A=-0.0268 perA=8 | l1B=-0.0330 perB=8 | max|r_ens|=0.9939 rlag=1.0000 MI=2.5000 esc=0
henon a=1.0280: l1A=-0.0483 perA=8 | l1B=-0.0458 perB=8 | max|r_ens|=0.9883 rlag=1.0000 MI=2.7500 esc=0
henon a=1.0360: l1A=-0.0191 perA=8 | l1B=-0.0193 perB=8 | max|r_ens|=0.9827 rlag=1.0000 MI=2.7500 esc=0
henon a=1.0440: l1A=-0.0273 perA=8 | l1B=-0.0357 perB=8 | max|r_ens|=0.9840 rlag=1.0000 MI=2.0000 esc=0
henon a=1.0520: l1A=-0.0461 perA=8 | l1B=-0.0509 perB=8 | max|r_ens|=0.9727 rlag=1.0000 MI=2.2500 esc=0
henon a=1.0600: l1A=+0.0444 perA=0 | l1B=+0.0465 perB=0 | max|r_ens|=0.9423 rlag=0.9992 MI=2.6291 esc=0
henon a=1.0680: l1A=+0.0384 perA=0 | l1B=+0.0453 perB=0 | max|r_ens|=0.8188 rlag=1.0000 MI=2.7500 esc=0
henon a=1.0760: l1A=+0.0928 perA=0 | l1B=+0.0970 perB=0 | max|r_ens|=0.8601 rlag=0.9998 MI=2.7500 esc=0
henon a=1.0840: l1A=+0.1118 perA=0 | l1B=+0.1154 perB=0 | max|r_ens|=0.7796 rlag=0.9909 MI=2.0001 esc=0
henon a=1.0920: l1A=+0.1601 perA=0 | l1B=+0.1609 perB=0 | max|r_ens|=0.0501 rlag=0.8857 MI=1.0023 esc=0
henon a=1.1000: l1A=+0.1768 perA=0 | l1B=+0.1782 perB=0 | max|r_ens|=0.0502 rlag=0.8861 MI=1.0002 esc=0
henon a=1.1080: l1A=+0.1946 perA=0 | l1B=+0.1956 perB=0 | max|r_ens|=0.0626 rlag=0.8682 MI=0.9895 esc=0
henon a=1.1160: l1A=+0.2073 perA=0 | l1B=+0.2088 perB=0 | max|r_ens|=0.0701 rlag=0.8405 MI=0.9598 esc=0
henon a=1.1240: l1A=+0.2236 perA=0 | l1B=+0.2240 perB=0 | max|r_ens|=0.0657 rlag=0.8027 MI=0.8934 esc=0
henon a=1.1320: l1A=+0.2413 perA=0 | l1B=+0.2435 perB=0 | max|r_ens|=0.0652 rlag=0.7608 MI=0.8002 esc=0
henon a=1.1400: l1A=+0.2600 perA=0 | l1B=+0.2614 perB=0 | max|r_ens|=0.0512 rlag=0.0921 MI=0.0087 esc=0
henon a=1.1480: l1A=+0.2759 perA=0 | l1B=+0.2771 perB=0 | max|r_ens|=0.0654 rlag=0.0052 MI=0.0001 esc=0
henon a=1.1560: l1A=+0.2907 perA=0 | l1B=+0.2919 perB=0 | max|r_ens|=0.0631 rlag=0.0099 MI=0.0005 esc=0
henon a=1.1640: l1A=+0.3026 perA=0 | l1B=+0.3032 perB=0 | max|r_ens|=0.0734 rlag=0.0243 MI=0.0002 esc=0
henon a=1.1720: l1A=+0.3104 perA=0 | l1B=+0.3107 perB=0 | max|r_ens|=0.0573 rlag=0.0136 MI=-0.0000 esc=0
henon a=1.1800: l1A=+0.3148 perA=0 | l1B=+0.3150 perB=0 | max|r_ens|=0.0631 rlag=0.0175 MI=-0.0003 esc=0
henon a=1.1880: l1A=+0.3199 perA=0 | l1B=+0.3206 perB=0 | max|r_ens|=0.0546 rlag=0.0218 MI=0.0007 esc=0
henon a=1.1960: l1A=+0.3237 perA=0 | l1B=+0.3241 perB=0 | max|r_ens|=0.0617 rlag=0.0178 MI=-0.0003 esc=0
henon a=1.2040: l1A=+0.3299 perA=0 | l1B=+0.3301 perB=0 | max|r_ens|=0.0783 rlag=0.0158 MI=0.0004 esc=0
henon a=1.2120: l1A=+0.3305 perA=0 | l1B=+0.3300 perB=0 | max|r_ens|=0.0583 rlag=0.0124 MI=-0.0001 esc=0
henon a=1.2200: l1A=+0.3148 perA=0 | l1B=+0.3139 perB=0 | max|r_ens|=0.0615 rlag=0.0162 MI=-0.0001 esc=0
henon a=1.2280: l1A=-0.1709 perA=7 | l1B=-0.1168 perB=7 | max|r_ens|=0.2952 rlag=0.9994 MI=2.5217 esc=0
henon a=1.2360: l1A=-0.1369 perA=7 | l1B=-0.0305 perB=7 | max|r_ens|=0.5326 rlag=0.9996 MI=2.8074 esc=0
henon a=1.2440: l1A=-0.0478 perA=14 | l1B=-0.0603 perB=14 | max|r_ens|=0.4082 rlag=0.9975 MI=2.8074 esc=0
henon a=1.2520: l1A=-0.0034 perA=14 | l1B=-0.0876 perB=14 | max|r_ens|=0.5377 rlag=0.9994 MI=2.9503 esc=0
henon a=1.2600: l1A=+0.0675 perA=0 | l1B=-0.0091 perB=70 | max|r_ens|=0.5266 rlag=0.9975 MI=2.3877 esc=0
henon a=1.2680: l1A=+0.1713 perA=0 | l1B=+0.1773 perB=0 | max|r_ens|=0.0480 rlag=0.0288 MI=0.0049 esc=0
henon a=1.2760: l1A=+0.2534 perA=0 | l1B=+0.2608 perB=0 | max|r_ens|=0.0671 rlag=0.0172 MI=0.0006 esc=0
henon a=1.2840: l1A=+0.2943 perA=0 | l1B=+0.2997 perB=0 | max|r_ens|=0.0704 rlag=0.0210 MI=0.0001 esc=0
henon a=1.2920: l1A=+0.3190 perA=0 | l1B=+0.3191 perB=0 | max|r_ens|=0.0726 rlag=0.0095 MI=-0.0003 esc=0
henon a=1.3000: l1A=+0.3386 perA=0 | l1B=+0.3389 perB=0 | max|r_ens|=0.0648 rlag=0.0109 MI=0.0004 esc=0
henon a=1.3080: l1A=+0.3522 perA=0 | l1B=+0.3502 perB=0 | max|r_ens|=0.0547 rlag=0.0145 MI=-0.0001 esc=0
henon a=1.3160: l1A=+0.0409 perA=0 | l1B=+0.0508 perB=0 | max|r_ens|=0.0576 rlag=0.9978 MI=2.7907 esc=0
henon a=1.3240: l1A=+0.3667 perA=0 | l1B=+0.3668 perB=0 | max|r_ens|=0.0625 rlag=0.0121 MI=0.0006 esc=0
henon a=1.3320: l1A=+0.3732 perA=0 | l1B=+0.3737 perB=0 | max|r_ens|=0.0582 rlag=0.0130 MI=0.0003 esc=0
henon a=1.3400: l1A=+0.3803 perA=0 | l1B=+0.3801 perB=0 | max|r_ens|=0.0593 rlag=0.0152 MI=-0.0001 esc=0
henon a=1.3480: l1A=+0.3834 perA=0 | l1B=+0.3837 perB=0 | max|r_ens|=0.0542 rlag=0.0101 MI=0.0002 esc=0
henon a=1.3560: l1A=+0.3856 perA=0 | l1B=+0.3875 perB=0 | max|r_ens|=0.0756 rlag=0.0111 MI=0.0001 esc=0
henon a=1.3640: l1A=+0.3926 perA=0 | l1B=+0.3912 perB=0 | max|r_ens|=0.0706 rlag=0.0141 MI=0.0002 esc=0
henon a=1.3720: l1A=+0.3988 perA=0 | l1B=+0.3977 perB=0 | max|r_ens|=0.0591 rlag=0.0106 MI=-0.0002 esc=0
henon a=1.3800: l1A=+0.4070 perA=0 | l1B=+0.4067 perB=0 | max|r_ens|=0.0832 rlag=0.0107 MI=0.0001 esc=0
henon a=1.3880: l1A=+0.4164 perA=0 | l1B=+0.4174 perB=0 | max|r_ens|=0.0634 rlag=0.0114 MI=0.0005 esc=0
henon a=1.3960: l1A=+0.4226 perA=0 | l1B=+0.4251 perB=0 | max|r_ens|=0.0635 rlag=0.0106 MI=-0.0001 esc=0
