[ok] fstep(henon,(3,5)) byte stream bit-identical to the engine class over 100000 bytes (200000 iterations)
henon a=1.0010: l1A=-0.0920 perA=4 | l1B=-0.0887 perB=4 | max|r_ens|=0.9901 rlag=1.0000 MI=2.0000 esc=0
henon a=1.0090: l1A=-0.0431 perA=4 | l1B=-0.0404 perB=4 | max|r_ens|=0.9959 rlag=1.0000 MI=2.0000 esc=0
henon a=1.0170: l1A=-0.0022 perA=4 | l1B=-0.0003 perB=0 | max|r_ens|=0.9896 rlag=1.0000 MI=2.0000 esc=0
henon a=1.0250: l1A=-0.0666 perA=8 | l1B=-0.0626 perB=8 | max|r_ens|=0.9877 rlag=1.0000 MI=2.7500 esc=0
henon a=1.0330: l1A=-0.0261 perA=8 | l1B=-0.0244 perB=8 | max|r_ens|=0.9843 rlag=1.0000 MI=2.7500 esc=0
henon a=1.0410: l1A=-0.0057 perA=4 | l1B=-0.0028 perB=4 | max|r_ens|=0.9801 rlag=1.0000 MI=2.0000 esc=0
henon a=1.0490: l1A=-0.0298 perA=8 | l1B=-0.0309 perB=8 | max|r_ens|=0.9728 rlag=1.0000 MI=2.0000 esc=0
henon a=1.0570: l1A=-0.1239 perA=8 | l1B=-0.1157 perB=8 | max|r_ens|=0.9426 rlag=1.0000 MI=2.5000 esc=0
henon a=1.0650: l1A=+0.0922 perA=0 | l1B=+0.0974 perB=0 | max|r_ens|=0.8806 rlag=0.9896 MI=2.0584 esc=0
henon a=1.0730: l1A=+0.0580 perA=0 | l1B=+0.0710 perB=0 | max|r_ens|=0.8980 rlag=1.0000 MI=2.7500 esc=0
henon a=1.0810: l1A=+0.0936 perA=0 | l1B=+0.0949 perB=0 | max|r_ens|=0.8540 rlag=0.9989 MI=2.5656 esc=0
henon a=1.0890: l1A=+0.1442 perA=0 | l1B=+0.1457 perB=0 | max|r_ens|=0.6517 rlag=0.9894 MI=2.0000 esc=0
henon a=1.0970: l1A=+0.1691 perA=0 | l1B=+0.1697 perB=0 | max|r_ens|=0.0545 rlag=0.8863 MI=0.9999 esc=0
henon a=1.1050: l1A=+0.1890 perA=0 | l1B=+0.1897 perB=0 | max|r_ens|=0.0618 rlag=0.8804 MI=0.9974 esc=0
henon a=1.1130: l1A=+0.2038 perA=0 | l1B=+0.2063 perB=0 | max|r_ens|=0.0743 rlag=0.8532 MI=0.9755 esc=0
henon a=1.1210: l1A=+0.2175 perA=0 | l1B=+0.2181 perB=0 | max|r_ens|=0.0818 rlag=0.8127 MI=0.9191 esc=0
henon a=1.1290: l1A=+0.2347 perA=0 | l1B=+0.2359 perB=0 | max|r_ens|=0.0499 rlag=0.7808 MI=0.8361 esc=0
henon a=1.1370: l1A=+0.2546 perA=0 | l1B=+0.2547 perB=0 | max|r_ens|=0.0787 rlag=0.0753 MI=0.0069 esc=0
henon a=1.1450: l1A=+0.2697 perA=0 | l1B=+0.2718 perB=0 | max|r_ens|=0.0635 rlag=0.0118 MI=0.0005 esc=0
henon a=1.1530: l1A=+0.2848 perA=0 | l1B=+0.2857 perB=0 | max|r_ens|=0.0627 rlag=0.0232 MI=-0.0002 esc=0
henon a=1.1610: l1A=+0.2968 perA=0 | l1B=+0.2991 perB=0 | max|r_ens|=0.0788 rlag=0.0138 MI=0.0001 esc=0
henon a=1.1690: l1A=+0.3069 perA=0 | l1B=+0.3079 perB=0 | max|r_ens|=0.0582 rlag=0.0174 MI=0.0000 esc=0
henon a=1.1770: l1A=+0.3143 perA=0 | l1B=+0.3147 perB=0 | max|r_ens|=0.0560 rlag=0.0217 MI=0.0006 esc=0
henon a=1.1850: l1A=+0.3184 perA=0 | l1B=+0.3184 perB=0 | max|r_ens|=0.0647 rlag=0.0155 MI=-0.0003 esc=0
henon a=1.1930: l1A=+0.3246 perA=0 | l1B=+0.3226 perB=0 | max|r_ens|=0.0666 rlag=0.0139 MI=-0.0002 esc=0
henon a=1.2010: l1A=+0.3282 perA=0 | l1B=+0.3286 perB=0 | max|r_ens|=0.0588 rlag=0.0077 MI=0.0001 esc=0
henon a=1.2090: l1A=+0.3321 perA=0 | l1B=+0.3317 perB=0 | max|r_ens|=0.0699 rlag=0.0152 MI=0.0005 esc=0
henon a=1.2170: l1A=+0.3263 perA=0 | l1B=+0.3246 perB=0 | max|r_ens|=0.0703 rlag=0.0156 MI=0.0000 esc=0
henon a=1.2250: l1A=-0.1409 perA=7 | l1B=-0.2322 perB=7 | max|r_ens|=0.1093 rlag=0.9998 MI=2.8074 esc=0
henon a=1.2330: l1A=-0.0179 perA=7 | l1B=-0.0542 perB=7 | max|r_ens|=0.4641 rlag=1.0000 MI=2.2360 esc=0
henon a=1.2410: l1A=-0.0006 perA=0 | l1B=-0.1100 perB=7 | max|r_ens|=0.5700 rlag=0.9995 MI=2.5217 esc=0
henon a=1.2490: l1A=-0.0760 perA=14 | l1B=-0.0586 perB=14 | max|r_ens|=0.4507 rlag=0.9966 MI=2.6645 esc=0
henon a=1.2570: l1A=-0.0113 perA=28 | l1B=-0.0572 perB=28 | max|r_ens|=0.4939 rlag=0.9942 MI=2.6645 esc=0
henon a=1.2650: l1A=+0.0115 perA=0 | l1B=+0.0582 perB=0 | max|r_ens|=0.5279 rlag=0.9962 MI=2.6195 esc=0
henon a=1.2730: l1A=+0.2181 perA=0 | l1B=+0.2251 perB=0 | max|r_ens|=0.0717 rlag=0.0208 MI=0.0013 esc=0
henon a=1.2810: l1A=+0.2836 perA=0 | l1B=+0.2861 perB=0 | max|r_ens|=0.0656 rlag=0.0164 MI=0.0002 esc=0
henon a=1.2890: l1A=+0.3118 perA=0 | l1B=+0.3102 perB=0 | max|r_ens|=0.0699 rlag=0.0141 MI=0.0006 esc=0
henon a=1.2970: l1A=+0.3299 perA=0 | l1B=+0.3347 perB=0 | max|r_ens|=0.0660 rlag=0.0172 MI=0.0001 esc=0
henon a=1.3050: l1A=+0.3470 perA=0 | l1B=+0.3516 perB=0 | max|r_ens|=0.0812 rlag=0.0126 MI=-0.0001 esc=0
henon a=1.3130: l1A=-0.0482 perA=7 | l1B=+0.1801 perB=0 | max|r_ens|=0.0562 rlag=0.4747 MI=0.8856 esc=0
henon a=1.3210: l1A=+0.3628 perA=0 | l1B=+0.3631 perB=0 | max|r_ens|=0.0554 rlag=0.0111 MI=-0.0005 esc=0
henon a=1.3290: l1A=+0.3699 perA=0 | l1B=+0.3725 perB=0 | max|r_ens|=0.0558 rlag=0.0149 MI=0.0003 esc=0
henon a=1.3370: l1A=+0.3773 perA=0 | l1B=+0.3773 perB=0 | max|r_ens|=0.0601 rlag=0.0107 MI=0.0004 esc=0
henon a=1.3450: l1A=+0.3833 perA=0 | l1B=+0.3814 perB=0 | max|r_ens|=0.0679 rlag=0.0098 MI=0.0001 esc=0
henon a=1.3530: l1A=+0.3847 perA=0 | l1B=+0.3830 perB=0 | max|r_ens|=0.0596 rlag=0.0090 MI=0.0004 esc=0
henon a=1.3610: l1A=+0.3881 perA=0 | l1B=+0.3906 perB=0 | max|r_ens|=0.0704 rlag=0.0150 MI=0.0004 esc=0
henon a=1.3690: l1A=+0.3941 perA=0 | l1B=+0.3948 perB=0 | max|r_ens|=0.0768 rlag=0.0102 MI=0.0002 esc=0
henon a=1.3770: l1A=+0.4023 perA=0 | l1B=+0.4016 perB=0 | max|r_ens|=0.0552 rlag=0.0121 MI=-0.0002 esc=0
henon a=1.3850: l1A=+0.4130 perA=0 | l1B=+0.4134 perB=0 | max|r_ens|=0.0560 rlag=0.0137 MI=0.0004 esc=0
henon a=1.3930: l1A=+0.4210 perA=0 | l1B=+0.4215 perB=0 | max|r_ens|=0.0529 rlag=0.0076 MI=0.0003 esc=0
