[ok] fstep(henon,(3,5)) byte stream bit-identical to the engine class over 100000 bytes (200000 iterations)
henon a=1.0050: l1A=-0.0664 perA=4 | l1B=-0.0634 perB=4 | max|r_ens|=0.9887 rlag=1.0000 MI=2.0000 esc=0
henon a=1.0130: l1A=-0.0219 perA=4 | l1B=-0.0193 perB=4 | max|r_ens|=0.9896 rlag=1.0000 MI=2.0000 esc=0
henon a=1.0210: l1A=-0.0398 perA=8 | l1B=-0.0475 perB=8 | max|r_ens|=0.9871 rlag=1.0000 MI=2.5000 esc=0
henon a=1.0290: l1A=-0.0434 perA=8 | l1B=-0.0410 perB=8 | max|r_ens|=0.9840 rlag=1.0000 MI=2.7500 esc=0
henon a=1.0370: l1A=-0.0200 perA=8 | l1B=-0.0213 perB=8 | max|r_ens|=0.9852 rlag=1.0000 MI=2.7500 esc=0
henon a=1.0450: l1A=-0.0382 perA=8 | l1B=-0.0410 perB=8 | max|r_ens|=0.9771 rlag=1.0000 MI=2.0000 esc=0
henon a=1.0530: l1A=-0.0563 perA=8 | l1B=-0.0623 perB=8 | max|r_ens|=0.9682 rlag=1.0000 MI=2.5000 esc=0
henon a=1.0610: l1A=+0.0090 perA=0 | l1B=+0.0481 perB=0 | max|r_ens|=0.9509 rlag=0.9989 MI=2.5656 esc=0
henon a=1.0690: l1A=-0.0019 perA=32 | l1B=+0.0186 perB=0 | max|r_ens|=0.7940 rlag=1.0000 MI=2.7500 esc=0
henon a=1.0770: l1A=+0.0915 perA=0 | l1B=+0.0923 perB=0 | max|r_ens|=0.8543 rlag=0.9997 MI=2.7500 esc=0
henon a=1.0850: l1A=+0.1211 perA=0 | l1B=+0.1267 perB=0 | max|r_ens|=0.7595 rlag=0.9913 MI=2.0005 esc=0
henon a=1.0930: l1A=+0.1615 perA=0 | l1B=+0.1622 perB=0 | max|r_ens|=0.0489 rlag=0.8838 MI=1.0007 esc=0
henon a=1.1010: l1A=+0.1802 perA=0 | l1B=+0.1817 perB=0 | max|r_ens|=0.0533 rlag=0.8869 MI=1.0000 esc=0
henon a=1.1090: l1A=+0.1957 perA=0 | l1B=+0.1976 perB=0 | max|r_ens|=0.0687 rlag=0.8632 MI=0.9830 esc=0
henon a=1.1170: l1A=+0.2099 perA=0 | l1B=+0.2101 perB=0 | max|r_ens|=0.0615 rlag=0.8321 MI=0.9485 esc=0
henon a=1.1250: l1A=+0.2254 perA=0 | l1B=+0.2260 perB=0 | max|r_ens|=0.0588 rlag=0.7964 MI=0.8777 esc=0
henon a=1.1330: l1A=+0.2442 perA=0 | l1B=+0.2463 perB=0 | max|r_ens|=0.0640 rlag=0.7539 MI=0.7881 esc=0
henon a=1.1410: l1A=+0.2632 perA=0 | l1B=+0.2631 perB=0 | max|r_ens|=0.0580 rlag=0.1228 MI=0.0157 esc=0
henon a=1.1490: l1A=+0.2788 perA=0 | l1B=+0.2791 perB=0 | max|r_ens|=0.0635 rlag=0.0150 MI=-0.0002 esc=0
henon a=1.1570: l1A=+0.2921 perA=0 | l1B=+0.2931 perB=0 | max|r_ens|=0.0630 rlag=0.0135 MI=-0.0004 esc=0
henon a=1.1650: l1A=+0.3025 perA=0 | l1B=+0.3037 perB=0 | max|r_ens|=0.0808 rlag=0.0128 MI=0.0003 esc=0
henon a=1.1730: l1A=+0.3117 perA=0 | l1B=+0.3124 perB=0 | max|r_ens|=0.0651 rlag=0.0116 MI=-0.0002 esc=0
henon a=1.1810: l1A=+0.3157 perA=0 | l1B=+0.3159 perB=0 | max|r_ens|=0.0744 rlag=0.0155 MI=0.0002 esc=0
henon a=1.1890: l1A=+0.3213 perA=0 | l1B=+0.3199 perB=0 | max|r_ens|=0.0569 rlag=0.0192 MI=-0.0004 esc=0
henon a=1.1970: l1A=+0.3260 perA=0 | l1B=+0.3268 perB=0 | max|r_ens|=0.0611 rlag=0.0195 MI=-0.0002 esc=0
henon a=1.2050: l1A=+0.3298 perA=0 | l1B=+0.3293 perB=0 | max|r_ens|=0.0710 rlag=0.0180 MI=-0.0003 esc=0
henon a=1.2130: l1A=+0.3293 perA=0 | l1B=+0.3284 perB=0 | max|r_ens|=0.0719 rlag=0.0121 MI=-0.0003 esc=0
henon a=1.2210: l1A=+0.3102 perA=0 | l1B=+0.3115 perB=0 | max|r_ens|=0.0496 rlag=0.0151 MI=0.0003 esc=0
henon a=1.2290: l1A=-0.2219 perA=7 | l1B=-0.0998 perB=7 | max|r_ens|=0.2873 rlag=0.9998 MI=2.5217 esc=0
henon a=1.2370: l1A=-0.1338 perA=7 | l1B=-0.0982 perB=14 | max|r_ens|=0.5292 rlag=0.9967 MI=2.6645 esc=0
henon a=1.2450: l1A=-0.0374 perA=7 | l1B=-0.0946 perB=14 | max|r_ens|=0.4495 rlag=0.9939 MI=2.8074 esc=0
henon a=1.2530: l1A=-0.1045 perA=14 | l1B=-0.1155 perB=14 | max|r_ens|=0.5042 rlag=1.0000 MI=2.8074 esc=0
henon a=1.2610: l1A=+0.0183 perA=0 | l1B=+0.0283 perB=0 | max|r_ens|=0.5396 rlag=0.9930 MI=2.6914 esc=0
henon a=1.2690: l1A=+0.1831 perA=0 | l1B=+0.1880 perB=0 | max|r_ens|=0.0624 rlag=0.0105 MI=0.0010 esc=0
henon a=1.2770: l1A=+0.2587 perA=0 | l1B=+0.2620 perB=0 | max|r_ens|=0.0541 rlag=0.0268 MI=0.0017 esc=0
henon a=1.2850: l1A=+0.2993 perA=0 | l1B=+0.3002 perB=0 | max|r_ens|=0.0570 rlag=0.0193 MI=0.0002 esc=0
henon a=1.2930: l1A=+0.3195 perA=0 | l1B=+0.3214 perB=0 | max|r_ens|=0.0738 rlag=0.0124 MI=-0.0002 esc=0
henon a=1.3010: l1A=+0.3403 perA=0 | l1B=+0.3407 perB=0 | max|r_ens|=0.0602 rlag=0.0104 MI=0.0003 esc=0
henon a=1.3090: l1A=+0.3513 perA=0 | l1B=+0.3500 perB=0 | max|r_ens|=0.0785 rlag=0.0108 MI=0.0001 esc=0
henon a=1.3170: l1A=+0.3328 perA=0 | l1B=+0.3595 perB=0 | max|r_ens|=0.0581 rlag=0.0129 MI=0.0007 esc=0
henon a=1.3250: l1A=+0.3669 perA=0 | l1B=+0.3675 perB=0 | max|r_ens|=0.0656 rlag=0.0081 MI=0.0002 esc=0
henon a=1.3330: l1A=+0.3757 perA=0 | l1B=+0.3744 perB=0 | max|r_ens|=0.0622 rlag=0.0100 MI=0.0003 esc=0
henon a=1.3410: l1A=+0.3821 perA=0 | l1B=+0.3792 perB=0 | max|r_ens|=0.0846 rlag=0.0103 MI=0.0001 esc=0
henon a=1.3490: l1A=+0.3839 perA=0 | l1B=+0.3848 perB=0 | max|r_ens|=0.0607 rlag=0.0108 MI=0.0002 esc=0
henon a=1.3570: l1A=+0.3868 perA=0 | l1B=+0.3871 perB=0 | max|r_ens|=0.0637 rlag=0.0106 MI=-0.0001 esc=0
henon a=1.3650: l1A=+0.3923 perA=0 | l1B=+0.3929 perB=0 | max|r_ens|=0.0663 rlag=0.0134 MI=0.0002 esc=0
henon a=1.3730: l1A=+0.3989 perA=0 | l1B=+0.3992 perB=0 | max|r_ens|=0.0575 rlag=0.0122 MI=-0.0001 esc=0
henon a=1.3810: l1A=+0.4059 perA=0 | l1B=+0.4083 perB=0 | max|r_ens|=0.0604 rlag=0.0129 MI=-0.0004 esc=0
henon a=1.3890: l1A=+0.4166 perA=0 | l1B=+0.4176 perB=0 | max|r_ens|=0.0774 rlag=0.0125 MI=-0.0004 esc=0
henon a=1.3970: l1A=+0.4257 perA=0 | l1B=+0.4267 perB=0 | max|r_ens|=0.0503 rlag=0.0099 MI=0.0002 esc=0
