[ok] fstep(henon,(3,5)) byte stream bit-identical to the engine class over 100000 bytes (200000 iterations)
henon a=1.0030: l1A=-0.0789 perA=4 | l1B=-0.0757 perB=4 | max|r_ens|=0.9929 rlag=1.0000 MI=2.0000 esc=0
henon a=1.0110: l1A=-0.0323 perA=4 | l1B=-0.0296 perB=4 | max|r_ens|=0.9854 rlag=1.0000 MI=2.0000 esc=0
henon a=1.0190: l1A=-0.0154 perA=8 | l1B=-0.0209 perB=8 | max|r_ens|=0.9909 rlag=1.0000 MI=2.5000 esc=0
henon a=1.0270: l1A=-0.0536 perA=8 | l1B=-0.0509 perB=8 | max|r_ens|=0.9869 rlag=1.0000 MI=2.7500 esc=0
henon a=1.0350: l1A=-0.0202 perA=8 | l1B=-0.0195 perB=8 | max|r_ens|=0.9883 rlag=1.0000 MI=2.7500 esc=0
henon a=1.0430: l1A=-0.0125 perA=8 | l1B=-0.0194 perB=8 | max|r_ens|=0.9810 rlag=1.0000 MI=2.0000 esc=0
henon a=1.0510: l1A=-0.0381 perA=8 | l1B=-0.0418 perB=8 | max|r_ens|=0.9673 rlag=1.0000 MI=2.2500 esc=0
henon a=1.0590: l1A=-0.0338 perA=8 | l1B=-0.0653 perB=8 | max|r_ens|=0.9429 rlag=0.9999 MI=2.5000 esc=0
henon a=1.0670: l1A=+0.0074 perA=0 | l1B=-0.0191 perB=16 | max|r_ens|=0.8430 rlag=1.0000 MI=2.7500 esc=0
henon a=1.0750: l1A=+0.0883 perA=0 | l1B=+0.0853 perB=0 | max|r_ens|=0.8875 rlag=0.9998 MI=2.7500 esc=0
henon a=1.0830: l1A=+0.1020 perA=0 | l1B=+0.1018 perB=0 | max|r_ens|=0.7872 rlag=0.9915 MI=2.0011 esc=0
henon a=1.0910: l1A=+0.1537 perA=0 | l1B=+0.1569 perB=0 | max|r_ens|=0.0428 rlag=0.8856 MI=1.0029 esc=0
henon a=1.0990: l1A=+0.1744 perA=0 | l1B=+0.1767 perB=0 | max|r_ens|=0.0549 rlag=0.8866 MI=1.0000 esc=0
henon a=1.1070: l1A=+0.1928 perA=0 | l1B=+0.1927 perB=0 | max|r_ens|=0.0774 rlag=0.8732 MI=0.9939 esc=0
henon a=1.1150: l1A=+0.2065 perA=0 | l1B=+0.2067 perB=0 | max|r_ens|=0.0590 rlag=0.8456 MI=0.9631 esc=0
henon a=1.1230: l1A=+0.2207 perA=0 | l1B=+0.2224 perB=0 | max|r_ens|=0.0464 rlag=0.8063 MI=0.9079 esc=0
henon a=1.1310: l1A=+0.2406 perA=0 | l1B=+0.2413 perB=0 | max|r_ens|=0.0475 rlag=0.7681 MI=0.8123 esc=0
henon a=1.1390: l1A=+0.2593 perA=0 | l1B=+0.2593 perB=0 | max|r_ens|=0.0937 rlag=0.0371 MI=0.0013 esc=0
henon a=1.1470: l1A=+0.2737 perA=0 | l1B=+0.2752 perB=0 | max|r_ens|=0.0895 rlag=0.0162 MI=0.0000 esc=0
henon a=1.1550: l1A=+0.2892 perA=0 | l1B=+0.2892 perB=0 | max|r_ens|=0.0658 rlag=0.0124 MI=0.0002 esc=0
henon a=1.1630: l1A=+0.3004 perA=0 | l1B=+0.3014 perB=0 | max|r_ens|=0.0765 rlag=0.0281 MI=0.0006 esc=0
henon a=1.1710: l1A=+0.3093 perA=0 | l1B=+0.3092 perB=0 | max|r_ens|=0.0624 rlag=0.0285 MI=-0.0001 esc=0
henon a=1.1790: l1A=+0.3168 perA=0 | l1B=+0.3152 perB=0 | max|r_ens|=0.0550 rlag=0.0214 MI=0.0005 esc=0
henon a=1.1870: l1A=+0.3196 perA=0 | l1B=+0.3193 perB=0 | max|r_ens|=0.0573 rlag=0.0217 MI=0.0000 esc=0
henon a=1.1950: l1A=+0.3244 perA=0 | l1B=+0.3243 perB=0 | max|r_ens|=0.0546 rlag=0.0154 MI=0.0005 esc=0
henon a=1.2030: l1A=+0.3303 perA=0 | l1B=+0.3294 perB=0 | max|r_ens|=0.0738 rlag=0.0105 MI=0.0001 esc=0
henon a=1.2110: l1A=+0.3303 perA=0 | l1B=+0.3305 perB=0 | max|r_ens|=0.0558 rlag=0.0175 MI=-0.0005 esc=0
henon a=1.2190: l1A=+0.3213 perA=0 | l1B=+0.3200 perB=0 | max|r_ens|=0.0606 rlag=0.0135 MI=0.0002 esc=0
henon a=1.2270: l1A=-0.0724 perA=7 | l1B=-0.2131 perB=7 | max|r_ens|=0.2227 rlag=0.9976 MI=2.5217 esc=0
henon a=1.2350: l1A=-0.0417 perA=7 | l1B=-0.0470 perB=14 | max|r_ens|=0.5183 rlag=1.0000 MI=2.3249 esc=0
henon a=1.2430: l1A=-0.0917 perA=7 | l1B=-0.0373 perB=14 | max|r_ens|=0.5771 rlag=0.9991 MI=2.8074 esc=0
henon a=1.2510: l1A=-0.0170 perA=14 | l1B=-0.0220 perB=14 | max|r_ens|=0.5004 rlag=1.0000 MI=2.6645 esc=0
henon a=1.2590: l1A=+0.0573 perA=0 | l1B=+0.0094 perB=0 | max|r_ens|=0.5336 rlag=0.9989 MI=2.8074 esc=0
henon a=1.2670: l1A=+0.1063 perA=0 | l1B=+0.1331 perB=0 | max|r_ens|=0.0486 rlag=0.0359 MI=0.0204 esc=0
henon a=1.2750: l1A=+0.2443 perA=0 | l1B=+0.2514 perB=0 | max|r_ens|=0.0552 rlag=0.0281 MI=0.0049 esc=0
henon a=1.2830: l1A=+0.2915 perA=0 | l1B=+0.2937 perB=0 | max|r_ens|=0.0700 rlag=0.0197 MI=0.0012 esc=0
henon a=1.2910: l1A=+0.3138 perA=0 | l1B=+0.3158 perB=0 | max|r_ens|=0.0598 rlag=0.0179 MI=0.0000 esc=0
henon a=1.2990: l1A=+0.3374 perA=0 | l1B=+0.3390 perB=0 | max|r_ens|=0.0688 rlag=0.0115 MI=0.0000 esc=0
henon a=1.3070: l1A=+0.3504 perA=0 | l1B=+0.3518 perB=0 | max|r_ens|=0.0606 rlag=0.0121 MI=0.0005 esc=0
henon a=1.3150: l1A=-0.0192 perA=14 | l1B=+0.0089 perB=0 | max|r_ens|=0.0693 rlag=0.9636 MI=2.5938 esc=0
henon a=1.3230: l1A=+0.3645 perA=0 | l1B=+0.3661 perB=0 | max|r_ens|=0.0624 rlag=0.0125 MI=0.0000 esc=0
henon a=1.3310: l1A=+0.3734 perA=0 | l1B=+0.3722 perB=0 | max|r_ens|=0.0826 rlag=0.0099 MI=-0.0005 esc=0
henon a=1.3390: l1A=+0.3781 perA=0 | l1B=+0.3807 perB=0 | max|r_ens|=0.0716 rlag=0.0123 MI=-0.0001 esc=0
henon a=1.3470: l1A=+0.3839 perA=0 | l1B=+0.3816 perB=0 | max|r_ens|=0.0557 rlag=0.0126 MI=-0.0002 esc=0
henon a=1.3550: l1A=+0.3866 perA=0 | l1B=+0.3844 perB=0 | max|r_ens|=0.0641 rlag=0.0109 MI=-0.0001 esc=0
henon a=1.3630: l1A=+0.3888 perA=0 | l1B=+0.3892 perB=0 | max|r_ens|=0.0539 rlag=0.0118 MI=0.0004 esc=0
henon a=1.3710: l1A=+0.3956 perA=0 | l1B=+0.3961 perB=0 | max|r_ens|=0.0582 rlag=0.0115 MI=0.0002 esc=0
henon a=1.3790: l1A=+0.4051 perA=0 | l1B=+0.4072 perB=0 | max|r_ens|=0.0595 rlag=0.0131 MI=0.0000 esc=0
henon a=1.3870: l1A=+0.4163 perA=0 | l1B=+0.4159 perB=0 | max|r_ens|=0.0659 rlag=0.0105 MI=0.0002 esc=0
henon a=1.3950: l1A=+0.4221 perA=0 | l1B=+0.4260 perB=0 | max|r_ens|=0.0709 rlag=0.0106 MI=0.0002 esc=0
