[ok] fstep(henon,(3,5)) byte stream bit-identical to the engine class over 100000 bytes (200000 iterations)
henon a=1.0070: l1A=-0.0545 perA=4 | l1B=-0.0516 perB=4 | max|r_ens|=0.9947 rlag=1.0000 MI=2.0000 esc=0
henon a=1.0150: l1A=-0.0118 perA=4 | l1B=-0.0094 perB=4 | max|r_ens|=0.9864 rlag=1.0000 MI=2.0000 esc=0
henon a=1.0230: l1A=-0.0680 perA=8 | l1B=-0.0707 perB=8 | max|r_ens|=0.9933 rlag=1.0000 MI=2.7500 esc=0
henon a=1.0310: l1A=-0.0342 perA=8 | l1B=-0.0321 perB=8 | max|r_ens|=0.9854 rlag=1.0000 MI=2.7500 esc=0
henon a=1.0390: l1A=-0.0286 perA=8 | l1B=-0.0320 perB=8 | max|r_ens|=0.9748 rlag=1.0000 MI=2.7500 esc=0
henon a=1.0470: l1A=-0.0317 perA=8 | l1B=-0.0304 perB=8 | max|r_ens|=0.9791 rlag=1.0000 MI=2.0000 esc=0
henon a=1.0550: l1A=-0.0839 perA=8 | l1B=-0.0925 perB=8 | max|r_ens|=0.9484 rlag=1.0000 MI=2.5000 esc=0
henon a=1.0630: l1A=-0.0050 perA=24 | l1B=+0.0665 perB=0 | max|r_ens|=0.9137 rlag=0.9977 MI=2.3927 esc=0
henon a=1.0710: l1A=+0.0426 perA=0 | l1B=+0.0504 perB=0 | max|r_ens|=0.3852 rlag=1.0000 MI=2.7500 esc=0
henon a=1.0790: l1A=+0.1026 perA=0 | l1B=+0.1050 perB=0 | max|r_ens|=0.8559 rlag=0.9995 MI=2.6794 esc=0
henon a=1.0870: l1A=+0.1342 perA=0 | l1B=+0.1352 perB=0 | max|r_ens|=0.7431 rlag=0.9905 MI=2.0000 esc=0
henon a=1.0950: l1A=+0.1658 perA=0 | l1B=+0.1669 perB=0 | max|r_ens|=0.0525 rlag=0.8836 MI=1.0002 esc=0
henon a=1.1030: l1A=+0.1843 perA=0 | l1B=+0.1853 perB=0 | max|r_ens|=0.0520 rlag=0.8858 MI=1.0001 esc=0
henon a=1.1110: l1A=+0.2008 perA=0 | l1B=+0.2013 perB=0 | max|r_ens|=0.0428 rlag=0.8575 MI=0.9768 esc=0
henon a=1.1190: l1A=+0.2136 perA=0 | l1B=+0.2157 perB=0 | max|r_ens|=0.0586 rlag=0.8256 MI=0.9369 esc=0
henon a=1.1270: l1A=+0.2309 perA=0 | l1B=+0.2304 perB=0 | max|r_ens|=0.0543 rlag=0.7927 MI=0.8601 esc=0
henon a=1.1350: l1A=+0.2486 perA=0 | l1B=+0.2496 perB=0 | max|r_ens|=0.0543 rlag=0.7373 MI=0.7541 esc=0
henon a=1.1430: l1A=+0.2671 perA=0 | l1B=+0.2675 perB=0 | max|r_ens|=0.0532 rlag=0.0558 MI=0.0029 esc=0
henon a=1.1510: l1A=+0.2806 perA=0 | l1B=+0.2821 perB=0 | max|r_ens|=0.0748 rlag=0.0415 MI=0.0022 esc=0
henon a=1.1590: l1A=+0.2956 perA=0 | l1B=+0.2959 perB=0 | max|r_ens|=0.0580 rlag=0.0275 MI=0.0003 esc=0
henon a=1.1670: l1A=+0.3053 perA=0 | l1B=+0.3047 perB=0 | max|r_ens|=0.0580 rlag=0.0236 MI=0.0002 esc=0
henon a=1.1750: l1A=+0.3134 perA=0 | l1B=+0.3132 perB=0 | max|r_ens|=0.0603 rlag=0.0248 MI=0.0000 esc=0
henon a=1.1830: l1A=+0.3171 perA=0 | l1B=+0.3174 perB=0 | max|r_ens|=0.0619 rlag=0.0107 MI=-0.0000 esc=0
henon a=1.1910: l1A=+0.3211 perA=0 | l1B=+0.3218 perB=0 | max|r_ens|=0.0645 rlag=0.0223 MI=0.0006 esc=0
henon a=1.1990: l1A=+0.3257 perA=0 | l1B=+0.3278 perB=0 | max|r_ens|=0.0608 rlag=0.0174 MI=-0.0004 esc=0
henon a=1.2070: l1A=+0.3303 perA=0 | l1B=+0.3306 perB=0 | max|r_ens|=0.0651 rlag=0.0157 MI=-0.0003 esc=0
henon a=1.2150: l1A=+0.3268 perA=0 | l1B=+0.3278 perB=0 | max|r_ens|=0.0828 rlag=0.0144 MI=-0.0002 esc=0
henon a=1.2230: l1A=+0.2932 perA=0 | l1B=+0.2758 perB=0 | max|r_ens|=0.0556 rlag=0.0166 MI=0.0007 esc=0
henon a=1.2310: l1A=-0.0558 perA=7 | l1B=-0.1673 perB=7 | max|r_ens|=0.3660 rlag=0.9998 MI=2.5217 esc=0
henon a=1.2390: l1A=-0.1277 perA=7 | l1B=-0.1255 perB=7 | max|r_ens|=0.5636 rlag=0.9983 MI=2.5217 esc=0
henon a=1.2470: l1A=-0.0086 perA=7 | l1B=-0.0323 perB=7 | max|r_ens|=0.4857 rlag=0.9957 MI=2.8074 esc=0
henon a=1.2550: l1A=-0.0489 perA=14 | l1B=+0.0256 perB=0 | max|r_ens|=0.5235 rlag=0.9925 MI=2.9196 esc=0
henon a=1.2630: l1A=+0.0410 perA=0 | l1B=+0.0470 perB=0 | max|r_ens|=0.5289 rlag=0.9991 MI=2.4200 esc=0
henon a=1.2710: l1A=+0.2127 perA=0 | l1B=+0.2077 perB=0 | max|r_ens|=0.0677 rlag=0.0331 MI=0.0016 esc=0
henon a=1.2790: l1A=+0.2731 perA=0 | l1B=+0.2774 perB=0 | max|r_ens|=0.0614 rlag=0.0167 MI=0.0004 esc=0
henon a=1.2870: l1A=+0.3044 perA=0 | l1B=+0.3073 perB=0 | max|r_ens|=0.0573 rlag=0.0149 MI=0.0007 esc=0
henon a=1.2950: l1A=+0.3262 perA=0 | l1B=+0.3270 perB=0 | max|r_ens|=0.0613 rlag=0.0129 MI=0.0003 esc=0
henon a=1.3030: l1A=+0.3474 perA=0 | l1B=+0.3467 perB=0 | max|r_ens|=0.0613 rlag=0.0137 MI=0.0000 esc=0
henon a=1.3110: l1A=-0.0270 perA=0 | l1B=-0.2763 perB=7 | max|r_ens|=0.0620 rlag=0.6193 MI=1.2982 esc=0
henon a=1.3190: l1A=+0.3611 perA=0 | l1B=+0.3627 perB=0 | max|r_ens|=0.0668 rlag=0.0140 MI=0.0004 esc=0
henon a=1.3270: l1A=+0.3697 perA=0 | l1B=+0.3699 perB=0 | max|r_ens|=0.0676 rlag=0.0116 MI=0.0000 esc=0
henon a=1.3350: l1A=+0.3757 perA=0 | l1B=+0.3765 perB=0 | max|r_ens|=0.0666 rlag=0.0096 MI=-0.0003 esc=0
henon a=1.3430: l1A=+0.3829 perA=0 | l1B=+0.3814 perB=0 | max|r_ens|=0.0736 rlag=0.0087 MI=0.0001 esc=0
henon a=1.3510: l1A=+0.3839 perA=0 | l1B=+0.3860 perB=0 | max|r_ens|=0.0601 rlag=0.0099 MI=-0.0003 esc=0
henon a=1.3590: l1A=+0.3886 perA=0 | l1B=+0.3888 perB=0 | max|r_ens|=0.0605 rlag=0.0111 MI=-0.0003 esc=0
henon a=1.3670: l1A=+0.3946 perA=0 | l1B=+0.3953 perB=0 | max|r_ens|=0.0569 rlag=0.0103 MI=0.0004 esc=0
henon a=1.3750: l1A=+0.3989 perA=0 | l1B=+0.4005 perB=0 | max|r_ens|=0.0625 rlag=0.0105 MI=-0.0002 esc=0
henon a=1.3830: l1A=+0.4094 perA=0 | l1B=+0.4106 perB=0 | max|r_ens|=0.0641 rlag=0.0097 MI=0.0005 esc=0
henon a=1.3910: l1A=+0.4192 perA=0 | l1B=+0.4191 perB=0 | max|r_ens|=0.0632 rlag=0.0109 MI=0.0005 esc=0
henon a=1.3990: l1A=+0.4275 perA=0 | l1B=+0.4274 perB=0 | max|r_ens|=0.0634 rlag=0.0107 MI=0.0002 esc=0
