[ok] fstep(henon,(3,5)) byte stream bit-identical to the engine class over 100000 bytes (200000 iterations)
henon a=1.0000: l1A=-0.0988 perA=4 | l1B=-0.0954 perB=4 | max|r_ens|=0.9990 rlag=1.0000 MI=2.0000 esc=0
henon a=1.0080: l1A=-0.0488 perA=4 | l1B=-0.0459 perB=4 | max|r_ens|=0.9938 rlag=1.0000 MI=2.0000 esc=0
henon a=1.0160: l1A=-0.0070 perA=4 | l1B=-0.0046 perB=4 | max|r_ens|=0.9897 rlag=1.0000 MI=2.0000 esc=0
henon a=1.0240: l1A=-0.0738 perA=8 | l1B=-0.0751 perB=8 | max|r_ens|=0.9910 rlag=1.0000 MI=2.7500 esc=0
henon a=1.0320: l1A=-0.0300 perA=8 | l1B=-0.0280 perB=8 | max|r_ens|=0.9861 rlag=1.0000 MI=2.7500 esc=0
henon a=1.0400: l1A=-0.0357 perA=8 | l1B=-0.0086 perB=4 | max|r_ens|=0.9886 rlag=0.9966 MI=2.0000 esc=0
henon a=1.0480: l1A=-0.0296 perA=8 | l1B=-0.0294 perB=8 | max|r_ens|=0.9801 rlag=1.0000 MI=2.0000 esc=0
henon a=1.0560: l1A=-0.1020 perA=8 | l1B=-0.1124 perB=8 | max|r_ens|=0.9529 rlag=1.0000 MI=2.5000 esc=0
henon a=1.0640: l1A=+0.0760 perA=0 | l1B=+0.0848 perB=0 | max|r_ens|=0.9201 rlag=0.9942 MI=2.1933 esc=0
henon a=1.0720: l1A=+0.0462 perA=0 | l1B=+0.0508 perB=0 | max|r_ens|=0.9178 rlag=1.0000 MI=2.7500 esc=0
henon a=1.0800: l1A=+0.1004 perA=0 | l1B=+0.0698 perB=0 | max|r_ens|=0.8651 rlag=0.9993 MI=2.6292 esc=0
henon a=1.0880: l1A=+0.1373 perA=0 | l1B=+0.1416 perB=0 | max|r_ens|=0.7256 rlag=0.9900 MI=2.0000 esc=0
henon a=1.0960: l1A=+0.1674 perA=0 | l1B=+0.1685 perB=0 | max|r_ens|=0.0682 rlag=0.8864 MI=1.0003 esc=0
henon a=1.1040: l1A=+0.1867 perA=0 | l1B=+0.1886 perB=0 | max|r_ens|=0.0574 rlag=0.8847 MI=0.9992 esc=0
henon a=1.1120: l1A=+0.2021 perA=0 | l1B=+0.2027 perB=0 | max|r_ens|=0.0568 rlag=0.8557 MI=0.9760 esc=0
henon a=1.1200: l1A=+0.2160 perA=0 | l1B=+0.2170 perB=0 | max|r_ens|=0.0761 rlag=0.8191 MI=0.9278 esc=0
henon a=1.1280: l1A=+0.2320 perA=0 | l1B=+0.2334 perB=0 | max|r_ens|=0.0659 rlag=0.7865 MI=0.8484 esc=0
henon a=1.1360: l1A=+0.2503 perA=0 | l1B=+0.2510 perB=0 | max|r_ens|=0.0420 rlag=0.2210 MI=0.0512 esc=0
henon a=1.1440: l1A=+0.2681 perA=0 | l1B=+0.2704 perB=0 | max|r_ens|=0.0630 rlag=0.0424 MI=0.0015 esc=0
henon a=1.1520: l1A=+0.2833 perA=0 | l1B=+0.2848 perB=0 | max|r_ens|=0.0619 rlag=0.0190 MI=-0.0002 esc=0
henon a=1.1600: l1A=+0.2964 perA=0 | l1B=+0.2968 perB=0 | max|r_ens|=0.0695 rlag=0.0289 MI=0.0005 esc=0
henon a=1.1680: l1A=+0.3062 perA=0 | l1B=+0.3069 perB=0 | max|r_ens|=0.0575 rlag=0.0263 MI=-0.0001 esc=0
henon a=1.1760: l1A=+0.3130 perA=0 | l1B=+0.3147 perB=0 | max|r_ens|=0.0625 rlag=0.0230 MI=0.0004 esc=0
henon a=1.1840: l1A=+0.3178 perA=0 | l1B=+0.3187 perB=0 | max|r_ens|=0.0666 rlag=0.0166 MI=0.0001 esc=0
henon a=1.1920: l1A=+0.3240 perA=0 | l1B=+0.3237 perB=0 | max|r_ens|=0.0623 rlag=0.0114 MI=0.0003 esc=0
henon a=1.2000: l1A=+0.3268 perA=0 | l1B=+0.3268 perB=0 | max|r_ens|=0.0643 rlag=0.0151 MI=0.0009 esc=0
henon a=1.2080: l1A=+0.3302 perA=0 | l1B=+0.3299 perB=0 | max|r_ens|=0.0627 rlag=0.0195 MI=-0.0002 esc=0
henon a=1.2160: l1A=+0.3273 perA=0 | l1B=+0.3265 perB=0 | max|r_ens|=0.0813 rlag=0.0194 MI=0.0004 esc=0
henon a=1.2240: l1A=-0.0543 perA=7 | l1B=-0.1077 perB=7 | max|r_ens|=0.0215 rlag=1.0000 MI=2.8074 esc=0
henon a=1.2320: l1A=-0.0351 perA=7 | l1B=-0.1564 perB=7 | max|r_ens|=0.4173 rlag=0.9998 MI=2.5217 esc=0
henon a=1.2400: l1A=-0.1229 perA=7 | l1B=-0.0037 perB=7 | max|r_ens|=0.5536 rlag=0.9995 MI=2.5217 esc=0
henon a=1.2480: l1A=-0.1297 perA=14 | l1B=-0.0982 perB=14 | max|r_ens|=0.4814 rlag=0.9968 MI=2.6645 esc=0
henon a=1.2560: l1A=+0.0237 perA=0 | l1B=-0.0053 perB=14 | max|r_ens|=0.5242 rlag=0.9998 MI=2.4754 esc=0
henon a=1.2640: l1A=+0.0564 perA=0 | l1B=+0.0644 perB=0 | max|r_ens|=0.5040 rlag=0.9915 MI=2.5608 esc=0
henon a=1.2720: l1A=+0.2105 perA=0 | l1B=+0.2130 perB=0 | max|r_ens|=0.0580 rlag=0.0129 MI=0.0014 esc=0
henon a=1.2800: l1A=+0.2796 perA=0 | l1B=+0.2836 perB=0 | max|r_ens|=0.0617 rlag=0.0096 MI=0.0001 esc=0
henon a=1.2880: l1A=+0.3083 perA=0 | l1B=+0.3099 perB=0 | max|r_ens|=0.0599 rlag=0.0158 MI=0.0004 esc=0
henon a=1.2960: l1A=+0.3297 perA=0 | l1B=+0.3312 perB=0 | max|r_ens|=0.0593 rlag=0.0103 MI=-0.0004 esc=0
henon a=1.3040: l1A=+0.3464 perA=0 | l1B=+0.3461 perB=0 | max|r_ens|=0.0645 rlag=0.0110 MI=-0.0001 esc=0
henon a=1.3120: l1A=-0.1481 perA=7 | l1B=-0.0710 perB=0 | max|r_ens|=0.0587 rlag=0.9660 MI=2.6191 esc=0
henon a=1.3200: l1A=+0.3629 perA=0 | l1B=+0.3645 perB=0 | max|r_ens|=0.0710 rlag=0.0105 MI=0.0000 esc=0
henon a=1.3280: l1A=+0.3702 perA=0 | l1B=+0.3704 perB=0 | max|r_ens|=0.0642 rlag=0.0104 MI=0.0009 esc=0
henon a=1.3360: l1A=+0.3777 perA=0 | l1B=+0.3781 perB=0 | max|r_ens|=0.0610 rlag=0.0095 MI=-0.0001 esc=0
henon a=1.3440: l1A=+0.3815 perA=0 | l1B=+0.3810 perB=0 | max|r_ens|=0.0702 rlag=0.0100 MI=-0.0004 esc=0
henon a=1.3520: l1A=+0.3834 perA=0 | l1B=+0.3836 perB=0 | max|r_ens|=0.0667 rlag=0.0114 MI=-0.0003 esc=0
henon a=1.3600: l1A=+0.3882 perA=0 | l1B=+0.3881 perB=0 | max|r_ens|=0.0570 rlag=0.0128 MI=-0.0002 esc=0
henon a=1.3680: l1A=+0.3934 perA=0 | l1B=+0.3946 perB=0 | max|r_ens|=0.0494 rlag=0.0131 MI=0.0000 esc=0
henon a=1.3760: l1A=+0.4002 perA=0 | l1B=+0.4005 perB=0 | max|r_ens|=0.0640 rlag=0.0116 MI=-0.0006 esc=0
henon a=1.3840: l1A=+0.4120 perA=0 | l1B=+0.4124 perB=0 | max|r_ens|=0.0648 rlag=0.0124 MI=0.0008 esc=0
henon a=1.3920: l1A=+0.4199 perA=0 | l1B=+0.4192 perB=0 | max|r_ens|=0.0591 rlag=0.0146 MI=0.0003 esc=0
