[ok] fstep(logistic,(3,5)) byte stream bit-identical to the engine class over 100000 bytes (200000 iterations)
logistic r=3.5050: l1A=-0.1035 perA=4 | l1B=-0.1075 perB=4 | max|r_ens|=1.0000 rlag=1.0000 MI=2.0000 esc=0
logistic r=3.5130: l1A=-0.1778 perA=4 | l1B=-0.1833 perB=4 | max|r_ens|=0.9999 rlag=1.0000 MI=2.0000 esc=0
logistic r=3.5210: l1A=-0.2866 perA=4 | l1B=-0.2955 perB=4 | max|r_ens|=1.0000 rlag=1.0000 MI=2.0000 esc=0
logistic r=3.5290: l1A=-0.4745 perA=4 | l1B=-0.4845 perB=4 | max|r_ens|=0.9999 rlag=1.0000 MI=2.0000 esc=0
logistic r=3.5370: l1A=-0.5292 perA=4 | l1B=-0.5320 perB=4 | max|r_ens|=0.9999 rlag=1.0000 MI=2.0000 esc=0
logistic r=3.5450: l1A=-0.4012 perA=4 | l1B=-0.3876 perB=4 | max|r_ens|=0.9998 rlag=1.0000 MI=2.0000 esc=0
logistic r=3.5530: l1A=-0.2411 perA=4 | l1B=-0.2338 perB=4 | max|r_ens|=0.9992 rlag=1.0000 MI=2.0000 esc=0
logistic r=3.5610: l1A=-0.1435 perA=4 | l1B=-0.1384 perB=4 | max|r_ens|=0.9999 rlag=1.0000 MI=2.0000 esc=0
logistic r=3.5690: l1A=-0.0727 perA=4 | l1B=-0.0688 perB=4 | max|r_ens|=0.9998 rlag=1.0000 MI=2.0000 esc=0
logistic r=3.5770: l1A=-0.0169 perA=4 | l1B=-0.0138 perB=4 | max|r_ens|=0.9997 rlag=1.0000 MI=2.0000 esc=0
logistic r=3.5850: l1A=-0.0872 perA=8 | l1B=-0.1002 perB=8 | max|r_ens|=0.9998 rlag=1.0000 MI=2.2500 esc=0
logistic r=3.5930: l1A=-0.1419 perA=8 | l1B=-0.1230 perB=8 | max|r_ens|=0.9996 rlag=1.0000 MI=2.2500 esc=0
logistic r=3.6010: l1A=-0.0940 perA=16 | l1B=-0.2698 perB=16 | max|r_ens|=0.9992 rlag=1.0000 MI=3.2501 esc=0
logistic r=3.6090: l1A=+0.0764 perA=0 | l1B=+0.0863 perB=0 | max|r_ens|=0.9965 rlag=0.9937 MI=2.0005 esc=0
logistic r=3.6170: l1A=-0.0470 perA=12 | l1B=-0.0565 perB=24 | max|r_ens|=0.9925 rlag=1.0000 MI=3.4184 esc=0
logistic r=3.6250: l1A=+0.1551 perA=0 | l1B=+0.1563 perB=0 | max|r_ens|=0.9869 rlag=0.9792 MI=1.9630 esc=0
logistic r=3.6330: l1A=+0.1801 perA=0 | l1B=+0.1836 perB=0 | max|r_ens|=0.9456 rlag=0.9252 MI=1.0000 esc=0
logistic r=3.6410: l1A=+0.1801 perA=0 | l1B=+0.1824 perB=0 | max|r_ens|=0.9409 rlag=0.9108 MI=1.0000 esc=0
logistic r=3.6490: l1A=+0.2048 perA=0 | l1B=+0.2068 perB=0 | max|r_ens|=0.9302 rlag=0.8998 MI=1.0002 esc=0
logistic r=3.6570: l1A=+0.2007 perA=0 | l1B=+0.1960 perB=0 | max|r_ens|=0.9213 rlag=0.8734 MI=1.0001 esc=0
logistic r=3.6650: l1A=+0.0686 perA=0 | l1B=+0.1150 perB=0 | max|r_ens|=0.8819 rlag=0.7960 MI=1.0056 esc=0
logistic r=3.6730: l1A=+0.2205 perA=0 | l1B=+0.2228 perB=0 | max|r_ens|=0.8980 rlag=0.8360 MI=1.0000 esc=0
logistic r=3.6810: l1A=+0.2427 perA=0 | l1B=+0.2450 perB=0 | max|r_ens|=0.8895 rlag=0.8231 MI=0.9998 esc=0
logistic r=3.6890: l1A=+0.2685 perA=0 | l1B=+0.2737 perB=0 | max|r_ens|=0.8816 rlag=0.8181 MI=1.0000 esc=0
logistic r=3.6970: l1A=+0.2664 perA=0 | l1B=+0.2704 perB=0 | max|r_ens|=0.8501 rlag=0.7553 MI=1.0000 esc=0
logistic r=3.7050: l1A=+0.3048 perA=0 | l1B=+0.3036 perB=0 | max|r_ens|=0.8397 rlag=0.7428 MI=1.0001 esc=0
logistic r=3.7130: l1A=+0.3250 perA=0 | l1B=+0.3235 perB=0 | max|r_ens|=0.0630 rlag=0.0081 MI=0.0019 esc=0
logistic r=3.7210: l1A=+0.3166 perA=0 | l1B=+0.3176 perB=0 | max|r_ens|=0.0570 rlag=0.0165 MI=0.0002 esc=0
logistic r=3.7290: l1A=+0.3136 perA=0 | l1B=+0.3150 perB=0 | max|r_ens|=0.0807 rlag=0.0343 MI=0.0002 esc=0
logistic r=3.7370: l1A=+0.3179 perA=0 | l1B=+0.3184 perB=0 | max|r_ens|=0.0772 rlag=0.0367 MI=0.0014 esc=0
logistic r=3.7450: l1A=+0.3227 perA=0 | l1B=+0.3219 perB=0 | max|r_ens|=0.0688 rlag=0.0223 MI=-0.0002 esc=0
logistic r=3.7530: l1A=+0.3318 perA=0 | l1B=+0.3336 perB=0 | max|r_ens|=0.0876 rlag=0.0200 MI=0.0003 esc=0
logistic r=3.7610: l1A=+0.3386 perA=0 | l1B=+0.3396 perB=0 | max|r_ens|=0.0722 rlag=0.0231 MI=-0.0003 esc=0
logistic r=3.7690: l1A=+0.3452 perA=0 | l1B=+0.3443 perB=0 | max|r_ens|=0.0497 rlag=0.0151 MI=0.0005 esc=0
logistic r=3.7770: l1A=+0.3420 perA=0 | l1B=+0.3401 perB=0 | max|r_ens|=0.0644 rlag=0.0137 MI=0.0001 esc=0
logistic r=3.7850: l1A=+0.3462 perA=0 | l1B=+0.3443 perB=0 | max|r_ens|=0.0714 rlag=0.0224 MI=-0.0002 esc=0
logistic r=3.7930: l1A=+0.3516 perA=0 | l1B=+0.3543 perB=0 | max|r_ens|=0.0612 rlag=0.0128 MI=0.0006 esc=0
logistic r=3.8010: l1A=+0.3605 perA=0 | l1B=+0.3587 perB=0 | max|r_ens|=0.0823 rlag=0.0129 MI=-0.0003 esc=0
logistic r=3.8090: l1A=+0.3631 perA=0 | l1B=+0.3655 perB=0 | max|r_ens|=0.0637 rlag=0.0164 MI=-0.0001 esc=0
logistic r=3.8170: l1A=+0.3712 perA=0 | l1B=+0.3723 perB=0 | max|r_ens|=0.0713 rlag=0.0122 MI=0.0001 esc=0
logistic r=3.8250: l1A=-0.0000 perA=0 | l1B=-0.0070 perB=0 | max|r_ens|=0.0411 rlag=0.9999 MI=2.3220 esc=0
logistic r=3.8330: l1A=+0.3854 perA=0 | l1B=+0.3857 perB=0 | max|r_ens|=0.0672 rlag=0.0159 MI=-0.0000 esc=0
logistic r=3.8410: l1A=+0.3902 perA=0 | l1B=+0.3920 perB=0 | max|r_ens|=0.0701 rlag=0.0115 MI=-0.0002 esc=0
logistic r=3.8490: l1A=+0.3949 perA=0 | l1B=-0.0247 perB=13 | max|r_ens|=0.0702 rlag=0.0078 MI=-0.0002 esc=0
logistic r=3.8570: l1A=+0.3967 perA=0 | l1B=+0.3960 perB=0 | max|r_ens|=0.0553 rlag=0.0128 MI=-0.0003 esc=0
logistic r=3.8650: l1A=+0.4004 perA=0 | l1B=+0.3999 perB=0 | max|r_ens|=0.0672 rlag=0.0079 MI=0.0000 esc=0
logistic r=3.8730: l1A=+0.4110 perA=0 | l1B=+0.4113 perB=0 | max|r_ens|=0.0610 rlag=0.0121 MI=0.0008 esc=0
logistic r=3.8810: l1A=+0.4207 perA=0 | l1B=+0.4210 perB=0 | max|r_ens|=0.0868 rlag=0.0129 MI=0.0002 esc=0
logistic r=3.8890: l1A=+0.4331 perA=0 | l1B=+0.4326 perB=0 | max|r_ens|=0.0632 rlag=0.0096 MI=-0.0006 esc=0
logistic r=3.8970: l1A=+0.4418 perA=0 | l1B=+0.4428 perB=0 | max|r_ens|=0.0714 rlag=0.0088 MI=-0.0001 esc=0
logistic r=3.9050: l1A=+0.4500 perA=0 | l1B=+0.4520 perB=0 | max|r_ens|=0.0574 rlag=0.0103 MI=-0.0007 esc=0
logistic r=3.9130: l1A=+0.4542 perA=0 | l1B=+0.4567 perB=0 | max|r_ens|=0.0679 rlag=0.0112 MI=-0.0003 esc=0
logistic r=3.9210: l1A=+0.4676 perA=0 | l1B=+0.4667 perB=0 | max|r_ens|=0.0559 rlag=0.0106 MI=-0.0003 esc=0
logistic r=3.9290: l1A=+0.4775 perA=0 | l1B=+0.4769 perB=0 | max|r_ens|=0.0513 rlag=0.0077 MI=0.0001 esc=0
logistic r=3.9370: l1A=+0.4916 perA=0 | l1B=+0.4919 perB=0 | max|r_ens|=0.0709 rlag=0.0080 MI=-0.0004 esc=0
logistic r=3.9450: l1A=+0.5013 perA=0 | l1B=+0.5021 perB=0 | max|r_ens|=0.0610 rlag=0.0099 MI=0.0002 esc=0
logistic r=3.9530: l1A=+0.5077 perA=0 | l1B=+0.5088 perB=0 | max|r_ens|=0.0655 rlag=0.0095 MI=0.0004 esc=0
logistic r=3.9610: l1A=+0.5157 perA=0 | l1B=+0.5184 perB=0 | max|r_ens|=0.0643 rlag=0.0095 MI=-0.0003 esc=0
logistic r=3.9690: l1A=+0.5232 perA=0 | l1B=+0.5230 perB=0 | max|r_ens|=0.0694 rlag=0.0122 MI=0.0002 esc=0
logistic r=3.9770: l1A=+0.5291 perA=0 | l1B=+0.5292 perB=0 | max|r_ens|=0.0653 rlag=0.0098 MI=-0.0004 esc=0
logistic r=3.9850: l1A=+0.5366 perA=0 | l1B=+0.5374 perB=0 | max|r_ens|=0.0624 rlag=0.0086 MI=-0.0001 esc=0
logistic r=3.9930: l1A=+0.5440 perA=0 | l1B=+0.5464 perB=0 | max|r_ens|=0.0865 rlag=0.0079 MI=-0.0004 esc=0
