[ok] fstep(logistic,(3,5)) byte stream bit-identical to the engine class over 100000 bytes (200000 iterations)
logistic r=3.5060: l1A=-0.1116 perA=4 | l1B=-0.1158 perB=4 | max|r_ens|=1.0000 rlag=1.0000 MI=2.0000 esc=0
logistic r=3.5140: l1A=-0.1889 perA=4 | l1B=-0.1947 perB=4 | max|r_ens|=0.9999 rlag=1.0000 MI=2.0000 esc=0
logistic r=3.5220: l1A=-0.3047 perA=4 | l1B=-0.3144 perB=4 | max|r_ens|=1.0000 rlag=1.0000 MI=2.0000 esc=0
logistic r=3.5300: l1A=-0.4953 perA=4 | l1B=-0.5069 perB=4 | max|r_ens|=1.0000 rlag=1.0000 MI=2.0000 esc=0
logistic r=3.5380: l1A=-0.5350 perA=4 | l1B=-0.5381 perB=4 | max|r_ens|=0.9999 rlag=1.0000 MI=2.0000 esc=0
logistic r=3.5460: l1A=-0.3747 perA=4 | l1B=-0.3625 perB=4 | max|r_ens|=0.9999 rlag=1.0000 MI=2.0000 esc=0
logistic r=3.5540: l1A=-0.2267 perA=4 | l1B=-0.2198 perB=4 | max|r_ens|=0.9999 rlag=1.0000 MI=2.0000 esc=0
logistic r=3.5620: l1A=-0.1335 perA=4 | l1B=-0.1286 perB=4 | max|r_ens|=0.9993 rlag=1.0000 MI=2.0000 esc=0
logistic r=3.5700: l1A=-0.0650 perA=4 | l1B=-0.0613 perB=4 | max|r_ens|=0.9997 rlag=1.0000 MI=2.0000 esc=0
logistic r=3.5780: l1A=-0.0107 perA=4 | l1B=-0.0077 perB=4 | max|r_ens|=0.9993 rlag=1.0000 MI=2.0000 esc=0
logistic r=3.5860: l1A=-0.1148 perA=8 | l1B=-0.1312 perB=8 | max|r_ens|=0.9999 rlag=1.0000 MI=2.2500 esc=0
logistic r=3.5940: l1A=-0.1065 perA=8 | l1B=-0.0919 perB=8 | max|r_ens|=0.9998 rlag=1.0000 MI=2.2500 esc=0
logistic r=3.6020: l1A=-0.0852 perA=16 | l1B=-0.0429 perB=16 | max|r_ens|=0.9997 rlag=1.0000 MI=3.2501 esc=0
logistic r=3.6100: l1A=+0.0875 perA=0 | l1B=+0.0863 perB=0 | max|r_ens|=0.9965 rlag=0.9934 MI=2.0000 esc=0
logistic r=3.6180: l1A=-0.0011 perA=36 | l1B=+0.1022 perB=0 | max|r_ens|=0.9919 rlag=0.9830 MI=2.0001 esc=0
logistic r=3.6260: l1A=+0.1636 perA=0 | l1B=+0.1711 perB=0 | max|r_ens|=0.9512 rlag=0.9372 MI=1.0019 esc=0
logistic r=3.6340: l1A=+0.1825 perA=0 | l1B=+0.1841 perB=0 | max|r_ens|=0.9433 rlag=0.9249 MI=1.0000 esc=0
logistic r=3.6420: l1A=+0.1863 perA=0 | l1B=+0.1917 perB=0 | max|r_ens|=0.9395 rlag=0.9105 MI=0.9998 esc=0
logistic r=3.6500: l1A=+0.2100 perA=0 | l1B=+0.2123 perB=0 | max|r_ens|=0.9314 rlag=0.9013 MI=0.9999 esc=0
logistic r=3.6580: l1A=+0.1728 perA=0 | l1B=-0.0302 perB=24 | max|r_ens|=0.8974 rlag=0.8235 MI=0.9999 esc=0
logistic r=3.6660: l1A=+0.1429 perA=0 | l1B=+0.1566 perB=0 | max|r_ens|=0.8977 rlag=0.8163 MI=0.9997 esc=0
logistic r=3.6740: l1A=+0.2279 perA=0 | l1B=+0.2299 perB=0 | max|r_ens|=0.8970 rlag=0.8365 MI=1.0000 esc=0
logistic r=3.6820: l1A=+0.2497 perA=0 | l1B=+0.2491 perB=0 | max|r_ens|=0.8907 rlag=0.8225 MI=1.0000 esc=0
logistic r=3.6900: l1A=+0.2739 perA=0 | l1B=+0.2727 perB=0 | max|r_ens|=0.8837 rlag=0.8123 MI=0.9999 esc=0
logistic r=3.6980: l1A=+0.2755 perA=0 | l1B=+0.2824 perB=0 | max|r_ens|=0.8487 rlag=0.7613 MI=1.0003 esc=0
logistic r=3.7060: l1A=+0.3008 perA=0 | l1B=+0.3031 perB=0 | max|r_ens|=0.8413 rlag=0.7305 MI=1.0001 esc=0
logistic r=3.7140: l1A=+0.3226 perA=0 | l1B=+0.3248 perB=0 | max|r_ens|=0.0448 rlag=0.0066 MI=0.0003 esc=0
logistic r=3.7220: l1A=+0.3157 perA=0 | l1B=+0.3168 perB=0 | max|r_ens|=0.0634 rlag=0.0269 MI=0.0001 esc=0
logistic r=3.7300: l1A=+0.3150 perA=0 | l1B=+0.3157 perB=0 | max|r_ens|=0.0640 rlag=0.0277 MI=0.0003 esc=0
logistic r=3.7380: l1A=+0.3179 perA=0 | l1B=+0.3188 perB=0 | max|r_ens|=0.0555 rlag=0.0167 MI=-0.0000 esc=0
logistic r=3.7460: l1A=+0.3228 perA=0 | l1B=+0.3227 perB=0 | max|r_ens|=0.0553 rlag=0.0116 MI=0.0004 esc=0
logistic r=3.7540: l1A=+0.3332 perA=0 | l1B=+0.3347 perB=0 | max|r_ens|=0.0489 rlag=0.0223 MI=0.0006 esc=0
logistic r=3.7620: l1A=+0.3391 perA=0 | l1B=+0.3418 perB=0 | max|r_ens|=0.0673 rlag=0.0165 MI=0.0006 esc=0
logistic r=3.7700: l1A=+0.3424 perA=0 | l1B=+0.3430 perB=0 | max|r_ens|=0.0567 rlag=0.0146 MI=0.0002 esc=0
logistic r=3.7780: l1A=+0.3421 perA=0 | l1B=+0.3428 perB=0 | max|r_ens|=0.0573 rlag=0.0108 MI=-0.0004 esc=0
logistic r=3.7860: l1A=+0.3455 perA=0 | l1B=+0.3468 perB=0 | max|r_ens|=0.0543 rlag=0.0251 MI=0.0014 esc=0
logistic r=3.7940: l1A=+0.3536 perA=0 | l1B=+0.3540 perB=0 | max|r_ens|=0.0950 rlag=0.0095 MI=-0.0002 esc=0
logistic r=3.8020: l1A=-0.1633 perA=7 | l1B=-0.0214 perB=7 | max|r_ens|=0.0438 rlag=1.0000 MI=2.5217 esc=0
logistic r=3.8100: l1A=+0.3667 perA=0 | l1B=+0.3644 perB=0 | max|r_ens|=0.0579 rlag=0.0131 MI=-0.0001 esc=0
logistic r=3.8180: l1A=+0.3678 perA=0 | l1B=+0.3711 perB=0 | max|r_ens|=0.0577 rlag=0.0172 MI=0.0001 esc=0
logistic r=3.8260: l1A=+0.0426 perA=0 | l1B=+0.2326 perB=0 | max|r_ens|=0.0574 rlag=0.1224 MI=0.0517 esc=0
logistic r=3.8340: l1A=+0.3873 perA=0 | l1B=+0.3872 perB=0 | max|r_ens|=0.0586 rlag=0.0121 MI=-0.0005 esc=0
logistic r=3.8420: l1A=+0.3924 perA=0 | l1B=+0.3912 perB=0 | max|r_ens|=0.0644 rlag=0.0141 MI=0.0003 esc=0
logistic r=3.8500: l1A=+0.3908 perA=0 | l1B=+0.3901 perB=0 | max|r_ens|=0.0610 rlag=0.0119 MI=0.0002 esc=0
logistic r=3.8580: l1A=+0.3960 perA=0 | l1B=+0.3936 perB=0 | max|r_ens|=0.0617 rlag=0.0086 MI=-0.0001 esc=0
logistic r=3.8660: l1A=+0.3994 perA=0 | l1B=+0.4011 perB=0 | max|r_ens|=0.0634 rlag=0.0089 MI=-0.0000 esc=0
logistic r=3.8740: l1A=+0.4125 perA=0 | l1B=+0.4134 perB=0 | max|r_ens|=0.0662 rlag=0.0117 MI=-0.0000 esc=0
logistic r=3.8820: l1A=+0.4246 perA=0 | l1B=+0.4225 perB=0 | max|r_ens|=0.0732 rlag=0.0116 MI=0.0003 esc=0
logistic r=3.8900: l1A=+0.4331 perA=0 | l1B=+0.4345 perB=0 | max|r_ens|=0.0736 rlag=0.0121 MI=0.0001 esc=0
logistic r=3.8980: l1A=+0.4445 perA=0 | l1B=+0.4441 perB=0 | max|r_ens|=0.0681 rlag=0.0101 MI=-0.0001 esc=0
logistic r=3.9060: l1A=+0.4528 perA=0 | l1B=+0.4508 perB=0 | max|r_ens|=0.0574 rlag=0.0111 MI=-0.0003 esc=0
logistic r=3.9140: l1A=+0.4561 perA=0 | l1B=+0.4565 perB=0 | max|r_ens|=0.0633 rlag=0.0109 MI=-0.0006 esc=0
logistic r=3.9220: l1A=+0.4688 perA=0 | l1B=+0.4676 perB=0 | max|r_ens|=0.0738 rlag=0.0122 MI=-0.0001 esc=0
logistic r=3.9300: l1A=+0.4793 perA=0 | l1B=+0.4782 perB=0 | max|r_ens|=0.0611 rlag=0.0126 MI=0.0008 esc=0
logistic r=3.9380: l1A=+0.4912 perA=0 | l1B=+0.4922 perB=0 | max|r_ens|=0.0569 rlag=0.0100 MI=-0.0003 esc=0
logistic r=3.9460: l1A=+0.5040 perA=0 | l1B=+0.5034 perB=0 | max|r_ens|=0.0642 rlag=0.0072 MI=0.0001 esc=0
logistic r=3.9540: l1A=+0.5099 perA=0 | l1B=+0.5085 perB=0 | max|r_ens|=0.0757 rlag=0.0102 MI=0.0001 esc=0
logistic r=3.9620: l1A=+0.5175 perA=0 | l1B=+0.5180 perB=0 | max|r_ens|=0.0880 rlag=0.0088 MI=0.0001 esc=0
logistic r=3.9700: l1A=+0.5227 perA=0 | l1B=+0.5227 perB=0 | max|r_ens|=0.0692 rlag=0.0086 MI=-0.0001 esc=0
logistic r=3.9780: l1A=+0.5300 perA=0 | l1B=+0.5305 perB=0 | max|r_ens|=0.0627 rlag=0.0107 MI=0.0002 esc=0
logistic r=3.9860: l1A=+0.5390 perA=0 | l1B=+0.5377 perB=0 | max|r_ens|=0.0688 rlag=0.0076 MI=-0.0002 esc=0
logistic r=3.9940: l1A=+0.5480 perA=0 | l1B=+0.5463 perB=0 | max|r_ens|=0.0575 rlag=0.0085 MI=0.0002 esc=0
