[ok] fstep(logistic,(3,5)) byte stream bit-identical to the engine class over 100000 bytes (200000 iterations)
logistic r=3.5010: l1A=-0.4648 perA=4 | l1B=-0.4817 perB=4 | max|r_ens|=1.0000 rlag=1.0000 MI=2.0000 esc=0
logistic r=3.5090: l1A=-0.5089 perA=4 | l1B=-0.4891 perB=4 | max|r_ens|=0.9998 rlag=1.0000 MI=2.0000 esc=0
logistic r=3.5170: l1A=-0.2980 perA=4 | l1B=-0.2892 perB=4 | max|r_ens|=0.9999 rlag=1.0000 MI=2.0000 esc=0
logistic r=3.5250: l1A=-0.1842 perA=4 | l1B=-0.1785 perB=4 | max|r_ens|=0.9997 rlag=1.0000 MI=2.0000 esc=0
logistic r=3.5330: l1A=-0.1054 perA=4 | l1B=-0.1011 perB=4 | max|r_ens|=0.9999 rlag=1.0000 MI=2.0000 esc=0
logistic r=3.5410: l1A=-0.0448 perA=4 | l1B=-0.0415 perB=4 | max|r_ens|=0.9993 rlag=1.0000 MI=2.0000 esc=0
logistic r=3.5490: l1A=-0.0092 perA=8 | l1B=-0.0155 perB=8 | max|r_ens|=0.9992 rlag=1.0000 MI=2.0000 esc=0
logistic r=3.5570: l1A=-0.0722 perA=8 | l1B=-0.0810 perB=8 | max|r_ens|=0.9996 rlag=1.0000 MI=2.5000 esc=0
logistic r=3.5650: l1A=-0.0567 perA=8 | l1B=-0.0468 perB=8 | max|r_ens|=0.9998 rlag=1.0000 MI=2.5000 esc=0
logistic r=3.5730: l1A=-0.0196 perA=32 | l1B=-0.0192 perB=32 | max|r_ens|=0.9996 rlag=1.0000 MI=2.8904 esc=0
logistic r=3.5810: l1A=+0.0961 perA=0 | l1B=+0.0215 perB=0 | max|r_ens|=0.9947 rlag=0.9895 MI=2.0000 esc=0
logistic r=3.5890: l1A=+0.1193 perA=0 | l1B=+0.1211 perB=0 | max|r_ens|=0.9900 rlag=0.9828 MI=1.9067 esc=0
logistic r=3.5970: l1A=+0.1716 perA=0 | l1B=+0.1731 perB=0 | max|r_ens|=0.9605 rlag=0.9277 MI=1.0004 esc=0
logistic r=3.6050: l1A=+0.1818 perA=0 | l1B=+0.1822 perB=0 | max|r_ens|=0.9230 rlag=0.9111 MI=1.0000 esc=0
logistic r=3.6130: l1A=+0.1887 perA=0 | l1B=+0.1925 perB=0 | max|r_ens|=0.9188 rlag=0.8982 MI=1.0002 esc=0
logistic r=3.6210: l1A=+0.2107 perA=0 | l1B=+0.2145 perB=0 | max|r_ens|=0.9090 rlag=0.8877 MI=1.0000 esc=0
logistic r=3.6290: l1A=+0.2113 perA=0 | l1B=+0.2102 perB=0 | max|r_ens|=0.8895 rlag=0.8502 MI=1.0000 esc=0
logistic r=3.6370: l1A=-0.0909 perA=12 | l1B=-0.0529 perB=12 | max|r_ens|=0.8864 rlag=1.0000 MI=2.7517 esc=0
logistic r=3.6450: l1A=+0.2321 perA=0 | l1B=+0.2310 perB=0 | max|r_ens|=0.8412 rlag=0.8146 MI=0.9996 esc=0
logistic r=3.6530: l1A=+0.2462 perA=0 | l1B=+0.2500 perB=0 | max|r_ens|=0.8257 rlag=0.7906 MI=1.0007 esc=0
logistic r=3.6610: l1A=+0.2769 perA=0 | l1B=+0.2800 perB=0 | max|r_ens|=0.8250 rlag=0.7906 MI=1.0001 esc=0
logistic r=3.6690: l1A=+0.2832 perA=0 | l1B=+0.2840 perB=0 | max|r_ens|=0.7810 rlag=0.7204 MI=1.0002 esc=0
logistic r=3.6770: l1A=+0.3062 perA=0 | l1B=+0.3098 perB=0 | max|r_ens|=0.7493 rlag=0.6898 MI=1.0001 esc=0
logistic r=3.6850: l1A=+0.3367 perA=0 | l1B=+0.3373 perB=0 | max|r_ens|=0.0609 rlag=0.0158 MI=-0.0002 esc=0
logistic r=3.6930: l1A=+0.3463 perA=0 | l1B=+0.3464 perB=0 | max|r_ens|=0.0627 rlag=0.0193 MI=-0.0006 esc=0
logistic r=3.7010: l1A=+0.3560 perA=0 | l1B=+0.3564 perB=0 | max|r_ens|=0.0536 rlag=0.0167 MI=0.0002 esc=0
logistic r=3.7090: l1A=+0.0812 perA=0 | l1B=+0.3575 perB=0 | max|r_ens|=0.0597 rlag=0.0073 MI=-0.0002 esc=0
logistic r=3.7170: l1A=+0.3676 perA=0 | l1B=+0.3677 perB=0 | max|r_ens|=0.0791 rlag=0.0139 MI=-0.0001 esc=0
logistic r=3.7250: l1A=+0.3719 perA=0 | l1B=+0.3714 perB=0 | max|r_ens|=0.0650 rlag=0.0127 MI=-0.0003 esc=0
logistic r=3.7330: l1A=+0.3845 perA=0 | l1B=+0.3842 perB=0 | max|r_ens|=0.0590 rlag=0.0206 MI=-0.0001 esc=0
logistic r=3.7410: l1A=+0.3833 perA=0 | l1B=+0.3829 perB=0 | max|r_ens|=0.0559 rlag=0.0124 MI=-0.0003 esc=0
logistic r=3.7490: l1A=-0.0936 perA=5 | l1B=-0.0386 perB=5 | max|r_ens|=0.0508 rlag=1.0000 MI=2.3220 esc=0
logistic r=3.7570: l1A=+0.3757 perA=0 | l1B=+0.3771 perB=0 | max|r_ens|=0.0589 rlag=0.0179 MI=0.0003 esc=0
logistic r=3.7650: l1A=+0.3837 perA=0 | l1B=+0.3850 perB=0 | max|r_ens|=0.0594 rlag=0.0180 MI=0.0004 esc=0
logistic r=3.7730: l1A=+0.4040 perA=0 | l1B=+0.4034 perB=0 | max|r_ens|=0.0800 rlag=0.0103 MI=-0.0002 esc=0
logistic r=3.7810: l1A=+0.4063 perA=0 | l1B=+0.4062 perB=0 | max|r_ens|=0.0547 rlag=0.0147 MI=0.0003 esc=0
logistic r=3.7890: l1A=+0.4179 perA=0 | l1B=+0.4198 perB=0 | max|r_ens|=0.0742 rlag=0.0150 MI=-0.0003 esc=0
logistic r=3.7970: l1A=+0.4308 perA=0 | l1B=+0.4305 perB=0 | max|r_ens|=0.0788 rlag=0.0115 MI=0.0002 esc=0
logistic r=3.8050: l1A=+0.4388 perA=0 | l1B=+0.4386 perB=0 | max|r_ens|=0.0696 rlag=0.0115 MI=0.0000 esc=0
logistic r=3.8130: l1A=+0.4402 perA=0 | l1B=+0.4436 perB=0 | max|r_ens|=0.0683 rlag=0.0145 MI=-0.0002 esc=0
logistic r=3.8210: l1A=+0.4480 perA=0 | l1B=+0.4466 perB=0 | max|r_ens|=0.0604 rlag=0.0090 MI=-0.0002 esc=0
logistic r=3.8290: l1A=+0.4391 perA=0 | l1B=+0.4402 perB=0 | max|r_ens|=0.0631 rlag=0.0125 MI=-0.0003 esc=0
logistic r=3.8370: l1A=+0.4017 perA=0 | l1B=+0.3958 perB=0 | max|r_ens|=0.0770 rlag=0.0116 MI=0.0002 esc=0
logistic r=3.8450: l1A=-0.6306 perA=6 | l1B=-0.3203 perB=6 | max|r_ens|=0.1759 rlag=0.9995 MI=1.5850 esc=0
logistic r=3.8530: l1A=+0.1295 perA=0 | l1B=+0.1435 perB=0 | max|r_ens|=0.3275 rlag=0.9978 MI=1.5850 esc=0
logistic r=3.8610: l1A=-0.0737 perA=3 | l1B=-0.0556 perB=3 | max|r_ens|=0.0600 rlag=1.0000 MI=1.5850 esc=0
logistic r=3.8690: l1A=-0.0124 perA=12 | l1B=-0.0380 perB=12 | max|r_ens|=0.0387 rlag=1.0000 MI=1.5850 esc=0
logistic r=3.8770: l1A=+0.1880 perA=0 | l1B=+0.2037 perB=0 | max|r_ens|=0.0792 rlag=0.9960 MI=1.5849 esc=0
logistic r=3.8850: l1A=+0.4675 perA=0 | l1B=+0.4664 perB=0 | max|r_ens|=0.0564 rlag=0.0104 MI=0.0003 esc=0
logistic r=3.8930: l1A=+0.4852 perA=0 | l1B=+0.4861 perB=0 | max|r_ens|=0.0763 rlag=0.0126 MI=-0.0002 esc=0
logistic r=3.9010: l1A=+0.5006 perA=0 | l1B=+0.5023 perB=0 | max|r_ens|=0.0709 rlag=0.0105 MI=-0.0008 esc=0
logistic r=3.9090: l1A=+0.5050 perA=0 | l1B=+0.5054 perB=0 | max|r_ens|=0.0602 rlag=0.0114 MI=-0.0001 esc=0
logistic r=3.9170: l1A=+0.5204 perA=0 | l1B=+0.5205 perB=0 | max|r_ens|=0.0648 rlag=0.0095 MI=0.0001 esc=0
logistic r=3.9250: l1A=+0.5278 perA=0 | l1B=+0.5292 perB=0 | max|r_ens|=0.0776 rlag=0.0107 MI=-0.0001 esc=0
logistic r=3.9330: l1A=+0.5421 perA=0 | l1B=+0.5441 perB=0 | max|r_ens|=0.0801 rlag=0.0138 MI=-0.0007 esc=0
logistic r=3.9410: l1A=+0.5546 perA=0 | l1B=+0.5572 perB=0 | max|r_ens|=0.0597 rlag=0.0077 MI=0.0002 esc=0
logistic r=3.9490: l1A=+0.5679 perA=0 | l1B=+0.5702 perB=0 | max|r_ens|=0.0620 rlag=0.0093 MI=0.0006 esc=0
logistic r=3.9570: l1A=+0.5778 perA=0 | l1B=+0.5791 perB=0 | max|r_ens|=0.0751 rlag=0.0091 MI=-0.0001 esc=0
logistic r=3.9650: l1A=+0.5852 perA=0 | l1B=+0.5850 perB=0 | max|r_ens|=0.0616 rlag=0.0101 MI=0.0001 esc=0
logistic r=3.9730: l1A=+0.5953 perA=0 | l1B=+0.5962 perB=0 | max|r_ens|=0.0697 rlag=0.0073 MI=0.0004 esc=0
logistic r=3.9810: l1A=-0.0523 perA=16 | l1B=+0.5957 perB=0 | max|r_ens|=0.0708 rlag=0.0065 MI=0.0004 esc=0
logistic r=3.9890: l1A=+0.6226 perA=0 | l1B=+0.6242 perB=0 | max|r_ens|=0.0630 rlag=0.0097 MI=0.0003 esc=0
logistic r=3.9970: l1A=+0.6426 perA=0 | l1B=+0.6433 perB=0 | max|r_ens|=0.0627 rlag=0.0098 MI=0.0002 esc=0
