[ok] fstep(logistic,(3,5)) byte stream bit-identical to the engine class over 100000 bytes (200000 iterations)
logistic r=3.5000: l1A=-0.0667 perA=4 | l1B=-0.0701 perB=4 | max|r_ens|=1.0000 rlag=1.0000 MI=2.0000 esc=0
logistic r=3.5080: l1A=-0.1287 perA=4 | l1B=-0.1332 perB=4 | max|r_ens|=0.9991 rlag=1.0000 MI=2.0000 esc=0
logistic r=3.5160: l1A=-0.2129 perA=4 | l1B=-0.2193 perB=4 | max|r_ens|=1.0000 rlag=1.0000 MI=2.0000 esc=0
logistic r=3.5240: l1A=-0.3465 perA=4 | l1B=-0.3585 perB=4 | max|r_ens|=0.9999 rlag=1.0000 MI=2.0000 esc=0
logistic r=3.5320: l1A=-0.5315 perA=4 | l1B=-0.5213 perB=4 | max|r_ens|=0.9997 rlag=1.0000 MI=2.0000 esc=0
logistic r=3.5400: l1A=-0.5488 perA=4 | l1B=-0.5527 perB=4 | max|r_ens|=0.9991 rlag=1.0000 MI=2.0000 esc=0
logistic r=3.5480: l1A=-0.3289 perA=4 | l1B=-0.3186 perB=4 | max|r_ens|=0.9999 rlag=1.0000 MI=2.0000 esc=0
logistic r=3.5560: l1A=-0.2000 perA=4 | l1B=-0.1938 perB=4 | max|r_ens|=0.9999 rlag=1.0000 MI=2.0000 esc=0
logistic r=3.5640: l1A=-0.1146 perA=4 | l1B=-0.1101 perB=4 | max|r_ens|=0.9998 rlag=1.0000 MI=2.0000 esc=0
logistic r=3.5720: l1A=-0.0504 perA=4 | l1B=-0.0468 perB=4 | max|r_ens|=0.9993 rlag=1.0000 MI=2.0000 esc=0
logistic r=3.5800: l1A=-0.0026 perA=8 | l1B=-0.0088 perB=8 | max|r_ens|=0.9982 rlag=1.0000 MI=2.0000 esc=0
logistic r=3.5880: l1A=-0.1997 perA=8 | l1B=-0.2333 perB=8 | max|r_ens|=0.9997 rlag=1.0000 MI=2.2500 esc=0
logistic r=3.5960: l1A=-0.0558 perA=8 | l1B=-0.0457 perB=8 | max|r_ens|=0.9998 rlag=1.0000 MI=2.2500 esc=0
logistic r=3.6040: l1A=-0.0642 perA=32 | l1B=-0.0194 perB=64 | max|r_ens|=0.9993 rlag=1.0000 MI=2.8388 esc=0
logistic r=3.6120: l1A=+0.0816 perA=0 | l1B=+0.0860 perB=0 | max|r_ens|=0.9946 rlag=0.9917 MI=2.0004 esc=0
logistic r=3.6200: l1A=+0.1224 perA=0 | l1B=+0.1188 perB=0 | max|r_ens|=0.9902 rlag=0.9844 MI=2.0002 esc=0
logistic r=3.6280: l1A=+0.1735 perA=0 | l1B=+0.1745 perB=0 | max|r_ens|=0.9526 rlag=0.9353 MI=1.0000 esc=0
logistic r=3.6360: l1A=+0.1892 perA=0 | l1B=-0.1041 perB=10 | max|r_ens|=0.9426 rlag=0.9101 MI=1.0000 esc=0
logistic r=3.6440: l1A=+0.1923 perA=0 | l1B=+0.1935 perB=0 | max|r_ens|=0.9330 rlag=0.9051 MI=1.0000 esc=0
logistic r=3.6520: l1A=+0.2154 perA=0 | l1B=+0.2109 perB=0 | max|r_ens|=0.9306 rlag=0.8972 MI=0.9999 esc=0
logistic r=3.6600: l1A=-0.0638 perA=24 | l1B=-0.0364 perB=24 | max|r_ens|=0.9156 rlag=1.0000 MI=2.5850 esc=0
logistic r=3.6680: l1A=+0.1862 perA=0 | l1B=+0.1886 perB=0 | max|r_ens|=0.8990 rlag=0.8304 MI=1.0004 esc=0
logistic r=3.6760: l1A=+0.2361 perA=0 | l1B=+0.2346 perB=0 | max|r_ens|=0.8964 rlag=0.8325 MI=1.0001 esc=0
logistic r=3.6840: l1A=+0.2605 perA=0 | l1B=+0.2606 perB=0 | max|r_ens|=0.8888 rlag=0.8284 MI=0.9998 esc=0
logistic r=3.6920: l1A=+0.2792 perA=0 | l1B=+0.2785 perB=0 | max|r_ens|=0.8764 rlag=0.8029 MI=1.0000 esc=0
logistic r=3.7000: l1A=+0.2877 perA=0 | l1B=+0.2863 perB=0 | max|r_ens|=0.8486 rlag=0.7578 MI=0.9998 esc=0
logistic r=3.7080: l1A=+0.3038 perA=0 | l1B=+0.3055 perB=0 | max|r_ens|=0.8321 rlag=0.7094 MI=0.9998 esc=0
logistic r=3.7160: l1A=+0.3206 perA=0 | l1B=+0.3203 perB=0 | max|r_ens|=0.0727 rlag=0.0314 MI=0.0004 esc=0
logistic r=3.7240: l1A=+0.3128 perA=0 | l1B=+0.3139 perB=0 | max|r_ens|=0.0667 rlag=0.0177 MI=0.0001 esc=0
logistic r=3.7320: l1A=+0.3164 perA=0 | l1B=+0.3163 perB=0 | max|r_ens|=0.0725 rlag=0.0167 MI=0.0002 esc=0
logistic r=3.7400: l1A=+0.3191 perA=0 | l1B=+0.3175 perB=0 | max|r_ens|=0.0517 rlag=0.0183 MI=-0.0001 esc=0
logistic r=3.7480: l1A=+0.3265 perA=0 | l1B=+0.3272 perB=0 | max|r_ens|=0.0721 rlag=0.0167 MI=0.0002 esc=0
logistic r=3.7560: l1A=+0.3344 perA=0 | l1B=-0.0688 perB=0 | max|r_ens|=0.0725 rlag=0.0047 MI=0.0010 esc=0
logistic r=3.7640: l1A=+0.3434 perA=0 | l1B=+0.3412 perB=0 | max|r_ens|=0.0825 rlag=0.0153 MI=-0.0004 esc=0
logistic r=3.7720: l1A=+0.3397 perA=0 | l1B=+0.3384 perB=0 | max|r_ens|=0.0610 rlag=0.0147 MI=0.0001 esc=0
logistic r=3.7800: l1A=+0.3422 perA=0 | l1B=+0.3436 perB=0 | max|r_ens|=0.0498 rlag=0.0157 MI=-0.0001 esc=0
logistic r=3.7880: l1A=+0.3476 perA=0 | l1B=+0.3462 perB=0 | max|r_ens|=0.0690 rlag=0.0125 MI=0.0000 esc=0
logistic r=3.7960: l1A=+0.3567 perA=0 | l1B=+0.3583 perB=0 | max|r_ens|=0.0757 rlag=0.0166 MI=-0.0007 esc=0
logistic r=3.8040: l1A=+0.3448 perA=0 | l1B=+0.3495 perB=0 | max|r_ens|=0.0529 rlag=0.0169 MI=-0.0005 esc=0
logistic r=3.8120: l1A=+0.3700 perA=0 | l1B=+0.3685 perB=0 | max|r_ens|=0.0625 rlag=0.0164 MI=-0.0006 esc=0
logistic r=3.8200: l1A=+0.3706 perA=0 | l1B=+0.3723 perB=0 | max|r_ens|=0.0566 rlag=0.0198 MI=0.0006 esc=0
logistic r=3.8280: l1A=+0.3751 perA=0 | l1B=+0.3756 perB=0 | max|r_ens|=0.0772 rlag=0.0118 MI=-0.0006 esc=0
logistic r=3.8360: l1A=+0.3899 perA=0 | l1B=+0.3871 perB=0 | max|r_ens|=0.0503 rlag=0.0109 MI=0.0003 esc=0
logistic r=3.8440: l1A=+0.3921 perA=0 | l1B=+0.3913 perB=0 | max|r_ens|=0.0691 rlag=0.0120 MI=-0.0003 esc=0
logistic r=3.8520: l1A=+0.3939 perA=0 | l1B=+0.3940 perB=0 | max|r_ens|=0.0619 rlag=0.0121 MI=0.0000 esc=0
logistic r=3.8600: l1A=+0.3919 perA=0 | l1B=+0.3911 perB=0 | max|r_ens|=0.0629 rlag=0.0127 MI=-0.0003 esc=0
logistic r=3.8680: l1A=+0.4055 perA=0 | l1B=+0.4066 perB=0 | max|r_ens|=0.0710 rlag=0.0153 MI=0.0000 esc=0
logistic r=3.8760: l1A=+0.4150 perA=0 | l1B=+0.4163 perB=0 | max|r_ens|=0.0580 rlag=0.0092 MI=0.0001 esc=0
logistic r=3.8840: l1A=+0.4258 perA=0 | l1B=+0.4258 perB=0 | max|r_ens|=0.0701 rlag=0.0112 MI=-0.0000 esc=0
logistic r=3.8920: l1A=+0.4333 perA=0 | l1B=+0.4377 perB=0 | max|r_ens|=0.0633 rlag=0.0097 MI=0.0002 esc=0
logistic r=3.9000: l1A=+0.4462 perA=0 | l1B=+0.4476 perB=0 | max|r_ens|=0.0704 rlag=0.0131 MI=0.0001 esc=0
logistic r=3.9080: l1A=+0.4497 perA=0 | l1B=+0.4519 perB=0 | max|r_ens|=0.0570 rlag=0.0091 MI=-0.0002 esc=0
logistic r=3.9160: l1A=+0.4580 perA=0 | l1B=+0.4606 perB=0 | max|r_ens|=0.0573 rlag=0.0113 MI=-0.0006 esc=0
logistic r=3.9240: l1A=+0.4716 perA=0 | l1B=+0.4718 perB=0 | max|r_ens|=0.0622 rlag=0.0108 MI=0.0007 esc=0
logistic r=3.9320: l1A=+0.4818 perA=0 | l1B=+0.4827 perB=0 | max|r_ens|=0.0809 rlag=0.0128 MI=-0.0000 esc=0
logistic r=3.9400: l1A=+0.4952 perA=0 | l1B=+0.4946 perB=0 | max|r_ens|=0.0544 rlag=0.0136 MI=0.0003 esc=0
logistic r=3.9480: l1A=+0.5037 perA=0 | l1B=+0.5056 perB=0 | max|r_ens|=0.0646 rlag=0.0127 MI=0.0005 esc=0
logistic r=3.9560: l1A=+0.5102 perA=0 | l1B=+0.5119 perB=0 | max|r_ens|=0.0681 rlag=0.0123 MI=-0.0001 esc=0
logistic r=3.9640: l1A=+0.5205 perA=0 | l1B=+0.5213 perB=0 | max|r_ens|=0.0590 rlag=0.0146 MI=0.0002 esc=0
logistic r=3.9720: l1A=+0.5242 perA=0 | l1B=+0.5253 perB=0 | max|r_ens|=0.0581 rlag=0.0086 MI=0.0001 esc=0
logistic r=3.9800: l1A=+0.5306 perA=0 | l1B=+0.5325 perB=0 | max|r_ens|=0.0807 rlag=0.0092 MI=-0.0004 esc=0
logistic r=3.9880: l1A=+0.5400 perA=0 | l1B=+0.5421 perB=0 | max|r_ens|=0.0665 rlag=0.0098 MI=0.0006 esc=0
logistic r=3.9960: l1A=+0.5502 perA=0 | l1B=+0.5514 perB=0 | max|r_ens|=0.0588 rlag=0.0102 MI=-0.0005 esc=0
