[ok] fstep(logistic,(3,5)) byte stream bit-identical to the engine class over 100000 bytes (200000 iterations)
logistic r=3.5030: l1A=-0.5408 perA=4 | l1B=-0.5642 perB=4 | max|r_ens|=0.9999 rlag=1.0000 MI=2.0000 esc=0
logistic r=3.5110: l1A=-0.4377 perA=4 | l1B=-0.4226 perB=4 | max|r_ens|=0.9999 rlag=1.0000 MI=2.0000 esc=0
logistic r=3.5190: l1A=-0.2645 perA=4 | l1B=-0.2568 perB=4 | max|r_ens|=0.9997 rlag=1.0000 MI=2.0000 esc=0
logistic r=3.5270: l1A=-0.1621 perA=4 | l1B=-0.1569 perB=4 | max|r_ens|=0.9993 rlag=1.0000 MI=2.0000 esc=0
logistic r=3.5350: l1A=-0.0889 perA=4 | l1B=-0.0849 perB=4 | max|r_ens|=0.9997 rlag=1.0000 MI=2.0000 esc=0
logistic r=3.5430: l1A=-0.0317 perA=4 | l1B=-0.0285 perB=4 | max|r_ens|=0.9998 rlag=1.0000 MI=2.0000 esc=0
logistic r=3.5510: l1A=-0.0283 perA=8 | l1B=-0.0276 perB=8 | max|r_ens|=0.9992 rlag=1.0000 MI=2.2500 esc=0
logistic r=3.5590: l1A=-0.1135 perA=8 | l1B=-0.1270 perB=8 | max|r_ens|=0.9997 rlag=1.0000 MI=2.5000 esc=0
logistic r=3.5670: l1A=-0.0205 perA=8 | l1B=-0.0129 perB=8 | max|r_ens|=0.9994 rlag=1.0000 MI=2.5000 esc=0
logistic r=3.5750: l1A=+0.0433 perA=0 | l1B=+0.0469 perB=0 | max|r_ens|=0.9990 rlag=0.9992 MI=2.5571 esc=0
logistic r=3.5830: l1A=+0.1003 perA=0 | l1B=+0.0990 perB=0 | max|r_ens|=0.9930 rlag=0.9888 MI=1.9999 esc=0
logistic r=3.5910: l1A=+0.1301 perA=0 | l1B=+0.1366 perB=0 | max|r_ens|=0.9878 rlag=0.9818 MI=1.8706 esc=0
logistic r=3.5990: l1A=+0.1741 perA=0 | l1B=+0.1748 perB=0 | max|r_ens|=0.9577 rlag=0.9233 MI=1.0001 esc=0
logistic r=3.6070: l1A=+0.1898 perA=0 | l1B=+0.1882 perB=0 | max|r_ens|=0.9244 rlag=0.9120 MI=1.0001 esc=0
logistic r=3.6150: l1A=+0.1958 perA=0 | l1B=+0.1978 perB=0 | max|r_ens|=0.9148 rlag=0.8908 MI=1.0001 esc=0
logistic r=3.6230: l1A=+0.2143 perA=0 | l1B=+0.2101 perB=0 | max|r_ens|=0.9026 rlag=0.8796 MI=0.9998 esc=0
logistic r=3.6310: l1A=+0.2055 perA=0 | l1B=+0.2031 perB=0 | max|r_ens|=0.8424 rlag=0.7746 MI=1.0047 esc=0
logistic r=3.6390: l1A=+0.0076 perA=0 | l1B=+0.0635 perB=0 | max|r_ens|=0.7666 rlag=0.9995 MI=2.5850 esc=0
logistic r=3.6470: l1A=+0.2399 perA=0 | l1B=+0.2422 perB=0 | max|r_ens|=0.8415 rlag=0.8135 MI=0.9999 esc=0
logistic r=3.6550: l1A=+0.2570 perA=0 | l1B=+0.2578 perB=0 | max|r_ens|=0.8231 rlag=0.7958 MI=1.0003 esc=0
logistic r=3.6630: l1A=+0.2791 perA=0 | l1B=+0.2832 perB=0 | max|r_ens|=0.8134 rlag=0.7743 MI=1.0001 esc=0
logistic r=3.6710: l1A=+0.2918 perA=0 | l1B=+0.2950 perB=0 | max|r_ens|=0.7748 rlag=0.7266 MI=0.9997 esc=0
logistic r=3.6790: l1A=+0.3161 perA=0 | l1B=+0.3192 perB=0 | max|r_ens|=0.7496 rlag=0.6791 MI=0.9363 esc=0
logistic r=3.6870: l1A=+0.3398 perA=0 | l1B=+0.3405 perB=0 | max|r_ens|=0.0534 rlag=0.0094 MI=0.0001 esc=0
logistic r=3.6950: l1A=+0.3483 perA=0 | l1B=+0.3483 perB=0 | max|r_ens|=0.0594 rlag=0.0160 MI=0.0003 esc=0
logistic r=3.7030: l1A=+0.3582 perA=0 | l1B=+0.3599 perB=0 | max|r_ens|=0.0574 rlag=0.0142 MI=0.0000 esc=0
logistic r=3.7110: l1A=+0.3550 perA=0 | l1B=+0.3560 perB=0 | max|r_ens|=0.0551 rlag=0.0178 MI=-0.0002 esc=0
logistic r=3.7190: l1A=+0.3700 perA=0 | l1B=+0.3698 perB=0 | max|r_ens|=0.0663 rlag=0.0163 MI=-0.0000 esc=0
logistic r=3.7270: l1A=+0.3724 perA=0 | l1B=+0.3737 perB=0 | max|r_ens|=0.0688 rlag=0.0168 MI=0.0001 esc=0
logistic r=3.7350: l1A=+0.3859 perA=0 | l1B=+0.3863 perB=0 | max|r_ens|=0.0713 rlag=0.0110 MI=-0.0007 esc=0
logistic r=3.7430: l1A=+0.3777 perA=0 | l1B=+0.3773 perB=0 | max|r_ens|=0.0591 rlag=0.0125 MI=-0.0002 esc=0
logistic r=3.7510: l1A=-0.0586 perA=10 | l1B=-0.0310 perB=20 | max|r_ens|=0.0261 rlag=1.0000 MI=2.3220 esc=0
logistic r=3.7590: l1A=+0.3823 perA=0 | l1B=+0.3792 perB=0 | max|r_ens|=0.0622 rlag=0.0136 MI=0.0003 esc=0
logistic r=3.7670: l1A=+0.3888 perA=0 | l1B=+0.3899 perB=0 | max|r_ens|=0.0685 rlag=0.0165 MI=-0.0004 esc=0
logistic r=3.7750: l1A=+0.4070 perA=0 | l1B=+0.4063 perB=0 | max|r_ens|=0.0605 rlag=0.0114 MI=-0.0002 esc=0
logistic r=3.7830: l1A=+0.4085 perA=0 | l1B=+0.4104 perB=0 | max|r_ens|=0.0620 rlag=0.0175 MI=0.0003 esc=0
logistic r=3.7910: l1A=+0.4202 perA=0 | l1B=+0.4213 perB=0 | max|r_ens|=0.0864 rlag=0.0114 MI=0.0002 esc=0
logistic r=3.7990: l1A=+0.4329 perA=0 | l1B=+0.4339 perB=0 | max|r_ens|=0.0810 rlag=0.0110 MI=0.0001 esc=0
logistic r=3.8070: l1A=+0.4396 perA=0 | l1B=+0.4380 perB=0 | max|r_ens|=0.0696 rlag=0.0098 MI=0.0000 esc=0
logistic r=3.8150: l1A=+0.4438 perA=0 | l1B=+0.4437 perB=0 | max|r_ens|=0.0669 rlag=0.0100 MI=-0.0005 esc=0
logistic r=3.8230: l1A=+0.4436 perA=0 | l1B=+0.4452 perB=0 | max|r_ens|=0.0858 rlag=0.0128 MI=0.0001 esc=0
logistic r=3.8310: l1A=+0.4314 perA=0 | l1B=+0.4301 perB=0 | max|r_ens|=0.0583 rlag=0.0111 MI=-0.0001 esc=0
logistic r=3.8390: l1A=+0.3853 perA=0 | l1B=+0.3756 perB=0 | max|r_ens|=0.0568 rlag=0.0182 MI=0.0005 esc=0
logistic r=3.8470: l1A=-0.0701 perA=6 | l1B=-0.0316 perB=6 | max|r_ens|=0.2335 rlag=0.9994 MI=1.5850 esc=0
logistic r=3.8550: l1A=+0.1617 perA=0 | l1B=+0.1752 perB=0 | max|r_ens|=0.3154 rlag=0.9967 MI=1.5849 esc=0
logistic r=3.8630: l1A=-0.0082 perA=3 | l1B=+0.0000 perB=0 | max|r_ens|=0.0549 rlag=1.0000 MI=1.5850 esc=0
logistic r=3.8710: l1A=+0.0365 perA=0 | l1B=+0.0670 perB=0 | max|r_ens|=0.0845 rlag=0.9998 MI=1.6222 esc=0
logistic r=3.8790: l1A=+0.4319 perA=0 | l1B=+0.4422 perB=0 | max|r_ens|=0.0710 rlag=0.0142 MI=0.0002 esc=0
logistic r=3.8870: l1A=+0.4673 perA=0 | l1B=+0.4704 perB=0 | max|r_ens|=0.0656 rlag=0.0103 MI=0.0003 esc=0
logistic r=3.8950: l1A=+0.4902 perA=0 | l1B=+0.4925 perB=0 | max|r_ens|=0.0760 rlag=0.0099 MI=-0.0006 esc=0
logistic r=3.9030: l1A=+0.5041 perA=0 | l1B=+0.5036 perB=0 | max|r_ens|=0.0584 rlag=0.0123 MI=0.0004 esc=0
logistic r=3.9110: l1A=+0.5067 perA=0 | l1B=+0.5071 perB=0 | max|r_ens|=0.0579 rlag=0.0124 MI=-0.0005 esc=0
logistic r=3.9190: l1A=+0.5223 perA=0 | l1B=+0.5207 perB=0 | max|r_ens|=0.0652 rlag=0.0134 MI=0.0002 esc=0
logistic r=3.9270: l1A=+0.5316 perA=0 | l1B=+0.5305 perB=0 | max|r_ens|=0.0601 rlag=0.0123 MI=-0.0002 esc=0
logistic r=3.9350: l1A=+0.5468 perA=0 | l1B=+0.5473 perB=0 | max|r_ens|=0.0593 rlag=0.0107 MI=-0.0001 esc=0
logistic r=3.9430: l1A=+0.5595 perA=0 | l1B=+0.5595 perB=0 | max|r_ens|=0.0673 rlag=0.0094 MI=0.0003 esc=0
logistic r=3.9510: l1A=+0.5720 perA=0 | l1B=+0.5726 perB=0 | max|r_ens|=0.0798 rlag=0.0089 MI=0.0008 esc=0
logistic r=3.9590: l1A=+0.5788 perA=0 | l1B=+0.5769 perB=0 | max|r_ens|=0.0745 rlag=0.0107 MI=0.0002 esc=0
logistic r=3.9670: l1A=+0.5867 perA=0 | l1B=+0.5881 perB=0 | max|r_ens|=0.0740 rlag=0.0086 MI=-0.0005 esc=0
logistic r=3.9750: l1A=+0.5991 perA=0 | l1B=+0.5993 perB=0 | max|r_ens|=0.0648 rlag=0.0131 MI=-0.0004 esc=0
logistic r=3.9830: l1A=+0.6074 perA=0 | l1B=+0.6092 perB=0 | max|r_ens|=0.0631 rlag=0.0110 MI=0.0001 esc=0
logistic r=3.9910: l1A=+0.6267 perA=0 | l1B=+0.6286 perB=0 | max|r_ens|=0.0751 rlag=0.0093 MI=-0.0005 esc=0
logistic r=3.9990: l1A=+0.6445 perA=0 | l1B=+0.6454 perB=0 | max|r_ens|=0.0594 rlag=0.0095 MI=-0.0001 esc=0
