[ok] fstep(logistic,(3,5)) byte stream bit-identical to the engine class over 100000 bytes (200000 iterations)
logistic r=3.5030: l1A=-0.0881 perA=4 | l1B=-0.0918 perB=4 | max|r_ens|=1.0000 rlag=1.0000 MI=2.0000 esc=0
logistic r=3.5110: l1A=-0.1569 perA=4 | l1B=-0.1620 perB=4 | max|r_ens|=0.9992 rlag=1.0000 MI=2.0000 esc=0
logistic r=3.5190: l1A=-0.2543 perA=4 | l1B=-0.2620 perB=4 | max|r_ens|=0.9992 rlag=1.0000 MI=2.0000 esc=0
logistic r=3.5270: l1A=-0.4405 perA=4 | l1B=-0.4482 perB=4 | max|r_ens|=0.9999 rlag=1.0000 MI=2.0000 esc=0
logistic r=3.5350: l1A=-0.5204 perA=4 | l1B=-0.5222 perB=4 | max|r_ens|=0.9999 rlag=1.0000 MI=2.0000 esc=0
logistic r=3.5430: l1A=-0.4644 perA=4 | l1B=-0.4471 perB=4 | max|r_ens|=0.9999 rlag=1.0000 MI=2.0000 esc=0
logistic r=3.5510: l1A=-0.2727 perA=4 | l1B=-0.2644 perB=4 | max|r_ens|=0.9991 rlag=1.0000 MI=2.0000 esc=0
logistic r=3.5590: l1A=-0.1646 perA=4 | l1B=-0.1592 perB=4 | max|r_ens|=0.9997 rlag=1.0000 MI=2.0000 esc=0
logistic r=3.5670: l1A=-0.0887 perA=4 | l1B=-0.0846 perB=4 | max|r_ens|=0.9990 rlag=1.0000 MI=2.0000 esc=0
logistic r=3.5750: l1A=-0.0298 perA=4 | l1B=-0.0265 perB=4 | max|r_ens|=1.0000 rlag=1.0000 MI=2.0000 esc=0
logistic r=3.5830: l1A=-0.0459 perA=8 | l1B=-0.0550 perB=8 | max|r_ens|=0.9997 rlag=1.0000 MI=2.2500 esc=0
logistic r=3.5910: l1A=-0.2697 perA=8 | l1B=-0.2243 perB=8 | max|r_ens|=0.9999 rlag=1.0000 MI=2.2500 esc=0
logistic r=3.5990: l1A=-0.0042 perA=8 | l1B=-0.0058 perB=16 | max|r_ens|=0.9988 rlag=1.0000 MI=2.5000 esc=0
logistic r=3.6070: l1A=+0.0533 perA=0 | l1B=+0.0185 perB=0 | max|r_ens|=0.9990 rlag=0.9985 MI=2.4012 esc=0
logistic r=3.6150: l1A=+0.1063 perA=0 | l1B=+0.1065 perB=0 | max|r_ens|=0.9946 rlag=0.9895 MI=2.0001 esc=0
logistic r=3.6230: l1A=+0.1406 perA=0 | l1B=+0.1387 perB=0 | max|r_ens|=0.9906 rlag=0.9817 MI=2.0000 esc=0
logistic r=3.6310: l1A=+0.1670 perA=0 | l1B=+0.1738 perB=0 | max|r_ens|=0.9496 rlag=0.9296 MI=0.9999 esc=0
logistic r=3.6390: l1A=+0.1647 perA=0 | l1B=+0.1711 perB=0 | max|r_ens|=0.9424 rlag=0.9140 MI=1.0002 esc=0
logistic r=3.6470: l1A=+0.0056 perA=0 | l1B=+0.1944 perB=0 | max|r_ens|=0.9241 rlag=0.8864 MI=0.9998 esc=0
logistic r=3.6550: l1A=+0.2104 perA=0 | l1B=+0.2114 perB=0 | max|r_ens|=0.9224 rlag=0.8858 MI=1.0005 esc=0
logistic r=3.6630: l1A=+0.0192 perA=0 | l1B=-0.0171 perB=48 | max|r_ens|=0.9305 rlag=0.9999 MI=2.6168 esc=0
logistic r=3.6710: l1A=+0.2101 perA=0 | l1B=+0.2185 perB=0 | max|r_ens|=0.9024 rlag=0.8395 MI=1.0000 esc=0
logistic r=3.6790: l1A=+0.2326 perA=0 | l1B=+0.2344 perB=0 | max|r_ens|=0.8913 rlag=0.8211 MI=0.9999 esc=0
logistic r=3.6870: l1A=+0.2641 perA=0 | l1B=+0.2683 perB=0 | max|r_ens|=0.8864 rlag=0.8222 MI=1.0002 esc=0
logistic r=3.6950: l1A=+0.2687 perA=0 | l1B=+0.2647 perB=0 | max|r_ens|=0.8620 rlag=0.7715 MI=1.0002 esc=0
logistic r=3.7030: l1A=+0.2969 perA=0 | l1B=+0.2982 perB=0 | max|r_ens|=0.8484 rlag=0.7516 MI=1.0003 esc=0
logistic r=3.7110: l1A=+0.3163 perA=0 | l1B=+0.3188 perB=0 | max|r_ens|=0.8198 rlag=0.6916 MI=0.9978 esc=0
logistic r=3.7190: l1A=+0.3172 perA=0 | l1B=+0.3173 perB=0 | max|r_ens|=0.0571 rlag=0.0550 MI=0.0020 esc=0
logistic r=3.7270: l1A=+0.3139 perA=0 | l1B=+0.3138 perB=0 | max|r_ens|=0.0513 rlag=0.0126 MI=0.0001 esc=0
logistic r=3.7350: l1A=+0.3190 perA=0 | l1B=+0.3181 perB=0 | max|r_ens|=0.0648 rlag=0.0199 MI=0.0003 esc=0
logistic r=3.7430: l1A=+0.3178 perA=0 | l1B=+0.3198 perB=0 | max|r_ens|=0.0548 rlag=0.0233 MI=0.0001 esc=0
logistic r=3.7510: l1A=+0.3309 perA=0 | l1B=+0.3302 perB=0 | max|r_ens|=0.0559 rlag=0.0212 MI=0.0007 esc=0
logistic r=3.7590: l1A=+0.3382 perA=0 | l1B=+0.3380 perB=0 | max|r_ens|=0.0528 rlag=0.0156 MI=0.0003 esc=0
logistic r=3.7670: l1A=+0.3446 perA=0 | l1B=+0.3461 perB=0 | max|r_ens|=0.0542 rlag=0.0087 MI=-0.0001 esc=0
logistic r=3.7750: l1A=+0.3400 perA=0 | l1B=+0.3427 perB=0 | max|r_ens|=0.0507 rlag=0.0156 MI=0.0002 esc=0
logistic r=3.7830: l1A=+0.3437 perA=0 | l1B=+0.3428 perB=0 | max|r_ens|=0.0601 rlag=0.0127 MI=0.0001 esc=0
logistic r=3.7910: l1A=+0.3496 perA=0 | l1B=+0.3522 perB=0 | max|r_ens|=0.0651 rlag=0.0183 MI=-0.0001 esc=0
logistic r=3.7990: l1A=+0.3587 perA=0 | l1B=+0.3594 perB=0 | max|r_ens|=0.0574 rlag=0.0162 MI=0.0006 esc=0
logistic r=3.8070: l1A=+0.3557 perA=0 | l1B=+0.3557 perB=0 | max|r_ens|=0.0655 rlag=0.0104 MI=-0.0002 esc=0
logistic r=3.8150: l1A=+0.3709 perA=0 | l1B=+0.2116 perB=0 | max|r_ens|=0.0623 rlag=0.0200 MI=0.0005 esc=0
logistic r=3.8230: l1A=-0.2364 perA=5 | l1B=-0.1190 perB=5 | max|r_ens|=0.0383 rlag=1.0000 MI=2.3220 esc=0
logistic r=3.8310: l1A=+0.3810 perA=0 | l1B=+0.3819 perB=0 | max|r_ens|=0.0679 rlag=0.0138 MI=-0.0001 esc=0
logistic r=3.8390: l1A=+0.3887 perA=0 | l1B=+0.3897 perB=0 | max|r_ens|=0.0615 rlag=0.0155 MI=-0.0003 esc=0
logistic r=3.8470: l1A=+0.3930 perA=0 | l1B=+0.3931 perB=0 | max|r_ens|=0.0703 rlag=0.0116 MI=-0.0001 esc=0
logistic r=3.8550: l1A=+0.3961 perA=0 | l1B=+0.3938 perB=0 | max|r_ens|=0.0592 rlag=0.0095 MI=0.0005 esc=0
logistic r=3.8630: l1A=+0.3933 perA=0 | l1B=+0.3952 perB=0 | max|r_ens|=0.0633 rlag=0.0103 MI=0.0002 esc=0
logistic r=3.8710: l1A=+0.4096 perA=0 | l1B=+0.4101 perB=0 | max|r_ens|=0.0624 rlag=0.0103 MI=0.0004 esc=0
logistic r=3.8790: l1A=+0.4177 perA=0 | l1B=+0.4182 perB=0 | max|r_ens|=0.0648 rlag=0.0091 MI=0.0002 esc=0
logistic r=3.8870: l1A=+0.4295 perA=0 | l1B=+0.4320 perB=0 | max|r_ens|=0.0646 rlag=0.0123 MI=0.0005 esc=0
logistic r=3.8950: l1A=+0.4397 perA=0 | l1B=+0.4393 perB=0 | max|r_ens|=0.0666 rlag=0.0098 MI=0.0003 esc=0
logistic r=3.9030: l1A=+0.4489 perA=0 | l1B=+0.4490 perB=0 | max|r_ens|=0.0836 rlag=0.0107 MI=0.0003 esc=0
logistic r=3.9110: l1A=+0.4516 perA=0 | l1B=+0.4543 perB=0 | max|r_ens|=0.0708 rlag=0.0111 MI=-0.0004 esc=0
logistic r=3.9190: l1A=+0.4637 perA=0 | l1B=+0.4646 perB=0 | max|r_ens|=0.0578 rlag=0.0105 MI=-0.0001 esc=0
logistic r=3.9270: l1A=+0.4755 perA=0 | l1B=+0.4739 perB=0 | max|r_ens|=0.0550 rlag=0.0104 MI=0.0002 esc=0
logistic r=3.9350: l1A=+0.4876 perA=0 | l1B=+0.4867 perB=0 | max|r_ens|=0.0594 rlag=0.0115 MI=-0.0006 esc=0
logistic r=3.9430: l1A=+0.4989 perA=0 | l1B=+0.4996 perB=0 | max|r_ens|=0.0612 rlag=0.0103 MI=0.0000 esc=0
logistic r=3.9510: l1A=+0.5068 perA=0 | l1B=+0.5086 perB=0 | max|r_ens|=0.0640 rlag=0.0106 MI=-0.0004 esc=0
logistic r=3.9590: l1A=+0.5155 perA=0 | l1B=+0.5159 perB=0 | max|r_ens|=0.0736 rlag=0.0120 MI=-0.0007 esc=0
logistic r=3.9670: l1A=+0.5231 perA=0 | l1B=+0.5219 perB=0 | max|r_ens|=0.0569 rlag=0.0087 MI=0.0002 esc=0
logistic r=3.9750: l1A=+0.5280 perA=0 | l1B=+0.5277 perB=0 | max|r_ens|=0.0641 rlag=0.0084 MI=0.0002 esc=0
logistic r=3.9830: l1A=+0.5342 perA=0 | l1B=+0.5354 perB=0 | max|r_ens|=0.0704 rlag=0.0134 MI=-0.0001 esc=0
logistic r=3.9910: l1A=+0.5435 perA=0 | l1B=+0.5430 perB=0 | max|r_ens|=0.0675 rlag=0.0065 MI=-0.0003 esc=0
logistic r=3.9990: l1A=+0.5514 perA=0 | l1B=+0.5515 perB=0 | max|r_ens|=0.0613 rlag=0.0083 MI=-0.0004 esc=0
