[ok] fstep(logistic,(3,5)) byte stream bit-identical to the engine class over 100000 bytes (200000 iterations)
logistic r=3.5040: l1A=-0.5899 perA=4 | l1B=-0.6187 perB=4 | max|r_ens|=0.9998 rlag=1.0000 MI=2.0000 esc=0
logistic r=3.5120: l1A=-0.4084 perA=4 | l1B=-0.3950 perB=4 | max|r_ens|=0.9999 rlag=1.0000 MI=2.0000 esc=0
logistic r=3.5200: l1A=-0.2492 perA=4 | l1B=-0.2419 perB=4 | max|r_ens|=0.9998 rlag=1.0000 MI=2.0000 esc=0
logistic r=3.5280: l1A=-0.1517 perA=4 | l1B=-0.1467 perB=4 | max|r_ens|=0.9996 rlag=1.0000 MI=2.0000 esc=0
logistic r=3.5360: l1A=-0.0810 perA=4 | l1B=-0.0772 perB=4 | max|r_ens|=0.9999 rlag=1.0000 MI=2.0000 esc=0
logistic r=3.5440: l1A=-0.0253 perA=4 | l1B=-0.0222 perB=4 | max|r_ens|=0.9998 rlag=1.0000 MI=2.0000 esc=0
logistic r=3.5520: l1A=-0.0276 perA=8 | l1B=-0.0283 perB=8 | max|r_ens|=0.9997 rlag=1.0000 MI=2.2500 esc=0
logistic r=3.5600: l1A=-0.1424 perA=8 | l1B=-0.1602 perB=8 | max|r_ens|=0.9997 rlag=1.0000 MI=2.5000 esc=0
logistic r=3.5680: l1A=-0.0058 perA=8 | l1B=-0.0021 perB=16 | max|r_ens|=0.9987 rlag=1.0000 MI=2.7500 esc=0
logistic r=3.5760: l1A=+0.0501 perA=0 | l1B=+0.0154 perB=0 | max|r_ens|=0.9985 rlag=0.9985 MI=2.4395 esc=0
logistic r=3.5840: l1A=+0.1065 perA=0 | l1B=+0.1067 perB=0 | max|r_ens|=0.9931 rlag=0.9884 MI=2.0000 esc=0
logistic r=3.5920: l1A=+0.1352 perA=0 | l1B=+0.1423 perB=0 | max|r_ens|=0.9868 rlag=0.9806 MI=1.8593 esc=0
logistic r=3.6000: l1A=+0.1772 perA=0 | l1B=+0.1778 perB=0 | max|r_ens|=0.9247 rlag=0.9223 MI=1.0001 esc=0
logistic r=3.6080: l1A=+0.1874 perA=0 | l1B=+0.1832 perB=0 | max|r_ens|=0.9231 rlag=0.9086 MI=1.0002 esc=0
logistic r=3.6160: l1A=+0.2006 perA=0 | l1B=+0.2006 perB=0 | max|r_ens|=0.9134 rlag=0.8897 MI=1.0000 esc=0
logistic r=3.6240: l1A=+0.2112 perA=0 | l1B=+0.2124 perB=0 | max|r_ens|=0.9003 rlag=0.8750 MI=1.0000 esc=0
logistic r=3.6320: l1A=+0.1997 perA=0 | l1B=+0.1972 perB=0 | max|r_ens|=0.8681 rlag=0.9999 MI=2.5850 esc=0
logistic r=3.6400: l1A=+0.0749 perA=0 | l1B=+0.0967 perB=0 | max|r_ens|=0.7591 rlag=0.9987 MI=2.5850 esc=0
logistic r=3.6480: l1A=+0.2447 perA=0 | l1B=+0.2465 perB=0 | max|r_ens|=0.8415 rlag=0.8130 MI=0.9998 esc=0
logistic r=3.6560: l1A=+0.2630 perA=0 | l1B=+0.2669 perB=0 | max|r_ens|=0.8243 rlag=0.8036 MI=1.0002 esc=0
logistic r=3.6640: l1A=+0.2834 perA=0 | l1B=+0.2838 perB=0 | max|r_ens|=0.8133 rlag=0.7699 MI=1.0000 esc=0
logistic r=3.6720: l1A=+0.2947 perA=0 | l1B=+0.2951 perB=0 | max|r_ens|=0.7677 rlag=0.7166 MI=1.0002 esc=0
logistic r=3.6800: l1A=+0.3210 perA=0 | l1B=+0.3216 perB=0 | max|r_ens|=0.7426 rlag=0.6674 MI=0.9052 esc=0
logistic r=3.6880: l1A=+0.3410 perA=0 | l1B=+0.3411 perB=0 | max|r_ens|=0.0761 rlag=0.0222 MI=0.0005 esc=0
logistic r=3.6960: l1A=+0.3510 perA=0 | l1B=+0.3509 perB=0 | max|r_ens|=0.0531 rlag=0.0142 MI=0.0001 esc=0
logistic r=3.7040: l1A=+0.3606 perA=0 | l1B=+0.3610 perB=0 | max|r_ens|=0.0764 rlag=0.0125 MI=-0.0005 esc=0
logistic r=3.7120: l1A=+0.3583 perA=0 | l1B=+0.3599 perB=0 | max|r_ens|=0.0555 rlag=0.0114 MI=-0.0003 esc=0
logistic r=3.7200: l1A=+0.3701 perA=0 | l1B=+0.3714 perB=0 | max|r_ens|=0.0742 rlag=0.0191 MI=0.0001 esc=0
logistic r=3.7280: l1A=+0.3757 perA=0 | l1B=+0.3754 perB=0 | max|r_ens|=0.0603 rlag=0.0126 MI=0.0000 esc=0
logistic r=3.7360: l1A=+0.3846 perA=0 | l1B=+0.3860 perB=0 | max|r_ens|=0.0721 rlag=0.0147 MI=0.0001 esc=0
logistic r=3.7440: l1A=+0.3724 perA=0 | l1B=+0.3731 perB=0 | max|r_ens|=0.0638 rlag=0.0123 MI=0.0001 esc=0
logistic r=3.7520: l1A=+0.0431 perA=0 | l1B=-0.0000 perB=0 | max|r_ens|=0.0511 rlag=0.9995 MI=2.3220 esc=0
logistic r=3.7600: l1A=+0.3811 perA=0 | l1B=+0.3815 perB=0 | max|r_ens|=0.0598 rlag=0.0129 MI=0.0002 esc=0
logistic r=3.7680: l1A=+0.3934 perA=0 | l1B=+0.3947 perB=0 | max|r_ens|=0.0558 rlag=0.0160 MI=-0.0002 esc=0
logistic r=3.7760: l1A=+0.4066 perA=0 | l1B=+0.4075 perB=0 | max|r_ens|=0.0773 rlag=0.0173 MI=0.0003 esc=0
logistic r=3.7840: l1A=+0.4099 perA=0 | l1B=+0.4115 perB=0 | max|r_ens|=0.0630 rlag=0.0119 MI=-0.0001 esc=0
logistic r=3.7920: l1A=+0.4218 perA=0 | l1B=+0.4245 perB=0 | max|r_ens|=0.0588 rlag=0.0147 MI=0.0004 esc=0
logistic r=3.8000: l1A=+0.4355 perA=0 | l1B=+0.4345 perB=0 | max|r_ens|=0.0622 rlag=0.0102 MI=0.0002 esc=0
logistic r=3.8080: l1A=+0.4376 perA=0 | l1B=+0.4381 perB=0 | max|r_ens|=0.0565 rlag=0.0110 MI=0.0001 esc=0
logistic r=3.8160: l1A=+0.4424 perA=0 | l1B=+0.4442 perB=0 | max|r_ens|=0.0790 rlag=0.0093 MI=-0.0000 esc=0
logistic r=3.8240: l1A=+0.4429 perA=0 | l1B=+0.4440 perB=0 | max|r_ens|=0.0741 rlag=0.0121 MI=0.0005 esc=0
logistic r=3.8320: l1A=+0.4311 perA=0 | l1B=+0.4292 perB=0 | max|r_ens|=0.0624 rlag=0.0132 MI=-0.0000 esc=0
logistic r=3.8400: l1A=+0.3653 perA=0 | l1B=+0.3509 perB=0 | max|r_ens|=0.0724 rlag=0.0182 MI=0.0005 esc=0
logistic r=3.8480: l1A=-0.0003 perA=0 | l1B=-0.0981 perB=12 | max|r_ens|=0.2627 rlag=0.9994 MI=1.5850 esc=0
logistic r=3.8560: l1A=+0.1895 perA=0 | l1B=+0.1994 perB=0 | max|r_ens|=0.3522 rlag=0.9980 MI=1.5850 esc=0
logistic r=3.8640: l1A=-0.0108 perA=6 | l1B=-0.0521 perB=6 | max|r_ens|=0.0337 rlag=1.0000 MI=1.5850 esc=0
logistic r=3.8720: l1A=+0.0857 perA=0 | l1B=+0.1073 perB=0 | max|r_ens|=0.0751 rlag=0.9986 MI=1.5852 esc=0
logistic r=3.8800: l1A=+0.4453 perA=0 | l1B=+0.4473 perB=0 | max|r_ens|=0.0682 rlag=0.0169 MI=0.0003 esc=0
logistic r=3.8880: l1A=+0.4697 perA=0 | l1B=+0.4717 perB=0 | max|r_ens|=0.0760 rlag=0.0202 MI=0.0000 esc=0
logistic r=3.8960: l1A=+0.4936 perA=0 | l1B=+0.4932 perB=0 | max|r_ens|=0.0654 rlag=0.0105 MI=-0.0003 esc=0
logistic r=3.9040: l1A=+0.5049 perA=0 | l1B=+0.5038 perB=0 | max|r_ens|=0.0787 rlag=0.0157 MI=-0.0004 esc=0
logistic r=3.9120: l1A=+0.5086 perA=0 | l1B=+0.5093 perB=0 | max|r_ens|=0.0585 rlag=0.0091 MI=-0.0001 esc=0
logistic r=3.9200: l1A=+0.5233 perA=0 | l1B=+0.5233 perB=0 | max|r_ens|=0.0571 rlag=0.0122 MI=0.0002 esc=0
logistic r=3.9280: l1A=+0.5323 perA=0 | l1B=+0.5334 perB=0 | max|r_ens|=0.0673 rlag=0.0130 MI=0.0002 esc=0
logistic r=3.9360: l1A=+0.5469 perA=0 | l1B=+0.5495 perB=0 | max|r_ens|=0.0681 rlag=0.0123 MI=0.0001 esc=0
logistic r=3.9440: l1A=+0.5611 perA=0 | l1B=+0.5617 perB=0 | max|r_ens|=0.0786 rlag=0.0092 MI=0.0002 esc=0
logistic r=3.9520: l1A=+0.5721 perA=0 | l1B=+0.5727 perB=0 | max|r_ens|=0.0647 rlag=0.0083 MI=-0.0001 esc=0
logistic r=3.9600: l1A=+0.5763 perA=0 | l1B=+0.5778 perB=0 | max|r_ens|=0.0674 rlag=0.0103 MI=-0.0001 esc=0
logistic r=3.9680: l1A=+0.5901 perA=0 | l1B=+0.5901 perB=0 | max|r_ens|=0.0644 rlag=0.0084 MI=0.0006 esc=0
logistic r=3.9760: l1A=+0.6008 perA=0 | l1B=+0.6018 perB=0 | max|r_ens|=0.0565 rlag=0.0080 MI=0.0003 esc=0
logistic r=3.9840: l1A=+0.6109 perA=0 | l1B=+0.6125 perB=0 | max|r_ens|=0.0632 rlag=0.0085 MI=0.0004 esc=0
logistic r=3.9920: l1A=+0.6302 perA=0 | l1B=+0.6325 perB=0 | max|r_ens|=0.0576 rlag=0.0105 MI=-0.0005 esc=0
