[ok] fstep(logistic,(3,5)) byte stream bit-identical to the engine class over 100000 bytes (200000 iterations)
logistic r=3.5060: l1A=-0.6784 perA=4 | l1B=-0.6410 perB=4 | max|r_ens|=0.9997 rlag=1.0000 MI=2.0000 esc=0
logistic r=3.5140: l1A=-0.3584 perA=4 | l1B=-0.3473 perB=4 | max|r_ens|=0.9999 rlag=1.0000 MI=2.0000 esc=0
logistic r=3.5220: l1A=-0.2212 perA=4 | l1B=-0.2147 perB=4 | max|r_ens|=0.9999 rlag=1.0000 MI=2.0000 esc=0
logistic r=3.5300: l1A=-0.1322 perA=4 | l1B=-0.1275 perB=4 | max|r_ens|=1.0000 rlag=1.0000 MI=2.0000 esc=0
logistic r=3.5380: l1A=-0.0659 perA=4 | l1B=-0.0623 perB=4 | max|r_ens|=0.9998 rlag=1.0000 MI=2.0000 esc=0
logistic r=3.5460: l1A=-0.0130 perA=4 | l1B=-0.0100 perB=4 | max|r_ens|=0.9997 rlag=1.0000 MI=2.0000 esc=0
logistic r=3.5540: l1A=-0.0359 perA=8 | l1B=-0.0401 perB=8 | max|r_ens|=0.9998 rlag=1.0000 MI=2.2500 esc=0
logistic r=3.5620: l1A=-0.0420 perA=8 | l1B=-0.0533 perB=8 | max|r_ens|=0.9997 rlag=1.0000 MI=2.5000 esc=0
logistic r=3.5700: l1A=-0.0712 perA=16 | l1B=-0.0613 perB=16 | max|r_ens|=0.9995 rlag=1.0000 MI=2.7029 esc=0
logistic r=3.5780: l1A=+0.0704 perA=0 | l1B=+0.0767 perB=0 | max|r_ens|=0.9985 rlag=0.9977 MI=2.3787 esc=0
logistic r=3.5860: l1A=+0.0658 perA=0 | l1B=+0.0720 perB=0 | max|r_ens|=0.9903 rlag=1.0000 MI=3.1888 esc=0
logistic r=3.5940: l1A=+0.1415 perA=0 | l1B=+0.1492 perB=0 | max|r_ens|=0.9847 rlag=0.9763 MI=1.8068 esc=0
logistic r=3.6020: l1A=+0.1727 perA=0 | l1B=+0.1768 perB=0 | max|r_ens|=0.9327 rlag=0.9201 MI=1.0000 esc=0
logistic r=3.6100: l1A=+0.1641 perA=0 | l1B=+0.1683 perB=0 | max|r_ens|=0.9155 rlag=0.8867 MI=1.0023 esc=0
logistic r=3.6180: l1A=+0.1925 perA=0 | l1B=+0.1969 perB=0 | max|r_ens|=0.9083 rlag=0.8817 MI=1.0000 esc=0
logistic r=3.6260: l1A=+0.2162 perA=0 | l1B=+0.2159 perB=0 | max|r_ens|=0.8962 rlag=0.8699 MI=1.0005 esc=0
logistic r=3.6340: l1A=+0.1861 perA=0 | l1B=-0.0578 perB=6 | max|r_ens|=0.8517 rlag=1.0000 MI=2.5850 esc=0
logistic r=3.6420: l1A=+0.2060 perA=0 | l1B=+0.2144 perB=0 | max|r_ens|=0.8349 rlag=0.8062 MI=0.9997 esc=0
logistic r=3.6500: l1A=+0.2461 perA=0 | l1B=+0.2439 perB=0 | max|r_ens|=0.8341 rlag=0.7984 MI=1.0007 esc=0
logistic r=3.6580: l1A=+0.2703 perA=0 | l1B=+0.2736 perB=0 | max|r_ens|=0.8228 rlag=0.8013 MI=1.0002 esc=0
logistic r=3.6660: l1A=+0.2760 perA=0 | l1B=+0.2736 perB=0 | max|r_ens|=0.7930 rlag=0.7327 MI=1.0004 esc=0
logistic r=3.6740: l1A=+0.3039 perA=0 | l1B=+0.3038 perB=0 | max|r_ens|=0.7737 rlag=0.7218 MI=1.0003 esc=0
logistic r=3.6820: l1A=+0.3297 perA=0 | l1B=+0.3327 perB=0 | max|r_ens|=0.0635 rlag=0.0673 MI=0.0058 esc=0
logistic r=3.6900: l1A=+0.3439 perA=0 | l1B=+0.3439 perB=0 | max|r_ens|=0.0609 rlag=0.0217 MI=0.0002 esc=0
logistic r=3.6980: l1A=+0.3510 perA=0 | l1B=+0.3532 perB=0 | max|r_ens|=0.0508 rlag=0.0190 MI=-0.0004 esc=0
logistic r=3.7060: l1A=+0.3594 perA=0 | l1B=+0.3581 perB=0 | max|r_ens|=0.0566 rlag=0.0168 MI=0.0003 esc=0
logistic r=3.7140: l1A=+0.3627 perA=0 | l1B=+0.3630 perB=0 | max|r_ens|=0.0635 rlag=0.0130 MI=0.0000 esc=0
logistic r=3.7220: l1A=+0.3678 perA=0 | l1B=+0.3701 perB=0 | max|r_ens|=0.0681 rlag=0.0168 MI=0.0002 esc=0
logistic r=3.7300: l1A=+0.3789 perA=0 | l1B=+0.3788 perB=0 | max|r_ens|=0.0596 rlag=0.0175 MI=-0.0005 esc=0
logistic r=3.7380: l1A=+0.3860 perA=0 | l1B=+0.3862 perB=0 | max|r_ens|=0.0779 rlag=0.0135 MI=0.0002 esc=0
logistic r=3.7460: l1A=+0.3633 perA=0 | l1B=+0.3649 perB=0 | max|r_ens|=0.0636 rlag=0.0119 MI=0.0002 esc=0
logistic r=3.7540: l1A=+0.3560 perA=0 | l1B=+0.3627 perB=0 | max|r_ens|=0.0606 rlag=0.0143 MI=-0.0001 esc=0
logistic r=3.7620: l1A=+0.3845 perA=0 | l1B=+0.3873 perB=0 | max|r_ens|=0.0766 rlag=0.0154 MI=-0.0001 esc=0
logistic r=3.7700: l1A=+0.3948 perA=0 | l1B=+0.3977 perB=0 | max|r_ens|=0.0690 rlag=0.0111 MI=-0.0000 esc=0
logistic r=3.7780: l1A=+0.0361 perA=0 | l1B=+0.3798 perB=0 | max|r_ens|=0.0558 rlag=0.0076 MI=0.0002 esc=0
logistic r=3.7860: l1A=+0.4136 perA=0 | l1B=+0.4147 perB=0 | max|r_ens|=0.0772 rlag=0.0116 MI=-0.0003 esc=0
logistic r=3.7940: l1A=+0.4250 perA=0 | l1B=+0.4250 perB=0 | max|r_ens|=0.0709 rlag=0.0130 MI=0.0002 esc=0
logistic r=3.8020: l1A=+0.4372 perA=0 | l1B=+0.4384 perB=0 | max|r_ens|=0.0736 rlag=0.0102 MI=-0.0000 esc=0
logistic r=3.8100: l1A=+0.4373 perA=0 | l1B=+0.4403 perB=0 | max|r_ens|=0.0703 rlag=0.0145 MI=-0.0000 esc=0
logistic r=3.8180: l1A=+0.4455 perA=0 | l1B=+0.4454 perB=0 | max|r_ens|=0.0689 rlag=0.0146 MI=0.0000 esc=0
logistic r=3.8260: l1A=+0.4412 perA=0 | l1B=+0.4408 perB=0 | max|r_ens|=0.0612 rlag=0.0117 MI=-0.0001 esc=0
logistic r=3.8340: l1A=+0.4195 perA=0 | l1B=+0.4189 perB=0 | max|r_ens|=0.0644 rlag=0.0096 MI=0.0002 esc=0
logistic r=3.8420: l1A=-0.0039 perA=3 | l1B=-0.0225 perB=6 | max|r_ens|=0.1364 rlag=0.9997 MI=1.5850 esc=0
logistic r=3.8500: l1A=+0.0405 perA=0 | l1B=+0.0720 perB=0 | max|r_ens|=0.3036 rlag=0.9998 MI=1.6194 esc=0
logistic r=3.8580: l1A=-0.2244 perA=3 | l1B=-0.1922 perB=3 | max|r_ens|=0.0735 rlag=1.0000 MI=1.5850 esc=0
logistic r=3.8660: l1A=-0.2566 perA=6 | l1B=-0.2833 perB=6 | max|r_ens|=0.0412 rlag=1.0000 MI=1.5850 esc=0
logistic r=3.8740: l1A=+0.1359 perA=0 | l1B=+0.1440 perB=0 | max|r_ens|=0.0783 rlag=0.9980 MI=1.5850 esc=0
logistic r=3.8820: l1A=+0.4540 perA=0 | l1B=+0.4557 perB=0 | max|r_ens|=0.0578 rlag=0.0193 MI=-0.0002 esc=0
logistic r=3.8900: l1A=+0.4791 perA=0 | l1B=+0.4799 perB=0 | max|r_ens|=0.0625 rlag=0.0119 MI=0.0004 esc=0
logistic r=3.8980: l1A=+0.4988 perA=0 | l1B=+0.4991 perB=0 | max|r_ens|=0.0731 rlag=0.0136 MI=0.0008 esc=0
logistic r=3.9060: l1A=+0.5027 perA=0 | l1B=+0.5003 perB=0 | max|r_ens|=0.0688 rlag=0.0095 MI=0.0001 esc=0
logistic r=3.9140: l1A=+0.5145 perA=0 | l1B=+0.5156 perB=0 | max|r_ens|=0.0668 rlag=0.0122 MI=0.0006 esc=0
logistic r=3.9220: l1A=+0.5239 perA=0 | l1B=+0.5246 perB=0 | max|r_ens|=0.0659 rlag=0.0121 MI=0.0003 esc=0
logistic r=3.9300: l1A=+0.5354 perA=0 | l1B=+0.5372 perB=0 | max|r_ens|=0.0630 rlag=0.0129 MI=-0.0003 esc=0
logistic r=3.9380: l1A=+0.5519 perA=0 | l1B=+0.5510 perB=0 | max|r_ens|=0.0657 rlag=0.0094 MI=0.0001 esc=0
logistic r=3.9460: l1A=+0.5639 perA=0 | l1B=+0.5652 perB=0 | max|r_ens|=0.0691 rlag=0.0105 MI=-0.0002 esc=0
logistic r=3.9540: l1A=+0.5752 perA=0 | l1B=+0.5761 perB=0 | max|r_ens|=0.0560 rlag=0.0103 MI=-0.0007 esc=0
logistic r=3.9620: l1A=+0.5795 perA=0 | l1B=+0.5794 perB=0 | max|r_ens|=0.0794 rlag=0.0093 MI=0.0001 esc=0
logistic r=3.9700: l1A=+0.5916 perA=0 | l1B=+0.5924 perB=0 | max|r_ens|=0.0757 rlag=0.0090 MI=-0.0002 esc=0
logistic r=3.9780: l1A=+0.6032 perA=0 | l1B=+0.6036 perB=0 | max|r_ens|=0.0636 rlag=0.0086 MI=-0.0003 esc=0
logistic r=3.9860: l1A=+0.6156 perA=0 | l1B=+0.6166 perB=0 | max|r_ens|=0.0628 rlag=0.0092 MI=-0.0006 esc=0
logistic r=3.9940: l1A=+0.6357 perA=0 | l1B=+0.6380 perB=0 | max|r_ens|=0.0744 rlag=0.0077 MI=-0.0005 esc=0
