[ok] fstep(logistic,(3,5)) byte stream bit-identical to the engine class over 100000 bytes (200000 iterations)
logistic r=3.5010: l1A=-0.0736 perA=4 | l1B=-0.0771 perB=4 | max|r_ens|=1.0000 rlag=1.0000 MI=2.0000 esc=0
logistic r=3.5090: l1A=-0.1378 perA=4 | l1B=-0.1424 perB=4 | max|r_ens|=0.9992 rlag=1.0000 MI=2.0000 esc=0
logistic r=3.5170: l1A=-0.2259 perA=4 | l1B=-0.2327 perB=4 | max|r_ens|=0.9999 rlag=1.0000 MI=2.0000 esc=0
logistic r=3.5250: l1A=-0.3716 perA=4 | l1B=-0.3860 perB=4 | max|r_ens|=1.0000 rlag=1.0000 MI=2.0000 esc=0
logistic r=3.5330: l1A=-0.5185 perA=4 | l1B=-0.5178 perB=4 | max|r_ens|=0.9999 rlag=1.0000 MI=2.0000 esc=0
logistic r=3.5410: l1A=-0.5491 perA=4 | l1B=-0.5251 perB=4 | max|r_ens|=0.9999 rlag=1.0000 MI=2.0000 esc=0
logistic r=3.5490: l1A=-0.3087 perA=4 | l1B=-0.2992 perB=4 | max|r_ens|=0.9998 rlag=1.0000 MI=2.0000 esc=0
logistic r=3.5570: l1A=-0.1877 perA=4 | l1B=-0.1817 perB=4 | max|r_ens|=1.0000 rlag=1.0000 MI=2.0000 esc=0
logistic r=3.5650: l1A=-0.1057 perA=4 | l1B=-0.1013 perB=4 | max|r_ens|=0.9998 rlag=1.0000 MI=2.0000 esc=0
logistic r=3.5730: l1A=-0.0434 perA=4 | l1B=-0.0399 perB=4 | max|r_ens|=0.9990 rlag=1.0000 MI=2.0000 esc=0
logistic r=3.5810: l1A=-0.0153 perA=8 | l1B=-0.0223 perB=8 | max|r_ens|=0.9980 rlag=1.0000 MI=2.0000 esc=0
logistic r=3.5890: l1A=-0.2749 perA=8 | l1B=-0.3157 perB=8 | max|r_ens|=0.9998 rlag=1.0000 MI=2.2500 esc=0
logistic r=3.5970: l1A=-0.0363 perA=8 | l1B=-0.0275 perB=8 | max|r_ens|=0.9998 rlag=1.0000 MI=2.5000 esc=0
logistic r=3.6050: l1A=+0.0222 perA=0 | l1B=+0.0355 perB=0 | max|r_ens|=0.9986 rlag=0.9999 MI=3.0018 esc=0
logistic r=3.6130: l1A=+0.0952 perA=0 | l1B=+0.0984 perB=0 | max|r_ens|=0.9953 rlag=0.9909 MI=2.0001 esc=0
logistic r=3.6210: l1A=+0.1240 perA=0 | l1B=+0.1335 perB=0 | max|r_ens|=0.9920 rlag=0.9842 MI=2.0000 esc=0
logistic r=3.6290: l1A=+0.1768 perA=0 | l1B=+0.0205 perB=0 | max|r_ens|=0.9518 rlag=0.9315 MI=0.9997 esc=0
logistic r=3.6370: l1A=-0.0523 perA=20 | l1B=-0.0086 perB=100 | max|r_ens|=0.9416 rlag=0.9999 MI=2.8714 esc=0
logistic r=3.6450: l1A=+0.1937 perA=0 | l1B=+0.1971 perB=0 | max|r_ens|=0.9320 rlag=0.9024 MI=1.0001 esc=0
logistic r=3.6530: l1A=+0.2064 perA=0 | l1B=+0.2125 perB=0 | max|r_ens|=0.9315 rlag=0.8911 MI=1.0002 esc=0
logistic r=3.6610: l1A=-0.0220 perA=24 | l1B=-0.0093 perB=24 | max|r_ens|=0.9201 rlag=1.0000 MI=2.6054 esc=0
logistic r=3.6690: l1A=+0.1904 perA=0 | l1B=+0.1971 perB=0 | max|r_ens|=0.9034 rlag=0.8305 MI=1.0000 esc=0
logistic r=3.6770: l1A=+0.2364 perA=0 | l1B=+0.2379 perB=0 | max|r_ens|=0.8932 rlag=0.8282 MI=0.9999 esc=0
logistic r=3.6850: l1A=+0.2645 perA=0 | l1B=+0.2649 perB=0 | max|r_ens|=0.8898 rlag=0.8282 MI=1.0003 esc=0
logistic r=3.6930: l1A=+0.2774 perA=0 | l1B=+0.2726 perB=0 | max|r_ens|=0.8725 rlag=0.7928 MI=0.9999 esc=0
logistic r=3.7010: l1A=+0.2895 perA=0 | l1B=+0.2903 perB=0 | max|r_ens|=0.8490 rlag=0.7540 MI=0.9999 esc=0
logistic r=3.7090: l1A=+0.3103 perA=0 | l1B=+0.3130 perB=0 | max|r_ens|=0.8246 rlag=0.7087 MI=1.0002 esc=0
logistic r=3.7170: l1A=+0.3201 perA=0 | l1B=+0.3183 perB=0 | max|r_ens|=0.0622 rlag=0.0186 MI=0.0001 esc=0
logistic r=3.7250: l1A=+0.3139 perA=0 | l1B=+0.3130 perB=0 | max|r_ens|=0.0555 rlag=0.0322 MI=0.0008 esc=0
logistic r=3.7330: l1A=+0.3169 perA=0 | l1B=+0.3179 perB=0 | max|r_ens|=0.0773 rlag=0.0189 MI=0.0001 esc=0
logistic r=3.7410: l1A=+0.3192 perA=0 | l1B=+0.3172 perB=0 | max|r_ens|=0.0448 rlag=0.0148 MI=0.0001 esc=0
logistic r=3.7490: l1A=+0.3280 perA=0 | l1B=+0.3276 perB=0 | max|r_ens|=0.0653 rlag=0.0265 MI=0.0012 esc=0
logistic r=3.7570: l1A=-0.0000 perA=0 | l1B=+0.3338 perB=0 | max|r_ens|=0.0720 rlag=0.0046 MI=0.0001 esc=0
logistic r=3.7650: l1A=+0.3436 perA=0 | l1B=+0.3436 perB=0 | max|r_ens|=0.0721 rlag=0.0192 MI=0.0000 esc=0
logistic r=3.7730: l1A=+0.3396 perA=0 | l1B=+0.3402 perB=0 | max|r_ens|=0.0760 rlag=0.0163 MI=-0.0003 esc=0
logistic r=3.7810: l1A=+0.3419 perA=0 | l1B=+0.3437 perB=0 | max|r_ens|=0.0561 rlag=0.0173 MI=-0.0004 esc=0
logistic r=3.7890: l1A=+0.3477 perA=0 | l1B=+0.3489 perB=0 | max|r_ens|=0.0626 rlag=0.0137 MI=-0.0001 esc=0
logistic r=3.7970: l1A=+0.3580 perA=0 | l1B=+0.3602 perB=0 | max|r_ens|=0.0799 rlag=0.0128 MI=-0.0007 esc=0
logistic r=3.8050: l1A=+0.3496 perA=0 | l1B=+0.3533 perB=0 | max|r_ens|=0.0753 rlag=0.0146 MI=0.0002 esc=0
logistic r=3.8130: l1A=+0.3699 perA=0 | l1B=+0.3704 perB=0 | max|r_ens|=0.0567 rlag=0.0103 MI=-0.0002 esc=0
logistic r=3.8210: l1A=+0.3709 perA=0 | l1B=+0.3722 perB=0 | max|r_ens|=0.0644 rlag=0.0115 MI=-0.0003 esc=0
logistic r=3.8290: l1A=+0.3776 perA=0 | l1B=+0.3752 perB=0 | max|r_ens|=0.0816 rlag=0.0172 MI=0.0002 esc=0
logistic r=3.8370: l1A=+0.3888 perA=0 | l1B=+0.3875 perB=0 | max|r_ens|=0.0685 rlag=0.0132 MI=-0.0003 esc=0
logistic r=3.8450: l1A=+0.3921 perA=0 | l1B=+0.3929 perB=0 | max|r_ens|=0.0746 rlag=0.0154 MI=0.0001 esc=0
logistic r=3.8530: l1A=+0.3957 perA=0 | l1B=+0.3937 perB=0 | max|r_ens|=0.0669 rlag=0.0108 MI=-0.0003 esc=0
logistic r=3.8610: l1A=+0.3925 perA=0 | l1B=+0.3914 perB=0 | max|r_ens|=0.0612 rlag=0.0134 MI=-0.0000 esc=0
logistic r=3.8690: l1A=+0.4078 perA=0 | l1B=+0.4071 perB=0 | max|r_ens|=0.0617 rlag=0.0138 MI=0.0004 esc=0
logistic r=3.8770: l1A=+0.4168 perA=0 | l1B=+0.4178 perB=0 | max|r_ens|=0.0612 rlag=0.0097 MI=-0.0007 esc=0
logistic r=3.8850: l1A=+0.4281 perA=0 | l1B=+0.4269 perB=0 | max|r_ens|=0.0630 rlag=0.0111 MI=0.0006 esc=0
logistic r=3.8930: l1A=+0.4376 perA=0 | l1B=+0.4382 perB=0 | max|r_ens|=0.0685 rlag=0.0096 MI=0.0002 esc=0
logistic r=3.9010: l1A=+0.4470 perA=0 | l1B=+0.4479 perB=0 | max|r_ens|=0.0642 rlag=0.0095 MI=0.0004 esc=0
logistic r=3.9090: l1A=+0.4507 perA=0 | l1B=+0.4510 perB=0 | max|r_ens|=0.0657 rlag=0.0094 MI=0.0004 esc=0
logistic r=3.9170: l1A=+0.4609 perA=0 | l1B=+0.4612 perB=0 | max|r_ens|=0.0795 rlag=0.0097 MI=0.0005 esc=0
logistic r=3.9250: l1A=+0.4736 perA=0 | l1B=+0.4737 perB=0 | max|r_ens|=0.0763 rlag=0.0077 MI=0.0009 esc=0
logistic r=3.9330: l1A=+0.4837 perA=0 | l1B=+0.4845 perB=0 | max|r_ens|=0.0544 rlag=0.0133 MI=-0.0004 esc=0
logistic r=3.9410: l1A=+0.4955 perA=0 | l1B=+0.4950 perB=0 | max|r_ens|=0.0708 rlag=0.0120 MI=0.0006 esc=0
logistic r=3.9490: l1A=+0.5057 perA=0 | l1B=+0.5029 perB=0 | max|r_ens|=0.0513 rlag=0.0109 MI=-0.0000 esc=0
logistic r=3.9570: l1A=+0.5129 perA=0 | l1B=+0.5127 perB=0 | max|r_ens|=0.0590 rlag=0.0091 MI=0.0001 esc=0
logistic r=3.9650: l1A=+0.5218 perA=0 | l1B=+0.5211 perB=0 | max|r_ens|=0.0659 rlag=0.0097 MI=0.0004 esc=0
logistic r=3.9730: l1A=+0.5270 perA=0 | l1B=+0.5250 perB=0 | max|r_ens|=0.0732 rlag=0.0089 MI=-0.0001 esc=0
logistic r=3.9810: l1A=+0.5317 perA=0 | l1B=+0.5331 perB=0 | max|r_ens|=0.0685 rlag=0.0101 MI=0.0000 esc=0
logistic r=3.9890: l1A=+0.5403 perA=0 | l1B=+0.5433 perB=0 | max|r_ens|=0.0706 rlag=0.0110 MI=-0.0001 esc=0
logistic r=3.9970: l1A=+0.5517 perA=0 | l1B=+0.5501 perB=0 | max|r_ens|=0.0777 rlag=0.0085 MI=0.0000 esc=0
