[ok] fstep(logistic,(3,5)) byte stream bit-identical to the engine class over 100000 bytes (200000 iterations)
logistic r=3.5000: l1A=-0.4341 perA=4 | l1B=-0.4489 perB=4 | max|r_ens|=0.9999 rlag=1.0000 MI=2.0000 esc=0
logistic r=3.5080: l1A=-0.5538 perA=4 | l1B=-0.5303 perB=4 | max|r_ens|=0.9999 rlag=1.0000 MI=2.0000 esc=0
logistic r=3.5160: l1A=-0.3166 perA=4 | l1B=-0.3072 perB=4 | max|r_ens|=0.9999 rlag=1.0000 MI=2.0000 esc=0
logistic r=3.5240: l1A=-0.1959 perA=4 | l1B=-0.1900 perB=4 | max|r_ens|=0.9998 rlag=1.0000 MI=2.0000 esc=0
logistic r=3.5320: l1A=-0.1140 perA=4 | l1B=-0.1096 perB=4 | max|r_ens|=0.9997 rlag=1.0000 MI=2.0000 esc=0
logistic r=3.5400: l1A=-0.0517 perA=4 | l1B=-0.0483 perB=4 | max|r_ens|=0.9996 rlag=1.0000 MI=2.0000 esc=0
logistic r=3.5480: l1A=-0.0013 perA=8 | l1B=-0.0032 perB=8 | max|r_ens|=0.9994 rlag=0.9999 MI=2.0000 esc=0
logistic r=3.5560: l1A=-0.0572 perA=8 | l1B=-0.0643 perB=8 | max|r_ens|=0.9996 rlag=1.0000 MI=2.5000 esc=0
logistic r=3.5640: l1A=-0.0789 perA=8 | l1B=-0.0673 perB=8 | max|r_ens|=0.9995 rlag=1.0000 MI=2.5000 esc=0
logistic r=3.5720: l1A=-0.0295 perA=16 | l1B=-0.0089 perB=16 | max|r_ens|=0.9996 rlag=1.0000 MI=2.7500 esc=0
logistic r=3.5800: l1A=+0.0873 perA=0 | l1B=+0.0886 perB=0 | max|r_ens|=0.9957 rlag=0.9916 MI=2.0001 esc=0
logistic r=3.5880: l1A=+0.0999 perA=0 | l1B=+0.1079 perB=0 | max|r_ens|=0.9897 rlag=0.9822 MI=1.9654 esc=0
logistic r=3.5960: l1A=+0.1627 perA=0 | l1B=+0.1703 perB=0 | max|r_ens|=0.9621 rlag=0.9372 MI=1.0401 esc=0
logistic r=3.6040: l1A=+0.1824 perA=0 | l1B=+0.1768 perB=0 | max|r_ens|=0.9245 rlag=0.9129 MI=1.0000 esc=0
logistic r=3.6120: l1A=+0.1802 perA=0 | l1B=+0.1870 perB=0 | max|r_ens|=0.9165 rlag=0.8992 MI=0.9998 esc=0
logistic r=3.6200: l1A=+0.2049 perA=0 | l1B=+0.2076 perB=0 | max|r_ens|=0.9076 rlag=0.8833 MI=1.0002 esc=0
logistic r=3.6280: l1A=+0.2126 perA=0 | l1B=+0.2132 perB=0 | max|r_ens|=0.8894 rlag=0.8589 MI=0.9999 esc=0
logistic r=3.6360: l1A=-0.0139 perA=6 | l1B=-0.0212 perB=12 | max|r_ens|=0.8889 rlag=1.0000 MI=2.5850 esc=0
logistic r=3.6440: l1A=+0.2277 perA=0 | l1B=+0.2327 perB=0 | max|r_ens|=0.8426 rlag=0.8168 MI=0.9999 esc=0
logistic r=3.6520: l1A=+0.2413 perA=0 | l1B=+0.2413 perB=0 | max|r_ens|=0.8275 rlag=0.7859 MI=1.0000 esc=0
logistic r=3.6600: l1A=+0.2740 perA=0 | l1B=+0.2760 perB=0 | max|r_ens|=0.8183 rlag=0.7939 MI=0.9999 esc=0
logistic r=3.6680: l1A=+0.2810 perA=0 | l1B=+0.2831 perB=0 | max|r_ens|=0.7852 rlag=0.7294 MI=1.0000 esc=0
logistic r=3.6760: l1A=+0.3100 perA=0 | l1B=+0.3103 perB=0 | max|r_ens|=0.7630 rlag=0.7068 MI=0.9998 esc=0
logistic r=3.6840: l1A=+0.3350 perA=0 | l1B=+0.3354 perB=0 | max|r_ens|=0.0591 rlag=0.0402 MI=0.0026 esc=0
logistic r=3.6920: l1A=+0.3448 perA=0 | l1B=+0.3460 perB=0 | max|r_ens|=0.0568 rlag=0.0109 MI=-0.0002 esc=0
logistic r=3.7000: l1A=+0.3554 perA=0 | l1B=+0.3568 perB=0 | max|r_ens|=0.0652 rlag=0.0213 MI=0.0000 esc=0
logistic r=3.7080: l1A=+0.3583 perA=0 | l1B=-0.0368 perB=7 | max|r_ens|=0.0676 rlag=0.0044 MI=-0.0000 esc=0
logistic r=3.7160: l1A=+0.3659 perA=0 | l1B=+0.3662 perB=0 | max|r_ens|=0.0728 rlag=0.0131 MI=-0.0003 esc=0
logistic r=3.7240: l1A=+0.3724 perA=0 | l1B=+0.3721 perB=0 | max|r_ens|=0.0598 rlag=0.0146 MI=-0.0000 esc=0
logistic r=3.7320: l1A=+0.3813 perA=0 | l1B=+0.3826 perB=0 | max|r_ens|=0.0598 rlag=0.0167 MI=0.0001 esc=0
logistic r=3.7400: l1A=+0.3844 perA=0 | l1B=+0.3853 perB=0 | max|r_ens|=0.0659 rlag=0.0135 MI=0.0001 esc=0
logistic r=3.7480: l1A=-0.3993 perA=5 | l1B=-0.1823 perB=5 | max|r_ens|=0.0374 rlag=1.0000 MI=2.3220 esc=0
logistic r=3.7560: l1A=+0.3724 perA=0 | l1B=+0.3733 perB=0 | max|r_ens|=0.0634 rlag=0.0171 MI=0.0001 esc=0
logistic r=3.7640: l1A=+0.3858 perA=0 | l1B=+0.3880 perB=0 | max|r_ens|=0.0618 rlag=0.0125 MI=0.0003 esc=0
logistic r=3.7720: l1A=+0.4008 perA=0 | l1B=+0.4038 perB=0 | max|r_ens|=0.0666 rlag=0.0116 MI=-0.0000 esc=0
logistic r=3.7800: l1A=+0.4039 perA=0 | l1B=+0.4055 perB=0 | max|r_ens|=0.0777 rlag=0.0160 MI=0.0005 esc=0
logistic r=3.7880: l1A=+0.4184 perA=0 | l1B=+0.4185 perB=0 | max|r_ens|=0.0641 rlag=0.0118 MI=0.0000 esc=0
logistic r=3.7960: l1A=+0.4275 perA=0 | l1B=+0.4282 perB=0 | max|r_ens|=0.0583 rlag=0.0128 MI=0.0003 esc=0
logistic r=3.8040: l1A=+0.4375 perA=0 | l1B=+0.4387 perB=0 | max|r_ens|=0.0795 rlag=0.0087 MI=-0.0004 esc=0
logistic r=3.8120: l1A=+0.4400 perA=0 | l1B=+0.4421 perB=0 | max|r_ens|=0.0499 rlag=0.0084 MI=0.0003 esc=0
logistic r=3.8200: l1A=+0.4439 perA=0 | l1B=+0.4459 perB=0 | max|r_ens|=0.0693 rlag=0.0129 MI=-0.0000 esc=0
logistic r=3.8280: l1A=+0.4413 perA=0 | l1B=+0.4404 perB=0 | max|r_ens|=0.0646 rlag=0.0143 MI=0.0002 esc=0
logistic r=3.8360: l1A=+0.4099 perA=0 | l1B=+0.4055 perB=0 | max|r_ens|=0.0616 rlag=0.0138 MI=0.0004 esc=0
logistic r=3.8440: l1A=-0.1690 perA=6 | l1B=-0.2741 perB=6 | max|r_ens|=0.2073 rlag=1.0000 MI=1.5850 esc=0
logistic r=3.8520: l1A=+0.1195 perA=0 | l1B=+0.0292 perB=0 | max|r_ens|=0.3357 rlag=0.9981 MI=1.5850 esc=0
logistic r=3.8600: l1A=-0.1146 perA=3 | l1B=-0.0933 perB=3 | max|r_ens|=0.0767 rlag=1.0000 MI=1.5850 esc=0
logistic r=3.8680: l1A=-0.0609 perA=6 | l1B=-0.0243 perB=6 | max|r_ens|=0.0848 rlag=1.0000 MI=1.9183 esc=0
logistic r=3.8760: l1A=+0.1580 perA=0 | l1B=+0.1781 perB=0 | max|r_ens|=0.0866 rlag=0.9966 MI=1.5850 esc=0
logistic r=3.8840: l1A=+0.4645 perA=0 | l1B=+0.4657 perB=0 | max|r_ens|=0.0524 rlag=0.0149 MI=0.0002 esc=0
logistic r=3.8920: l1A=+0.4835 perA=0 | l1B=+0.4850 perB=0 | max|r_ens|=0.0609 rlag=0.0078 MI=0.0002 esc=0
logistic r=3.9000: l1A=+0.5007 perA=0 | l1B=+0.4990 perB=0 | max|r_ens|=0.0621 rlag=0.0093 MI=-0.0005 esc=0
logistic r=3.9080: l1A=+0.5008 perA=0 | l1B=+0.5045 perB=0 | max|r_ens|=0.0553 rlag=0.0082 MI=-0.0005 esc=0
logistic r=3.9160: l1A=+0.5177 perA=0 | l1B=+0.5180 perB=0 | max|r_ens|=0.0632 rlag=0.0101 MI=-0.0003 esc=0
logistic r=3.9240: l1A=+0.5266 perA=0 | l1B=+0.5272 perB=0 | max|r_ens|=0.0636 rlag=0.0119 MI=-0.0004 esc=0
logistic r=3.9320: l1A=+0.5422 perA=0 | l1B=+0.5412 perB=0 | max|r_ens|=0.0751 rlag=0.0125 MI=0.0005 esc=0
logistic r=3.9400: l1A=+0.5534 perA=0 | l1B=+0.5544 perB=0 | max|r_ens|=0.0613 rlag=0.0084 MI=0.0003 esc=0
logistic r=3.9480: l1A=+0.5682 perA=0 | l1B=+0.5683 perB=0 | max|r_ens|=0.0654 rlag=0.0104 MI=-0.0001 esc=0
logistic r=3.9560: l1A=+0.5772 perA=0 | l1B=+0.5783 perB=0 | max|r_ens|=0.0735 rlag=0.0106 MI=-0.0002 esc=0
logistic r=3.9640: l1A=+0.5830 perA=0 | l1B=+0.5835 perB=0 | max|r_ens|=0.0582 rlag=0.0100 MI=0.0004 esc=0
logistic r=3.9720: l1A=+0.5947 perA=0 | l1B=+0.5953 perB=0 | max|r_ens|=0.0713 rlag=0.0098 MI=-0.0004 esc=0
logistic r=3.9800: l1A=+0.6028 perA=0 | l1B=+0.6032 perB=0 | max|r_ens|=0.0628 rlag=0.0096 MI=-0.0002 esc=0
logistic r=3.9880: l1A=+0.6220 perA=0 | l1B=+0.6218 perB=0 | max|r_ens|=0.0631 rlag=0.0102 MI=0.0003 esc=0
logistic r=3.9960: l1A=+0.6402 perA=0 | l1B=+0.6414 perB=0 | max|r_ens|=0.0627 rlag=0.0096 MI=-0.0007 esc=0
