[ok] fstep(logistic,(3,5)) byte stream bit-identical to the engine class over 100000 bytes (200000 iterations)
logistic r=3.5020: l1A=-0.4999 perA=4 | l1B=-0.5195 perB=4 | max|r_ens|=0.9998 rlag=1.0000 MI=2.0000 esc=0
logistic r=3.5100: l1A=-0.4708 perA=4 | l1B=-0.4537 perB=4 | max|r_ens|=0.9992 rlag=1.0000 MI=2.0000 esc=0
logistic r=3.5180: l1A=-0.2807 perA=4 | l1B=-0.2725 perB=4 | max|r_ens|=0.9998 rlag=1.0000 MI=2.0000 esc=0
logistic r=3.5260: l1A=-0.1729 perA=4 | l1B=-0.1674 perB=4 | max|r_ens|=0.9996 rlag=1.0000 MI=2.0000 esc=0
logistic r=3.5340: l1A=-0.0970 perA=4 | l1B=-0.0929 perB=4 | max|r_ens|=0.9997 rlag=1.0000 MI=2.0000 esc=0
logistic r=3.5420: l1A=-0.0382 perA=4 | l1B=-0.0349 perB=4 | max|r_ens|=0.9995 rlag=1.0000 MI=2.0000 esc=0
logistic r=3.5500: l1A=-0.0222 perA=8 | l1B=-0.0286 perB=8 | max|r_ens|=0.9994 rlag=1.0000 MI=2.0000 esc=0
logistic r=3.5580: l1A=-0.0907 perA=8 | l1B=-0.1015 perB=8 | max|r_ens|=0.9993 rlag=1.0000 MI=2.5000 esc=0
logistic r=3.5660: l1A=-0.0370 perA=8 | l1B=-0.0285 perB=8 | max|r_ens|=0.9988 rlag=1.0000 MI=2.5000 esc=0
logistic r=3.5740: l1A=+0.0093 perA=0 | l1B=+0.0254 perB=0 | max|r_ens|=0.9989 rlag=0.9999 MI=2.6782 esc=0
logistic r=3.5820: l1A=+0.0856 perA=0 | l1B=+0.0960 perB=0 | max|r_ens|=0.9954 rlag=0.9896 MI=2.0000 esc=0
logistic r=3.5900: l1A=+0.1208 perA=0 | l1B=+0.1218 perB=0 | max|r_ens|=0.9879 rlag=0.9811 MI=1.8700 esc=0
logistic r=3.5980: l1A=+0.1738 perA=0 | l1B=+0.1747 perB=0 | max|r_ens|=0.9602 rlag=0.9279 MI=0.9999 esc=0
logistic r=3.6060: l1A=+0.1850 perA=0 | l1B=+0.1899 perB=0 | max|r_ens|=0.9302 rlag=0.9118 MI=0.9999 esc=0
logistic r=3.6140: l1A=+0.1923 perA=0 | l1B=+0.1918 perB=0 | max|r_ens|=0.9165 rlag=0.8945 MI=1.0000 esc=0
logistic r=3.6220: l1A=+0.2143 perA=0 | l1B=+0.2159 perB=0 | max|r_ens|=0.9069 rlag=0.8855 MI=0.9999 esc=0
logistic r=3.6300: l1A=+0.2098 perA=0 | l1B=+0.2084 perB=0 | max|r_ens|=0.8729 rlag=0.8229 MI=1.0000 esc=0
logistic r=3.6380: l1A=-0.0106 perA=12 | l1B=-0.0028 perB=48 | max|r_ens|=0.8176 rlag=1.0000 MI=2.7517 esc=0
logistic r=3.6460: l1A=+0.2330 perA=0 | l1B=+0.2371 perB=0 | max|r_ens|=0.8404 rlag=0.8114 MI=1.0000 esc=0
logistic r=3.6540: l1A=+0.2536 perA=0 | l1B=+0.2569 perB=0 | max|r_ens|=0.8286 rlag=0.7966 MI=0.9999 esc=0
logistic r=3.6620: l1A=+0.2819 perA=0 | l1B=+0.2814 perB=0 | max|r_ens|=0.8191 rlag=0.7864 MI=1.0000 esc=0
logistic r=3.6700: l1A=+0.2870 perA=0 | l1B=+0.2900 perB=0 | max|r_ens|=0.7818 rlag=0.7251 MI=1.0004 esc=0
logistic r=3.6780: l1A=+0.3129 perA=0 | l1B=+0.3150 perB=0 | max|r_ens|=0.7577 rlag=0.6856 MI=0.9859 esc=0
logistic r=3.6860: l1A=+0.3375 perA=0 | l1B=+0.3386 perB=0 | max|r_ens|=0.0507 rlag=0.0286 MI=0.0006 esc=0
logistic r=3.6940: l1A=+0.3483 perA=0 | l1B=+0.3482 perB=0 | max|r_ens|=0.0643 rlag=0.0129 MI=0.0002 esc=0
logistic r=3.7020: l1A=+0.3564 perA=0 | l1B=+0.3576 perB=0 | max|r_ens|=0.0505 rlag=0.0136 MI=0.0003 esc=0
logistic r=3.7100: l1A=+0.3571 perA=0 | l1B=+0.3581 perB=0 | max|r_ens|=0.0630 rlag=0.0169 MI=0.0000 esc=0
logistic r=3.7180: l1A=+0.3682 perA=0 | l1B=+0.3689 perB=0 | max|r_ens|=0.0556 rlag=0.0154 MI=-0.0000 esc=0
logistic r=3.7260: l1A=+0.3729 perA=0 | l1B=+0.3722 perB=0 | max|r_ens|=0.0590 rlag=0.0158 MI=-0.0003 esc=0
logistic r=3.7340: l1A=+0.3833 perA=0 | l1B=+0.3854 perB=0 | max|r_ens|=0.0679 rlag=0.0143 MI=0.0001 esc=0
logistic r=3.7420: l1A=+0.3820 perA=0 | l1B=+0.3796 perB=0 | max|r_ens|=0.0681 rlag=0.0127 MI=0.0003 esc=0
logistic r=3.7500: l1A=-0.0000 perA=0 | l1B=-0.0776 perB=10 | max|r_ens|=0.0468 rlag=0.9999 MI=2.3220 esc=0
logistic r=3.7580: l1A=+0.3768 perA=0 | l1B=+0.3801 perB=0 | max|r_ens|=0.0747 rlag=0.0175 MI=0.0001 esc=0
logistic r=3.7660: l1A=+0.3872 perA=0 | l1B=+0.3869 perB=0 | max|r_ens|=0.0591 rlag=0.0116 MI=0.0001 esc=0
logistic r=3.7740: l1A=+0.4046 perA=0 | l1B=+0.4065 perB=0 | max|r_ens|=0.0673 rlag=0.0122 MI=-0.0002 esc=0
logistic r=3.7820: l1A=+0.4078 perA=0 | l1B=+0.4089 perB=0 | max|r_ens|=0.0756 rlag=0.0128 MI=0.0005 esc=0
logistic r=3.7900: l1A=+0.4192 perA=0 | l1B=+0.4196 perB=0 | max|r_ens|=0.0733 rlag=0.0177 MI=0.0000 esc=0
logistic r=3.7980: l1A=+0.4322 perA=0 | l1B=+0.4320 perB=0 | max|r_ens|=0.0600 rlag=0.0113 MI=-0.0000 esc=0
logistic r=3.8060: l1A=+0.4386 perA=0 | l1B=+0.4387 perB=0 | max|r_ens|=0.0614 rlag=0.0117 MI=-0.0006 esc=0
logistic r=3.8140: l1A=+0.4441 perA=0 | l1B=+0.4448 perB=0 | max|r_ens|=0.0627 rlag=0.0132 MI=0.0008 esc=0
logistic r=3.8220: l1A=+0.4458 perA=0 | l1B=+0.4467 perB=0 | max|r_ens|=0.0702 rlag=0.0107 MI=-0.0001 esc=0
logistic r=3.8300: l1A=+0.4353 perA=0 | l1B=+0.4362 perB=0 | max|r_ens|=0.0549 rlag=0.0102 MI=-0.0002 esc=0
logistic r=3.8380: l1A=+0.3919 perA=0 | l1B=+0.3842 perB=0 | max|r_ens|=0.0855 rlag=0.0136 MI=0.0008 esc=0
logistic r=3.8460: l1A=-0.1918 perA=6 | l1B=-0.1201 perB=6 | max|r_ens|=0.2343 rlag=1.0000 MI=1.5850 esc=0
logistic r=3.8540: l1A=-0.0305 perA=9 | l1B=+0.1255 perB=0 | max|r_ens|=0.3489 rlag=0.9983 MI=1.5850 esc=0
logistic r=3.8620: l1A=-0.0387 perA=3 | l1B=-0.0230 perB=3 | max|r_ens|=0.0556 rlag=1.0000 MI=1.5850 esc=0
logistic r=3.8700: l1A=-0.0385 perA=12 | l1B=-0.0532 perB=24 | max|r_ens|=0.0480 rlag=1.0000 MI=1.6828 esc=0
logistic r=3.8780: l1A=+0.3957 perA=0 | l1B=+0.4191 perB=0 | max|r_ens|=0.0645 rlag=0.0134 MI=-0.0002 esc=0
logistic r=3.8860: l1A=+0.4661 perA=0 | l1B=+0.4687 perB=0 | max|r_ens|=0.0632 rlag=0.0166 MI=0.0010 esc=0
logistic r=3.8940: l1A=+0.4882 perA=0 | l1B=+0.4896 perB=0 | max|r_ens|=0.0571 rlag=0.0150 MI=-0.0001 esc=0
logistic r=3.9020: l1A=+0.5022 perA=0 | l1B=+0.5020 perB=0 | max|r_ens|=0.0761 rlag=0.0116 MI=0.0002 esc=0
logistic r=3.9100: l1A=+0.5060 perA=0 | l1B=+0.5069 perB=0 | max|r_ens|=0.0710 rlag=0.0108 MI=0.0004 esc=0
logistic r=3.9180: l1A=+0.5206 perA=0 | l1B=+0.5201 perB=0 | max|r_ens|=0.0525 rlag=0.0121 MI=0.0008 esc=0
logistic r=3.9260: l1A=-0.2340 perA=0 | l1B=-0.0034 perB=0 | max|r_ens|=0.0482 rlag=0.9903 MI=2.2782 esc=0
logistic r=3.9340: l1A=+0.5434 perA=0 | l1B=+0.5456 perB=0 | max|r_ens|=0.0662 rlag=0.0089 MI=0.0000 esc=0
logistic r=3.9420: l1A=+0.5583 perA=0 | l1B=+0.5574 perB=0 | max|r_ens|=0.0608 rlag=0.0095 MI=-0.0006 esc=0
logistic r=3.9500: l1A=+0.5703 perA=0 | l1B=+0.5716 perB=0 | max|r_ens|=0.0691 rlag=0.0112 MI=-0.0004 esc=0
logistic r=3.9580: l1A=+0.5771 perA=0 | l1B=+0.5776 perB=0 | max|r_ens|=0.0754 rlag=0.0090 MI=0.0005 esc=0
logistic r=3.9660: l1A=+0.5855 perA=0 | l1B=+0.5861 perB=0 | max|r_ens|=0.0758 rlag=0.0088 MI=-0.0001 esc=0
logistic r=3.9740: l1A=+0.5969 perA=0 | l1B=+0.5972 perB=0 | max|r_ens|=0.0662 rlag=0.0107 MI=-0.0001 esc=0
logistic r=3.9820: l1A=+0.6033 perA=0 | l1B=+0.6048 perB=0 | max|r_ens|=0.0665 rlag=0.0095 MI=0.0004 esc=0
logistic r=3.9900: l1A=+0.6240 perA=0 | l1B=+0.6266 perB=0 | max|r_ens|=0.0553 rlag=0.0085 MI=0.0004 esc=0
logistic r=3.9980: l1A=+0.6452 perA=0 | l1B=+0.6442 perB=0 | max|r_ens|=0.0585 rlag=0.0086 MI=0.0003 esc=0
