[ok] fstep(logistic,(3,5)) byte stream bit-identical to the engine class over 100000 bytes (200000 iterations)
logistic r=3.5020: l1A=-0.0807 perA=4 | l1B=-0.0844 perB=4 | max|r_ens|=1.0000 rlag=1.0000 MI=2.0000 esc=0
logistic r=3.5100: l1A=-0.1472 perA=4 | l1B=-0.1520 perB=4 | max|r_ens|=1.0000 rlag=1.0000 MI=2.0000 esc=0
logistic r=3.5180: l1A=-0.2397 perA=4 | l1B=-0.2469 perB=4 | max|r_ens|=0.9999 rlag=1.0000 MI=2.0000 esc=0
logistic r=3.5260: l1A=-0.4029 perA=4 | l1B=-0.4331 perB=4 | max|r_ens|=0.9999 rlag=1.0000 MI=2.0000 esc=0
logistic r=3.5340: l1A=-0.5181 perA=4 | l1B=-0.5190 perB=4 | max|r_ens|=1.0000 rlag=1.0000 MI=2.0000 esc=0
logistic r=3.5420: l1A=-0.5032 perA=4 | l1B=-0.4830 perB=4 | max|r_ens|=0.9998 rlag=1.0000 MI=2.0000 esc=0
logistic r=3.5500: l1A=-0.2901 perA=4 | l1B=-0.2812 perB=4 | max|r_ens|=0.9998 rlag=1.0000 MI=2.0000 esc=0
logistic r=3.5580: l1A=-0.1759 perA=4 | l1B=-0.1702 perB=4 | max|r_ens|=0.9998 rlag=1.0000 MI=2.0000 esc=0
logistic r=3.5660: l1A=-0.0970 perA=4 | l1B=-0.0928 perB=4 | max|r_ens|=0.9999 rlag=1.0000 MI=2.0000 esc=0
logistic r=3.5740: l1A=-0.0365 perA=4 | l1B=-0.0331 perB=4 | max|r_ens|=0.9998 rlag=1.0000 MI=2.0000 esc=0
logistic r=3.5820: l1A=-0.0296 perA=8 | l1B=-0.0375 perB=8 | max|r_ens|=0.9998 rlag=1.0000 MI=2.0000 esc=0
logistic r=3.5900: l1A=-0.3361 perA=8 | l1B=-0.3395 perB=8 | max|r_ens|=0.9998 rlag=1.0000 MI=2.2500 esc=0
logistic r=3.5980: l1A=-0.0193 perA=8 | l1B=-0.0115 perB=8 | max|r_ens|=0.9997 rlag=1.0000 MI=2.5000 esc=0
logistic r=3.6060: l1A=+0.0457 perA=0 | l1B=+0.0503 perB=0 | max|r_ens|=0.9994 rlag=0.9992 MI=2.5115 esc=0
logistic r=3.6140: l1A=+0.1014 perA=0 | l1B=+0.1061 perB=0 | max|r_ens|=0.9948 rlag=0.9904 MI=2.0002 esc=0
logistic r=3.6220: l1A=+0.1383 perA=0 | l1B=+0.1409 perB=0 | max|r_ens|=0.9918 rlag=0.9839 MI=2.0000 esc=0
logistic r=3.6300: l1A=+0.1766 perA=0 | l1B=+0.1748 perB=0 | max|r_ens|=0.9495 rlag=0.9336 MI=1.0002 esc=0
logistic r=3.6380: l1A=+0.1514 perA=0 | l1B=+0.1593 perB=0 | max|r_ens|=0.9438 rlag=0.9128 MI=1.0000 esc=0
logistic r=3.6460: l1A=+0.1986 perA=0 | l1B=+0.1958 perB=0 | max|r_ens|=0.9316 rlag=0.9025 MI=1.0002 esc=0
logistic r=3.6540: l1A=+0.2128 perA=0 | l1B=+0.2102 perB=0 | max|r_ens|=0.9260 rlag=0.8878 MI=1.0000 esc=0
logistic r=3.6620: l1A=+0.0000 perA=0 | l1B=+0.0096 perB=0 | max|r_ens|=0.9235 rlag=1.0000 MI=2.5850 esc=0
logistic r=3.6700: l1A=+0.2032 perA=0 | l1B=+0.2091 perB=0 | max|r_ens|=0.9002 rlag=0.8372 MI=0.9996 esc=0
logistic r=3.6780: l1A=+0.0861 perA=0 | l1B=+0.2249 perB=0 | max|r_ens|=0.8869 rlag=0.8073 MI=1.0000 esc=0
logistic r=3.6860: l1A=+0.2665 perA=0 | l1B=+0.2640 perB=0 | max|r_ens|=0.8940 rlag=0.8266 MI=1.0003 esc=0
logistic r=3.6940: l1A=+0.2673 perA=0 | l1B=+0.2659 perB=0 | max|r_ens|=0.8667 rlag=0.7793 MI=1.0000 esc=0
logistic r=3.7020: l1A=+0.2943 perA=0 | l1B=+0.2970 perB=0 | max|r_ens|=0.8506 rlag=0.7565 MI=0.9997 esc=0
logistic r=3.7100: l1A=+0.3148 perA=0 | l1B=+0.3142 perB=0 | max|r_ens|=0.8246 rlag=0.6987 MI=1.0003 esc=0
logistic r=3.7180: l1A=+0.3179 perA=0 | l1B=+0.3174 perB=0 | max|r_ens|=0.0654 rlag=0.0210 MI=-0.0000 esc=0
logistic r=3.7260: l1A=+0.3135 perA=0 | l1B=+0.3123 perB=0 | max|r_ens|=0.0652 rlag=0.0181 MI=0.0003 esc=0
logistic r=3.7340: l1A=+0.3164 perA=0 | l1B=+0.3172 perB=0 | max|r_ens|=0.0717 rlag=0.0267 MI=-0.0001 esc=0
logistic r=3.7420: l1A=+0.3173 perA=0 | l1B=+0.3156 perB=0 | max|r_ens|=0.0707 rlag=0.0196 MI=0.0001 esc=0
logistic r=3.7500: l1A=+0.3277 perA=0 | l1B=+0.3285 perB=0 | max|r_ens|=0.0767 rlag=0.0175 MI=0.0003 esc=0
logistic r=3.7580: l1A=+0.3361 perA=0 | l1B=+0.3380 perB=0 | max|r_ens|=0.0696 rlag=0.0133 MI=0.0006 esc=0
logistic r=3.7660: l1A=+0.3438 perA=0 | l1B=+0.3447 perB=0 | max|r_ens|=0.0637 rlag=0.0185 MI=0.0002 esc=0
logistic r=3.7740: l1A=+0.3418 perA=0 | l1B=+0.3400 perB=0 | max|r_ens|=0.0773 rlag=0.0185 MI=-0.0000 esc=0
logistic r=3.7820: l1A=+0.3418 perA=0 | l1B=+0.3426 perB=0 | max|r_ens|=0.0577 rlag=0.0212 MI=0.0002 esc=0
logistic r=3.7900: l1A=+0.3505 perA=0 | l1B=+0.3490 perB=0 | max|r_ens|=0.0761 rlag=0.0125 MI=-0.0003 esc=0
logistic r=3.7980: l1A=+0.3599 perA=0 | l1B=+0.3601 perB=0 | max|r_ens|=0.0733 rlag=0.0107 MI=-0.0005 esc=0
logistic r=3.8060: l1A=+0.3521 perA=0 | l1B=+0.3555 perB=0 | max|r_ens|=0.0525 rlag=0.0129 MI=-0.0003 esc=0
logistic r=3.8140: l1A=+0.3721 perA=0 | l1B=+0.3712 perB=0 | max|r_ens|=0.0619 rlag=0.0161 MI=0.0005 esc=0
logistic r=3.8220: l1A=+0.1278 perA=0 | l1B=-0.8259 perB=5 | max|r_ens|=0.0467 rlag=0.5163 MI=0.8875 esc=0
logistic r=3.8300: l1A=+0.3785 perA=0 | l1B=+0.3792 perB=0 | max|r_ens|=0.0672 rlag=0.0118 MI=0.0006 esc=0
logistic r=3.8380: l1A=+0.3897 perA=0 | l1B=+0.3876 perB=0 | max|r_ens|=0.0601 rlag=0.0155 MI=0.0002 esc=0
logistic r=3.8460: l1A=+0.3948 perA=0 | l1B=+0.3930 perB=0 | max|r_ens|=0.0564 rlag=0.0103 MI=-0.0012 esc=0
logistic r=3.8540: l1A=+0.3945 perA=0 | l1B=+0.3966 perB=0 | max|r_ens|=0.0613 rlag=0.0120 MI=0.0001 esc=0
logistic r=3.8620: l1A=+0.3924 perA=0 | l1B=+0.3920 perB=0 | max|r_ens|=0.0849 rlag=0.0144 MI=0.0001 esc=0
logistic r=3.8700: l1A=+0.4083 perA=0 | l1B=+0.4090 perB=0 | max|r_ens|=0.0819 rlag=0.0087 MI=-0.0002 esc=0
logistic r=3.8780: l1A=+0.4177 perA=0 | l1B=+0.4185 perB=0 | max|r_ens|=0.0754 rlag=0.0119 MI=0.0004 esc=0
logistic r=3.8860: l1A=+0.4269 perA=0 | l1B=+0.4298 perB=0 | max|r_ens|=0.0602 rlag=0.0134 MI=0.0005 esc=0
logistic r=3.8940: l1A=+0.4392 perA=0 | l1B=+0.4414 perB=0 | max|r_ens|=0.0677 rlag=0.0111 MI=-0.0005 esc=0
logistic r=3.9020: l1A=+0.4487 perA=0 | l1B=+0.4482 perB=0 | max|r_ens|=0.0504 rlag=0.0114 MI=0.0001 esc=0
logistic r=3.9100: l1A=+0.4501 perA=0 | l1B=+0.4515 perB=0 | max|r_ens|=0.0781 rlag=0.0087 MI=-0.0006 esc=0
logistic r=3.9180: l1A=+0.4639 perA=0 | l1B=+0.4619 perB=0 | max|r_ens|=0.0567 rlag=0.0112 MI=-0.0003 esc=0
logistic r=3.9260: l1A=+0.4737 perA=0 | l1B=+0.4763 perB=0 | max|r_ens|=0.0594 rlag=0.0111 MI=0.0003 esc=0
logistic r=3.9340: l1A=+0.4852 perA=0 | l1B=+0.4853 perB=0 | max|r_ens|=0.0617 rlag=0.0101 MI=-0.0004 esc=0
logistic r=3.9420: l1A=+0.4966 perA=0 | l1B=+0.4987 perB=0 | max|r_ens|=0.0665 rlag=0.0109 MI=0.0005 esc=0
logistic r=3.9500: l1A=+0.5062 perA=0 | l1B=+0.5072 perB=0 | max|r_ens|=0.0536 rlag=0.0085 MI=0.0001 esc=0
logistic r=3.9580: l1A=+0.5144 perA=0 | l1B=+0.5155 perB=0 | max|r_ens|=0.0592 rlag=0.0096 MI=-0.0003 esc=0
logistic r=3.9660: l1A=+0.5221 perA=0 | l1B=+0.5219 perB=0 | max|r_ens|=0.0533 rlag=0.0108 MI=-0.0002 esc=0
logistic r=3.9740: l1A=+0.5257 perA=0 | l1B=+0.5267 perB=0 | max|r_ens|=0.0593 rlag=0.0097 MI=0.0004 esc=0
logistic r=3.9820: l1A=+0.5325 perA=0 | l1B=+0.5334 perB=0 | max|r_ens|=0.0695 rlag=0.0107 MI=0.0000 esc=0
logistic r=3.9900: l1A=+0.5421 perA=0 | l1B=+0.5424 perB=0 | max|r_ens|=0.0741 rlag=0.0097 MI=-0.0002 esc=0
logistic r=3.9980: l1A=+0.5509 perA=0 | l1B=+0.5510 perB=0 | max|r_ens|=0.0657 rlag=0.0075 MI=-0.0000 esc=0
