[ok] fstep(logistic,(3,5)) byte stream bit-identical to the engine class over 100000 bytes (200000 iterations)
logistic r=3.5070: l1A=-0.6084 perA=4 | l1B=-0.5796 perB=4 | max|r_ens|=0.9999 rlag=1.0000 MI=2.0000 esc=0
logistic r=3.5150: l1A=-0.3367 perA=4 | l1B=-0.3264 perB=4 | max|r_ens|=0.9995 rlag=1.0000 MI=2.0000 esc=0
logistic r=3.5230: l1A=-0.2083 perA=4 | l1B=-0.2020 perB=4 | max|r_ens|=0.9992 rlag=1.0000 MI=2.0000 esc=0
logistic r=3.5310: l1A=-0.1229 perA=4 | l1B=-0.1184 perB=4 | max|r_ens|=0.9999 rlag=1.0000 MI=2.0000 esc=0
logistic r=3.5390: l1A=-0.0587 perA=4 | l1B=-0.0552 perB=4 | max|r_ens|=0.9999 rlag=1.0000 MI=2.0000 esc=0
logistic r=3.5470: l1A=-0.0071 perA=4 | l1B=-0.0042 perB=4 | max|r_ens|=0.9993 rlag=1.0000 MI=2.0000 esc=0
logistic r=3.5550: l1A=-0.0450 perA=8 | l1B=-0.0507 perB=8 | max|r_ens|=0.9998 rlag=1.0000 MI=2.2500 esc=0
logistic r=3.5630: l1A=-0.0650 perA=8 | l1B=-0.0774 perB=8 | max|r_ens|=0.9996 rlag=1.0000 MI=2.5000 esc=0
logistic r=3.5710: l1A=-0.0542 perA=16 | l1B=-0.0486 perB=16 | max|r_ens|=0.9997 rlag=1.0000 MI=2.8751 esc=0
logistic r=3.5790: l1A=+0.0870 perA=0 | l1B=+0.0882 perB=0 | max|r_ens|=0.9964 rlag=0.9924 MI=2.0001 esc=0
logistic r=3.5870: l1A=+0.0756 perA=0 | l1B=+0.0766 perB=0 | max|r_ens|=0.9908 rlag=0.9999 MI=3.1888 esc=0
logistic r=3.5950: l1A=+0.1551 perA=0 | l1B=+0.1516 perB=0 | max|r_ens|=0.9844 rlag=0.9750 MI=1.7779 esc=0
logistic r=3.6030: l1A=+0.1763 perA=0 | l1B=+0.1806 perB=0 | max|r_ens|=0.9243 rlag=0.9162 MI=1.0006 esc=0
logistic r=3.6110: l1A=+0.1712 perA=0 | l1B=+0.1764 perB=0 | max|r_ens|=0.9195 rlag=0.8961 MI=1.0002 esc=0
logistic r=3.6190: l1A=+0.2024 perA=0 | l1B=+0.2057 perB=0 | max|r_ens|=0.9120 rlag=0.8851 MI=0.9999 esc=0
logistic r=3.6270: l1A=+0.2157 perA=0 | l1B=+0.2163 perB=0 | max|r_ens|=0.8949 rlag=0.8653 MI=1.0003 esc=0
logistic r=3.6350: l1A=-0.0785 perA=6 | l1B=-0.0421 perB=6 | max|r_ens|=0.8748 rlag=1.0000 MI=2.5850 esc=0
logistic r=3.6430: l1A=+0.2225 perA=0 | l1B=+0.2267 perB=0 | max|r_ens|=0.8459 rlag=0.8165 MI=1.0003 esc=0
logistic r=3.6510: l1A=+0.2364 perA=0 | l1B=+0.2378 perB=0 | max|r_ens|=0.8265 rlag=0.7896 MI=0.9999 esc=0
logistic r=3.6590: l1A=+0.2689 perA=0 | l1B=+0.2711 perB=0 | max|r_ens|=0.8280 rlag=0.7960 MI=1.0000 esc=0
logistic r=3.6670: l1A=+0.2759 perA=0 | l1B=+0.2792 perB=0 | max|r_ens|=0.7939 rlag=0.7281 MI=1.0001 esc=0
logistic r=3.6750: l1A=+0.3064 perA=0 | l1B=+0.3086 perB=0 | max|r_ens|=0.7680 rlag=0.7170 MI=0.9999 esc=0
logistic r=3.6830: l1A=+0.3321 perA=0 | l1B=+0.3338 perB=0 | max|r_ens|=0.0800 rlag=0.0157 MI=0.0003 esc=0
logistic r=3.6910: l1A=+0.3446 perA=0 | l1B=+0.3439 perB=0 | max|r_ens|=0.0639 rlag=0.0095 MI=-0.0003 esc=0
logistic r=3.6990: l1A=+0.3525 perA=0 | l1B=+0.3545 perB=0 | max|r_ens|=0.0577 rlag=0.0134 MI=0.0005 esc=0
logistic r=3.7070: l1A=+0.3597 perA=0 | l1B=+0.3592 perB=0 | max|r_ens|=0.0596 rlag=0.0182 MI=0.0003 esc=0
logistic r=3.7150: l1A=+0.3642 perA=0 | l1B=+0.3644 perB=0 | max|r_ens|=0.0572 rlag=0.0193 MI=0.0000 esc=0
logistic r=3.7230: l1A=+0.3710 perA=0 | l1B=+0.3715 perB=0 | max|r_ens|=0.0595 rlag=0.0146 MI=-0.0004 esc=0
logistic r=3.7310: l1A=+0.3799 perA=0 | l1B=+0.3811 perB=0 | max|r_ens|=0.0725 rlag=0.0178 MI=0.0001 esc=0
logistic r=3.7390: l1A=+0.3849 perA=0 | l1B=+0.3855 perB=0 | max|r_ens|=0.0659 rlag=0.0136 MI=0.0000 esc=0
logistic r=3.7470: l1A=+0.3547 perA=0 | l1B=-0.3002 perB=5 | max|r_ens|=0.0673 rlag=0.0075 MI=0.0006 esc=0
logistic r=3.7550: l1A=+0.3636 perA=0 | l1B=+0.3673 perB=0 | max|r_ens|=0.0623 rlag=0.0112 MI=0.0003 esc=0
logistic r=3.7630: l1A=+0.3853 perA=0 | l1B=+0.3875 perB=0 | max|r_ens|=0.0685 rlag=0.0108 MI=-0.0000 esc=0
logistic r=3.7710: l1A=+0.3981 perA=0 | l1B=+0.3991 perB=0 | max|r_ens|=0.0680 rlag=0.0169 MI=-0.0001 esc=0
logistic r=3.7790: l1A=+0.4068 perA=0 | l1B=+0.4043 perB=0 | max|r_ens|=0.0597 rlag=0.0146 MI=-0.0001 esc=0
logistic r=3.7870: l1A=+0.4161 perA=0 | l1B=+0.4166 perB=0 | max|r_ens|=0.0685 rlag=0.0115 MI=-0.0002 esc=0
logistic r=3.7950: l1A=+0.4278 perA=0 | l1B=+0.4267 perB=0 | max|r_ens|=0.0600 rlag=0.0129 MI=0.0003 esc=0
logistic r=3.8030: l1A=+0.4380 perA=0 | l1B=+0.4377 perB=0 | max|r_ens|=0.0626 rlag=0.0119 MI=0.0004 esc=0
logistic r=3.8110: l1A=+0.4395 perA=0 | l1B=+0.4420 perB=0 | max|r_ens|=0.0615 rlag=0.0121 MI=0.0000 esc=0
logistic r=3.8190: l1A=+0.4460 perA=0 | l1B=+0.4460 perB=0 | max|r_ens|=0.0527 rlag=0.0108 MI=-0.0002 esc=0
logistic r=3.8270: l1A=+0.4413 perA=0 | l1B=+0.4416 perB=0 | max|r_ens|=0.0577 rlag=0.0152 MI=-0.0004 esc=0
logistic r=3.8350: l1A=+0.4158 perA=0 | l1B=+0.4147 perB=0 | max|r_ens|=0.0671 rlag=0.0132 MI=-0.0002 esc=0
logistic r=3.8430: l1A=-0.0587 perA=6 | l1B=-0.1049 perB=6 | max|r_ens|=0.1725 rlag=0.9997 MI=1.5850 esc=0
logistic r=3.8510: l1A=+0.0875 perA=0 | l1B=+0.1149 perB=0 | max|r_ens|=0.3270 rlag=0.9992 MI=1.5850 esc=0
logistic r=3.8590: l1A=-0.1636 perA=3 | l1B=-0.1379 perB=3 | max|r_ens|=0.0898 rlag=1.0000 MI=1.5850 esc=0
logistic r=3.8670: l1A=-0.1735 perA=6 | l1B=-0.1079 perB=6 | max|r_ens|=0.0319 rlag=1.0000 MI=1.5850 esc=0
logistic r=3.8750: l1A=+0.0401 perA=0 | l1B=+0.1526 perB=0 | max|r_ens|=0.0440 rlag=0.9965 MI=1.5851 esc=0
logistic r=3.8830: l1A=+0.4605 perA=0 | l1B=+0.4634 perB=0 | max|r_ens|=0.0591 rlag=0.0161 MI=0.0006 esc=0
logistic r=3.8910: l1A=+0.4823 perA=0 | l1B=+0.4823 perB=0 | max|r_ens|=0.0859 rlag=0.0094 MI=0.0002 esc=0
logistic r=3.8990: l1A=+0.4997 perA=0 | l1B=+0.4999 perB=0 | max|r_ens|=0.0502 rlag=0.0101 MI=-0.0002 esc=0
logistic r=3.9070: l1A=+0.5018 perA=0 | l1B=+0.5010 perB=0 | max|r_ens|=0.0552 rlag=0.0097 MI=0.0004 esc=0
logistic r=3.9150: l1A=+0.5155 perA=0 | l1B=+0.5171 perB=0 | max|r_ens|=0.0730 rlag=0.0090 MI=-0.0001 esc=0
logistic r=3.9230: l1A=+0.5244 perA=0 | l1B=+0.5251 perB=0 | max|r_ens|=0.0590 rlag=0.0137 MI=0.0001 esc=0
logistic r=3.9310: l1A=+0.5379 perA=0 | l1B=+0.5392 perB=0 | max|r_ens|=0.0666 rlag=0.0109 MI=0.0004 esc=0
logistic r=3.9390: l1A=+0.5517 perA=0 | l1B=+0.5532 perB=0 | max|r_ens|=0.0712 rlag=0.0093 MI=-0.0002 esc=0
logistic r=3.9470: l1A=+0.5660 perA=0 | l1B=+0.5667 perB=0 | max|r_ens|=0.0826 rlag=0.0106 MI=0.0010 esc=0
logistic r=3.9550: l1A=+0.5771 perA=0 | l1B=+0.5773 perB=0 | max|r_ens|=0.0618 rlag=0.0085 MI=-0.0003 esc=0
logistic r=3.9630: l1A=+0.5811 perA=0 | l1B=+0.5819 perB=0 | max|r_ens|=0.0694 rlag=0.0092 MI=0.0001 esc=0
logistic r=3.9710: l1A=+0.5918 perA=0 | l1B=+0.5927 perB=0 | max|r_ens|=0.0600 rlag=0.0115 MI=-0.0002 esc=0
logistic r=3.9790: l1A=+0.6041 perA=0 | l1B=+0.6022 perB=0 | max|r_ens|=0.0638 rlag=0.0108 MI=0.0001 esc=0
logistic r=3.9870: l1A=+0.6199 perA=0 | l1B=+0.6189 perB=0 | max|r_ens|=0.0660 rlag=0.0088 MI=-0.0004 esc=0
logistic r=3.9950: l1A=+0.6376 perA=0 | l1B=+0.6395 perB=0 | max|r_ens|=0.0535 rlag=0.0080 MI=-0.0001 esc=0
