=== START 2026-09-05T07:18:01Z host=Madeehs-MacBook-Pro.local engine md5=5d8b49ee11aa0bfb8b0bda3f47fa16e3 ===
ProductName:		macOS
ProductVersion:		14.5
Apple clang version 16.0.0 (clang-1600.0.26.6)
### 5a decorrelation time
[ok] step() bit-identical to engine mcl_iterate_raw over 1e5 steps
[engine] lambda1=4.4139 lambda2=1.0101 (GS, p=3 q=5 K=6, 1e6 iters)
  delta=1.000e-12  mean_ln_d(1)=-27.631  t_sat=8  t_dec=10  t_pred_1rad=7.26  t_pred_2pi=6.68  slope=4.417 (pts 5)  r(T)=-0.0122
  delta=1.000e-10  mean_ln_d(1)=-23.026  t_sat=7  t_dec=9  t_pred_1rad=6.22  t_pred_2pi=5.63  slope=4.416 (pts 4)  r(T)=0.0026
  delta=1.000e-08  mean_ln_d(1)=-18.421  t_sat=6  t_dec=7  t_pred_1rad=5.17  t_pred_2pi=4.59  slope=4.411 (pts 3)  r(T)=0.0018
  delta=1.000e-06  mean_ln_d(1)=-13.816  t_sat=5  t_dec=6  t_pred_1rad=4.13  t_pred_2pi=3.55  slope=4.417 (pts 2)  r(T)=-0.0095
  delta=1.000e-04  mean_ln_d(1)=-9.210  t_sat=4  t_dec=5  t_pred_1rad=3.09  t_pred_2pi=2.50  slope=nan (pts 1)  r(T)=0.0019
  delta=1.000e-02  mean_ln_d(1)=-4.605  t_sat=3  t_dec=4  t_pred_1rad=2.04  t_pred_2pi=1.46  slope=nan (pts 0)  r(T)=-0.0090
  delta=1.000e-01  mean_ln_d(1)=-2.303  t_sat=2  t_dec=3  t_pred_1rad=1.52  t_pred_2pi=0.94  slope=nan (pts 0)  r(T)=-0.0047
[ok] step() bit-identical to engine mcl_iterate_raw over 1e5 steps
[engine] lambda1=4.4139 lambda2=1.0101 (GS, p=3 q=5 K=6, 1e6 iters)
  delta=1.000e-12  mean_ln_d(1)=-26.016  t_sat=8  t_dec=10  t_pred_1rad=6.89  t_pred_2pi=6.31  slope=4.412 (pts 5)  r(T)=0.0002
  delta=1.000e-10  mean_ln_d(1)=-21.411  t_sat=7  t_dec=8  t_pred_1rad=5.85  t_pred_2pi=5.27  slope=4.414 (pts 4)  r(T)=0.0112
  delta=1.000e-08  mean_ln_d(1)=-16.806  t_sat=6  t_dec=65  t_pred_1rad=4.81  t_pred_2pi=4.22  slope=4.410 (pts 3)  r(T)=-0.0044
  delta=1.000e-06  mean_ln_d(1)=-12.200  t_sat=5  t_dec=6  t_pred_1rad=3.76  t_pred_2pi=3.18  slope=4.420 (pts 2)  r(T)=0.0095
  delta=1.000e-04  mean_ln_d(1)=-7.595  t_sat=3  t_dec=55  t_pred_1rad=2.72  t_pred_2pi=2.14  slope=nan (pts 1)  r(T)=-0.0054
  delta=1.000e-02  mean_ln_d(1)=-2.989  t_sat=2  t_dec=4  t_pred_1rad=1.68  t_pred_2pi=1.09  slope=nan (pts 0)  r(T)=-0.0066
  delta=1.000e-01  mean_ln_d(1)=-0.682  t_sat=2  t_dec=3  t_pred_1rad=1.15  t_pred_2pi=0.57  slope=nan (pts 0)  r(T)=0.0079
[ok] step() bit-identical to engine mcl_iterate_raw over 1e5 steps
[engine] lambda1=4.4139 lambda2=1.0101 (GS, p=3 q=5 K=6, 1e6 iters)
  delta=1.000e+00  mean_ln_d(1)=0.754  t_sat=1  t_dec=2  t_pred_1rad=0.83  t_pred_2pi=0.25  slope=nan (pts 0)  r(T)=-0.0007
  delta=2.000e+00  mean_ln_d(1)=0.750  t_sat=1  t_dec=56  t_pred_1rad=0.83  t_pred_2pi=0.25  slope=nan (pts 0)  r(T)=0.0054
[ok] step() bit-identical to engine mcl_iterate_raw over 1e5 steps
[engine] lambda1=5.7778 lambda2=1.0186 (GS, p=3 q=5 K=12, 1e6 iters)
  delta=1.000e-12  mean_ln_d(1)=-27.631  t_sat=7  t_dec=8  t_pred_1rad=5.78  t_pred_2pi=5.10  slope=5.776 (pts 4)  r(T)=0.0058
  delta=1.000e-10  mean_ln_d(1)=-23.026  t_sat=6  t_dec=26  t_pred_1rad=4.99  t_pred_2pi=4.30  slope=5.783 (pts 3)  r(T)=-0.0042
  delta=1.000e-08  mean_ln_d(1)=-18.421  t_sat=5  t_dec=6  t_pred_1rad=4.19  t_pred_2pi=3.51  slope=5.790 (pts 2)  r(T)=0.0102
  delta=1.000e-06  mean_ln_d(1)=-13.816  t_sat=4  t_dec=5  t_pred_1rad=3.39  t_pred_2pi=2.71  slope=5.791 (pts 2)  r(T)=0.0059
  delta=1.000e-04  mean_ln_d(1)=-9.210  t_sat=3  t_dec=5  t_pred_1rad=2.59  t_pred_2pi=1.91  slope=nan (pts 1)  r(T)=-0.0090
  delta=1.000e-02  mean_ln_d(1)=-4.605  t_sat=2  t_dec=37  t_pred_1rad=1.80  t_pred_2pi=1.12  slope=nan (pts 0)  r(T)=0.0011
  delta=1.000e-01  mean_ln_d(1)=-2.303  t_sat=2  t_dec=62  t_pred_1rad=1.40  t_pred_2pi=0.72  slope=nan (pts 0)  r(T)=0.0001
[ok] step() bit-identical to engine mcl_iterate_raw over 1e5 steps
[engine] lambda1=5.7778 lambda2=1.0186 (GS, p=3 q=5 K=12, 1e6 iters)
  delta=1.000e-12  mean_ln_d(1)=-25.372  t_sat=6  t_dec=8  t_pred_1rad=5.39  t_pred_2pi=4.71  slope=5.736 (pts 4)  r(T)=0.0087
  delta=1.000e-10  mean_ln_d(1)=-20.767  t_sat=5  t_dec=7  t_pred_1rad=4.59  t_pred_2pi=3.91  slope=5.782 (pts 3)  r(T)=-0.0034
  delta=1.000e-08  mean_ln_d(1)=-16.162  t_sat=5  t_dec=13  t_pred_1rad=3.80  t_pred_2pi=3.12  slope=5.792 (pts 2)  r(T)=0.0010
  delta=1.000e-06  mean_ln_d(1)=-11.557  t_sat=4  t_dec=56  t_pred_1rad=3.00  t_pred_2pi=2.32  slope=nan (pts 1)  r(T)=0.0091
  delta=1.000e-04  mean_ln_d(1)=-6.952  t_sat=3  t_dec=4  t_pred_1rad=2.20  t_pred_2pi=1.52  slope=nan (pts 0)  r(T)=0.0067
  delta=1.000e-02  mean_ln_d(1)=-2.346  t_sat=2  t_dec=3  t_pred_1rad=1.41  t_pred_2pi=0.72  slope=nan (pts 0)  r(T)=-0.0002
  delta=1.000e-01  mean_ln_d(1)=-0.055  t_sat=2  t_dec=2  t_pred_1rad=1.01  t_pred_2pi=0.33  slope=nan (pts 0)  r(T)=0.0069
[ok] step() bit-identical to engine mcl_iterate_raw over 1e5 steps
[engine] lambda1=5.7778 lambda2=1.0186 (GS, p=3 q=5 K=12, 1e6 iters)
  delta=1.000e+00  mean_ln_d(1)=0.797  t_sat=1  t_dec=2  t_pred_1rad=0.86  t_pred_2pi=0.18  slope=nan (pts 0)  r(T)=0.0101
  delta=2.000e+00  mean_ln_d(1)=0.774  t_sat=1  t_dec=2  t_pred_1rad=0.87  t_pred_2pi=0.18  slope=nan (pts 0)  r(T)=0.0071
[ok] step() bit-identical to engine mcl_iterate_raw over 1e5 steps
[engine] lambda1=6.8015 lambda2=1.0211 (GS, p=3 q=5 K=20, 1e6 iters)
  delta=1.000e-12  mean_ln_d(1)=-27.632  t_sat=6  t_dec=15  t_pred_1rad=5.06  t_pred_2pi=4.33  slope=6.795 (pts 3)  r(T)=0.0047
  delta=1.000e-10  mean_ln_d(1)=-23.026  t_sat=5  t_dec=6  t_pred_1rad=4.39  t_pred_2pi=3.66  slope=6.794 (pts 3)  r(T)=-0.0017
  delta=1.000e-08  mean_ln_d(1)=-18.421  t_sat=4  t_dec=6  t_pred_1rad=3.71  t_pred_2pi=2.98  slope=6.795 (pts 2)  r(T)=-0.0025
  delta=1.000e-06  mean_ln_d(1)=-13.816  t_sat=4  t_dec=5  t_pred_1rad=3.03  t_pred_2pi=2.30  slope=nan (pts 1)  r(T)=-0.0059
  delta=1.000e-04  mean_ln_d(1)=-9.210  t_sat=3  t_dec=34  t_pred_1rad=2.35  t_pred_2pi=1.62  slope=nan (pts 1)  r(T)=0.0039
  delta=1.000e-02  mean_ln_d(1)=-4.605  t_sat=2  t_dec=3  t_pred_1rad=1.68  t_pred_2pi=0.95  slope=nan (pts 0)  r(T)=-0.0189
  delta=1.000e-01  mean_ln_d(1)=-2.303  t_sat=2  t_dec=3  t_pred_1rad=1.34  t_pred_2pi=0.61  slope=nan (pts 0)  r(T)=-0.0137
[ok] step() bit-identical to engine mcl_iterate_raw over 1e5 steps
[engine] lambda1=6.8015 lambda2=1.0211 (GS, p=3 q=5 K=20, 1e6 iters)
  delta=1.000e-12  mean_ln_d(1)=-24.897  t_sat=5  t_dec=7  t_pred_1rad=4.66  t_pred_2pi=3.93  slope=6.796 (pts 3)  r(T)=-0.0038
  delta=1.000e-10  mean_ln_d(1)=-20.290  t_sat=5  t_dec=6  t_pred_1rad=3.98  t_pred_2pi=3.25  slope=6.797 (pts 2)  r(T)=0.0076
  delta=1.000e-08  mean_ln_d(1)=-15.685  t_sat=4  t_dec=5  t_pred_1rad=3.31  t_pred_2pi=2.58  slope=6.781 (pts 2)  r(T)=0.0031
  delta=1.000e-06  mean_ln_d(1)=-11.080  t_sat=3  t_dec=4  t_pred_1rad=2.63  t_pred_2pi=1.90  slope=nan (pts 1)  r(T)=-0.0091
  delta=1.000e-04  mean_ln_d(1)=-6.475  t_sat=3  t_dec=4  t_pred_1rad=1.95  t_pred_2pi=1.22  slope=nan (pts 0)  r(T)=-0.0064
  delta=1.000e-02  mean_ln_d(1)=-1.869  t_sat=2  t_dec=3  t_pred_1rad=1.27  t_pred_2pi=0.55  slope=nan (pts 0)  r(T)=0.0101
  delta=1.000e-01  mean_ln_d(1)=0.068  t_sat=1  t_dec=3  t_pred_1rad=0.99  t_pred_2pi=0.26  slope=nan (pts 0)  r(T)=-0.0048
[ok] step() bit-identical to engine mcl_iterate_raw over 1e5 steps
[engine] lambda1=6.8015 lambda2=1.0211 (GS, p=3 q=5 K=20, 1e6 iters)
  delta=1.000e+00  mean_ln_d(1)=0.736  t_sat=1  t_dec=2  t_pred_1rad=0.89  t_pred_2pi=0.16  slope=nan (pts 0)  r(T)=-0.0124
  delta=2.000e+00  mean_ln_d(1)=0.757  t_sat=1  t_dec=36  t_pred_1rad=0.89  t_pred_2pi=0.16  slope=nan (pts 0)  r(T)=0.0080
[ok] step() bit-identical to engine mcl_iterate_jacobi over 1e5 steps
[engine] lambda1=2.8917 lambda2=2.0891 (Jacobi, p=3 q=5 K=6, 1e6 iters)
  delta=1.000e-12  mean_ln_d(1)=-27.631  t_sat=11  t_dec=12  t_pred_1rad=10.56  t_pred_2pi=10.19  slope=2.890 (pts 8)  r(T)=0.0054
  delta=1.000e-10  mean_ln_d(1)=-23.026  t_sat=10  t_dec=11  t_pred_1rad=8.96  t_pred_2pi=8.60  slope=2.890 (pts 7)  r(T)=-0.0027
  delta=1.000e-08  mean_ln_d(1)=-18.421  t_sat=8  t_dec=46  t_pred_1rad=7.37  t_pred_2pi=7.01  slope=2.888 (pts 5)  r(T)=0.0037
  delta=1.000e-06  mean_ln_d(1)=-13.816  t_sat=6  t_dec=8  t_pred_1rad=5.78  t_pred_2pi=5.41  slope=2.885 (pts 4)  r(T)=0.0037
  delta=1.000e-04  mean_ln_d(1)=-9.210  t_sat=5  t_dec=6  t_pred_1rad=4.19  t_pred_2pi=3.82  slope=2.859 (pts 2)  r(T)=0.0055
  delta=1.000e-02  mean_ln_d(1)=-4.605  t_sat=3  t_dec=4  t_pred_1rad=2.59  t_pred_2pi=2.23  slope=nan (pts 0)  r(T)=-0.0034
  delta=1.000e-01  mean_ln_d(1)=-2.303  t_sat=2  t_dec=3  t_pred_1rad=1.80  t_pred_2pi=1.43  slope=nan (pts 0)  r(T)=-0.0026
[ok] step() bit-identical to engine mcl_iterate_jacobi over 1e5 steps
[engine] lambda1=2.8917 lambda2=2.0891 (Jacobi, p=3 q=5 K=6, 1e6 iters)
  delta=1.000e-12  mean_ln_d(1)=-27.741  t_sat=11  t_dec=13  t_pred_1rad=10.59  t_pred_2pi=10.23  slope=2.890 (pts 8)  r(T)=-0.0108
  delta=1.000e-10  mean_ln_d(1)=-23.136  t_sat=10  t_dec=11  t_pred_1rad=9.00  t_pred_2pi=8.64  slope=2.890 (pts 7)  r(T)=0.0022
  delta=1.000e-08  mean_ln_d(1)=-18.531  t_sat=8  t_dec=9  t_pred_1rad=7.41  t_pred_2pi=7.04  slope=2.890 (pts 5)  r(T)=0.0050
  delta=1.000e-06  mean_ln_d(1)=-13.925  t_sat=6  t_dec=65  t_pred_1rad=5.82  t_pred_2pi=5.45  slope=2.890 (pts 4)  r(T)=0.0006
  delta=1.000e-04  mean_ln_d(1)=-9.320  t_sat=5  t_dec=47  t_pred_1rad=4.22  t_pred_2pi=3.86  slope=2.889 (pts 2)  r(T)=0.0099
  delta=1.000e-02  mean_ln_d(1)=-4.715  t_sat=3  t_dec=4  t_pred_1rad=2.63  t_pred_2pi=2.27  slope=nan (pts 0)  r(T)=0.0064
  delta=1.000e-01  mean_ln_d(1)=-2.413  t_sat=2  t_dec=3  t_pred_1rad=1.83  t_pred_2pi=1.47  slope=nan (pts 0)  r(T)=-0.0065
[ok] step() bit-identical to engine mcl_iterate_jacobi over 1e5 steps
[engine] lambda1=2.8917 lambda2=2.0891 (Jacobi, p=3 q=5 K=6, 1e6 iters)
  delta=1.000e+00  mean_ln_d(1)=0.755  t_sat=1  t_dec=2  t_pred_1rad=0.74  t_pred_2pi=0.37  slope=nan (pts 0)  r(T)=0.0016
  delta=2.000e+00  mean_ln_d(1)=0.751  t_sat=1  t_dec=1  t_pred_1rad=0.74  t_pred_2pi=0.38  slope=nan (pts 0)  r(T)=-0.0066
[ok] step() bit-identical to engine mcl_iterate_jacobi over 1e5 steps
[engine] lambda1=3.5864 lambda2=2.7643 (Jacobi, p=3 q=5 K=12, 1e6 iters)
  delta=1.000e-12  mean_ln_d(1)=-27.631  t_sat=9  t_dec=10  t_pred_1rad=8.70  t_pred_2pi=8.22  slope=3.588 (pts 7)  r(T)=-0.0023
  delta=1.000e-10  mean_ln_d(1)=-23.026  t_sat=8  t_dec=72  t_pred_1rad=7.42  t_pred_2pi=6.93  slope=3.587 (pts 5)  r(T)=0.0098
  delta=1.000e-08  mean_ln_d(1)=-18.421  t_sat=7  t_dec=8  t_pred_1rad=6.14  t_pred_2pi=5.65  slope=3.584 (pts 4)  r(T)=0.0023
  delta=1.000e-06  mean_ln_d(1)=-13.816  t_sat=5  t_dec=6  t_pred_1rad=4.85  t_pred_2pi=4.36  slope=3.578 (pts 3)  r(T)=-0.0099
  delta=1.000e-04  mean_ln_d(1)=-9.210  t_sat=4  t_dec=5  t_pred_1rad=3.57  t_pred_2pi=3.08  slope=nan (pts 1)  r(T)=-0.0008
  delta=1.000e-02  mean_ln_d(1)=-4.605  t_sat=3  t_dec=4  t_pred_1rad=2.28  t_pred_2pi=1.80  slope=nan (pts 0)  r(T)=-0.0084
  delta=1.000e-01  mean_ln_d(1)=-2.303  t_sat=2  t_dec=14  t_pred_1rad=1.64  t_pred_2pi=1.15  slope=nan (pts 0)  r(T)=-0.0071
[ok] step() bit-identical to engine mcl_iterate_jacobi over 1e5 steps
[engine] lambda1=3.5864 lambda2=2.7643 (Jacobi, p=3 q=5 K=12, 1e6 iters)
  delta=1.000e-12  mean_ln_d(1)=-27.741  t_sat=9  t_dec=77  t_pred_1rad=8.74  t_pred_2pi=8.25  slope=3.587 (pts 7)  r(T)=0.0006
  delta=1.000e-10  mean_ln_d(1)=-23.136  t_sat=8  t_dec=41  t_pred_1rad=7.45  t_pred_2pi=6.96  slope=3.587 (pts 5)  r(T)=-0.0009
  delta=1.000e-08  mean_ln_d(1)=-18.531  t_sat=7  t_dec=8  t_pred_1rad=6.17  t_pred_2pi=5.68  slope=3.585 (pts 4)  r(T)=0.0055
  delta=1.000e-06  mean_ln_d(1)=-13.925  t_sat=5  t_dec=7  t_pred_1rad=4.88  t_pred_2pi=4.40  slope=3.583 (pts 3)  r(T)=-0.0061
  delta=1.000e-04  mean_ln_d(1)=-9.320  t_sat=4  t_dec=5  t_pred_1rad=3.60  t_pred_2pi=3.11  slope=3.580 (pts 2)  r(T)=-0.0013
  delta=1.000e-02  mean_ln_d(1)=-4.715  t_sat=3  t_dec=4  t_pred_1rad=2.31  t_pred_2pi=1.83  slope=nan (pts 0)  r(T)=0.0106
  delta=1.000e-01  mean_ln_d(1)=-2.413  t_sat=2  t_dec=3  t_pred_1rad=1.67  t_pred_2pi=1.19  slope=nan (pts 0)  r(T)=0.0086
[ok] step() bit-identical to engine mcl_iterate_jacobi over 1e5 steps
[engine] lambda1=3.5864 lambda2=2.7643 (Jacobi, p=3 q=5 K=12, 1e6 iters)
  delta=1.000e+00  mean_ln_d(1)=0.791  t_sat=1  t_dec=2  t_pred_1rad=0.78  t_pred_2pi=0.29  slope=nan (pts 0)  r(T)=0.0098
  delta=2.000e+00  mean_ln_d(1)=0.769  t_sat=1  t_dec=24  t_pred_1rad=0.79  t_pred_2pi=0.30  slope=nan (pts 0)  r(T)=-0.0090
[ok] step() bit-identical to engine mcl_iterate_jacobi over 1e5 steps
[engine] lambda1=4.0996 lambda2=3.2782 (Jacobi, p=3 q=5 K=20, 1e6 iters)
  delta=1.000e-12  mean_ln_d(1)=-27.632  t_sat=8  t_dec=9  t_pred_1rad=7.74  t_pred_2pi=7.19  slope=4.093 (pts 6)  r(T)=0.0019
  delta=1.000e-10  mean_ln_d(1)=-23.026  t_sat=7  t_dec=38  t_pred_1rad=6.62  t_pred_2pi=6.06  slope=4.093 (pts 5)  r(T)=0.0002
  delta=1.000e-08  mean_ln_d(1)=-18.421  t_sat=6  t_dec=12  t_pred_1rad=5.49  t_pred_2pi=4.94  slope=4.084 (pts 3)  r(T)=-0.0120
  delta=1.000e-06  mean_ln_d(1)=-13.816  t_sat=5  t_dec=6  t_pred_1rad=4.37  t_pred_2pi=3.82  slope=4.067 (pts 2)  r(T)=-0.0070
  delta=1.000e-04  mean_ln_d(1)=-9.210  t_sat=4  t_dec=5  t_pred_1rad=3.25  t_pred_2pi=2.69  slope=nan (pts 1)  r(T)=-0.0088
  delta=1.000e-02  mean_ln_d(1)=-4.605  t_sat=3  t_dec=3  t_pred_1rad=2.12  t_pred_2pi=1.57  slope=nan (pts 0)  r(T)=0.0038
  delta=1.000e-01  mean_ln_d(1)=-2.303  t_sat=2  t_dec=3  t_pred_1rad=1.56  t_pred_2pi=1.01  slope=nan (pts 0)  r(T)=-0.0006
[ok] step() bit-identical to engine mcl_iterate_jacobi over 1e5 steps
[engine] lambda1=4.0996 lambda2=3.2782 (Jacobi, p=3 q=5 K=20, 1e6 iters)
  delta=1.000e-12  mean_ln_d(1)=-27.743  t_sat=8  t_dec=9  t_pred_1rad=7.77  t_pred_2pi=7.22  slope=4.093 (pts 6)  r(T)=0.0126
  delta=1.000e-10  mean_ln_d(1)=-23.136  t_sat=7  t_dec=8  t_pred_1rad=6.64  t_pred_2pi=6.09  slope=4.092 (pts 5)  r(T)=-0.0128
  delta=1.000e-08  mean_ln_d(1)=-18.531  t_sat=6  t_dec=7  t_pred_1rad=5.52  t_pred_2pi=4.97  slope=4.090 (pts 4)  r(T)=-0.0088
  delta=1.000e-06  mean_ln_d(1)=-13.925  t_sat=5  t_dec=6  t_pred_1rad=4.40  t_pred_2pi=3.85  slope=4.087 (pts 2)  r(T)=0.0016
  delta=1.000e-04  mean_ln_d(1)=-9.320  t_sat=4  t_dec=5  t_pred_1rad=3.27  t_pred_2pi=2.72  slope=nan (pts 1)  r(T)=0.0067
  delta=1.000e-02  mean_ln_d(1)=-4.715  t_sat=3  t_dec=3  t_pred_1rad=2.15  t_pred_2pi=1.60  slope=nan (pts 0)  r(T)=-0.0190
  delta=1.000e-01  mean_ln_d(1)=-2.413  t_sat=2  t_dec=3  t_pred_1rad=1.59  t_pred_2pi=1.04  slope=nan (pts 0)  r(T)=0.0090
[ok] step() bit-identical to engine mcl_iterate_jacobi over 1e5 steps
[engine] lambda1=4.0996 lambda2=3.2782 (Jacobi, p=3 q=5 K=20, 1e6 iters)
  delta=1.000e+00  mean_ln_d(1)=0.735  t_sat=1  t_dec=22  t_pred_1rad=0.82  t_pred_2pi=0.27  slope=nan (pts 0)  r(T)=0.0058
  delta=2.000e+00  mean_ln_d(1)=0.749  t_sat=1  t_dec=2  t_pred_1rad=0.82  t_pred_2pi=0.27  slope=nan (pts 0)  r(T)=-0.0011
[ok] step() bit-identical to engine mcl_iterate_raw over 1e5 steps
[engine] lambda1=4.9702 lambda2=0.8057 (GS, p=2 q=3 K=12, 1e6 iters)
  delta=1.000e-12  mean_ln_d(1)=-27.631  t_sat=7  t_dec=73  t_pred_1rad=6.56  t_pred_2pi=5.93  slope=4.955 (pts 5)  r(T)=-0.0005
  delta=1.000e-10  mean_ln_d(1)=-23.026  t_sat=6  t_dec=8  t_pred_1rad=5.63  t_pred_2pi=5.00  slope=4.965 (pts 4)  r(T)=0.0032
  delta=1.000e-08  mean_ln_d(1)=-18.421  t_sat=5  t_dec=7  t_pred_1rad=4.71  t_pred_2pi=4.08  slope=4.970 (pts 3)  r(T)=0.0130
  delta=1.000e-06  mean_ln_d(1)=-13.816  t_sat=4  t_dec=6  t_pred_1rad=3.78  t_pred_2pi=3.15  slope=4.978 (pts 2)  r(T)=-0.0053
  delta=1.000e-04  mean_ln_d(1)=-9.210  t_sat=4  t_dec=5  t_pred_1rad=2.85  t_pred_2pi=2.22  slope=nan (pts 1)  r(T)=0.0101
  delta=1.000e-02  mean_ln_d(1)=-4.605  t_sat=2  t_dec=3  t_pred_1rad=1.93  t_pred_2pi=1.30  slope=nan (pts 0)  r(T)=-0.0095
  delta=1.000e-01  mean_ln_d(1)=-2.303  t_sat=2  t_dec=2  t_pred_1rad=1.46  t_pred_2pi=0.83  slope=nan (pts 0)  r(T)=-0.0229
[ok] step() bit-identical to engine mcl_iterate_raw over 1e5 steps
[engine] lambda1=7.4747 lambda2=0.9034 (GS, p=7 q=11 K=12, 1e6 iters)
  delta=1.000e-12  mean_ln_d(1)=-27.631  t_sat=5  t_dec=6  t_pred_1rad=4.70  t_pred_2pi=3.94  slope=7.485 (pts 3)  r(T)=-0.0012
  delta=1.000e-10  mean_ln_d(1)=-23.026  t_sat=5  t_dec=6  t_pred_1rad=4.08  t_pred_2pi=3.33  slope=7.495 (pts 2)  r(T)=-0.0063
  delta=1.000e-08  mean_ln_d(1)=-18.421  t_sat=4  t_dec=5  t_pred_1rad=3.46  t_pred_2pi=2.71  slope=7.495 (pts 2)  r(T)=0.0042
  delta=1.000e-06  mean_ln_d(1)=-13.816  t_sat=4  t_dec=17  t_pred_1rad=2.85  t_pred_2pi=2.09  slope=nan (pts 1)  r(T)=-0.0069
  delta=1.000e-04  mean_ln_d(1)=-9.210  t_sat=3  t_dec=3  t_pred_1rad=2.23  t_pred_2pi=1.48  slope=nan (pts 0)  r(T)=-0.0043
  delta=1.000e-02  mean_ln_d(1)=-4.605  t_sat=2  t_dec=3  t_pred_1rad=1.62  t_pred_2pi=0.86  slope=nan (pts 0)  r(T)=0.0095
  delta=1.000e-01  mean_ln_d(1)=-2.303  t_sat=2  t_dec=32  t_pred_1rad=1.31  t_pred_2pi=0.55  slope=nan (pts 0)  r(T)=0.0077
[ok] step() bit-identical to engine mcl_iterate_raw over 1e5 steps
[engine] lambda1=9.2497 lambda2=0.6045 (GS, p=17 q=23 K=12, 1e6 iters)
  delta=1.000e-12  mean_ln_d(1)=-27.631  t_sat=5  t_dec=5  t_pred_1rad=3.99  t_pred_2pi=3.19  slope=9.262 (pts 2)  r(T)=-0.0000
  delta=1.000e-10  mean_ln_d(1)=-23.026  t_sat=4  t_dec=5  t_pred_1rad=3.49  t_pred_2pi=2.69  slope=9.262 (pts 2)  r(T)=-0.0023
  delta=1.000e-08  mean_ln_d(1)=-18.421  t_sat=4  t_dec=4  t_pred_1rad=2.99  t_pred_2pi=2.19  slope=nan (pts 1)  r(T)=-0.0036
  delta=1.000e-06  mean_ln_d(1)=-13.816  t_sat=3  t_dec=4  t_pred_1rad=2.49  t_pred_2pi=1.69  slope=nan (pts 1)  r(T)=-0.0136
  delta=1.000e-04  mean_ln_d(1)=-9.210  t_sat=3  t_dec=27  t_pred_1rad=2.00  t_pred_2pi=1.19  slope=nan (pts 0)  r(T)=-0.0022
  delta=1.000e-02  mean_ln_d(1)=-4.605  t_sat=2  t_dec=3  t_pred_1rad=1.50  t_pred_2pi=0.70  slope=nan (pts 0)  r(T)=-0.0028
  delta=1.000e-01  mean_ln_d(1)=-2.303  t_sat=2  t_dec=2  t_pred_1rad=1.25  t_pred_2pi=0.45  slope=nan (pts 0)  r(T)=-0.0059
[ok] step() bit-identical to engine mcl_iterate_raw over 1e5 steps
[engine] lambda1=5.7778 lambda2=1.0186 (GS, p=3 q=5 K=12, 1e6 iters)
  delta=0.000e+00  mean_ln_d(1)=-inf  t_sat=-1  t_dec=-1  t_pred_1rad=nan  t_pred_2pi=nan  slope=nan (pts 0)  r(T)=1.0000
### 5b in-window control
(2,3) K=0.30 dK: r_ens=+0.3793 r0=-0.0024 rlag=0.0040 MI=-0.0062 chi2z=-19.7 Ra=0.949 per=0 l1=-0.000
(3,5) K=0.30 dK: r_ens=-0.0925 r0=-0.0027 rlag=0.0140 MI=-0.0009 chi2z=-2.8 Ra=0.789 per=0 l1=-0.015
(2,3)x(3,5) K=0.30: r_ens=-0.7640 r0=+0.0002 rlag=0.0007 MI=-0.0062 chi2z=-19.5
(2,3) K=0.32 dK: r_ens=+0.0713 r0=-0.0058 rlag=0.0068 MI=-0.0046 chi2z=-14.7 Ra=0.935 per=0 l1=-0.000
(3,5) K=0.32 dK: r_ens=-0.0034 r0=-0.0217 rlag=0.0228 MI=0.0013 chi2z=4.1 Ra=0.741 per=0 l1=0.119
(2,3)x(3,5) K=0.32: r_ens=-0.0064 r0=+0.0016 rlag=0.0040 MI=-0.0016 chi2z=-5.2
(2,3) K=0.34 dK: r_ens=+0.8762 r0=+0.0005 rlag=0.0006 MI=-0.0055 chi2z=-17.6 Ra=0.917 per=0 l1=-0.000
(3,5) K=0.34 dK: r_ens=+0.0086 r0=+0.0026 rlag=0.0320 MI=0.0014 chi2z=4.1 Ra=0.518 per=0 l1=0.271
(2,3)x(3,5) K=0.34: r_ens=-0.0212 r0=-0.0046 rlag=0.0057 MI=0.0004 chi2z=1.3
(2,3) K=0.36 dK: r_ens=+0.9769 r0=+0.9998 rlag=0.9998 MI=3.9070 chi2z=70700.8 Ra=0.901 per=15 l1=-0.058
(3,5) K=0.36 dK: r_ens=+0.3435 r0=-0.9996 rlag=0.9996 MI=4.5851 chi2z=70694.4 Ra=0.782 per=24 l1=-0.540
(2,3)x(3,5) K=0.36: r_ens=-0.2652 r0=+0.0001 rlag=0.0003 MI=1.5844 chi2z=7868.4
(2,3) K=0.38 dK: r_ens=+0.9894 r0=+1.0000 rlag=1.0000 MI=3.9070 chi2z=70700.8 Ra=0.889 per=15 l1=-0.135
(3,5) K=0.38 dK: r_ens=+0.3472 r0=+0.3767 rlag=0.9258 MI=3.9975 chi2z=42374.2 Ra=0.638 per=24 l1=-0.017
(2,3)x(3,5) K=0.38: r_ens=-0.5590 r0=+0.0001 rlag=0.0003 MI=1.5844 chi2z=7868.4
(2,3) K=0.40 dK: r_ens=+0.9921 r0=+1.0000 rlag=1.0000 MI=3.9070 chi2z=70700.8 Ra=0.872 per=15 l1=-0.198
(3,5) K=0.40 dK: r_ens=+0.0063 r0=+0.0048 rlag=0.0143 MI=0.0007 chi2z=2.1 Ra=0.355 per=0 l1=0.361
(2,3)x(3,5) K=0.40: r_ens=+0.0294 r0=-0.0011 rlag=0.0037 MI=-0.0004 chi2z=-1.9
(2,3) K=0.42 dK: r_ens=+0.9886 r0=+1.0000 rlag=1.0000 MI=3.9070 chi2z=70700.8 Ra=0.850 per=15 l1=-0.262
(3,5) K=0.42 dK: r_ens=+0.0036 r0=-0.0166 rlag=0.0278 MI=0.0002 chi2z=0.5 Ra=0.234 per=0 l1=0.413
(2,3)x(3,5) K=0.42: r_ens=-0.0113 r0=-0.0049 rlag=0.0052 MI=0.0001 chi2z=0.5
(2,3) K=0.44 dK: r_ens=+0.9928 r0=+1.0000 rlag=1.0000 MI=3.9070 chi2z=70700.8 Ra=0.824 per=15 l1=-0.326
(3,5) K=0.44 dK: r_ens=-0.0215 r0=-0.0024 rlag=0.0030 MI=0.0210 chi2z=110.2 Ra=0.174 per=0 l1=0.431
(2,3)x(3,5) K=0.44: r_ens=-0.0189 r0=+0.0005 rlag=0.0025 MI=-0.0007 chi2z=-3.3
(2,3) K=0.46 dK: r_ens=+0.9946 r0=+0.9999 rlag=0.9999 MI=3.7736 chi2z=70701.5 Ra=0.792 per=15 l1=-0.385
(3,5) K=0.46 dK: r_ens=+0.0136 r0=+0.0262 rlag=0.0373 MI=0.0019 chi2z=5.9 Ra=0.121 per=0 l1=0.450
(2,3)x(3,5) K=0.46: r_ens=-0.0095 r0=-0.0009 rlag=0.0029 MI=-0.0004 chi2z=-1.9
(2,3) K=0.48 dK: r_ens=+0.9918 r0=+0.9999 rlag=0.9999 MI=3.7737 chi2z=70701.5 Ra=0.753 per=15 l1=-0.443
(3,5) K=0.48 dK: r_ens=+0.0172 r0=-0.0141 rlag=0.0149 MI=-0.0000 chi2z=-0.2 Ra=0.166 per=0 l1=0.467
(2,3)x(3,5) K=0.48: r_ens=+0.0374 r0=-0.0052 rlag=0.0052 MI=-0.0004 chi2z=-1.9
(2,3) K=0.50 dK: r_ens=+0.9943 r0=+0.9999 rlag=0.9999 MI=3.6403 chi2z=67927.8 Ra=0.708 per=15 l1=-0.448
(3,5) K=0.50 dK: r_ens=+0.0065 r0=+0.0151 rlag=0.0228 MI=0.0008 chi2z=3.8 Ra=0.170 per=0 l1=0.503
(2,3)x(3,5) K=0.50: r_ens=+0.0182 r0=-0.0013 rlag=0.0015 MI=-0.0003 chi2z=-1.7
(2,3) K=0.52 dK: r_ens=+0.9924 r0=+0.9999 rlag=0.9999 MI=3.6403 chi2z=70702.2 Ra=0.656 per=15 l1=-0.334
(3,5) K=0.52 dK: r_ens=+0.2365 r0=-0.1706 rlag=0.9999 MI=3.0000 chi2z=32987.7 Ra=0.370 per=32 l1=-0.252
(2,3)x(3,5) K=0.52: r_ens=+0.1025 r0=+0.0001 rlag=0.0001 MI=-0.0013 chi2z=-9.5
(2,3) K=0.54 dK: r_ens=+0.9959 r0=+0.9998 rlag=0.9998 MI=3.5070 chi2z=67692.2 Ra=0.600 per=15 l1=-0.247
(3,5) K=0.54 dK: r_ens=-0.0697 r0=+0.0007 rlag=0.0047 MI=0.0006 chi2z=2.7 Ra=0.246 per=32 l1=-0.083
(2,3)x(3,5) K=0.54: r_ens=+0.0596 r0=-0.0000 rlag=0.0001 MI=-0.0013 chi2z=-9.5
(2,3) K=0.56 dK: r_ens=+0.9946 r0=+0.9998 rlag=0.9998 MI=3.3736 chi2z=67412.6 Ra=0.543 per=15 l1=-0.162
(3,5) K=0.56 dK: r_ens=+0.0798 r0=+0.0125 rlag=0.9994 MI=5.0002 chi2z=70688.8 Ra=0.757 per=32 l1=-0.067
(2,3)x(3,5) K=0.56: r_ens=-0.0773 r0=-0.0000 rlag=0.0000 MI=-0.0025 chi2z=-13.0
(2,3) K=0.58 dK: r_ens=+0.9903 r0=+0.9999 rlag=0.9999 MI=3.2403 chi2z=70704.3 Ra=0.489 per=15 l1=-0.067
(3,5) K=0.58 dK: r_ens=-0.0068 r0=+0.0129 rlag=0.0172 MI=0.0008 chi2z=2.6 Ra=0.241 per=0 l1=0.574
(2,3)x(3,5) K=0.58: r_ens=+0.0256 r0=-0.0025 rlag=0.0057 MI=0.0000 chi2z=0.1
(2,3) K=0.60 dK: r_ens=+0.9928 r0=+0.9998 rlag=0.9998 MI=2.8826 chi2z=52582.4 Ra=0.447 per=30 l1=-0.065
(3,5) K=0.60 dK: r_ens=+0.0230 r0=-0.0040 rlag=0.0128 MI=0.0007 chi2z=2.3 Ra=0.089 per=0 l1=0.635
(2,3)x(3,5) K=0.60: r_ens=-0.0351 r0=+0.0034 rlag=0.0056 MI=0.0002 chi2z=0.9
(2,3) K=0.62 dK: r_ens=+0.9883 r0=+0.9999 rlag=0.9999 MI=3.2315 chi2z=63917.9 Ra=0.423 per=30 l1=-0.153
(3,5) K=0.62 dK: r_ens=-0.0085 r0=-0.0048 rlag=0.0153 MI=0.0001 chi2z=0.2 Ra=0.031 per=0 l1=0.645
(2,3)x(3,5) K=0.62: r_ens=-0.0405 r0=+0.0042 rlag=0.0058 MI=0.0001 chi2z=0.6
(2,3) K=0.64 dK: r_ens=+0.9859 r0=+0.9867 rlag=0.9997 MI=2.5817 chi2z=31404.7 Ra=0.402 per=30 l1=-0.008
(3,5) K=0.64 dK: r_ens=+0.0736 r0=+0.9995 rlag=0.9995 MI=4.0001 chi2z=70700.1 Ra=1.000 per=16 l1=-0.139
(2,3)x(3,5) K=0.64: r_ens=-0.0530 r0=+0.0000 rlag=0.0001 MI=0.1575 chi2z=908.5
(2,3) K=0.66 dK: r_ens=+0.9837 r0=+0.9993 rlag=0.9993 MI=3.0013 chi2z=49124.4 Ra=0.377 per=60 l1=-0.062
(3,5) K=0.66 dK: r_ens=+0.0817 r0=-0.6949 rlag=0.9999 MI=4.0001 chi2z=70700.1 Ra=1.000 per=16 l1=-0.957
(2,3)x(3,5) K=0.66: r_ens=+0.0055 r0=-0.0000 rlag=0.0001 MI=0.2240 chi2z=1319.7
(2,3) K=0.68 dK: r_ens=+0.9273 r0=+0.9945 rlag=0.9998 MI=2.6244 chi2z=35970.1 Ra=0.343 per=60 l1=-0.045
(3,5) K=0.68 dK: r_ens=+0.0957 r0=-0.6975 rlag=0.9999 MI=4.0001 chi2z=70700.1 Ra=1.000 per=16 l1=-0.936
(2,3)x(3,5) K=0.68: r_ens=-0.0463 r0=+0.0000 rlag=0.0001 MI=0.2863 chi2z=1746.7
(2,3) K=0.70 dK: r_ens=+0.7729 r0=+0.9998 rlag=0.9998 MI=3.3489 chi2z=61412.5 Ra=0.326 per=60 l1=-0.184
(3,5) K=0.70 dK: r_ens=+0.1142 r0=-0.9194 rlag=0.9999 MI=4.0001 chi2z=70700.1 Ra=1.000 per=16 l1=-0.373
(2,3)x(3,5) K=0.70: r_ens=-0.0345 r0=-0.0001 rlag=0.0001 MI=0.2389 chi2z=1553.4
(2,3) K=0.72 dK: r_ens=+0.7573 r0=+0.9999 rlag=0.9999 MI=3.3347 chi2z=62525.3 Ra=0.314 per=60 l1=-0.011
(3,5) K=0.72 dK: r_ens=+0.0950 r0=+0.3911 rlag=0.9999 MI=4.0001 chi2z=49171.7 Ra=1.000 per=16 l1=-0.090
(2,3)x(3,5) K=0.72: r_ens=+0.0133 r0=+0.0001 rlag=0.0001 MI=0.3107 chi2z=1955.8
(2,3) K=0.74 dK: r_ens=-0.0015 r0=+0.1214 rlag=0.1303 MI=0.0285 chi2z=124.3 Ra=0.303 per=60 l1=-0.066
(3,5) K=0.74 dK: r_ens=+0.1562 r0=+0.9982 rlag=0.9982 MI=4.0000 chi2z=34193.4 Ra=0.992 per=0 l1=0.000
(2,3)x(3,5) K=0.74: r_ens=-0.0003 r0=-0.0001 rlag=0.0001 MI=0.2970 chi2z=1279.9
(2,3) K=0.76 dK: r_ens=-0.0052 r0=-0.0021 rlag=0.0084 MI=-0.0002 chi2z=-1.0 Ra=0.234 per=0 l1=0.333
(3,5) K=0.76 dK: r_ens=+0.1669 r0=+0.3777 rlag=0.9957 MI=3.8236 chi2z=32116.8 Ra=0.982 per=0 l1=0.117
(2,3)x(3,5) K=0.76: r_ens=+0.0200 r0=+0.0018 rlag=0.0024 MI=0.0003 chi2z=0.8
(2,3) K=0.78 dK: r_ens=+0.0265 r0=-0.0096 rlag=0.0229 MI=0.0003 chi2z=1.0 Ra=0.218 per=0 l1=0.341
(3,5) K=0.78 dK: r_ens=+0.1467 r0=+0.8998 rlag=0.9832 MI=2.9801 chi2z=18148.1 Ra=0.924 per=80 l1=-0.062
(2,3)x(3,5) K=0.78: r_ens=-0.0092 r0=+0.0025 rlag=0.0035 MI=-0.0009 chi2z=-2.8
(2,3) K=0.80 dK: r_ens=+0.0220 r0=+0.0067 rlag=0.0175 MI=0.0005 chi2z=1.5 Ra=0.177 per=0 l1=0.434
(3,5) K=0.80 dK: r_ens=+0.0207 r0=+0.0015 rlag=0.0142 MI=0.0000 chi2z=0.1 Ra=0.220 per=0 l1=0.897
(2,3)x(3,5) K=0.80: r_ens=-0.0229 r0=-0.0063 rlag=0.0114 MI=-0.0000 chi2z=-0.1
(2,3) K=0.82 dK: r_ens=-0.0258 r0=+0.0017 rlag=0.0277 MI=0.0006 chi2z=1.8 Ra=0.173 per=0 l1=0.462
(3,5) K=0.82 dK: r_ens=-0.0081 r0=-0.9216 rlag=0.9999 MI=4.5002 chi2z=60888.2 Ra=0.294 per=32 l1=-0.059
(2,3)x(3,5) K=0.82: r_ens=-0.0462 r0=-0.0017 rlag=0.0025 MI=-0.0005 chi2z=-1.5
(2,3) K=0.84 dK: r_ens=+0.0392 r0=+0.0013 rlag=0.0170 MI=0.0000 chi2z=0.1 Ra=0.173 per=0 l1=0.492
(3,5) K=0.84 dK: r_ens=+0.0062 r0=-0.0063 rlag=0.0098 MI=0.0005 chi2z=1.4 Ra=0.304 per=0 l1=0.027
(2,3)x(3,5) K=0.84: r_ens=+0.0018 r0=+0.0003 rlag=0.0053 MI=-0.0005 chi2z=-1.7
(2,3) K=0.86 dK: r_ens=-0.0275 r0=+0.0015 rlag=0.0118 MI=0.0005 chi2z=1.4 Ra=0.172 per=0 l1=0.520
(3,5) K=0.86 dK: r_ens=+0.0351 r0=-0.0035 rlag=0.0045 MI=0.0006 chi2z=2.0 Ra=0.769 per=0 l1=-0.000
(2,3)x(3,5) K=0.86: r_ens=-0.0115 r0=-0.0013 rlag=0.0041 MI=0.0009 chi2z=2.8
(2,3) K=0.88 dK: r_ens=+0.0235 r0=+0.0071 rlag=0.0127 MI=-0.0003 chi2z=-2.0 Ra=0.135 per=0 l1=0.567
(3,5) K=0.88 dK: r_ens=-0.0118 r0=-0.0080 rlag=0.0116 MI=0.0009 chi2z=2.7 Ra=0.158 per=0 l1=1.037
(2,3)x(3,5) K=0.88: r_ens=-0.0065 r0=+0.0033 rlag=0.0165 MI=0.0001 chi2z=0.3
(2,3) K=0.90 dK: r_ens=+0.0180 r0=-0.0000 rlag=0.0000 MI=2.8403 chi2z=50305.1 Ra=0.309 per=15 l1=-0.306
(3,5) K=0.90 dK: r_ens=-0.0216 r0=+0.0033 rlag=0.0094 MI=-0.0005 chi2z=-1.5 Ra=0.148 per=0 l1=1.090
(2,3)x(3,5) K=0.90: r_ens=+0.0619 r0=-0.0032 rlag=0.0044 MI=0.0001 chi2z=0.3
(2,3) K=0.92 dK: r_ens=-0.0049 r0=-0.0063 rlag=0.0164 MI=-0.0003 chi2z=-0.9 Ra=0.070 per=0 l1=0.639
(3,5) K=0.92 dK: r_ens=-0.0052 r0=+0.0003 rlag=0.0108 MI=0.0004 chi2z=1.1 Ra=0.166 per=0 l1=1.116
(2,3)x(3,5) K=0.92: r_ens=-0.0117 r0=+0.0074 rlag=0.0121 MI=0.0005 chi2z=1.5
(2,3) K=0.94 dK: r_ens=+0.0001 r0=+0.0053 rlag=0.0149 MI=0.0001 chi2z=0.3 Ra=0.060 per=0 l1=0.682
(3,5) K=0.94 dK: r_ens=+0.0337 r0=-0.0036 rlag=0.0165 MI=-0.0001 chi2z=-0.5 Ra=0.140 per=0 l1=1.138
(2,3)x(3,5) K=0.94: r_ens=+0.0189 r0=+0.0013 rlag=0.0119 MI=-0.0001 chi2z=-0.2
(2,3) K=0.96 dK: r_ens=-0.0338 r0=-0.0040 rlag=0.0194 MI=0.0001 chi2z=0.3 Ra=0.080 per=0 l1=0.739
(3,5) K=0.96 dK: r_ens=-0.0033 r0=+0.0019 rlag=0.0131 MI=-0.0000 chi2z=-0.1 Ra=0.140 per=0 l1=1.170
(2,3)x(3,5) K=0.96: r_ens=+0.0120 r0=+0.0022 rlag=0.0124 MI=-0.0003 chi2z=-0.9
(2,3) K=0.98 dK: r_ens=+0.0154 r0=+0.0040 rlag=0.0158 MI=0.0002 chi2z=0.5 Ra=0.082 per=0 l1=0.772
(3,5) K=0.98 dK: r_ens=-0.0064 r0=-0.0120 rlag=0.0146 MI=-0.0003 chi2z=-0.8 Ra=0.145 per=0 l1=1.176
(2,3)x(3,5) K=0.98: r_ens=+0.0052 r0=+0.0021 rlag=0.0170 MI=0.0004 chi2z=1.3
(2,3) K=1.00 dK: r_ens=-0.0160 r0=-0.0047 rlag=0.0094 MI=0.0001 chi2z=0.3 Ra=0.093 per=0 l1=0.819
(3,5) K=1.00 dK: r_ens=+0.0167 r0=+0.0038 rlag=0.0126 MI=0.0002 chi2z=0.6 Ra=0.118 per=0 l1=1.219
(2,3)x(3,5) K=1.00: r_ens=-0.0398 r0=-0.0005 rlag=0.0136 MI=0.0001 chi2z=0.3
### item 10 Jacobi orthogonality (20 topologies x 20 seeds x 1e7 bytes)
  seed  1/20 done: running max|r|=0.000976 min p=2.029e-03 max|r_raw|=0.003337
  seed  2/20 done: running max|r|=0.000989 min p=1.765e-03 max|r_raw|=0.003337
  seed  3/20 done: running max|r|=0.000989 min p=1.765e-03 max|r_raw|=0.003337
  seed  4/20 done: running max|r|=0.000989 min p=1.765e-03 max|r_raw|=0.003337
  seed  5/20 done: running max|r|=0.000989 min p=1.765e-03 max|r_raw|=0.003337
  seed  6/20 done: running max|r|=0.001339 min p=2.279e-05 max|r_raw|=0.003337
  seed  7/20 done: running max|r|=0.001339 min p=2.279e-05 max|r_raw|=0.003577
  seed  8/20 done: running max|r|=0.001339 min p=2.279e-05 max|r_raw|=0.003577
  seed  9/20 done: running max|r|=0.001339 min p=2.279e-05 max|r_raw|=0.003577
  seed 10/20 done: running max|r|=0.001339 min p=2.279e-05 max|r_raw|=0.003577
  seed 11/20 done: running max|r|=0.001339 min p=2.279e-05 max|r_raw|=0.003577
  seed 12/20 done: running max|r|=0.001339 min p=2.279e-05 max|r_raw|=0.003577
  seed 13/20 done: running max|r|=0.001339 min p=2.279e-05 max|r_raw|=0.003577
  seed 14/20 done: running max|r|=0.001339 min p=2.279e-05 max|r_raw|=0.003577
  seed 15/20 done: running max|r|=0.001339 min p=2.279e-05 max|r_raw|=0.003577
  seed 16/20 done: running max|r|=0.001339 min p=2.279e-05 max|r_raw|=0.003577
  seed 17/20 done: running max|r|=0.001339 min p=2.279e-05 max|r_raw|=0.003577
  seed 18/20 done: running max|r|=0.001339 min p=2.279e-05 max|r_raw|=0.003577
  seed 19/20 done: running max|r|=0.001339 min p=2.279e-05 max|r_raw|=0.003577
  seed 20/20 done: running max|r|=0.001339 min p=2.279e-05 max|r_raw|=0.003577
Paper 3 item 10 — JACOBI update — NS=20 seeds x 20 topologies, N=10000000 bytes/channel, NRAW=1000000 raw steps, K=12
pairs=3800  Bonferroni alpha/pairs=2.632e-07  Hamming 5-sigma eps=2.795e-04
BYTES  : max|r|=0.001339  mean|r|=0.000254  EVT scale=0.001284  min p=2.279e-05  rejections=0/3800
HAMMING: mean=50.0000%  max dev=2.033e-04  fails=0/3800
RAW cos(theta1): max|r|=0.003577  EVT scale=0.004060  min p=3.476e-04  rejections=0/3800
[ok] gs mode byte stream bit-identical to MCL_T2::gen_bytes (1e5 bytes)
  seed  1/20 done: running max|r|=0.000870 min p=5.953e-03 max|r_raw|=0.002571
  seed  2/20 done: running max|r|=0.000870 min p=5.953e-03 max|r_raw|=0.003490
  seed  3/20 done: running max|r|=0.000911 min p=3.977e-03 max|r_raw|=0.003490
  seed  4/20 done: running max|r|=0.000911 min p=3.977e-03 max|r_raw|=0.003631
  seed  5/20 done: running max|r|=0.000957 min p=2.487e-03 max|r_raw|=0.003631
  seed  6/20 done: running max|r|=0.001138 min p=3.180e-04 max|r_raw|=0.003631
  seed  7/20 done: running max|r|=0.001138 min p=3.180e-04 max|r_raw|=0.003631
  seed  8/20 done: running max|r|=0.001138 min p=3.180e-04 max|r_raw|=0.003631
  seed  9/20 done: running max|r|=0.001138 min p=3.180e-04 max|r_raw|=0.003631
  seed 10/20 done: running max|r|=0.001138 min p=3.180e-04 max|r_raw|=0.003631
  seed 11/20 done: running max|r|=0.001138 min p=3.180e-04 max|r_raw|=0.003631
  seed 12/20 done: running max|r|=0.001138 min p=3.180e-04 max|r_raw|=0.003631
  seed 13/20 done: running max|r|=0.001138 min p=3.180e-04 max|r_raw|=0.003631
  seed 14/20 done: running max|r|=0.001138 min p=3.180e-04 max|r_raw|=0.003871
  seed 15/20 done: running max|r|=0.001138 min p=3.180e-04 max|r_raw|=0.003871
  seed 16/20 done: running max|r|=0.001138 min p=3.180e-04 max|r_raw|=0.003871
  seed 17/20 done: running max|r|=0.001138 min p=3.180e-04 max|r_raw|=0.003871
  seed 18/20 done: running max|r|=0.001138 min p=3.180e-04 max|r_raw|=0.003871
  seed 19/20 done: running max|r|=0.001138 min p=3.180e-04 max|r_raw|=0.003871
  seed 20/20 done: running max|r|=0.001138 min p=3.180e-04 max|r_raw|=0.003871
Paper 3 item 10 — GAUSS-SEIDEL update — NS=20 seeds x 20 topologies, N=10000000 bytes/channel, NRAW=1000000 raw steps, K=12
pairs=3800  Bonferroni alpha/pairs=2.632e-07  Hamming 5-sigma eps=2.795e-04
BYTES  : max|r|=0.001138  mean|r|=0.000249  EVT scale=0.001284  min p=3.180e-04  rejections=0/3800
HAMMING: mean=49.9999%  max dev=2.243e-04  fails=0/3800
RAW cos(theta1): max|r|=0.003871  EVT scale=0.004060  min p=1.086e-04  rejections=0/3800
### 5c FULL evidence run of the paper's mcl_orth_verify (3,800 pairs, N=1e7)

==============================================================================
  MCL TOPOLOGICAL CHANNEL ORTHOGONALITY v6.0.0
  Two-stage verification: Pearson independence + Hamming uniformity
  Run mode: FULL  (Extended verification with maximum seed/byte budget)
  Estimated time: ~30-60 minutes
==============================================================================

  Configuration:
    Run mode:                 FULL
    Channels per seed:        20
    Seeds:                    20
    Bytes per channel:        10000000 (10^7)
    Total pairs:              3800  (= 20 * 190)
    Tests per pair:           2  (Pearson + Hamming)
    Total individual tests:   7600

    Evidence log:             evidence_full_20260905.tsv


==============================================================================
 STAGE 1 + 2: Independence and Uniformity across 20 seed(s)
==============================================================================

  Generating 20 channels x 20 seeds = 400 streams ...
  Bonferroni threshold (alpha=0.001 / 3800): 2.6316e-07
  Hamming epsilon (5*sigma at N=10000000): 2.7951e-04
  Pearson |r| threshold (R2.23 adaptive, max(0.0100, 5/sqrt(N))): 0.01000

  Seed batch 5/20 complete (950 pairs accumulated)
  Seed batch 10/20 complete (1900 pairs accumulated)
  Seed batch 15/20 complete (2850 pairs accumulated)
  Seed batch 20/20 complete (3800 pairs accumulated)

  Stage 1 (Pearson Independence):
    Pairs tested:        3800
    Max |r|:             0.001138
    Mean |r|:            0.000249
    Min p-value:         3.1800e-04
    Bonferroni threshold: 2.6316e-07
    Failures:            0 / 3800
    Status:              PASS

  Stage 2 (Hamming Uniformity):
    Pairs tested:        3800
    Hamming range:       [49.9804%, 50.0224%]
    Mean Hamming:        49.9999%
    Max deviation:       0.000224
    Tolerance epsilon:   0.000280
    Failures:            0 / 3800
    Status:              PASS

==============================================================================
 EXTENDED VERIFICATION TESTS (single representative seed)
==============================================================================

  [PASS] Channel entropy > 7.99                   min=7.999980 over 20 channels
  [PASS] Chi-square < 330.52                      max=276.6 (threshold 330.5)
  [PASS] Encrypt/Decrypt                          20 channels x 100 bytes, 0 errors
  [PASS] Inter-channel Hamming ~50%               H range [49.993%, 50.010%]
  [PASS] Multi-receiver isolation                 20 receivers, 0 errors
  [PASS] Multiplex entropy > 7.99                 mux entropy=7.999981
  [PASS] Multiplex chi-square < 330.52            mux chi^2=265.72
  [PASS] Channel invisible in multiplex           max|r| ch vs mux = 0.000724

==============================================================================
 CROSS-SEED ISOLATION (same (p,q), different seed)
==============================================================================

  [PASS] Cross-seed isolation                     max|r|=0.001336 over 570 pairs (3 topos x C(20,2))

==============================================================================
 NEGATIVE CONTROLS (non-coprime, same-ratio, swapped)
==============================================================================

  [PASS] 15a: Non-coprime independent             non-coprime max|r|=0.000606
  [PASS] 15b: Same ratio independent              same-ratio max|r|=0.000606
  [PASS] 15c: Swapped (3,5) vs (5,3) independent  |r|=0.000190

==============================================================================
 NEGATIVE CONTROL — same parameters must correlate
==============================================================================

  (3,5) seed=12345678901234: r=1.000000 diff=0 PASS — identical

==============================================================================
 GLOBAL BONFERRONI ANALYSIS (Pearson p-values)
==============================================================================

  Total p-values:    3800
  Threshold:         1.0000e-03 / 3800 = 2.6316e-07
  Rejections:        0 / 3800
  Smallest 5 p-values:
    #1  3.180016e-04  >= OK
    #2  9.954433e-04  >= OK
    #3  1.102042e-03  >= OK
    #4  1.346766e-03  >= OK
    #5  1.370269e-03  >= OK

==============================================================================
 CRC-32 REPRODUCIBILITY MARKER
==============================================================================

  Canonical channel: T2, (p,q)=(3,5), seed=12345678901234, 10,000 bytes
  CRC-32: 0x1A734C6F

==============================================================================
 ORTHOGONALITY VERIFICATION SUMMARY
==============================================================================

  Pairwise independence tests:        3800
  Individual statistical tests:       7600
    Stage 1 (Pearson):                 3800  (0 failures)
    Stage 2 (Hamming):                 3800  (0 failures)
  Combined criteria failures:         0 / 7600
  Extended tests (single-seed):       12 / 12 PASS
  Negative control:                   PASS
  Global Bonferroni rejections:       0 / 3800

  +================================================================+
  | VERDICT: PASS - all orthogonality criteria satisfied           |
  +================================================================+

  Evidence file: evidence_full_20260905.tsv (7600 entries)

  Time:    1084.4 seconds
  Mode:    FULL
  Doc ID:  MCL-ORTH-2026-0526-001 v6.0.0
  Author:  Madeeh Ibrahim, Cairo, Egypt
==============================================================================

[Fig.3 matrix fig3_matrix_seed12345678901234_20260903.csv (N=10000000)] n=190  N(0,1) null
  KS D=0.0813 p=0.153
  AD A^2=2.249 fully specified N(0,1) (5%=2.492, 1%=3.857); scipy-estimated-params A^2=0.368 (crit 5%=0.771)
  CvM W^2=0.3399 p=0.105   Shapiro-Wilk W=0.9930 p=0.505
  mean=+0.1394 (SE 0.0725)  var=1.0817  skew=-0.018  ex.kurt=-0.282
  max|z|=2.750 (expected max|z| of 190 normals ~ 3.01)
  t-test mean=0: t=+1.843 p=0.067; chi2 var=1: 205.5 on 189 df, p=0.390
[FULL campaign evidence evidence_full_20260905.tsv (N=10000000)] n=3800  half-normal null
  KS D=0.0204 p=0.084
  AD A^2=3.158 (fully specified: 5%=2.492, 1%=3.857)
  mean|z|=0.7884 (theory 0.7979, SE 0.0098)  var=0.3710 (theory 0.3634)
  max|z|=3.599 (expected max of 3800 half-normals ~ 3.65)
wrote pairs_ks_results.txt, pairs_qq.png
=== END 2026-09-05T08:02:58Z ===
