================================================================
  MCL chaos-specific attack attempts (return map / Takens / EFA / partial key)
  MCL-RMAP-2026-0822-001   engine mcl_core 8.1.1 (2026-08-21) UNMODIFIED + keyed sidecar
  n=131072 nsub=3000 G=256 sections=12345 R=4  key=KAT{0..31} seed=DEFAULT_SEED K=12.0
================================================================

§1 RETURN-MAP OCCUPANCY / CONDITIONAL ENTROPY
  [§1] A keyed-T4 keystream bytes: 2-D return map G=256: occupied 0.8637 (uniform exp 0.8647), chi2=65777.0 (df 65535, z=0.60), H=15.587 bits (uniform exp 15.589)
       3-D: H(x_{n+2}|x_n,x_{n+1}) = 4.814 bits; uniform-i.i.d. expectation (exact, g=32) = 4.814  [log2 g = 5.000]
  [§1] B commit32 raw t1 words: 2-D return map G=256: occupied 0.8657 (uniform exp 0.8647), chi2=65329.0 (df 65535, z=-0.51), H=15.591 bits (uniform exp 15.589)
       3-D: H(x_{n+2}|x_n,x_{n+1}) = 4.816 bits; uniform-i.i.d. expectation (exact, g=32) = 4.814  [log2 g = 5.000]
  [§1] B commit32 raw (t2^t3^t4) words: 2-D return map G=256: occupied 0.8666 (uniform exp 0.8647), chi2=65078.0 (df 65535, z=-1.13), H=15.593 bits (uniform exp 15.589)
       3-D: H(x_{n+2}|x_n,x_{n+1}) = 4.814 bits; uniform-i.i.d. expectation (exact, g=32) = 4.814  [log2 g = 5.000]
  [§1] D 2-osc raw t1 (3,5) CONTROL: 2-D return map G=256: occupied 0.8314 (uniform exp 0.8647), chi2=93909.2 (df 65535, z=70.10), H=15.473 bits (uniform exp 15.589)
       3-D: H(x_{n+2}|x_n,x_{n+1}) = 4.742 bits; uniform-i.i.d. expectation (exact, g=32) = 4.814  [log2 g = 5.000]

§2 AVERAGE MUTUAL INFORMATION (delay selection)
  [§2] A keyed-T4 keystream bytes: AMI bits (G=64, bias~0.0218): tau1=0.0217 tau2=0.0225 tau3=0.0223 tau4=0.0216 tau5=0.0218 tau6=0.0218 tau7=0.0217 tau8=0.0215 
  [§2] B commit32 raw t1 words: AMI bits (G=64, bias~0.0218): tau1=0.0216 tau2=0.0218 tau3=0.0210 tau4=0.0227 tau5=0.0217 tau6=0.0213 tau7=0.0221 tau8=0.0214 
  [§2] B commit32 raw (t2^t3^t4) words: AMI bits (G=64, bias~0.0218): tau1=0.0214 tau2=0.0228 tau3=0.0216 tau4=0.0210 tau5=0.0219 tau6=0.0223 tau7=0.0209 tau8=0.0211 
  [§2] D 2-osc raw t1 (3,5) CONTROL: AMI bits (G=64, bias~0.0218): tau1=0.1035 tau2=0.0225 tau3=0.0230 tau4=0.0214 tau5=0.0219 tau6=0.0215 tau7=0.0217 tau8=0.0223 

§3 FALSE NEAREST NEIGHBOURS + CORRELATION DIMENSION (subsample)
  [§3] A keyed-T4 keystream bytes (n=3000, tau=1; each statistic shown as  series | shuffled-surrogate ):
       FNN(m) [tie-frac]: m1 0.998|0.994 [1.00]  m2 0.825|0.838 [0.05]  m3 0.394|0.399 [0.00]  m4 0.201|0.202 [0.00]  m5 0.185|0.197 [0.00]  
       D2 slope(m): m2 1.93|1.93  m3 2.93|2.90  m4 3.78|3.77  m5 4.67|4.61  m6 5.40|5.35  
       reading: the ONLY criterion is series vs surrogate (same marginal, order destroyed): series FNN << surrogate, or D2 saturating below the surrogate,
       => low-dimensional deterministic structure; series ~ surrogate => none detected at this n. Absolute values (incl. D2 ~ m) are NOT criteria at this n.
  [§3] B commit32 raw t1 words (n=3000, tau=1; each statistic shown as  series | shuffled-surrogate ):
       FNN(m) [tie-frac]: m1 0.998|0.998 [0.00]  m2 0.812|0.830 [0.00]  m3 0.394|0.406 [0.00]  m4 0.200|0.206 [0.00]  m5 0.202|0.193 [0.00]  
       D2 slope(m): m2 1.99|1.97  m3 2.88|2.88  m4 3.70|3.75  m5 4.50|4.49  m6 5.33|5.31  
       reading: the ONLY criterion is series vs surrogate (same marginal, order destroyed): series FNN << surrogate, or D2 saturating below the surrogate,
       => low-dimensional deterministic structure; series ~ surrogate => none detected at this n. Absolute values (incl. D2 ~ m) are NOT criteria at this n.
  [§3] B commit32 raw (t2^t3^t4) words (n=3000, tau=1; each statistic shown as  series | shuffled-surrogate ):
       FNN(m) [tie-frac]: m1 0.998|0.996 [0.00]  m2 0.841|0.825 [0.00]  m3 0.394|0.384 [0.00]  m4 0.181|0.196 [0.00]  m5 0.183|0.193 [0.00]  
       D2 slope(m): m2 1.98|1.96  m3 2.91|2.91  m4 3.74|3.75  m5 4.61|4.55  m6 5.34|5.40  
       reading: the ONLY criterion is series vs surrogate (same marginal, order destroyed): series FNN << surrogate, or D2 saturating below the surrogate,
       => low-dimensional deterministic structure; series ~ surrogate => none detected at this n. Absolute values (incl. D2 ~ m) are NOT criteria at this n.
  [§3] D 2-osc raw t1 (3,5) CONTROL (n=3000, tau=1; each statistic shown as  series | shuffled-surrogate ):
       FNN(m) [tie-frac]: m1 0.995|0.998 [0.00]  m2 0.828|0.826 [0.00]  m3 0.414|0.403 [0.00]  m4 0.222|0.207 [0.00]  m5 0.196|0.195 [0.00]  
       D2 slope(m): m2 1.90|1.97  m3 2.80|2.91  m4 3.66|3.79  m5 4.50|4.57  m6 5.31|5.33  
       reading: the ONLY criterion is series vs surrogate (same marginal, order destroyed): series FNN << surrogate, or D2 saturating below the surrogate,
       => low-dimensional deterministic structure; series ~ surrogate => none detected at this n. Absolute values (incl. D2 ~ m) are NOT criteria at this n.

§4 ERROR-FUNCTION ATTACK (parameter-offset scan)
  [§4] EFA on T4 FULL raw state, all weights known except p12=665688781; L=4096
       expectation: flat ~64/128 (sd ~ 0.09 over L) for small delta; DIPS at delta = 2^k (k large) are STRUCTURAL — delta*t2 mod 2^32 is then
       zero with probability 2^-(32-k) (one-step dip ~ 16*2^-(32-k) + 48*2^-2(32-k) bits: ~2.8 at k=29, ~1.2 at k=28, <0.3 for k<=26)
       — i.e. raw state leaks high weight bits (the known lattice structure; raw-state export is excluded by policy)
       delta        traj HD/128 (mean)     one-step HD/128 (mean)
       0            0.00                   0.00                  
       1            64.02                  63.92                 
       -1           64.11                  63.93                 
       2            64.01                  63.98                 
       -2           64.03                  63.91                 
       4            63.95                  64.01                 
       -4           63.97                  63.99                 
       16           63.98                  64.04                 
       -16          64.10                  63.82                 
       256          63.96                  63.99                 
       -256         64.07                  64.02                 
       4096         64.05                  64.06                 
       -4096        64.10                  63.95                 
       65536        63.97                  63.88                 
       -65536       64.11                  63.80                 
       1048576      64.06                  63.96                 
       -1048576     64.05                  64.13                 
       16777216     63.93                  63.89                 
       -16777216    63.85                  63.96                 
       67108864     63.84                  63.76                 
       -67108864    64.17                  63.79                 
       268435456    63.98                  62.81                 
       -268435456   64.07                  62.87                 
       -536870912   63.94                  61.42                 
  [§4] EFA on 2-osc CONTROL (p,q)=(3,5), q known, scan p'; L=4096
       p'       traj HD/64 (mean)      one-step HD/64 (mean) 
       1        31.94                  32.03                 
       2        32.10                  31.95                 
       3        0.00                   0.00                    <== true
       4        31.99                  31.90                 
       5        32.05                  31.96                 
       6        32.10                  31.90                 
       7        32.02                  31.95                 
       8        32.00                  31.97                 
       9        31.95                  31.98                 
       10       31.94                  32.08                 
       11       31.96                  32.03                 
       12       31.88                  31.93                 
  [§4] EFA on keystream (target A): local re-implementation vs MCL_T4_Q30::gen_bytes: IDENTICAL (harness faithful)
       delta        byte-stream HD/8 (mean over 4096 B)
       0            0.000             
       1            3.981             
       -1           3.981             
       2            3.993             
       -2           3.965             
       256          4.024             
       -256         4.003             
       65536        3.964             
       -65536       4.010             
       16777216     3.996             
       -16777216    3.987             
       268435456    4.006             
       -268435456   4.010             
       -536870912   4.057             

§5 PARTIAL-KEY LEAKAGE FROM RAW STATE (Rule 7)
  [§5] Rule-7 partial-key test, T4 FULL raw state, R=4 observed iterations, unknown (p12,q12) in [665686016,665690112)x[1035321344,1035325440)
       consistent candidates: 1 of 2^24 (truth included)  [0.2 s]  -> raw state under partial knowledge UNIQUELY IDENTIFIES the pair
       commit32 interface: observation is (t1, t2^t3^t4) — candidate step cannot be evaluated without t2,t3,t4 individually: N/A (under-determined; cf. 08_attack_t4_commit32.py June 2026)

DONE (3 s)
