================================================================
  VDF128_T4 v4 (clocked map) — Eval/Verify CPU benchmark
  MCL-VDF128-BENCH-2026-0925-004   engine: mcl_core v8.1.3 + sidecar
  HW: Apple M1 Pro, 8 logical cores
================================================================

--- PART 1: Eval throughput (sequential, single core) ---
  burn-in B=10000: 0.453 ms (fixed Eval overhead)
  clock implementation, N=1e7: direct (recomputed each iteration) 34.245 ns/iter, incremental 36.312 ns/iter, states IDENTICAL
  N              best (s)     iters/s        ns/iter     
  1000000        0.0341       2.933e+07      34.099      
  10000000       0.3427       2.918e+07      34.267      
  100000000      3.4294       2.916e+07      34.294      

--- PART 2: Verify via checkpoints (k parallel segments) ---
  Eval(N=1e8, incl. burn-in): 3.1824 s  -> y = b60ffaa8...
  k     verify (s)   Eval/Verify    bit-exact 
  1     3.4380       0.93           yes       
  2     1.7385       1.83           yes       
  4     0.8994       3.54           yes       
  8     0.5393       5.90           yes       
  16    0.5404       5.89           yes       

--- PART 3: end-to-end Eval (incl. burn-in + hashing) ---
  N              wall (s)     note            
  10000          0.0007       burn-in dominates
  1000000        0.0347                       
  10000000       0.3428                       
  100000000      3.4351                       

Notes: single-core Eval by construction (Gauss-Seidel dependency);
Verify parallelism is over checkpoint segments, so the Eval/Verify
wall-clock ratio grows with k up to the core count. FPGA Eval/Verify
measurement on Tang 138K Pro is a separate, pending record.
